PHPUnit 9.5.13 by Sebastian Bergmann and contributors.

............[33;1mW[0m.....[41;37mF[0m........[41;37mF[0m.......[41;37mF[0m..........[41;37mF[0m.[41;37mF[0m.......[41;37mF[0m..       59 / 59 (100%)

Time: 00:04.857, Memory: 30.00 MB

There was 1 warning:

1) Warning
No tests found in class "BanAppealTest".

--

There were 6 failures:

1) CommentTest::testGetAllService
Failed asserting that Illuminate\Database\Eloquent\Collection Object &000000002d3d132e0000000047065e1e (
    'items' => Array &0 (
        0 => App\Models\Comment Object &000000002d3d13250000000047065e1e (
            'fillable' => Array &1 (
                0 => 'title'
                1 => 'body'
                2 => 'user_id'
            )
            'connection' => 'pgsql'
            'table' => 'comments'
            'primaryKey' => 'id'
            'keyType' => 'int'
            'incrementing' => true
            'with' => Array &2 ()
            'withCount' => Array &3 ()
            'preventsLazyLoading' => false
            'perPage' => 15
            'exists' => true
            'wasRecentlyCreated' => false
            'escapeWhenCastingToString' => false
            'attributes' => Array &4 (
                'id' => 104
                'created_at' => '2022-03-07 14:59:02'
                'updated_at' => '2022-03-07 14:59:02'
                'user_id' => 111
                'title' => 'test title'
                'body' => 'test body'
            )
            'original' => Array &5 (
                'id' => 104
                'created_at' => '2022-03-07 14:59:02'
                'updated_at' => '2022-03-07 14:59:02'
                'user_id' => 111
                'title' => 'test title'
                'body' => 'test body'
            )
            'changes' => Array &6 ()
            'casts' => Array &7 ()
            'classCastCache' => Array &8 ()
            'attributeCastCache' => Array &9 ()
            'dates' => Array &10 ()
            'dateFormat' => null
            'appends' => Array &11 ()
            'dispatchesEvents' => Array &12 ()
            'observables' => Array &13 ()
            'relations' => Array &14 ()
            'touches' => Array &15 ()
            'timestamps' => true
            'hidden' => Array &16 ()
            'visible' => Array &17 ()
            'guarded' => Array &18 (
                0 => '*'
            )
        )
        1 => App\Models\Comment Object &000000002d3d13210000000047065e1e (
            'fillable' => Array &19 (
                0 => 'title'
                1 => 'body'
                2 => 'user_id'
            )
            'connection' => 'pgsql'
            'table' => 'comments'
            'primaryKey' => 'id'
            'keyType' => 'int'
            'incrementing' => true
            'with' => Array &20 ()
            'withCount' => Array &21 ()
            'preventsLazyLoading' => false
            'perPage' => 15
            'exists' => true
            'wasRecentlyCreated' => false
            'escapeWhenCastingToString' => false
            'attributes' => Array &22 (
                'id' => 3
                'created_at' => '2022-03-02 20:13:00'
                'updated_at' => '2022-03-02 20:13:00'
                'user_id' => 476
                'title' => 'Consequuntur qui numquam repellendus est. Ut assumenda sed molestiae fugiat. Natus quia aut quos est veritatis exercitationem. Sit dolores incidunt excepturi et error dolorem.'
                'body' => 'A a quis ipsam incidunt numquam illum debitis. Nihil magni est tempore eaque saepe. Qui voluptatem ducimus maxime. Voluptates natus fuga nulla et cupiditate facere molestiae.'
            )
            'original' => Array &23 (
                'id' => 3
                'created_at' => '2022-03-02 20:13:00'
                'updated_at' => '2022-03-02 20:13:00'
                'user_id' => 476
                'title' => 'Consequuntur qui numquam repellendus est. Ut assumenda sed molestiae fugiat. Natus quia aut quos est veritatis exercitationem. Sit dolores incidunt excepturi et error dolorem.'
                'body' => 'A a quis ipsam incidunt numquam illum debitis. Nihil magni est tempore eaque saepe. Qui voluptatem ducimus maxime. Voluptates natus fuga nulla et cupiditate facere molestiae.'
            )
            'changes' => Array &24 ()
            'casts' => Array &25 ()
            'classCastCache' => Array &26 ()
            'attributeCastCache' => Array &27 ()
            'dates' => Array &28 ()
            'dateFormat' => null
            'appends' => Array &29 ()
            'dispatchesEvents' => Array &30 ()
            'observables' => Array &31 ()
            'relations' => Array &32 ()
            'touches' => Array &33 ()
            'timestamps' => true
            'hidden' => Array &34 ()
            'visible' => Array &35 ()
            'guarded' => Array &36 (
                0 => '*'
            )
        )
        2 => App\Models\Comment Object &000000002d3d13300000000047065e1e (
            'fillable' => Array &37 (
                0 => 'title'
                1 => 'body'
                2 => 'user_id'
            )
            'connection' => 'pgsql'
            'table' => 'comments'
            'primaryKey' => 'id'
            'keyType' => 'int'
            'incrementing' => true
            'with' => Array &38 ()
            'withCount' => Array &39 ()
            'preventsLazyLoading' => false
            'perPage' => 15
            'exists' => true
            'wasRecentlyCreated' => false
            'escapeWhenCastingToString' => false
            'attributes' => Array &40 (
                'id' => 4
                'created_at' => '2022-03-02 20:13:00'
                'updated_at' => '2022-03-02 20:13:00'
                'user_id' => 478
                'title' => 'Ut ut accusantium at inventore iste odit magnam. Omnis doloremque magnam ullam autem quis. Iusto quo sit dolorem. Aperiam optio aut in consectetur.'
                'body' => 'Nesciunt veritatis accusantium est natus. Et modi consequatur esse minus quibusdam. Illo nisi qui enim pariatur optio.'
            )
            'original' => Array &41 (
                'id' => 4
                'created_at' => '2022-03-02 20:13:00'
                'updated_at' => '2022-03-02 20:13:00'
                'user_id' => 478
                'title' => 'Ut ut accusantium at inventore iste odit magnam. Omnis doloremque magnam ullam autem quis. Iusto quo sit dolorem. Aperiam optio aut in consectetur.'
                'body' => 'Nesciunt veritatis accusantium est natus. Et modi consequatur esse minus quibusdam. Illo nisi qui enim pariatur optio.'
            )
            'changes' => Array &42 ()
            'casts' => Array &43 ()
            'classCastCache' => Array &44 ()
            'attributeCastCache' => Array &45 ()
            'dates' => Array &46 ()
            'dateFormat' => null
            'appends' => Array &47 ()
            'dispatchesEvents' => Array &48 ()
            'observables' => Array &49 ()
            'relations' => Array &50 ()
            'touches' => Array &51 ()
            'timestamps' => true
            'hidden' => Array &52 ()
            'visible' => Array &53 ()
            'guarded' => Array &54 (
                0 => '*'
            )
        )
        3 => App\Models\Comment Object &000000002d3d13310000000047065e1e (
            'fillable' => Array &55 (
                0 => 'title'
                1 => 'body'
                2 => 'user_id'
            )
            'connection' => 'pgsql'
            'table' => 'comments'
            'primaryKey' => 'id'
            'keyType' => 'int'
            'incrementing' => true
            'with' => Array &56 ()
            'withCount' => Array &57 ()
            'preventsLazyLoading' => false
            'perPage' => 15
            'exists' => true
            'wasRecentlyCreated' => false
            'escapeWhenCastingToString' => false
            'attributes' => Array &58 (
                'id' => 6
                'created_at' => '2022-03-02 20:13:00'
                'updated_at' => '2022-03-02 20:13:00'
                'user_id' => 490
                'title' => 'Et aut sed ut doloremque quidem. Autem eveniet qui illum assumenda quibusdam veniam accusantium cum.'
                'body' => 'Ducimus ad voluptates quae iure voluptas deleniti. Qui totam voluptas et accusamus eos. Cupiditate animi voluptatem corporis consequatur sed optio.'
            )
            'original' => Array &59 (
                'id' => 6
                'created_at' => '2022-03-02 20:13:00'
                'updated_at' => '2022-03-02 20:13:00'
                'user_id' => 490
                'title' => 'Et aut sed ut doloremque quidem. Autem eveniet qui illum assumenda quibusdam veniam accusantium cum.'
                'body' => 'Ducimus ad voluptates quae iure voluptas deleniti. Qui totam voluptas et accusamus eos. Cupiditate animi voluptatem corporis consequatur sed optio.'
            )
            'changes' => Array &60 ()
            'casts' => Array &61 ()
            'classCastCache' => Array &62 ()
            'attributeCastCache' => Array &63 ()
            'dates' => Array &64 ()
            'dateFormat' => null
            'appends' => Array &65 ()
            'dispatchesEvents' => Array &66 ()
            'observables' => Array &67 ()
            'relations' => Array &68 ()
            'touches' => Array &69 ()
            'timestamps' => true
            'hidden' => Array &70 ()
            'visible' => Array &71 ()
            'guarded' => Array &72 (
                0 => '*'
            )
        )
        4 => App\Models\Comment Object &000000002d3d133f0000000047065e1e (
            'fillable' => Array &73 (
                0 => 'title'
                1 => 'body'
                2 => 'user_id'
            )
            'connection' => 'pgsql'
            'table' => 'comments'
            'primaryKey' => 'id'
            'keyType' => 'int'
            'incrementing' => true
            'with' => Array &74 ()
            'withCount' => Array &75 ()
            'preventsLazyLoading' => false
            'perPage' => 15
            'exists' => true
            'wasRecentlyCreated' => false
            'escapeWhenCastingToString' => false
            'attributes' => Array &76 (
                'id' => 7
                'created_at' => '2022-03-02 20:13:00'
                'updated_at' => '2022-03-02 20:13:00'
                'user_id' => 495
                'title' => 'Reprehenderit et quia ab et qui. Aut illum quas modi tenetur minus architecto dolorum.'
                'body' => 'Fugit suscipit soluta omnis ut veniam beatae sed. Quidem voluptatem ut dolor distinctio omnis a facilis. Non ut eum accusantium quo eum id.'
            )
            'original' => Array &77 (
                'id' => 7
                'created_at' => '2022-03-02 20:13:00'
                'updated_at' => '2022-03-02 20:13:00'
                'user_id' => 495
                'title' => 'Reprehenderit et quia ab et qui. Aut illum quas modi tenetur minus architecto dolorum.'
                'body' => 'Fugit suscipit soluta omnis ut veniam beatae sed. Quidem voluptatem ut dolor distinctio omnis a facilis. Non ut eum accusantium quo eum id.'
            )
            'changes' => Array &78 ()
            'casts' => Array &79 ()
            'classCastCache' => Array &80 ()
            'attributeCastCache' => Array &81 ()
            'dates' => Array &82 ()
            'dateFormat' => null
            'appends' => Array &83 ()
            'dispatchesEvents' => Array &84 ()
            'observables' => Array &85 ()
            'relations' => Array &86 ()
            'touches' => Array &87 ()
            'timestamps' => true
            'hidden' => Array &88 ()
            'visible' => Array &89 ()
            'guarded' => Array &90 (
                0 => '*'
            )
        )
        5 => App\Models\Comment Object &000000002d3d13380000000047065e1e (
            'fillable' => Array &91 (
                0 => 'title'
                1 => 'body'
                2 => 'user_id'
            )
            'connection' => 'pgsql'
            'table' => 'comments'
            'primaryKey' => 'id'
            'keyType' => 'int'
            'incrementing' => true
            'with' => Array &92 ()
            'withCount' => Array &93 ()
            'preventsLazyLoading' => false
            'perPage' => 15
            'exists' => true
            'wasRecentlyCreated' => false
            'escapeWhenCastingToString' => false
            'attributes' => Array &94 (
                'id' => 8
                'created_at' => '2022-03-02 20:13:00'
                'updated_at' => '2022-03-02 20:13:00'
                'user_id' => 484
                'title' => 'Dolore odio non nesciunt. Autem fuga unde animi fugiat. Odit et porro iste pariatur saepe suscipit. Repellat neque vel qui ut.'
                'body' => 'Nobis ratione eos laboriosam. Ducimus asperiores illum ut repudiandae quia vel quisquam.'
            )
            'original' => Array &95 (
                'id' => 8
                'created_at' => '2022-03-02 20:13:00'
                'updated_at' => '2022-03-02 20:13:00'
                'user_id' => 484
                'title' => 'Dolore odio non nesciunt. Autem fuga unde animi fugiat. Odit et porro iste pariatur saepe suscipit. Repellat neque vel qui ut.'
                'body' => 'Nobis ratione eos laboriosam. Ducimus asperiores illum ut repudiandae quia vel quisquam.'
            )
            'changes' => Array &96 ()
            'casts' => Array &97 ()
            'classCastCache' => Array &98 ()
            'attributeCastCache' => Array &99 ()
            'dates' => Array &100 ()
            'dateFormat' => null
            'appends' => Array &101 ()
            'dispatchesEvents' => Array &102 ()
            'observables' => Array &103 ()
            'relations' => Array &104 ()
            'touches' => Array &105 ()
            'timestamps' => true
            'hidden' => Array &106 ()
            'visible' => Array &107 ()
            'guarded' => Array &108 (
                0 => '*'
            )
        )
        6 => App\Models\Comment Object &000000002d3d13100000000047065e1e (
            'fillable' => Array &109 (
                0 => 'title'
                1 => 'body'
                2 => 'user_id'
            )
            'connection' => 'pgsql'
            'table' => 'comments'
            'primaryKey' => 'id'
            'keyType' => 'int'
            'incrementing' => true
            'with' => Array &110 ()
            'withCount' => Array &111 ()
            'preventsLazyLoading' => false
            'perPage' => 15
            'exists' => true
            'wasRecentlyCreated' => false
            'escapeWhenCastingToString' => false
            'attributes' => Array &112 (
                'id' => 9
                'created_at' => '2022-03-02 20:13:00'
                'updated_at' => '2022-03-02 20:13:00'
                'user_id' => 479
                'title' => 'Est mollitia soluta error assumenda. Est quo autem eos quo facere. Aspernatur et earum dolore sint provident. Quo dolorem quam ut et qui.'
                'body' => 'Dicta provident non voluptas voluptas optio temporibus. Aut quisquam qui quia officiis reprehenderit aut corporis. Reprehenderit labore dolore quasi porro.'
            )
            'original' => Array &113 (
                'id' => 9
                'created_at' => '2022-03-02 20:13:00'
                'updated_at' => '2022-03-02 20:13:00'
                'user_id' => 479
                'title' => 'Est mollitia soluta error assumenda. Est quo autem eos quo facere. Aspernatur et earum dolore sint provident. Quo dolorem quam ut et qui.'
                'body' => 'Dicta provident non voluptas voluptas optio temporibus. Aut quisquam qui quia officiis reprehenderit aut corporis. Reprehenderit labore dolore quasi porro.'
            )
            'changes' => Array &114 ()
            'casts' => Array &115 ()
            'classCastCache' => Array &116 ()
            'attributeCastCache' => Array &117 ()
            'dates' => Array &118 ()
            'dateFormat' => null
            'appends' => Array &119 ()
            'dispatchesEvents' => Array &120 ()
            'observables' => Array &121 ()
            'relations' => Array &122 ()
            'touches' => Array &123 ()
            'timestamps' => true
            'hidden' => Array &124 ()
            'visible' => Array &125 ()
            'guarded' => Array &126 (
                0 => '*'
            )
        )
        7 => App\Models\Comment Object &000000002d3d132c0000000047065e1e (
            'fillable' => Array &127 (
                0 => 'title'
                1 => 'body'
                2 => 'user_id'
            )
            'connection' => 'pgsql'
            'table' => 'comments'
            'primaryKey' => 'id'
            'keyType' => 'int'
            'incrementing' => true
            'with' => Array &128 ()
            'withCount' => Array &129 ()
            'preventsLazyLoading' => false
            'perPage' => 15
            'exists' => true
            'wasRecentlyCreated' => false
            'escapeWhenCastingToString' => false
            'attributes' => Array &130 (
                'id' => 10
                'created_at' => '2022-03-02 20:13:00'
                'updated_at' => '2022-03-02 20:13:00'
                'user_id' => 110
                'title' => 'Qui nulla deserunt dolores asperiores libero iste. Ea molestiae similique eligendi impedit. Aut facilis in sint illum. Ducimus odio facere minus est eveniet aut.'
                'body' => 'Doloremque eos omnis unde ipsa sed. Cumque dignissimos quae laudantium sit atque tempora qui corrupti. Doloribus recusandae voluptatum facere dicta autem.'
            )
            'original' => Array &131 (
                'id' => 10
                'created_at' => '2022-03-02 20:13:00'
                'updated_at' => '2022-03-02 20:13:00'
                'user_id' => 110
                'title' => 'Qui nulla deserunt dolores asperiores libero iste. Ea molestiae similique eligendi impedit. Aut facilis in sint illum. Ducimus odio facere minus est eveniet aut.'
                'body' => 'Doloremque eos omnis unde ipsa sed. Cumque dignissimos quae laudantium sit atque tempora qui corrupti. Doloribus recusandae voluptatum facere dicta autem.'
            )
            'changes' => Array &132 ()
            'casts' => Array &133 ()
            'classCastCache' => Array &134 ()
            'attributeCastCache' => Array &135 ()
            'dates' => Array &136 ()
            'dateFormat' => null
            'appends' => Array &137 ()
            'dispatchesEvents' => Array &138 ()
            'observables' => Array &139 ()
            'relations' => Array &140 ()
            'touches' => Array &141 ()
            'timestamps' => true
            'hidden' => Array &142 ()
            'visible' => Array &143 ()
            'guarded' => Array &144 (
                0 => '*'
            )
        )
        8 => App\Models\Comment Object &000000002d3d13120000000047065e1e (
            'fillable' => Array &145 (
                0 => 'title'
                1 => 'body'
                2 => 'user_id'
            )
            'connection' => 'pgsql'
            'table' => 'comments'
            'primaryKey' => 'id'
            'keyType' => 'int'
            'incrementing' => true
            'with' => Array &146 ()
            'withCount' => Array &147 ()
            'preventsLazyLoading' => false
            'perPage' => 15
            'exists' => true
            'wasRecentlyCreated' => false
            'escapeWhenCastingToString' => false
            'attributes' => Array &148 (
                'id' => 11
                'created_at' => '2022-03-02 20:13:52'
                'updated_at' => '2022-03-02 20:13:52'
                'user_id' => 486
                'title' => 'Aspernatur asperiores aut consequatur ut consectetur molestias. Sed et sed nobis consequatur sint voluptatum facere fugit. Natus amet doloribus consequatur est quae. Incidunt asperiores veniam fugit.'
                'body' => 'Doloremque nemo aut qui nihil porro et sunt. Similique deleniti qui id. Eveniet quas quia id sit et et tenetur totam.'
            )
            'original' => Array &149 (
                'id' => 11
                'created_at' => '2022-03-02 20:13:52'
                'updated_at' => '2022-03-02 20:13:52'
                'user_id' => 486
                'title' => 'Aspernatur asperiores aut consequatur ut consectetur molestias. Sed et sed nobis consequatur sint voluptatum facere fugit. Natus amet doloribus consequatur est quae. Incidunt asperiores veniam fugit.'
                'body' => 'Doloremque nemo aut qui nihil porro et sunt. Similique deleniti qui id. Eveniet quas quia id sit et et tenetur totam.'
            )
            'changes' => Array &150 ()
            'casts' => Array &151 ()
            'classCastCache' => Array &152 ()
            'attributeCastCache' => Array &153 ()
            'dates' => Array &154 ()
            'dateFormat' => null
            'appends' => Array &155 ()
            'dispatchesEvents' => Array &156 ()
            'observables' => Array &157 ()
            'relations' => Array &158 ()
            'touches' => Array &159 ()
            'timestamps' => true
            'hidden' => Array &160 ()
            'visible' => Array &161 ()
            'guarded' => Array &162 (
                0 => '*'
            )
        )
        9 => App\Models\Comment Object &000000002d3d134a0000000047065e1e (
            'fillable' => Array &163 (
                0 => 'title'
                1 => 'body'
                2 => 'user_id'
            )
            'connection' => 'pgsql'
            'table' => 'comments'
            'primaryKey' => 'id'
            'keyType' => 'int'
            'incrementing' => true
            'with' => Array &164 ()
            'withCount' => Array &165 ()
            'preventsLazyLoading' => false
            'perPage' => 15
            'exists' => true
            'wasRecentlyCreated' => false
            'escapeWhenCastingToString' => false
            'attributes' => Array &166 (
                'id' => 12
                'created_at' => '2022-03-02 20:13:52'
                'updated_at' => '2022-03-02 20:13:52'
                'user_id' => 494
                'title' => 'Sit nemo nemo molestias fuga dolor facilis. Expedita quo id est quod quibusdam quod vero. Voluptas dolorum ipsam placeat soluta porro. Harum ipsa qui minima et.'
                'body' => 'Vel quae accusantium animi qui iure est eos rerum. Id placeat aliquam omnis dolores eius. Id asperiores ut ut sunt.'
            )
            'original' => Array &167 (
                'id' => 12
                'created_at' => '2022-03-02 20:13:52'
                'updated_at' => '2022-03-02 20:13:52'
                'user_id' => 494
                'title' => 'Sit nemo nemo molestias fuga dolor facilis. Expedita quo id est quod quibusdam quod vero. Voluptas dolorum ipsam placeat soluta porro. Harum ipsa qui minima et.'
                'body' => 'Vel quae accusantium animi qui iure est eos rerum. Id placeat aliquam omnis dolores eius. Id asperiores ut ut sunt.'
            )
            'changes' => Array &168 ()
            'casts' => Array &169 ()
            'classCastCache' => Array &170 ()
            'attributeCastCache' => Array &171 ()
            'dates' => Array &172 ()
            'dateFormat' => null
            'appends' => Array &173 ()
            'dispatchesEvents' => Array &174 ()
            'observables' => Array &175 ()
            'relations' => Array &176 ()
            'touches' => Array &177 ()
            'timestamps' => true
            'hidden' => Array &178 ()
            'visible' => Array &179 ()
            'guarded' => Array &180 (
                0 => '*'
            )
        )
        10 => App\Models\Comment Object &000000002d3d134c0000000047065e1e (
            'fillable' => Array &181 (
                0 => 'title'
                1 => 'body'
                2 => 'user_id'
            )
            'connection' => 'pgsql'
            'table' => 'comments'
            'primaryKey' => 'id'
            'keyType' => 'int'
            'incrementing' => true
            'with' => Array &182 ()
            'withCount' => Array &183 ()
            'preventsLazyLoading' => false
            'perPage' => 15
            'exists' => true
            'wasRecentlyCreated' => false
            'escapeWhenCastingToString' => false
            'attributes' => Array &184 (
                'id' => 13
                'created_at' => '2022-03-02 20:13:52'
                'updated_at' => '2022-03-02 20:13:52'
                'user_id' => 486
                'title' => 'Est quis unde fugiat. Enim magnam aperiam dolore similique est molestiae.'
                'body' => 'Id fuga ut dicta dolor velit. Qui voluptates nihil ratione. Vel nesciunt quae et deserunt. Voluptas autem ut quae adipisci voluptatum voluptatem molestiae.'
            )
            'original' => Array &185 (
                'id' => 13
                'created_at' => '2022-03-02 20:13:52'
                'updated_at' => '2022-03-02 20:13:52'
                'user_id' => 486
                'title' => 'Est quis unde fugiat. Enim magnam aperiam dolore similique est molestiae.'
                'body' => 'Id fuga ut dicta dolor velit. Qui voluptates nihil ratione. Vel nesciunt quae et deserunt. Voluptas autem ut quae adipisci voluptatum voluptatem molestiae.'
            )
            'changes' => Array &186 ()
            'casts' => Array &187 ()
            'classCastCache' => Array &188 ()
            'attributeCastCache' => Array &189 ()
            'dates' => Array &190 ()
            'dateFormat' => null
            'appends' => Array &191 ()
            'dispatchesEvents' => Array &192 ()
            'observables' => Array &193 ()
            'relations' => Array &194 ()
            'touches' => Array &195 ()
            'timestamps' => true
            'hidden' => Array &196 ()
            'visible' => Array &197 ()
            'guarded' => Array &198 (
                0 => '*'
            )
        )
        11 => App\Models\Comment Object &000000002d3d134d0000000047065e1e (
            'fillable' => Array &199 (
                0 => 'title'
                1 => 'body'
                2 => 'user_id'
            )
            'connection' => 'pgsql'
            'table' => 'comments'
            'primaryKey' => 'id'
            'keyType' => 'int'
            'incrementing' => true
            'with' => Array &200 ()
            'withCount' => Array &201 ()
            'preventsLazyLoading' => false
            'perPage' => 15
            'exists' => true
            'wasRecentlyCreated' => false
            'escapeWhenCastingToString' => false
            'attributes' => Array &202 (
                'id' => 14
                'created_at' => '2022-03-02 20:13:52'
                'updated_at' => '2022-03-02 20:13:52'
                'user_id' => 505
                'title' => 'Sed ea autem deserunt incidunt id. Est possimus atque qui voluptatibus ex vitae porro. Iure in est adipisci aut sed laborum tenetur.'
                'body' => 'Laudantium accusamus fugit eveniet optio eius. In harum numquam harum ea voluptas. Voluptatibus natus possimus ducimus sed sunt et tenetur.'
            )
            'original' => Array &203 (
                'id' => 14
                'created_at' => '2022-03-02 20:13:52'
                'updated_at' => '2022-03-02 20:13:52'
                'user_id' => 505
                'title' => 'Sed ea autem deserunt incidunt id. Est possimus atque qui voluptatibus ex vitae porro. Iure in est adipisci aut sed laborum tenetur.'
                'body' => 'Laudantium accusamus fugit eveniet optio eius. In harum numquam harum ea voluptas. Voluptatibus natus possimus ducimus sed sunt et tenetur.'
            )
            'changes' => Array &204 ()
            'casts' => Array &205 ()
            'classCastCache' => Array &206 ()
            'attributeCastCache' => Array &207 ()
            'dates' => Array &208 ()
            'dateFormat' => null
            'appends' => Array &209 ()
            'dispatchesEvents' => Array &210 ()
            'observables' => Array &211 ()
            'relations' => Array &212 ()
            'touches' => Array &213 ()
            'timestamps' => true
            'hidden' => Array &214 ()
            'visible' => Array &215 ()
            'guarded' => Array &216 (
                0 => '*'
            )
        )
        12 => App\Models\Comment Object &000000002d3d134e0000000047065e1e (
            'fillable' => Array &217 (
                0 => 'title'
                1 => 'body'
                2 => 'user_id'
            )
            'connection' => 'pgsql'
            'table' => 'comments'
            'primaryKey' => 'id'
            'keyType' => 'int'
            'incrementing' => true
            'with' => Array &218 ()
            'withCount' => Array &219 ()
            'preventsLazyLoading' => false
            'perPage' => 15
            'exists' => true
            'wasRecentlyCreated' => false
            'escapeWhenCastingToString' => false
            'attributes' => Array &220 (
                'id' => 15
                'created_at' => '2022-03-02 20:13:52'
                'updated_at' => '2022-03-02 20:13:52'
                'user_id' => 111
                'title' => 'Incidunt libero in aspernatur. Accusantium voluptatem dolorem eum quis incidunt aspernatur autem illo. Qui ut sunt neque officia officiis quia.'
                'body' => 'Animi eos incidunt rerum nesciunt rerum nemo consequuntur. Repellat possimus vel et porro sapiente inventore. Vero sint quia suscipit ab accusantium veritatis voluptatem.'
            )
            'original' => Array &221 (
                'id' => 15
                'created_at' => '2022-03-02 20:13:52'
                'updated_at' => '2022-03-02 20:13:52'
                'user_id' => 111
                'title' => 'Incidunt libero in aspernatur. Accusantium voluptatem dolorem eum quis incidunt aspernatur autem illo. Qui ut sunt neque officia officiis quia.'
                'body' => 'Animi eos incidunt rerum nesciunt rerum nemo consequuntur. Repellat possimus vel et porro sapiente inventore. Vero sint quia suscipit ab accusantium veritatis voluptatem.'
            )
            'changes' => Array &222 ()
            'casts' => Array &223 ()
            'classCastCache' => Array &224 ()
            'attributeCastCache' => Array &225 ()
            'dates' => Array &226 ()
            'dateFormat' => null
            'appends' => Array &227 ()
            'dispatchesEvents' => Array &228 ()
            'observables' => Array &229 ()
            'relations' => Array &230 ()
            'touches' => Array &231 ()
            'timestamps' => true
            'hidden' => Array &232 ()
            'visible' => Array &233 ()
            'guarded' => Array &234 (
                0 => '*'
            )
        )
        13 => App\Models\Comment Object &000000002d3d134f0000000047065e1e (
            'fillable' => Array &235 (
                0 => 'title'
                1 => 'body'
                2 => 'user_id'
            )
            'connection' => 'pgsql'
            'table' => 'comments'
            'primaryKey' => 'id'
            'keyType' => 'int'
            'incrementing' => true
            'with' => Array &236 ()
            'withCount' => Array &237 ()
            'preventsLazyLoading' => false
            'perPage' => 15
            'exists' => true
            'wasRecentlyCreated' => false
            'escapeWhenCastingToString' => false
            'attributes' => Array &238 (
                'id' => 16
                'created_at' => '2022-03-02 20:13:52'
                'updated_at' => '2022-03-02 20:13:52'
                'user_id' => 490
                'title' => 'Facilis dolor officia explicabo quaerat. Omnis nulla facilis accusantium a cumque quis autem aliquid. Quidem in et quia quidem ad adipisci. Non excepturi iure modi qui blanditiis.'
                'body' => 'Ut cum placeat non quo dolorem fuga vel. Illo delectus corrupti modi quasi harum. Et natus voluptatem corrupti sint repellat. Ea dolores non eligendi officia consequatur officiis quidem ratione.'
            )
            'original' => Array &239 (
                'id' => 16
                'created_at' => '2022-03-02 20:13:52'
                'updated_at' => '2022-03-02 20:13:52'
                'user_id' => 490
                'title' => 'Facilis dolor officia explicabo quaerat. Omnis nulla facilis accusantium a cumque quis autem aliquid. Quidem in et quia quidem ad adipisci. Non excepturi iure modi qui blanditiis.'
                'body' => 'Ut cum placeat non quo dolorem fuga vel. Illo delectus corrupti modi quasi harum. Et natus voluptatem corrupti sint repellat. Ea dolores non eligendi officia consequatur officiis quidem ratione.'
            )
            'changes' => Array &240 ()
            'casts' => Array &241 ()
            'classCastCache' => Array &242 ()
            'attributeCastCache' => Array &243 ()
            'dates' => Array &244 ()
            'dateFormat' => null
            'appends' => Array &245 ()
            'dispatchesEvents' => Array &246 ()
            'observables' => Array &247 ()
            'relations' => Array &248 ()
            'touches' => Array &249 ()
            'timestamps' => true
            'hidden' => Array &250 ()
            'visible' => Array &251 ()
            'guarded' => Array &252 (
                0 => '*'
            )
        )
        14 => App\Models\Comment Object &000000002d3d10f80000000047065e1e (
            'fillable' => Array &253 (
                0 => 'title'
                1 => 'body'
                2 => 'user_id'
            )
            'connection' => 'pgsql'
            'table' => 'comments'
            'primaryKey' => 'id'
            'keyType' => 'int'
            'incrementing' => true
            'with' => Array &254 ()
            'withCount' => Array &255 ()
            'preventsLazyLoading' => false
            'perPage' => 15
            'exists' => true
            'wasRecentlyCreated' => false
            'escapeWhenCastingToString' => false
            'attributes' => Array &256 (
                'id' => 17
                'created_at' => '2022-03-02 20:13:52'
                'updated_at' => '2022-03-02 20:13:52'
                'user_id' => 112
                'title' => 'Consectetur non qui laborum assumenda alias est. Accusamus iure beatae cum.'
                'body' => 'Voluptates ipsa fugiat dolores voluptatem. Et inventore sint a. Ut et assumenda et temporibus minus quam. Laborum est ullam omnis eveniet.'
            )
            'original' => Array &257 (
                'id' => 17
                'created_at' => '2022-03-02 20:13:52'
                'updated_at' => '2022-03-02 20:13:52'
                'user_id' => 112
                'title' => 'Consectetur non qui laborum assumenda alias est. Accusamus iure beatae cum.'
                'body' => 'Voluptates ipsa fugiat dolores voluptatem. Et inventore sint a. Ut et assumenda et temporibus minus quam. Laborum est ullam omnis eveniet.'
            )
            'changes' => Array &258 ()
            'casts' => Array &259 ()
            'classCastCache' => Array &260 ()
            'attributeCastCache' => Array &261 ()
            'dates' => Array &262 ()
            'dateFormat' => null
            'appends' => Array &263 ()
            'dispatchesEvents' => Array &264 ()
            'observables' => Array &265 ()
            'relations' => Array &266 ()
            'touches' => Array &267 ()
            'timestamps' => true
            'hidden' => Array &268 ()
            'visible' => Array &269 ()
            'guarded' => Array &270 (
                0 => '*'
            )
        )
        15 => App\Models\Comment Object &000000002d3d130b0000000047065e1e (
            'fillable' => Array &271 (
                0 => 'title'
                1 => 'body'
                2 => 'user_id'
            )
            'connection' => 'pgsql'
            'table' => 'comments'
            'primaryKey' => 'id'
            'keyType' => 'int'
            'incrementing' => true
            'with' => Array &272 ()
            'withCount' => Array &273 ()
            'preventsLazyLoading' => false
            'perPage' => 15
            'exists' => true
            'wasRecentlyCreated' => false
            'escapeWhenCastingToString' => false
            'attributes' => Array &274 (
                'id' => 19
                'created_at' => '2022-03-02 20:13:52'
                'updated_at' => '2022-03-02 20:13:52'
                'user_id' => 504
                'title' => 'Reiciendis rerum ipsum vel sunt magnam sint beatae. Neque voluptatem laudantium aut quaerat optio. Exercitationem nesciunt nam voluptas quasi.'
                'body' => 'Esse id ut et ab voluptatem commodi officiis. Temporibus consequatur totam assumenda quidem. Exercitationem et vitae non tempora excepturi. Et voluptate dignissimos itaque nulla distinctio ratione.'
            )
            'original' => Array &275 (
                'id' => 19
                'created_at' => '2022-03-02 20:13:52'
                'updated_at' => '2022-03-02 20:13:52'
                'user_id' => 504
                'title' => 'Reiciendis rerum ipsum vel sunt magnam sint beatae. Neque voluptatem laudantium aut quaerat optio. Exercitationem nesciunt nam voluptas quasi.'
                'body' => 'Esse id ut et ab voluptatem commodi officiis. Temporibus consequatur totam assumenda quidem. Exercitationem et vitae non tempora excepturi. Et voluptate dignissimos itaque nulla distinctio ratione.'
            )
            'changes' => Array &276 ()
            'casts' => Array &277 ()
            'classCastCache' => Array &278 ()
            'attributeCastCache' => Array &279 ()
            'dates' => Array &280 ()
            'dateFormat' => null
            'appends' => Array &281 ()
            'dispatchesEvents' => Array &282 ()
            'observables' => Array &283 ()
            'relations' => Array &284 ()
            'touches' => Array &285 ()
            'timestamps' => true
            'hidden' => Array &286 ()
            'visible' => Array &287 ()
            'guarded' => Array &288 (
                0 => '*'
            )
        )
        16 => App\Models\Comment Object &000000002d3d13530000000047065e1e (
            'fillable' => Array &289 (
                0 => 'title'
                1 => 'body'
                2 => 'user_id'
            )
            'connection' => 'pgsql'
            'table' => 'comments'
            'primaryKey' => 'id'
            'keyType' => 'int'
            'incrementing' => true
            'with' => Array &290 ()
            'withCount' => Array &291 ()
            'preventsLazyLoading' => false
            'perPage' => 15
            'exists' => true
            'wasRecentlyCreated' => false
            'escapeWhenCastingToString' => false
            'attributes' => Array &292 (
                'id' => 20
                'created_at' => '2022-03-02 20:13:52'
                'updated_at' => '2022-03-02 20:13:52'
                'user_id' => 478
                'title' => 'Praesentium ex aperiam a tenetur. Illum architecto perspiciatis ducimus nemo temporibus explicabo. Autem consequuntur non aut est impedit nulla sequi. Illo est sint voluptatem modi voluptatibus iste.'
                'body' => 'Dolor voluptatem facere saepe quisquam voluptas. Quidem recusandae quidem est voluptatibus explicabo. Vero voluptatem consequatur earum voluptas sequi qui est.'
            )
            'original' => Array &293 (
                'id' => 20
                'created_at' => '2022-03-02 20:13:52'
                'updated_at' => '2022-03-02 20:13:52'
                'user_id' => 478
                'title' => 'Praesentium ex aperiam a tenetur. Illum architecto perspiciatis ducimus nemo temporibus explicabo. Autem consequuntur non aut est impedit nulla sequi. Illo est sint voluptatem modi voluptatibus iste.'
                'body' => 'Dolor voluptatem facere saepe quisquam voluptas. Quidem recusandae quidem est voluptatibus explicabo. Vero voluptatem consequatur earum voluptas sequi qui est.'
            )
            'changes' => Array &294 ()
            'casts' => Array &295 ()
            'classCastCache' => Array &296 ()
            'attributeCastCache' => Array &297 ()
            'dates' => Array &298 ()
            'dateFormat' => null
            'appends' => Array &299 ()
            'dispatchesEvents' => Array &300 ()
            'observables' => Array &301 ()
            'relations' => Array &302 ()
            'touches' => Array &303 ()
            'timestamps' => true
            'hidden' => Array &304 ()
            'visible' => Array &305 ()
            'guarded' => Array &306 (
                0 => '*'
            )
        )
        17 => App\Models\Comment Object &000000002d3d135f0000000047065e1e (
            'fillable' => Array &307 (
                0 => 'title'
                1 => 'body'
                2 => 'user_id'
            )
            'connection' => 'pgsql'
            'table' => 'comments'
            'primaryKey' => 'id'
            'keyType' => 'int'
            'incrementing' => true
            'with' => Array &308 ()
            'withCount' => Array &309 ()
            'preventsLazyLoading' => false
            'perPage' => 15
            'exists' => true
            'wasRecentlyCreated' => false
            'escapeWhenCastingToString' => false
            'attributes' => Array &310 (
                'id' => 21
                'created_at' => '2022-03-02 20:22:05'
                'updated_at' => '2022-03-02 20:22:05'
                'user_id' => 490
                'title' => 'Quos aliquam aut reiciendis aliquid molestias. Et magnam sed aut alias fuga a. Iusto dolore voluptas commodi et earum mollitia enim.'
                'body' => 'Nihil quia doloremque impedit doloremque sed debitis facilis. Velit tenetur eveniet quam facilis. Velit nulla consectetur magni. Molestias maiores fuga quia sit ut sunt alias.'
            )
            'original' => Array &311 (
                'id' => 21
                'created_at' => '2022-03-02 20:22:05'
                'updated_at' => '2022-03-02 20:22:05'
                'user_id' => 490
                'title' => 'Quos aliquam aut reiciendis aliquid molestias. Et magnam sed aut alias fuga a. Iusto dolore voluptas commodi et earum mollitia enim.'
                'body' => 'Nihil quia doloremque impedit doloremque sed debitis facilis. Velit tenetur eveniet quam facilis. Velit nulla consectetur magni. Molestias maiores fuga quia sit ut sunt alias.'
            )
            'changes' => Array &312 ()
            'casts' => Array &313 ()
            'classCastCache' => Array &314 ()
            'attributeCastCache' => Array &315 ()
            'dates' => Array &316 ()
            'dateFormat' => null
            'appends' => Array &317 ()
            'dispatchesEvents' => Array &318 ()
            'observables' => Array &319 ()
            'relations' => Array &320 ()
            'touches' => Array &321 ()
            'timestamps' => true
            'hidden' => Array &322 ()
            'visible' => Array &323 ()
            'guarded' => Array &324 (
                0 => '*'
            )
        )
        18 => App\Models\Comment Object &000000002d3d135c0000000047065e1e (
            'fillable' => Array &325 (
                0 => 'title'
                1 => 'body'
                2 => 'user_id'
            )
            'connection' => 'pgsql'
            'table' => 'comments'
            'primaryKey' => 'id'
            'keyType' => 'int'
            'incrementing' => true
            'with' => Array &326 ()
            'withCount' => Array &327 ()
            'preventsLazyLoading' => false
            'perPage' => 15
            'exists' => true
            'wasRecentlyCreated' => false
            'escapeWhenCastingToString' => false
            'attributes' => Array &328 (
                'id' => 22
                'created_at' => '2022-03-02 20:22:05'
                'updated_at' => '2022-03-02 20:22:05'
                'user_id' => 482
                'title' => 'Eligendi ratione voluptates fugiat et voluptas. Dignissimos dolore incidunt facere dolor et. Voluptate labore non dolorem et facilis totam veritatis.'
                'body' => 'Nisi doloribus quasi accusamus voluptates. Sunt ea et id dolore error. Quis temporibus quam repudiandae sint voluptatem eligendi.'
            )
            'original' => Array &329 (
                'id' => 22
                'created_at' => '2022-03-02 20:22:05'
                'updated_at' => '2022-03-02 20:22:05'
                'user_id' => 482
                'title' => 'Eligendi ratione voluptates fugiat et voluptas. Dignissimos dolore incidunt facere dolor et. Voluptate labore non dolorem et facilis totam veritatis.'
                'body' => 'Nisi doloribus quasi accusamus voluptates. Sunt ea et id dolore error. Quis temporibus quam repudiandae sint voluptatem eligendi.'
            )
            'changes' => Array &330 ()
            'casts' => Array &331 ()
            'classCastCache' => Array &332 ()
            'attributeCastCache' => Array &333 ()
            'dates' => Array &334 ()
            'dateFormat' => null
            'appends' => Array &335 ()
            'dispatchesEvents' => Array &336 ()
            'observables' => Array &337 ()
            'relations' => Array &338 ()
            'touches' => Array &339 ()
            'timestamps' => true
            'hidden' => Array &340 ()
            'visible' => Array &341 ()
            'guarded' => Array &342 (
                0 => '*'
            )
        )
        19 => App\Models\Comment Object &000000002d3d13580000000047065e1e (
            'fillable' => Array &343 (
                0 => 'title'
                1 => 'body'
                2 => 'user_id'
            )
            'connection' => 'pgsql'
            'table' => 'comments'
            'primaryKey' => 'id'
            'keyType' => 'int'
            'incrementing' => true
            'with' => Array &344 ()
            'withCount' => Array &345 ()
            'preventsLazyLoading' => false
            'perPage' => 15
            'exists' => true
            'wasRecentlyCreated' => false
            'escapeWhenCastingToString' => false
            'attributes' => Array &346 (
                'id' => 23
                'created_at' => '2022-03-02 20:22:05'
                'updated_at' => '2022-03-02 20:22:05'
                'user_id' => 488
                'title' => 'Dolores consequatur voluptatum autem enim consequatur dolorum. Aut eos dolor est pariatur. Magnam ut qui quisquam. Rerum esse unde provident voluptate ut. Quod rerum pariatur est porro qui.'
                'body' => 'Aut vel at distinctio. Inventore nesciunt illum et esse asperiores sit corrupti. Placeat et possimus accusamus voluptatum et blanditiis ut. Qui ut ad alias sint.'
            )
            'original' => Array &347 (
                'id' => 23
                'created_at' => '2022-03-02 20:22:05'
                'updated_at' => '2022-03-02 20:22:05'
                'user_id' => 488
                'title' => 'Dolores consequatur voluptatum autem enim consequatur dolorum. Aut eos dolor est pariatur. Magnam ut qui quisquam. Rerum esse unde provident voluptate ut. Quod rerum pariatur est porro qui.'
                'body' => 'Aut vel at distinctio. Inventore nesciunt illum et esse asperiores sit corrupti. Placeat et possimus accusamus voluptatum et blanditiis ut. Qui ut ad alias sint.'
            )
            'changes' => Array &348 ()
            'casts' => Array &349 ()
            'classCastCache' => Array &350 ()
            'attributeCastCache' => Array &351 ()
            'dates' => Array &352 ()
            'dateFormat' => null
            'appends' => Array &353 ()
            'dispatchesEvents' => Array &354 ()
            'observables' => Array &355 ()
            'relations' => Array &356 ()
            'touches' => Array &357 ()
            'timestamps' => true
            'hidden' => Array &358 ()
            'visible' => Array &359 ()
            'guarded' => Array &360 (
                0 => '*'
            )
        )
        20 => App\Models\Comment Object &000000002d3d13460000000047065e1e (
            'fillable' => Array &361 (
                0 => 'title'
                1 => 'body'
                2 => 'user_id'
            )
            'connection' => 'pgsql'
            'table' => 'comments'
            'primaryKey' => 'id'
            'keyType' => 'int'
            'incrementing' => true
            'with' => Array &362 ()
            'withCount' => Array &363 ()
            'preventsLazyLoading' => false
            'perPage' => 15
            'exists' => true
            'wasRecentlyCreated' => false
            'escapeWhenCastingToString' => false
            'attributes' => Array &364 (
                'id' => 24
                'created_at' => '2022-03-02 20:22:05'
                'updated_at' => '2022-03-02 20:22:05'
                'user_id' => 486
                'title' => 'Ducimus quos asperiores ut ea repellendus sint rerum debitis. Ut earum aperiam blanditiis qui dolorem mollitia.'
                'body' => 'Ratione non non ea ut aspernatur voluptatum et. Impedit provident vel similique maxime ex. Optio et a rerum.'
            )
            'original' => Array &365 (
                'id' => 24
                'created_at' => '2022-03-02 20:22:05'
                'updated_at' => '2022-03-02 20:22:05'
                'user_id' => 486
                'title' => 'Ducimus quos asperiores ut ea repellendus sint rerum debitis. Ut earum aperiam blanditiis qui dolorem mollitia.'
                'body' => 'Ratione non non ea ut aspernatur voluptatum et. Impedit provident vel similique maxime ex. Optio et a rerum.'
            )
            'changes' => Array &366 ()
            'casts' => Array &367 ()
            'classCastCache' => Array &368 ()
            'attributeCastCache' => Array &369 ()
            'dates' => Array &370 ()
            'dateFormat' => null
            'appends' => Array &371 ()
            'dispatchesEvents' => Array &372 ()
            'observables' => Array &373 ()
            'relations' => Array &374 ()
            'touches' => Array &375 ()
            'timestamps' => true
            'hidden' => Array &376 ()
            'visible' => Array &377 ()
            'guarded' => Array &378 (
                0 => '*'
            )
        )
        21 => App\Models\Comment Object &000000002d3d13430000000047065e1e (
            'fillable' => Array &379 (
                0 => 'title'
                1 => 'body'
                2 => 'user_id'
            )
            'connection' => 'pgsql'
            'table' => 'comments'
            'primaryKey' => 'id'
            'keyType' => 'int'
            'incrementing' => true
            'with' => Array &380 ()
            'withCount' => Array &381 ()
            'preventsLazyLoading' => false
            'perPage' => 15
            'exists' => true
            'wasRecentlyCreated' => false
            'escapeWhenCastingToString' => false
            'attributes' => Array &382 (
                'id' => 25
                'created_at' => '2022-03-02 20:22:05'
                'updated_at' => '2022-03-02 20:22:05'
                'user_id' => 485
                'title' => 'Pariatur hic necessitatibus minima tenetur aut. Et quis esse et. Eos assumenda perspiciatis velit. Repellendus doloremque libero ipsum mollitia vero quos quod.'
                'body' => 'Sit soluta commodi optio natus ut facilis. Sed eius aperiam at est minima autem expedita alias. Sit quod sequi quae omnis laboriosam.'
            )
            'original' => Array &383 (
                'id' => 25
                'created_at' => '2022-03-02 20:22:05'
                'updated_at' => '2022-03-02 20:22:05'
                'user_id' => 485
                'title' => 'Pariatur hic necessitatibus minima tenetur aut. Et quis esse et. Eos assumenda perspiciatis velit. Repellendus doloremque libero ipsum mollitia vero quos quod.'
                'body' => 'Sit soluta commodi optio natus ut facilis. Sed eius aperiam at est minima autem expedita alias. Sit quod sequi quae omnis laboriosam.'
            )
            'changes' => Array &384 ()
            'casts' => Array &385 ()
            'classCastCache' => Array &386 ()
            'attributeCastCache' => Array &387 ()
            'dates' => Array &388 ()
            'dateFormat' => null
            'appends' => Array &389 ()
            'dispatchesEvents' => Array &390 ()
            'observables' => Array &391 ()
            'relations' => Array &392 ()
            'touches' => Array &393 ()
            'timestamps' => true
            'hidden' => Array &394 ()
            'visible' => Array &395 ()
            'guarded' => Array &396 (
                0 => '*'
            )
        )
        22 => App\Models\Comment Object &000000002d3d135e0000000047065e1e (
            'fillable' => Array &397 (
                0 => 'title'
                1 => 'body'
                2 => 'user_id'
            )
            'connection' => 'pgsql'
            'table' => 'comments'
            'primaryKey' => 'id'
            'keyType' => 'int'
            'incrementing' => true
            'with' => Array &398 ()
            'withCount' => Array &399 ()
            'preventsLazyLoading' => false
            'perPage' => 15
            'exists' => true
            'wasRecentlyCreated' => false
            'escapeWhenCastingToString' => false
            'attributes' => Array &400 (
                'id' => 26
                'created_at' => '2022-03-02 20:22:05'
                'updated_at' => '2022-03-02 20:22:05'
                'user_id' => 112
                'title' => 'Ut voluptatem molestiae quisquam ratione excepturi cumque. Id aperiam voluptatem perspiciatis. Voluptatem ipsam dolores numquam. Esse qui fugit accusantium eveniet amet.'
                'body' => 'Enim laborum debitis dolor ut omnis. Ut officia aut porro. Nam odit aut aut voluptates iure est adipisci. Quaerat cum fugiat vitae culpa optio.'
            )
            'original' => Array &401 (
                'id' => 26
                'created_at' => '2022-03-02 20:22:05'
                'updated_at' => '2022-03-02 20:22:05'
                'user_id' => 112
                'title' => 'Ut voluptatem molestiae quisquam ratione excepturi cumque. Id aperiam voluptatem perspiciatis. Voluptatem ipsam dolores numquam. Esse qui fugit accusantium eveniet amet.'
                'body' => 'Enim laborum debitis dolor ut omnis. Ut officia aut porro. Nam odit aut aut voluptates iure est adipisci. Quaerat cum fugiat vitae culpa optio.'
            )
            'changes' => Array &402 ()
            'casts' => Array &403 ()
            'classCastCache' => Array &404 ()
            'attributeCastCache' => Array &405 ()
            'dates' => Array &406 ()
            'dateFormat' => null
            'appends' => Array &407 ()
            'dispatchesEvents' => Array &408 ()
            'observables' => Array &409 ()
            'relations' => Array &410 ()
            'touches' => Array &411 ()
            'timestamps' => true
            'hidden' => Array &412 ()
            'visible' => Array &413 ()
            'guarded' => Array &414 (
                0 => '*'
            )
        )
        23 => App\Models\Comment Object &000000002d3d135a0000000047065e1e (
            'fillable' => Array &415 (
                0 => 'title'
                1 => 'body'
                2 => 'user_id'
            )
            'connection' => 'pgsql'
            'table' => 'comments'
            'primaryKey' => 'id'
            'keyType' => 'int'
            'incrementing' => true
            'with' => Array &416 ()
            'withCount' => Array &417 ()
            'preventsLazyLoading' => false
            'perPage' => 15
            'exists' => true
            'wasRecentlyCreated' => false
            'escapeWhenCastingToString' => false
            'attributes' => Array &418 (
                'id' => 27
                'created_at' => '2022-03-02 20:22:05'
                'updated_at' => '2022-03-02 20:22:05'
                'user_id' => 492
                'title' => 'Omnis rerum voluptas temporibus sunt magnam qui nisi. Ad nobis qui enim ut qui. Nihil sed qui dolorem aspernatur qui quasi.'
                'body' => 'Odit iste nulla placeat aperiam expedita. Molestias architecto sed voluptatem quia aut. Deserunt dignissimos cum eum doloribus quasi ut.'
            )
            'original' => Array &419 (
                'id' => 27
                'created_at' => '2022-03-02 20:22:05'
                'updated_at' => '2022-03-02 20:22:05'
                'user_id' => 492
                'title' => 'Omnis rerum voluptas temporibus sunt magnam qui nisi. Ad nobis qui enim ut qui. Nihil sed qui dolorem aspernatur qui quasi.'
                'body' => 'Odit iste nulla placeat aperiam expedita. Molestias architecto sed voluptatem quia aut. Deserunt dignissimos cum eum doloribus quasi ut.'
            )
            'changes' => Array &420 ()
            'casts' => Array &421 ()
            'classCastCache' => Array &422 ()
            'attributeCastCache' => Array &423 ()
            'dates' => Array &424 ()
            'dateFormat' => null
            'appends' => Array &425 ()
            'dispatchesEvents' => Array &426 ()
            'observables' => Array &427 ()
            'relations' => Array &428 ()
            'touches' => Array &429 ()
            'timestamps' => true
            'hidden' => Array &430 ()
            'visible' => Array &431 ()
            'guarded' => Array &432 (
                0 => '*'
            )
        )
        24 => App\Models\Comment Object &000000002d3d13510000000047065e1e (
            'fillable' => Array &433 (
                0 => 'title'
                1 => 'body'
                2 => 'user_id'
            )
            'connection' => 'pgsql'
            'table' => 'comments'
            'primaryKey' => 'id'
            'keyType' => 'int'
            'incrementing' => true
            'with' => Array &434 ()
            'withCount' => Array &435 ()
            'preventsLazyLoading' => false
            'perPage' => 15
            'exists' => true
            'wasRecentlyCreated' => false
            'escapeWhenCastingToString' => false
            'attributes' => Array &436 (
                'id' => 28
                'created_at' => '2022-03-02 20:22:05'
                'updated_at' => '2022-03-02 20:22:05'
                'user_id' => 477
                'title' => 'Enim labore et quo. Error incidunt quo sit qui. Qui atque consequatur aut dolore.'
                'body' => 'Dolor sapiente inventore nihil quasi optio. Vero fugit voluptatibus aut.'
            )
            'original' => Array &437 (
                'id' => 28
                'created_at' => '2022-03-02 20:22:05'
                'updated_at' => '2022-03-02 20:22:05'
                'user_id' => 477
                'title' => 'Enim labore et quo. Error incidunt quo sit qui. Qui atque consequatur aut dolore.'
                'body' => 'Dolor sapiente inventore nihil quasi optio. Vero fugit voluptatibus aut.'
            )
            'changes' => Array &438 ()
            'casts' => Array &439 ()
            'classCastCache' => Array &440 ()
            'attributeCastCache' => Array &441 ()
            'dates' => Array &442 ()
            'dateFormat' => null
            'appends' => Array &443 ()
            'dispatchesEvents' => Array &444 ()
            'observables' => Array &445 ()
            'relations' => Array &446 ()
            'touches' => Array &447 ()
            'timestamps' => true
            'hidden' => Array &448 ()
            'visible' => Array &449 ()
            'guarded' => Array &450 (
                0 => '*'
            )
        )
        25 => App\Models\Comment Object &000000002d3d105f0000000047065e1e (
            'fillable' => Array &451 (
                0 => 'title'
                1 => 'body'
                2 => 'user_id'
            )
            'connection' => 'pgsql'
            'table' => 'comments'
            'primaryKey' => 'id'
            'keyType' => 'int'
            'incrementing' => true
            'with' => Array &452 ()
            'withCount' => Array &453 ()
            'preventsLazyLoading' => false
            'perPage' => 15
            'exists' => true
            'wasRecentlyCreated' => false
            'escapeWhenCastingToString' => false
            'attributes' => Array &454 (
                'id' => 29
                'created_at' => '2022-03-02 20:22:05'
                'updated_at' => '2022-03-02 20:22:05'
                'user_id' => 114
                'title' => 'Voluptas totam delectus odio. Iste unde impedit nulla iste sit. Quia laudantium error nam quaerat a. Consequatur ipsa quidem libero est non.'
                'body' => 'Necessitatibus recusandae quis ut laborum officiis unde. Non laborum asperiores corporis earum quam qui alias odit. Omnis et aut maiores numquam. Nihil enim est et repellat.'
            )
            'original' => Array &455 (
                'id' => 29
                'created_at' => '2022-03-02 20:22:05'
                'updated_at' => '2022-03-02 20:22:05'
                'user_id' => 114
                'title' => 'Voluptas totam delectus odio. Iste unde impedit nulla iste sit. Quia laudantium error nam quaerat a. Consequatur ipsa quidem libero est non.'
                'body' => 'Necessitatibus recusandae quis ut laborum officiis unde. Non laborum asperiores corporis earum quam qui alias odit. Omnis et aut maiores numquam. Nihil enim est et repellat.'
            )
            'changes' => Array &456 ()
            'casts' => Array &457 ()
            'classCastCache' => Array &458 ()
            'attributeCastCache' => Array &459 ()
            'dates' => Array &460 ()
            'dateFormat' => null
            'appends' => Array &461 ()
            'dispatchesEvents' => Array &462 ()
            'observables' => Array &463 ()
            'relations' => Array &464 ()
            'touches' => Array &465 ()
            'timestamps' => true
            'hidden' => Array &466 ()
            'visible' => Array &467 ()
            'guarded' => Array &468 (
                0 => '*'
            )
        )
        26 => App\Models\Comment Object &000000002d3d131b0000000047065e1e (
            'fillable' => Array &469 (
                0 => 'title'
                1 => 'body'
                2 => 'user_id'
            )
            'connection' => 'pgsql'
            'table' => 'comments'
            'primaryKey' => 'id'
            'keyType' => 'int'
            'incrementing' => true
            'with' => Array &470 ()
            'withCount' => Array &471 ()
            'preventsLazyLoading' => false
            'perPage' => 15
            'exists' => true
            'wasRecentlyCreated' => false
            'escapeWhenCastingToString' => false
            'attributes' => Array &472 (
                'id' => 30
                'created_at' => '2022-03-02 20:22:05'
                'updated_at' => '2022-03-02 20:22:05'
                'user_id' => 498
                'title' => 'Accusamus autem officia ut dolorum rerum. Aut consequatur nulla pariatur officiis voluptatibus officia eos. Culpa hic ut ut quidem provident. Porro neque rem sint aliquid omnis quibusdam distinctio.'
                'body' => 'Ut omnis magni ut. Et illum et quasi amet ut. Et sit expedita sequi. Nulla vel eius vel corporis et aut. Cupiditate quo dicta hic. Iure animi nostrum omnis nihil.'
            )
            'original' => Array &473 (
                'id' => 30
                'created_at' => '2022-03-02 20:22:05'
                'updated_at' => '2022-03-02 20:22:05'
                'user_id' => 498
                'title' => 'Accusamus autem officia ut dolorum rerum. Aut consequatur nulla pariatur officiis voluptatibus officia eos. Culpa hic ut ut quidem provident. Porro neque rem sint aliquid omnis quibusdam distinctio.'
                'body' => 'Ut omnis magni ut. Et illum et quasi amet ut. Et sit expedita sequi. Nulla vel eius vel corporis et aut. Cupiditate quo dicta hic. Iure animi nostrum omnis nihil.'
            )
            'changes' => Array &474 ()
            'casts' => Array &475 ()
            'classCastCache' => Array &476 ()
            'attributeCastCache' => Array &477 ()
            'dates' => Array &478 ()
            'dateFormat' => null
            'appends' => Array &479 ()
            'dispatchesEvents' => Array &480 ()
            'observables' => Array &481 ()
            'relations' => Array &482 ()
            'touches' => Array &483 ()
            'timestamps' => true
            'hidden' => Array &484 ()
            'visible' => Array &485 ()
            'guarded' => Array &486 (
                0 => '*'
            )
        )
        27 => App\Models\Comment Object &000000002d3d13070000000047065e1e (
            'fillable' => Array &487 (
                0 => 'title'
                1 => 'body'
                2 => 'user_id'
            )
            'connection' => 'pgsql'
            'table' => 'comments'
            'primaryKey' => 'id'
            'keyType' => 'int'
            'incrementing' => true
            'with' => Array &488 ()
            'withCount' => Array &489 ()
            'preventsLazyLoading' => false
            'perPage' => 15
            'exists' => true
            'wasRecentlyCreated' => false
            'escapeWhenCastingToString' => false
            'attributes' => Array &490 (
                'id' => 31
                'created_at' => '2022-03-03 19:27:14'
                'updated_at' => '2022-03-03 19:27:14'
                'user_id' => 111
                'title' => 'test title'
                'body' => 'test body'
            )
            'original' => Array &491 (
                'id' => 31
                'created_at' => '2022-03-03 19:27:14'
                'updated_at' => '2022-03-03 19:27:14'
                'user_id' => 111
                'title' => 'test title'
                'body' => 'test body'
            )
            'changes' => Array &492 ()
            'casts' => Array &493 ()
            'classCastCache' => Array &494 ()
            'attributeCastCache' => Array &495 ()
            'dates' => Array &496 ()
            'dateFormat' => null
            'appends' => Array &497 ()
            'dispatchesEvents' => Array &498 ()
            'observables' => Array &499 ()
            'relations' => Array &500 ()
            'touches' => Array &501 ()
            'timestamps' => true
            'hidden' => Array &502 ()
            'visible' => Array &503 ()
            'guarded' => Array &504 (
                0 => '*'
            )
        )
        28 => App\Models\Comment Object &000000002d3d131f0000000047065e1e (
            'fillable' => Array &505 (
                0 => 'title'
                1 => 'body'
                2 => 'user_id'
            )
            'connection' => 'pgsql'
            'table' => 'comments'
            'primaryKey' => 'id'
            'keyType' => 'int'
            'incrementing' => true
            'with' => Array &506 ()
            'withCount' => Array &507 ()
            'preventsLazyLoading' => false
            'perPage' => 15
            'exists' => true
            'wasRecentlyCreated' => false
            'escapeWhenCastingToString' => false
            'attributes' => Array &508 (
                'id' => 32
                'created_at' => '2022-03-03 19:31:37'
                'updated_at' => '2022-03-03 19:31:37'
                'user_id' => 111
                'title' => 'test title'
                'body' => 'test body'
            )
            'original' => Array &509 (
                'id' => 32
                'created_at' => '2022-03-03 19:31:37'
                'updated_at' => '2022-03-03 19:31:37'
                'user_id' => 111
                'title' => 'test title'
                'body' => 'test body'
            )
            'changes' => Array &510 ()
            'casts' => Array &511 ()
            'classCastCache' => Array &512 ()
            'attributeCastCache' => Array &513 ()
            'dates' => Array &514 ()
            'dateFormat' => null
            'appends' => Array &515 ()
            'dispatchesEvents' => Array &516 ()
            'observables' => Array &517 ()
            'relations' => Array &518 ()
            'touches' => Array &519 ()
            'timestamps' => true
            'hidden' => Array &520 ()
            'visible' => Array &521 ()
            'guarded' => Array &522 (
                0 => '*'
            )
        )
        29 => App\Models\Comment Object &000000002d3d10fc0000000047065e1e (
            'fillable' => Array &523 (
                0 => 'title'
                1 => 'body'
                2 => 'user_id'
            )
            'connection' => 'pgsql'
            'table' => 'comments'
            'primaryKey' => 'id'
            'keyType' => 'int'
            'incrementing' => true
            'with' => Array &524 ()
            'withCount' => Array &525 ()
            'preventsLazyLoading' => false
            'perPage' => 15
            'exists' => true
            'wasRecentlyCreated' => false
            'escapeWhenCastingToString' => false
            'attributes' => Array &526 (
                'id' => 33
                'created_at' => '2022-03-03 19:35:17'
                'updated_at' => '2022-03-03 19:35:17'
                'user_id' => 111
                'title' => 'test title'
                'body' => 'test body'
            )
            'original' => Array &527 (
                'id' => 33
                'created_at' => '2022-03-03 19:35:17'
                'updated_at' => '2022-03-03 19:35:17'
                'user_id' => 111
                'title' => 'test title'
                'body' => 'test body'
            )
            'changes' => Array &528 ()
            'casts' => Array &529 ()
            'classCastCache' => Array &530 ()
            'attributeCastCache' => Array &531 ()
            'dates' => Array &532 ()
            'dateFormat' => null
            'appends' => Array &533 ()
            'dispatchesEvents' => Array &534 ()
            'observables' => Array &535 ()
            'relations' => Array &536 ()
            'touches' => Array &537 ()
            'timestamps' => true
            'hidden' => Array &538 ()
            'visible' => Array &539 ()
            'guarded' => Array &540 (
                0 => '*'
            )
        )
        30 => App\Models\Comment Object &000000002d3d17820000000047065e1e (
            'fillable' => Array &541 (
                0 => 'title'
                1 => 'body'
                2 => 'user_id'
            )
            'connection' => 'pgsql'
            'table' => 'comments'
            'primaryKey' => 'id'
            'keyType' => 'int'
            'incrementing' => true
            'with' => Array &542 ()
            'withCount' => Array &543 ()
            'preventsLazyLoading' => false
            'perPage' => 15
            'exists' => true
            'wasRecentlyCreated' => false
            'escapeWhenCastingToString' => false
            'attributes' => Array &544 (
                'id' => 34
                'created_at' => '2022-03-03 19:36:10'
                'updated_at' => '2022-03-03 19:36:10'
                'user_id' => 111
                'title' => 'test title'
                'body' => 'test body'
            )
            'original' => Array &545 (
                'id' => 34
                'created_at' => '2022-03-03 19:36:10'
                'updated_at' => '2022-03-03 19:36:10'
                'user_id' => 111
                'title' => 'test title'
                'body' => 'test body'
            )
            'changes' => Array &546 ()
            'casts' => Array &547 ()
            'classCastCache' => Array &548 ()
            'attributeCastCache' => Array &549 ()
            'dates' => Array &550 ()
            'dateFormat' => null
            'appends' => Array &551 ()
            'dispatchesEvents' => Array &552 ()
            'observables' => Array &553 ()
            'relations' => Array &554 ()
            'touches' => Array &555 ()
            'timestamps' => true
            'hidden' => Array &556 ()
            'visible' => Array &557 ()
            'guarded' => Array &558 (
                0 => '*'
            )
        )
        31 => App\Models\Comment Object &000000002d3d10de0000000047065e1e (
            'fillable' => Array &559 (
                0 => 'title'
                1 => 'body'
                2 => 'user_id'
            )
            'connection' => 'pgsql'
            'table' => 'comments'
            'primaryKey' => 'id'
            'keyType' => 'int'
            'incrementing' => true
            'with' => Array &560 ()
            'withCount' => Array &561 ()
            'preventsLazyLoading' => false
            'perPage' => 15
            'exists' => true
            'wasRecentlyCreated' => false
            'escapeWhenCastingToString' => false
            'attributes' => Array &562 (
                'id' => 35
                'created_at' => '2022-03-03 19:36:47'
                'updated_at' => '2022-03-03 19:36:47'
                'user_id' => 111
                'title' => 'test title'
                'body' => 'test body'
            )
            'original' => Array &563 (
                'id' => 35
                'created_at' => '2022-03-03 19:36:47'
                'updated_at' => '2022-03-03 19:36:47'
                'user_id' => 111
                'title' => 'test title'
                'body' => 'test body'
            )
            'changes' => Array &564 ()
            'casts' => Array &565 ()
            'classCastCache' => Array &566 ()
            'attributeCastCache' => Array &567 ()
            'dates' => Array &568 ()
            'dateFormat' => null
            'appends' => Array &569 ()
            'dispatchesEvents' => Array &570 ()
            'observables' => Array &571 ()
            'relations' => Array &572 ()
            'touches' => Array &573 ()
            'timestamps' => true
            'hidden' => Array &574 ()
            'visible' => Array &575 ()
            'guarded' => Array &576 (
                0 => '*'
            )
        )
        32 => App\Models\Comment Object &000000002d3d130d0000000047065e1e (
            'fillable' => Array &577 (
                0 => 'title'
                1 => 'body'
                2 => 'user_id'
            )
            'connection' => 'pgsql'
            'table' => 'comments'
            'primaryKey' => 'id'
            'keyType' => 'int'
            'incrementing' => true
            'with' => Array &578 ()
            'withCount' => Array &579 ()
            'preventsLazyLoading' => false
            'perPage' => 15
            'exists' => true
            'wasRecentlyCreated' => false
            'escapeWhenCastingToString' => false
            'attributes' => Array &580 (
                'id' => 38
                'created_at' => '2022-03-03 20:14:05'
                'updated_at' => '2022-03-03 20:14:05'
                'user_id' => 481
                'title' => 'Aut expedita delectus quas iusto error. Reiciendis sint dolore sequi adipisci pariatur et consequuntur aperiam.'
                'body' => 'Voluptatem cupiditate dolorum voluptatem ab non est. Ea qui et tenetur ut voluptatem esse quis est. Dolor natus aut cum voluptas tenetur. Et sunt itaque aperiam eius accusamus.'
            )
            'original' => Array &581 (
                'id' => 38
                'created_at' => '2022-03-03 20:14:05'
                'updated_at' => '2022-03-03 20:14:05'
                'user_id' => 481
                'title' => 'Aut expedita delectus quas iusto error. Reiciendis sint dolore sequi adipisci pariatur et consequuntur aperiam.'
                'body' => 'Voluptatem cupiditate dolorum voluptatem ab non est. Ea qui et tenetur ut voluptatem esse quis est. Dolor natus aut cum voluptas tenetur. Et sunt itaque aperiam eius accusamus.'
            )
            'changes' => Array &582 ()
            'casts' => Array &583 ()
            'classCastCache' => Array &584 ()
            'attributeCastCache' => Array &585 ()
            'dates' => Array &586 ()
            'dateFormat' => null
            'appends' => Array &587 ()
            'dispatchesEvents' => Array &588 ()
            'observables' => Array &589 ()
            'relations' => Array &590 ()
            'touches' => Array &591 ()
            'timestamps' => true
            'hidden' => Array &592 ()
            'visible' => Array &593 ()
            'guarded' => Array &594 (
                0 => '*'
            )
        )
        33 => App\Models\Comment Object &000000002d3d10f00000000047065e1e (
            'fillable' => Array &595 (
                0 => 'title'
                1 => 'body'
                2 => 'user_id'
            )
            'connection' => 'pgsql'
            'table' => 'comments'
            'primaryKey' => 'id'
            'keyType' => 'int'
            'incrementing' => true
            'with' => Array &596 ()
            'withCount' => Array &597 ()
            'preventsLazyLoading' => false
            'perPage' => 15
            'exists' => true
            'wasRecentlyCreated' => false
            'escapeWhenCastingToString' => false
            'attributes' => Array &598 (
                'id' => 39
                'created_at' => '2022-03-03 20:14:05'
                'updated_at' => '2022-03-03 20:14:05'
                'user_id' => 107
                'title' => 'Blanditiis corrupti impedit voluptatem consequuntur sit. Pariatur nostrum aliquam quia id nihil et qui. Neque asperiores et impedit voluptatem quis id quis facilis.'
                'body' => 'Quia alias similique odio doloremque non. Qui delectus molestiae quasi doloribus. Cupiditate porro ut consequatur sed consequatur non sapiente.'
            )
            'original' => Array &599 (
                'id' => 39
                'created_at' => '2022-03-03 20:14:05'
                'updated_at' => '2022-03-03 20:14:05'
                'user_id' => 107
                'title' => 'Blanditiis corrupti impedit voluptatem consequuntur sit. Pariatur nostrum aliquam quia id nihil et qui. Neque asperiores et impedit voluptatem quis id quis facilis.'
                'body' => 'Quia alias similique odio doloremque non. Qui delectus molestiae quasi doloribus. Cupiditate porro ut consequatur sed consequatur non sapiente.'
            )
            'changes' => Array &600 ()
            'casts' => Array &601 ()
            'classCastCache' => Array &602 ()
            'attributeCastCache' => Array &603 ()
            'dates' => Array &604 ()
            'dateFormat' => null
            'appends' => Array &605 ()
            'dispatchesEvents' => Array &606 ()
            'observables' => Array &607 ()
            'relations' => Array &608 ()
            'touches' => Array &609 ()
            'timestamps' => true
            'hidden' => Array &610 ()
            'visible' => Array &611 ()
            'guarded' => Array &612 (
                0 => '*'
            )
        )
        34 => App\Models\Comment Object &000000002d3d13000000000047065e1e (
            'fillable' => Array &613 (
                0 => 'title'
                1 => 'body'
                2 => 'user_id'
            )
            'connection' => 'pgsql'
            'table' => 'comments'
            'primaryKey' => 'id'
            'keyType' => 'int'
            'incrementing' => true
            'with' => Array &614 ()
            'withCount' => Array &615 ()
            'preventsLazyLoading' => false
            'perPage' => 15
            'exists' => true
            'wasRecentlyCreated' => false
            'escapeWhenCastingToString' => false
            'attributes' => Array &616 (
                'id' => 40
                'created_at' => '2022-03-03 20:14:05'
                'updated_at' => '2022-03-03 20:14:05'
                'user_id' => 595
                'title' => 'Aliquam laudantium numquam eligendi aut possimus sapiente mollitia. At ipsum accusamus et qui maxime rem. Est quod commodi quia mollitia. Earum modi et voluptatem a ut quod voluptatem.'
                'body' => 'Minima laborum officia optio. Distinctio quo ex nisi non. Aut temporibus atque quam. Temporibus distinctio veniam neque eius consequatur cum repellat.'
            )
            'original' => Array &617 (
                'id' => 40
                'created_at' => '2022-03-03 20:14:05'
                'updated_at' => '2022-03-03 20:14:05'
                'user_id' => 595
                'title' => 'Aliquam laudantium numquam eligendi aut possimus sapiente mollitia. At ipsum accusamus et qui maxime rem. Est quod commodi quia mollitia. Earum modi et voluptatem a ut quod voluptatem.'
                'body' => 'Minima laborum officia optio. Distinctio quo ex nisi non. Aut temporibus atque quam. Temporibus distinctio veniam neque eius consequatur cum repellat.'
            )
            'changes' => Array &618 ()
            'casts' => Array &619 ()
            'classCastCache' => Array &620 ()
            'attributeCastCache' => Array &621 ()
            'dates' => Array &622 ()
            'dateFormat' => null
            'appends' => Array &623 ()
            'dispatchesEvents' => Array &624 ()
            'observables' => Array &625 ()
            'relations' => Array &626 ()
            'touches' => Array &627 ()
            'timestamps' => true
            'hidden' => Array &628 ()
            'visible' => Array &629 ()
            'guarded' => Array &630 (
                0 => '*'
            )
        )
        35 => App\Models\Comment Object &000000002d3d10660000000047065e1e (
            'fillable' => Array &631 (
                0 => 'title'
                1 => 'body'
                2 => 'user_id'
            )
            'connection' => 'pgsql'
            'table' => 'comments'
            'primaryKey' => 'id'
            'keyType' => 'int'
            'incrementing' => true
            'with' => Array &632 ()
            'withCount' => Array &633 ()
            'preventsLazyLoading' => false
            'perPage' => 15
            'exists' => true
            'wasRecentlyCreated' => false
            'escapeWhenCastingToString' => false
            'attributes' => Array &634 (
                'id' => 41
                'created_at' => '2022-03-03 20:14:05'
                'updated_at' => '2022-03-03 20:14:05'
                'user_id' => 115
                'title' => 'Repellendus natus eos repellat libero sed. Praesentium sequi est quasi. Quia laborum qui possimus qui ab illo iusto.'
                'body' => 'Eius sint non temporibus in provident. Maiores voluptatem molestiae qui aspernatur illo sit nobis. Dolore totam non aut nisi. Blanditiis voluptas harum quidem corporis.'
            )
            'original' => Array &635 (
                'id' => 41
                'created_at' => '2022-03-03 20:14:05'
                'updated_at' => '2022-03-03 20:14:05'
                'user_id' => 115
                'title' => 'Repellendus natus eos repellat libero sed. Praesentium sequi est quasi. Quia laborum qui possimus qui ab illo iusto.'
                'body' => 'Eius sint non temporibus in provident. Maiores voluptatem molestiae qui aspernatur illo sit nobis. Dolore totam non aut nisi. Blanditiis voluptas harum quidem corporis.'
            )
            'changes' => Array &636 ()
            'casts' => Array &637 ()
            'classCastCache' => Array &638 ()
            'attributeCastCache' => Array &639 ()
            'dates' => Array &640 ()
            'dateFormat' => null
            'appends' => Array &641 ()
            'dispatchesEvents' => Array &642 ()
            'observables' => Array &643 ()
            'relations' => Array &644 ()
            'touches' => Array &645 ()
            'timestamps' => true
            'hidden' => Array &646 ()
            'visible' => Array &647 ()
            'guarded' => Array &648 (
                0 => '*'
            )
        )
        36 => App\Models\Comment Object &000000002d3d10af0000000047065e1e (
            'fillable' => Array &649 (
                0 => 'title'
                1 => 'body'
                2 => 'user_id'
            )
            'connection' => 'pgsql'
            'table' => 'comments'
            'primaryKey' => 'id'
            'keyType' => 'int'
            'incrementing' => true
            'with' => Array &650 ()
            'withCount' => Array &651 ()
            'preventsLazyLoading' => false
            'perPage' => 15
            'exists' => true
            'wasRecentlyCreated' => false
            'escapeWhenCastingToString' => false
            'attributes' => Array &652 (
                'id' => 42
                'created_at' => '2022-03-03 20:14:05'
                'updated_at' => '2022-03-03 20:14:05'
                'user_id' => 476
                'title' => 'Et incidunt sunt est. Eligendi inventore quisquam illum sed et. Autem magni incidunt error provident mollitia. Quod eaque maxime rerum explicabo.'
                'body' => 'Et voluptas ipsa pariatur ut. Autem voluptatem et molestiae sit non ut velit est.'
            )
            'original' => Array &653 (
                'id' => 42
                'created_at' => '2022-03-03 20:14:05'
                'updated_at' => '2022-03-03 20:14:05'
                'user_id' => 476
                'title' => 'Et incidunt sunt est. Eligendi inventore quisquam illum sed et. Autem magni incidunt error provident mollitia. Quod eaque maxime rerum explicabo.'
                'body' => 'Et voluptas ipsa pariatur ut. Autem voluptatem et molestiae sit non ut velit est.'
            )
            'changes' => Array &654 ()
            'casts' => Array &655 ()
            'classCastCache' => Array &656 ()
            'attributeCastCache' => Array &657 ()
            'dates' => Array &658 ()
            'dateFormat' => null
            'appends' => Array &659 ()
            'dispatchesEvents' => Array &660 ()
            'observables' => Array &661 ()
            'relations' => Array &662 ()
            'touches' => Array &663 ()
            'timestamps' => true
            'hidden' => Array &664 ()
            'visible' => Array &665 ()
            'guarded' => Array &666 (
                0 => '*'
            )
        )
        37 => App\Models\Comment Object &000000002d3d17940000000047065e1e (
            'fillable' => Array &667 (
                0 => 'title'
                1 => 'body'
                2 => 'user_id'
            )
            'connection' => 'pgsql'
            'table' => 'comments'
            'primaryKey' => 'id'
            'keyType' => 'int'
            'incrementing' => true
            'with' => Array &668 ()
            'withCount' => Array &669 ()
            'preventsLazyLoading' => false
            'perPage' => 15
            'exists' => true
            'wasRecentlyCreated' => false
            'escapeWhenCastingToString' => false
            'attributes' => Array &670 (
                'id' => 43
                'created_at' => '2022-03-03 20:14:05'
                'updated_at' => '2022-03-03 20:14:05'
                'user_id' => 502
                'title' => 'Sed dolorem at est excepturi atque minima. Rerum rerum veniam dolor corporis quis et. Accusamus labore beatae aperiam dolorum officiis. Mollitia repellat suscipit ut distinctio fugiat temporibus.'
                'body' => 'Omnis ut porro suscipit nesciunt eligendi. Qui amet tenetur et alias corrupti voluptatem voluptatem. Nihil officiis cum ad molestiae soluta.'
            )
            'original' => Array &671 (
                'id' => 43
                'created_at' => '2022-03-03 20:14:05'
                'updated_at' => '2022-03-03 20:14:05'
                'user_id' => 502
                'title' => 'Sed dolorem at est excepturi atque minima. Rerum rerum veniam dolor corporis quis et. Accusamus labore beatae aperiam dolorum officiis. Mollitia repellat suscipit ut distinctio fugiat temporibus.'
                'body' => 'Omnis ut porro suscipit nesciunt eligendi. Qui amet tenetur et alias corrupti voluptatem voluptatem. Nihil officiis cum ad molestiae soluta.'
            )
            'changes' => Array &672 ()
            'casts' => Array &673 ()
            'classCastCache' => Array &674 ()
            'attributeCastCache' => Array &675 ()
            'dates' => Array &676 ()
            'dateFormat' => null
            'appends' => Array &677 ()
            'dispatchesEvents' => Array &678 ()
            'observables' => Array &679 ()
            'relations' => Array &680 ()
            'touches' => Array &681 ()
            'timestamps' => true
            'hidden' => Array &682 ()
            'visible' => Array &683 ()
            'guarded' => Array &684 (
                0 => '*'
            )
        )
        38 => App\Models\Comment Object &000000002d3d10c20000000047065e1e (
            'fillable' => Array &685 (
                0 => 'title'
                1 => 'body'
                2 => 'user_id'
            )
            'connection' => 'pgsql'
            'table' => 'comments'
            'primaryKey' => 'id'
            'keyType' => 'int'
            'incrementing' => true
            'with' => Array &686 ()
            'withCount' => Array &687 ()
            'preventsLazyLoading' => false
            'perPage' => 15
            'exists' => true
            'wasRecentlyCreated' => false
            'escapeWhenCastingToString' => false
            'attributes' => Array &688 (
                'id' => 44
                'created_at' => '2022-03-03 20:14:05'
                'updated_at' => '2022-03-03 20:14:05'
                'user_id' => 552
                'title' => 'Quibusdam rem qui dolorem dicta. Iure neque facere veritatis voluptas quae nam quod esse. Cupiditate voluptas ratione facere nihil est.'
                'body' => 'Reiciendis in alias illo consequuntur. Modi exercitationem ipsam magnam et inventore mollitia odio libero. Est distinctio quaerat distinctio velit provident at. Voluptatum suscipit et ex et.'
            )
            'original' => Array &689 (
                'id' => 44
                'created_at' => '2022-03-03 20:14:05'
                'updated_at' => '2022-03-03 20:14:05'
                'user_id' => 552
                'title' => 'Quibusdam rem qui dolorem dicta. Iure neque facere veritatis voluptas quae nam quod esse. Cupiditate voluptas ratione facere nihil est.'
                'body' => 'Reiciendis in alias illo consequuntur. Modi exercitationem ipsam magnam et inventore mollitia odio libero. Est distinctio quaerat distinctio velit provident at. Voluptatum suscipit et ex et.'
            )
            'changes' => Array &690 ()
            'casts' => Array &691 ()
            'classCastCache' => Array &692 ()
            'attributeCastCache' => Array &693 ()
            'dates' => Array &694 ()
            'dateFormat' => null
            'appends' => Array &695 ()
            'dispatchesEvents' => Array &696 ()
            'observables' => Array &697 ()
            'relations' => Array &698 ()
            'touches' => Array &699 ()
            'timestamps' => true
            'hidden' => Array &700 ()
            'visible' => Array &701 ()
            'guarded' => Array &702 (
                0 => '*'
            )
        )
        39 => App\Models\Comment Object &000000002d3d10e20000000047065e1e (
            'fillable' => Array &703 (
                0 => 'title'
                1 => 'body'
                2 => 'user_id'
            )
            'connection' => 'pgsql'
            'table' => 'comments'
            'primaryKey' => 'id'
            'keyType' => 'int'
            'incrementing' => true
            'with' => Array &704 ()
            'withCount' => Array &705 ()
            'preventsLazyLoading' => false
            'perPage' => 15
            'exists' => true
            'wasRecentlyCreated' => false
            'escapeWhenCastingToString' => false
            'attributes' => Array &706 (
                'id' => 45
                'created_at' => '2022-03-03 20:14:05'
                'updated_at' => '2022-03-03 20:14:05'
                'user_id' => 490
                'title' => 'Molestiae fugit voluptate aut nihil esse et enim. Adipisci voluptatum enim quam aut. Ab in quam minima officia velit vel id. Eos non omnis blanditiis voluptatem.'
                'body' => 'Dolores voluptatem ad provident quo magni eius facere dicta. Dicta ut magni nemo totam veritatis dignissimos. Porro qui fugiat nemo aut voluptas delectus.'
            )
            'original' => Array &707 (
                'id' => 45
                'created_at' => '2022-03-03 20:14:05'
                'updated_at' => '2022-03-03 20:14:05'
                'user_id' => 490
                'title' => 'Molestiae fugit voluptate aut nihil esse et enim. Adipisci voluptatum enim quam aut. Ab in quam minima officia velit vel id. Eos non omnis blanditiis voluptatem.'
                'body' => 'Dolores voluptatem ad provident quo magni eius facere dicta. Dicta ut magni nemo totam veritatis dignissimos. Porro qui fugiat nemo aut voluptas delectus.'
            )
            'changes' => Array &708 ()
            'casts' => Array &709 ()
            'classCastCache' => Array &710 ()
            'attributeCastCache' => Array &711 ()
            'dates' => Array &712 ()
            'dateFormat' => null
            'appends' => Array &713 ()
            'dispatchesEvents' => Array &714 ()
            'observables' => Array &715 ()
            'relations' => Array &716 ()
            'touches' => Array &717 ()
            'timestamps' => true
            'hidden' => Array &718 ()
            'visible' => Array &719 ()
            'guarded' => Array &720 (
                0 => '*'
            )
        )
        40 => App\Models\Comment Object &000000002d3d178e0000000047065e1e (
            'fillable' => Array &721 (
                0 => 'title'
                1 => 'body'
                2 => 'user_id'
            )
            'connection' => 'pgsql'
            'table' => 'comments'
            'primaryKey' => 'id'
            'keyType' => 'int'
            'incrementing' => true
            'with' => Array &722 ()
            'withCount' => Array &723 ()
            'preventsLazyLoading' => false
            'perPage' => 15
            'exists' => true
            'wasRecentlyCreated' => false
            'escapeWhenCastingToString' => false
            'attributes' => Array &724 (
                'id' => 46
                'created_at' => '2022-03-03 20:14:05'
                'updated_at' => '2022-03-03 20:14:05'
                'user_id' => 477
                'title' => 'Accusantium facere et nisi deserunt rerum et. Ullam debitis ullam eligendi cum dolorem. Molestiae totam repudiandae deleniti reiciendis omnis vel.'
                'body' => 'Qui tenetur odit vel similique ab animi blanditiis. Quaerat dolores eaque sunt animi et. Quia corrupti hic odit ut. Adipisci dicta dolorem alias odit sit sit.'
            )
            'original' => Array &725 (
                'id' => 46
                'created_at' => '2022-03-03 20:14:05'
                'updated_at' => '2022-03-03 20:14:05'
                'user_id' => 477
                'title' => 'Accusantium facere et nisi deserunt rerum et. Ullam debitis ullam eligendi cum dolorem. Molestiae totam repudiandae deleniti reiciendis omnis vel.'
                'body' => 'Qui tenetur odit vel similique ab animi blanditiis. Quaerat dolores eaque sunt animi et. Quia corrupti hic odit ut. Adipisci dicta dolorem alias odit sit sit.'
            )
            'changes' => Array &726 ()
            'casts' => Array &727 ()
            'classCastCache' => Array &728 ()
            'attributeCastCache' => Array &729 ()
            'dates' => Array &730 ()
            'dateFormat' => null
            'appends' => Array &731 ()
            'dispatchesEvents' => Array &732 ()
            'observables' => Array &733 ()
            'relations' => Array &734 ()
            'touches' => Array &735 ()
            'timestamps' => true
            'hidden' => Array &736 ()
            'visible' => Array &737 ()
            'guarded' => Array &738 (
                0 => '*'
            )
        )
        41 => App\Models\Comment Object &000000002d3d13140000000047065e1e (
            'fillable' => Array &739 (
                0 => 'title'
                1 => 'body'
                2 => 'user_id'
            )
            'connection' => 'pgsql'
            'table' => 'comments'
            'primaryKey' => 'id'
            'keyType' => 'int'
            'incrementing' => true
            'with' => Array &740 ()
            'withCount' => Array &741 ()
            'preventsLazyLoading' => false
            'perPage' => 15
            'exists' => true
            'wasRecentlyCreated' => false
            'escapeWhenCastingToString' => false
            'attributes' => Array &742 (
                'id' => 47
                'created_at' => '2022-03-03 20:14:05'
                'updated_at' => '2022-03-03 20:14:05'
                'user_id' => 505
                'title' => 'Quod vel cupiditate soluta unde nihil. Dolorem quia omnis est quod ipsam qui est. Mollitia pariatur eveniet expedita incidunt.'
                'body' => 'Maxime voluptate enim aut dolorum dolores. Explicabo vel nemo fuga ut voluptas qui quod. Explicabo voluptatum facilis voluptatem id quasi voluptas.'
            )
            'original' => Array &743 (
                'id' => 47
                'created_at' => '2022-03-03 20:14:05'
                'updated_at' => '2022-03-03 20:14:05'
                'user_id' => 505
                'title' => 'Quod vel cupiditate soluta unde nihil. Dolorem quia omnis est quod ipsam qui est. Mollitia pariatur eveniet expedita incidunt.'
                'body' => 'Maxime voluptate enim aut dolorum dolores. Explicabo vel nemo fuga ut voluptas qui quod. Explicabo voluptatum facilis voluptatem id quasi voluptas.'
            )
            'changes' => Array &744 ()
            'casts' => Array &745 ()
            'classCastCache' => Array &746 ()
            'attributeCastCache' => Array &747 ()
            'dates' => Array &748 ()
            'dateFormat' => null
            'appends' => Array &749 ()
            'dispatchesEvents' => Array &750 ()
            'observables' => Array &751 ()
            'relations' => Array &752 ()
            'touches' => Array &753 ()
            'timestamps' => true
            'hidden' => Array &754 ()
            'visible' => Array &755 ()
            'guarded' => Array &756 (
                0 => '*'
            )
        )
        42 => App\Models\Comment Object &000000002d3d10e90000000047065e1e (
            'fillable' => Array &757 (
                0 => 'title'
                1 => 'body'
                2 => 'user_id'
            )
            'connection' => 'pgsql'
            'table' => 'comments'
            'primaryKey' => 'id'
            'keyType' => 'int'
            'incrementing' => true
            'with' => Array &758 ()
            'withCount' => Array &759 ()
            'preventsLazyLoading' => false
            'perPage' => 15
            'exists' => true
            'wasRecentlyCreated' => false
            'escapeWhenCastingToString' => false
            'attributes' => Array &760 (
                'id' => 49
                'created_at' => '2022-03-03 20:14:28'
                'updated_at' => '2022-03-03 20:14:28'
                'user_id' => 597
                'title' => 'Quasi laudantium aut voluptatem autem sint distinctio recusandae. Laboriosam odio velit numquam eos perferendis possimus et. Sint adipisci ab rerum harum non iure enim doloremque.'
                'body' => 'Quia dolorem rerum deserunt soluta aut ut. Debitis voluptatem voluptatum impedit nulla magni. Qui tempore quis rem dolore qui molestias.'
            )
            'original' => Array &761 (
                'id' => 49
                'created_at' => '2022-03-03 20:14:28'
                'updated_at' => '2022-03-03 20:14:28'
                'user_id' => 597
                'title' => 'Quasi laudantium aut voluptatem autem sint distinctio recusandae. Laboriosam odio velit numquam eos perferendis possimus et. Sint adipisci ab rerum harum non iure enim doloremque.'
                'body' => 'Quia dolorem rerum deserunt soluta aut ut. Debitis voluptatem voluptatum impedit nulla magni. Qui tempore quis rem dolore qui molestias.'
            )
            'changes' => Array &762 ()
            'casts' => Array &763 ()
            'classCastCache' => Array &764 ()
            'attributeCastCache' => Array &765 ()
            'dates' => Array &766 ()
            'dateFormat' => null
            'appends' => Array &767 ()
            'dispatchesEvents' => Array &768 ()
            'observables' => Array &769 ()
            'relations' => Array &770 ()
            'touches' => Array &771 ()
            'timestamps' => true
            'hidden' => Array &772 ()
            'visible' => Array &773 ()
            'guarded' => Array &774 (
                0 => '*'
            )
        )
        43 => App\Models\Comment Object &000000002d3d10a50000000047065e1e (
            'fillable' => Array &775 (
                0 => 'title'
                1 => 'body'
                2 => 'user_id'
            )
            'connection' => 'pgsql'
            'table' => 'comments'
            'primaryKey' => 'id'
            'keyType' => 'int'
            'incrementing' => true
            'with' => Array &776 ()
            'withCount' => Array &777 ()
            'preventsLazyLoading' => false
            'perPage' => 15
            'exists' => true
            'wasRecentlyCreated' => false
            'escapeWhenCastingToString' => false
            'attributes' => Array &778 (
                'id' => 50
                'created_at' => '2022-03-03 20:14:28'
                'updated_at' => '2022-03-03 20:14:28'
                'user_id' => 491
                'title' => 'Ut in dicta praesentium. Suscipit cum deleniti saepe aut vitae. Sit voluptate et hic nostrum suscipit ut adipisci. Natus eius deserunt dolores dignissimos nihil porro ullam.'
                'body' => 'Veritatis odio dolorem vel ut doloribus qui eum ut. Consequuntur nisi in autem sequi fugiat voluptas. Qui omnis voluptas quo ut.'
            )
            'original' => Array &779 (
                'id' => 50
                'created_at' => '2022-03-03 20:14:28'
                'updated_at' => '2022-03-03 20:14:28'
                'user_id' => 491
                'title' => 'Ut in dicta praesentium. Suscipit cum deleniti saepe aut vitae. Sit voluptate et hic nostrum suscipit ut adipisci. Natus eius deserunt dolores dignissimos nihil porro ullam.'
                'body' => 'Veritatis odio dolorem vel ut doloribus qui eum ut. Consequuntur nisi in autem sequi fugiat voluptas. Qui omnis voluptas quo ut.'
            )
            'changes' => Array &780 ()
            'casts' => Array &781 ()
            'classCastCache' => Array &782 ()
            'attributeCastCache' => Array &783 ()
            'dates' => Array &784 ()
            'dateFormat' => null
            'appends' => Array &785 ()
            'dispatchesEvents' => Array &786 ()
            'observables' => Array &787 ()
            'relations' => Array &788 ()
            'touches' => Array &789 ()
            'timestamps' => true
            'hidden' => Array &790 ()
            'visible' => Array &791 ()
            'guarded' => Array &792 (
                0 => '*'
            )
        )
        44 => App\Models\Comment Object &000000002d3d10840000000047065e1e (
            'fillable' => Array &793 (
                0 => 'title'
                1 => 'body'
                2 => 'user_id'
            )
            'connection' => 'pgsql'
            'table' => 'comments'
            'primaryKey' => 'id'
            'keyType' => 'int'
            'incrementing' => true
            'with' => Array &794 ()
            'withCount' => Array &795 ()
            'preventsLazyLoading' => false
            'perPage' => 15
            'exists' => true
            'wasRecentlyCreated' => false
            'escapeWhenCastingToString' => false
            'attributes' => Array &796 (
                'id' => 51
                'created_at' => '2022-03-03 20:14:28'
                'updated_at' => '2022-03-03 20:14:28'
                'user_id' => 481
                'title' => 'Officiis officia aperiam sint sit voluptatem officia. Quibusdam praesentium qui nemo atque eos. Provident non voluptates blanditiis ipsa dolor corrupti sequi.'
                'body' => 'Labore adipisci aut vel deleniti a molestiae cumque. Et tempore quas laudantium et hic similique quam.'
            )
            'original' => Array &797 (
                'id' => 51
                'created_at' => '2022-03-03 20:14:28'
                'updated_at' => '2022-03-03 20:14:28'
                'user_id' => 481
                'title' => 'Officiis officia aperiam sint sit voluptatem officia. Quibusdam praesentium qui nemo atque eos. Provident non voluptates blanditiis ipsa dolor corrupti sequi.'
                'body' => 'Labore adipisci aut vel deleniti a molestiae cumque. Et tempore quas laudantium et hic similique quam.'
            )
            'changes' => Array &798 ()
            'casts' => Array &799 ()
            'classCastCache' => Array &800 ()
            'attributeCastCache' => Array &801 ()
            'dates' => Array &802 ()
            'dateFormat' => null
            'appends' => Array &803 ()
            'dispatchesEvents' => Array &804 ()
            'observables' => Array &805 ()
            'relations' => Array &806 ()
            'touches' => Array &807 ()
            'timestamps' => true
            'hidden' => Array &808 ()
            'visible' => Array &809 ()
            'guarded' => Array &810 (
                0 => '*'
            )
        )
        45 => App\Models\Comment Object &000000002d3d10340000000047065e1e (
            'fillable' => Array &811 (
                0 => 'title'
                1 => 'body'
                2 => 'user_id'
            )
            'connection' => 'pgsql'
            'table' => 'comments'
            'primaryKey' => 'id'
            'keyType' => 'int'
            'incrementing' => true
            'with' => Array &812 ()
            'withCount' => Array &813 ()
            'preventsLazyLoading' => false
            'perPage' => 15
            'exists' => true
            'wasRecentlyCreated' => false
            'escapeWhenCastingToString' => false
            'attributes' => Array &814 (
                'id' => 52
                'created_at' => '2022-03-03 20:14:28'
                'updated_at' => '2022-03-03 20:14:28'
                'user_id' => 552
                'title' => 'At porro fugiat et. Rem necessitatibus rerum doloribus aut repellendus cupiditate. Ipsa omnis quia voluptatem velit adipisci consectetur.'
                'body' => 'Nihil et eum ullam. Quia in voluptas vero voluptas ducimus esse illo. Amet quos voluptatum minima excepturi consequatur officia ducimus esse. In in non pariatur nostrum.'
            )
            'original' => Array &815 (
                'id' => 52
                'created_at' => '2022-03-03 20:14:28'
                'updated_at' => '2022-03-03 20:14:28'
                'user_id' => 552
                'title' => 'At porro fugiat et. Rem necessitatibus rerum doloribus aut repellendus cupiditate. Ipsa omnis quia voluptatem velit adipisci consectetur.'
                'body' => 'Nihil et eum ullam. Quia in voluptas vero voluptas ducimus esse illo. Amet quos voluptatum minima excepturi consequatur officia ducimus esse. In in non pariatur nostrum.'
            )
            'changes' => Array &816 ()
            'casts' => Array &817 ()
            'classCastCache' => Array &818 ()
            'attributeCastCache' => Array &819 ()
            'dates' => Array &820 ()
            'dateFormat' => null
            'appends' => Array &821 ()
            'dispatchesEvents' => Array &822 ()
            'observables' => Array &823 ()
            'relations' => Array &824 ()
            'touches' => Array &825 ()
            'timestamps' => true
            'hidden' => Array &826 ()
            'visible' => Array &827 ()
            'guarded' => Array &828 (
                0 => '*'
            )
        )
        46 => App\Models\Comment Object &000000002d3d10c70000000047065e1e (
            'fillable' => Array &829 (
                0 => 'title'
                1 => 'body'
                2 => 'user_id'
            )
            'connection' => 'pgsql'
            'table' => 'comments'
            'primaryKey' => 'id'
            'keyType' => 'int'
            'incrementing' => true
            'with' => Array &830 ()
            'withCount' => Array &831 ()
            'preventsLazyLoading' => false
            'perPage' => 15
            'exists' => true
            'wasRecentlyCreated' => false
            'escapeWhenCastingToString' => false
            'attributes' => Array &832 (
                'id' => 53
                'created_at' => '2022-03-03 20:14:28'
                'updated_at' => '2022-03-03 20:14:28'
                'user_id' => 553
                'title' => 'Cumque laboriosam ea iusto minus est ipsa. Facere quia ullam quis incidunt rerum ut. Beatae velit deserunt labore odit labore praesentium architecto.'
                'body' => 'Occaecati omnis unde expedita voluptatem alias. Quasi eaque consequatur esse libero labore ut et. Molestiae est qui porro fugit aut.'
            )
            'original' => Array &833 (
                'id' => 53
                'created_at' => '2022-03-03 20:14:28'
                'updated_at' => '2022-03-03 20:14:28'
                'user_id' => 553
                'title' => 'Cumque laboriosam ea iusto minus est ipsa. Facere quia ullam quis incidunt rerum ut. Beatae velit deserunt labore odit labore praesentium architecto.'
                'body' => 'Occaecati omnis unde expedita voluptatem alias. Quasi eaque consequatur esse libero labore ut et. Molestiae est qui porro fugit aut.'
            )
            'changes' => Array &834 ()
            'casts' => Array &835 ()
            'classCastCache' => Array &836 ()
            'attributeCastCache' => Array &837 ()
            'dates' => Array &838 ()
            'dateFormat' => null
            'appends' => Array &839 ()
            'dispatchesEvents' => Array &840 ()
            'observables' => Array &841 ()
            'relations' => Array &842 ()
            'touches' => Array &843 ()
            'timestamps' => true
            'hidden' => Array &844 ()
            'visible' => Array &845 ()
            'guarded' => Array &846 (
                0 => '*'
            )
        )
        47 => App\Models\Comment Object &000000002d3d13030000000047065e1e (
            'fillable' => Array &847 (
                0 => 'title'
                1 => 'body'
                2 => 'user_id'
            )
            'connection' => 'pgsql'
            'table' => 'comments'
            'primaryKey' => 'id'
            'keyType' => 'int'
            'incrementing' => true
            'with' => Array &848 ()
            'withCount' => Array &849 ()
            'preventsLazyLoading' => false
            'perPage' => 15
            'exists' => true
            'wasRecentlyCreated' => false
            'escapeWhenCastingToString' => false
            'attributes' => Array &850 (
                'id' => 54
                'created_at' => '2022-03-03 20:14:28'
                'updated_at' => '2022-03-03 20:14:28'
                'user_id' => 112
                'title' => 'Sint officiis sint adipisci exercitationem. Doloremque rem corporis aliquid. Ipsa saepe repellat sed et expedita.'
                'body' => 'Harum vitae et reprehenderit ut eligendi. Eius voluptatem quia necessitatibus velit velit. Temporibus dolores ea non quia.'
            )
            'original' => Array &851 (
                'id' => 54
                'created_at' => '2022-03-03 20:14:28'
                'updated_at' => '2022-03-03 20:14:28'
                'user_id' => 112
                'title' => 'Sint officiis sint adipisci exercitationem. Doloremque rem corporis aliquid. Ipsa saepe repellat sed et expedita.'
                'body' => 'Harum vitae et reprehenderit ut eligendi. Eius voluptatem quia necessitatibus velit velit. Temporibus dolores ea non quia.'
            )
            'changes' => Array &852 ()
            'casts' => Array &853 ()
            'classCastCache' => Array &854 ()
            'attributeCastCache' => Array &855 ()
            'dates' => Array &856 ()
            'dateFormat' => null
            'appends' => Array &857 ()
            'dispatchesEvents' => Array &858 ()
            'observables' => Array &859 ()
            'relations' => Array &860 ()
            'touches' => Array &861 ()
            'timestamps' => true
            'hidden' => Array &862 ()
            'visible' => Array &863 ()
            'guarded' => Array &864 (
                0 => '*'
            )
        )
        48 => App\Models\Comment Object &000000002d3d10a80000000047065e1e (
            'fillable' => Array &865 (
                0 => 'title'
                1 => 'body'
                2 => 'user_id'
            )
            'connection' => 'pgsql'
            'table' => 'comments'
            'primaryKey' => 'id'
            'keyType' => 'int'
            'incrementing' => true
            'with' => Array &866 ()
            'withCount' => Array &867 ()
            'preventsLazyLoading' => false
            'perPage' => 15
            'exists' => true
            'wasRecentlyCreated' => false
            'escapeWhenCastingToString' => false
            'attributes' => Array &868 (
                'id' => 55
                'created_at' => '2022-03-03 20:14:28'
                'updated_at' => '2022-03-03 20:14:28'
                'user_id' => 590
                'title' => 'Quis quia voluptatibus corporis quos aperiam excepturi. Tempora perferendis quia ut et doloribus molestiae.'
                'body' => 'Voluptatum sunt soluta aut ab. Ullam aut repudiandae vitae sit autem quae. Ipsa quia sed laborum dolorem quia eius. Aperiam nobis velit vero et rem.'
            )
            'original' => Array &869 (
                'id' => 55
                'created_at' => '2022-03-03 20:14:28'
                'updated_at' => '2022-03-03 20:14:28'
                'user_id' => 590
                'title' => 'Quis quia voluptatibus corporis quos aperiam excepturi. Tempora perferendis quia ut et doloribus molestiae.'
                'body' => 'Voluptatum sunt soluta aut ab. Ullam aut repudiandae vitae sit autem quae. Ipsa quia sed laborum dolorem quia eius. Aperiam nobis velit vero et rem.'
            )
            'changes' => Array &870 ()
            'casts' => Array &871 ()
            'classCastCache' => Array &872 ()
            'attributeCastCache' => Array &873 ()
            'dates' => Array &874 ()
            'dateFormat' => null
            'appends' => Array &875 ()
            'dispatchesEvents' => Array &876 ()
            'observables' => Array &877 ()
            'relations' => Array &878 ()
            'touches' => Array &879 ()
            'timestamps' => true
            'hidden' => Array &880 ()
            'visible' => Array &881 ()
            'guarded' => Array &882 (
                0 => '*'
            )
        )
        49 => App\Models\Comment Object &000000002d3d136b0000000047065e1e (
            'fillable' => Array &883 (
                0 => 'title'
                1 => 'body'
                2 => 'user_id'
            )
            'connection' => 'pgsql'
            'table' => 'comments'
            'primaryKey' => 'id'
            'keyType' => 'int'
            'incrementing' => true
            'with' => Array &884 ()
            'withCount' => Array &885 ()
            'preventsLazyLoading' => false
            'perPage' => 15
            'exists' => true
            'wasRecentlyCreated' => false
            'escapeWhenCastingToString' => false
            'attributes' => Array &886 (
                'id' => 56
                'created_at' => '2022-03-03 20:14:28'
                'updated_at' => '2022-03-03 20:14:28'
                'user_id' => 485
                'title' => 'Rem blanditiis laborum blanditiis incidunt. Libero fugiat quae dolorum quibusdam error non laudantium et. Quidem aut dolor delectus quam perferendis. Tempora ut ut ea quis assumenda pariatur.'
                'body' => 'Blanditiis est similique tempore rerum inventore. Facere qui tenetur dolores officia rem velit. Dolorum eveniet nihil at est deleniti. Accusantium ea voluptate qui qui incidunt qui et.'
            )
            'original' => Array &887 (
                'id' => 56
                'created_at' => '2022-03-03 20:14:28'
                'updated_at' => '2022-03-03 20:14:28'
                'user_id' => 485
                'title' => 'Rem blanditiis laborum blanditiis incidunt. Libero fugiat quae dolorum quibusdam error non laudantium et. Quidem aut dolor delectus quam perferendis. Tempora ut ut ea quis assumenda pariatur.'
                'body' => 'Blanditiis est similique tempore rerum inventore. Facere qui tenetur dolores officia rem velit. Dolorum eveniet nihil at est deleniti. Accusantium ea voluptate qui qui incidunt qui et.'
            )
            'changes' => Array &888 ()
            'casts' => Array &889 ()
            'classCastCache' => Array &890 ()
            'attributeCastCache' => Array &891 ()
            'dates' => Array &892 ()
            'dateFormat' => null
            'appends' => Array &893 ()
            'dispatchesEvents' => Array &894 ()
            'observables' => Array &895 ()
            'relations' => Array &896 ()
            'touches' => Array &897 ()
            'timestamps' => true
            'hidden' => Array &898 ()
            'visible' => Array &899 ()
            'guarded' => Array &900 (
                0 => '*'
            )
        )
        50 => App\Models\Comment Object &000000002d3d136c0000000047065e1e (
            'fillable' => Array &901 (
                0 => 'title'
                1 => 'body'
                2 => 'user_id'
            )
            'connection' => 'pgsql'
            'table' => 'comments'
            'primaryKey' => 'id'
            'keyType' => 'int'
            'incrementing' => true
            'with' => Array &902 ()
            'withCount' => Array &903 ()
            'preventsLazyLoading' => false
            'perPage' => 15
            'exists' => true
            'wasRecentlyCreated' => false
            'escapeWhenCastingToString' => false
            'attributes' => Array &904 (
                'id' => 57
                'created_at' => '2022-03-03 20:14:28'
                'updated_at' => '2022-03-03 20:14:28'
                'user_id' => 592
                'title' => 'Ut sapiente est dolores velit recusandae eius enim. Quibusdam atque qui ad. Sed voluptate nulla et aut. Qui placeat commodi exercitationem mollitia commodi temporibus qui.'
                'body' => 'Culpa nisi numquam omnis ut ipsum ut. Enim et ipsam commodi rerum. Tempora est est deleniti. Voluptatem nihil laudantium amet laudantium. Ut nesciunt cupiditate ipsa ullam. Fuga dignissimos ullam ut.'
            )
            'original' => Array &905 (
                'id' => 57
                'created_at' => '2022-03-03 20:14:28'
                'updated_at' => '2022-03-03 20:14:28'
                'user_id' => 592
                'title' => 'Ut sapiente est dolores velit recusandae eius enim. Quibusdam atque qui ad. Sed voluptate nulla et aut. Qui placeat commodi exercitationem mollitia commodi temporibus qui.'
                'body' => 'Culpa nisi numquam omnis ut ipsum ut. Enim et ipsam commodi rerum. Tempora est est deleniti. Voluptatem nihil laudantium amet laudantium. Ut nesciunt cupiditate ipsa ullam. Fuga dignissimos ullam ut.'
            )
            'changes' => Array &906 ()
            'casts' => Array &907 ()
            'classCastCache' => Array &908 ()
            'attributeCastCache' => Array &909 ()
            'dates' => Array &910 ()
            'dateFormat' => null
            'appends' => Array &911 ()
            'dispatchesEvents' => Array &912 ()
            'observables' => Array &913 ()
            'relations' => Array &914 ()
            'touches' => Array &915 ()
            'timestamps' => true
            'hidden' => Array &916 ()
            'visible' => Array &917 ()
            'guarded' => Array &918 (
                0 => '*'
            )
        )
        51 => App\Models\Comment Object &000000002d3d136d0000000047065e1e (
            'fillable' => Array &919 (
                0 => 'title'
                1 => 'body'
                2 => 'user_id'
            )
            'connection' => 'pgsql'
            'table' => 'comments'
            'primaryKey' => 'id'
            'keyType' => 'int'
            'incrementing' => true
            'with' => Array &920 ()
            'withCount' => Array &921 ()
            'preventsLazyLoading' => false
            'perPage' => 15
            'exists' => true
            'wasRecentlyCreated' => false
            'escapeWhenCastingToString' => false
            'attributes' => Array &922 (
                'id' => 58
                'created_at' => '2022-03-03 20:14:28'
                'updated_at' => '2022-03-03 20:14:28'
                'user_id' => 598
                'title' => 'Possimus nihil consequatur adipisci. Explicabo earum iusto et aspernatur quis. Saepe blanditiis velit eius et. Sunt quaerat quos fugiat ut amet aut totam. Sed veritatis nisi eum aut esse aut vel.'
                'body' => 'A harum fugit iure voluptas. Ipsam quod est beatae minima quo. Optio aut laborum eius porro molestias aspernatur. Modi consequatur praesentium tempora.'
            )
            'original' => Array &923 (
                'id' => 58
                'created_at' => '2022-03-03 20:14:28'
                'updated_at' => '2022-03-03 20:14:28'
                'user_id' => 598
                'title' => 'Possimus nihil consequatur adipisci. Explicabo earum iusto et aspernatur quis. Saepe blanditiis velit eius et. Sunt quaerat quos fugiat ut amet aut totam. Sed veritatis nisi eum aut esse aut vel.'
                'body' => 'A harum fugit iure voluptas. Ipsam quod est beatae minima quo. Optio aut laborum eius porro molestias aspernatur. Modi consequatur praesentium tempora.'
            )
            'changes' => Array &924 ()
            'casts' => Array &925 ()
            'classCastCache' => Array &926 ()
            'attributeCastCache' => Array &927 ()
            'dates' => Array &928 ()
            'dateFormat' => null
            'appends' => Array &929 ()
            'dispatchesEvents' => Array &930 ()
            'observables' => Array &931 ()
            'relations' => Array &932 ()
            'touches' => Array &933 ()
            'timestamps' => true
            'hidden' => Array &934 ()
            'visible' => Array &935 ()
            'guarded' => Array &936 (
                0 => '*'
            )
        )
    )
    'escapeWhenCastingToString' => false
) is of type "array".

C:\Users\admin\Documents\docker-configuration\docker-test\microservice\auth_microservice\tests\BaseCRUD_Test.php:91

2) RoleTest::testGetAllService
Failed asserting that Illuminate\Database\Eloquent\Collection Object &000000002d3d1e100000000047065e1e (
    'items' => Array &0 (
        0 => App\Models\Role Object &000000002d3d1e110000000047065e1e (
            'fillable' => Array &1 (
                0 => 'name'
            )
            'hidden' => Array &2 (
                0 => 'id'
            )
            'connection' => 'pgsql'
            'table' => 'roles'
            'primaryKey' => 'id'
            'keyType' => 'int'
            'incrementing' => true
            'with' => Array &3 ()
            'withCount' => Array &4 ()
            'preventsLazyLoading' => false
            'perPage' => 15
            'exists' => true
            'wasRecentlyCreated' => false
            'escapeWhenCastingToString' => false
            'attributes' => Array &5 (
                'id' => 1
                'name' => 'admin'
                'created_at' => '2022-02-23 21:25:19'
                'updated_at' => '2022-02-23 21:25:19'
                'role_uuid' => null
            )
            'original' => Array &6 (
                'id' => 1
                'name' => 'admin'
                'created_at' => '2022-02-23 21:25:19'
                'updated_at' => '2022-02-23 21:25:19'
                'role_uuid' => null
            )
            'changes' => Array &7 ()
            'casts' => Array &8 ()
            'classCastCache' => Array &9 ()
            'attributeCastCache' => Array &10 ()
            'dates' => Array &11 ()
            'dateFormat' => null
            'appends' => Array &12 ()
            'dispatchesEvents' => Array &13 ()
            'observables' => Array &14 ()
            'relations' => Array &15 ()
            'touches' => Array &16 ()
            'timestamps' => true
            'visible' => Array &17 ()
            'guarded' => Array &18 (
                0 => '*'
            )
        )
        1 => App\Models\Role Object &000000002d3d1e120000000047065e1e (
            'fillable' => Array &19 (
                0 => 'name'
            )
            'hidden' => Array &20 (
                0 => 'id'
            )
            'connection' => 'pgsql'
            'table' => 'roles'
            'primaryKey' => 'id'
            'keyType' => 'int'
            'incrementing' => true
            'with' => Array &21 ()
            'withCount' => Array &22 ()
            'preventsLazyLoading' => false
            'perPage' => 15
            'exists' => true
            'wasRecentlyCreated' => false
            'escapeWhenCastingToString' => false
            'attributes' => Array &23 (
                'id' => 2
                'name' => 'moderator'
                'created_at' => '2022-02-23 21:25:28'
                'updated_at' => '2022-02-23 21:25:28'
                'role_uuid' => null
            )
            'original' => Array &24 (
                'id' => 2
                'name' => 'moderator'
                'created_at' => '2022-02-23 21:25:28'
                'updated_at' => '2022-02-23 21:25:28'
                'role_uuid' => null
            )
            'changes' => Array &25 ()
            'casts' => Array &26 ()
            'classCastCache' => Array &27 ()
            'attributeCastCache' => Array &28 ()
            'dates' => Array &29 ()
            'dateFormat' => null
            'appends' => Array &30 ()
            'dispatchesEvents' => Array &31 ()
            'observables' => Array &32 ()
            'relations' => Array &33 ()
            'touches' => Array &34 ()
            'timestamps' => true
            'visible' => Array &35 ()
            'guarded' => Array &36 (
                0 => '*'
            )
        )
        2 => App\Models\Role Object &000000002d3d1e130000000047065e1e (
            'fillable' => Array &37 (
                0 => 'name'
            )
            'hidden' => Array &38 (
                0 => 'id'
            )
            'connection' => 'pgsql'
            'table' => 'roles'
            'primaryKey' => 'id'
            'keyType' => 'int'
            'incrementing' => true
            'with' => Array &39 ()
            'withCount' => Array &40 ()
            'preventsLazyLoading' => false
            'perPage' => 15
            'exists' => true
            'wasRecentlyCreated' => false
            'escapeWhenCastingToString' => false
            'attributes' => Array &41 (
                'id' => 3
                'name' => 'user'
                'created_at' => '2022-02-23 21:25:32'
                'updated_at' => '2022-02-23 21:25:32'
                'role_uuid' => null
            )
            'original' => Array &42 (
                'id' => 3
                'name' => 'user'
                'created_at' => '2022-02-23 21:25:32'
                'updated_at' => '2022-02-23 21:25:32'
                'role_uuid' => null
            )
            'changes' => Array &43 ()
            'casts' => Array &44 ()
            'classCastCache' => Array &45 ()
            'attributeCastCache' => Array &46 ()
            'dates' => Array &47 ()
            'dateFormat' => null
            'appends' => Array &48 ()
            'dispatchesEvents' => Array &49 ()
            'observables' => Array &50 ()
            'relations' => Array &51 ()
            'touches' => Array &52 ()
            'timestamps' => true
            'visible' => Array &53 ()
            'guarded' => Array &54 (
                0 => '*'
            )
        )
        3 => App\Models\Role Object &000000002d3d1e140000000047065e1e (
            'fillable' => Array &55 (
                0 => 'name'
            )
            'hidden' => Array &56 (
                0 => 'id'
            )
            'connection' => 'pgsql'
            'table' => 'roles'
            'primaryKey' => 'id'
            'keyType' => 'int'
            'incrementing' => true
            'with' => Array &57 ()
            'withCount' => Array &58 ()
            'preventsLazyLoading' => false
            'perPage' => 15
            'exists' => true
            'wasRecentlyCreated' => false
            'escapeWhenCastingToString' => false
            'attributes' => Array &59 (
                'id' => 13
                'name' => 'admin'
                'created_at' => '2022-02-28 20:01:05'
                'updated_at' => '2022-02-28 20:01:05'
                'role_uuid' => null
            )
            'original' => Array &60 (
                'id' => 13
                'name' => 'admin'
                'created_at' => '2022-02-28 20:01:05'
                'updated_at' => '2022-02-28 20:01:05'
                'role_uuid' => null
            )
            'changes' => Array &61 ()
            'casts' => Array &62 ()
            'classCastCache' => Array &63 ()
            'attributeCastCache' => Array &64 ()
            'dates' => Array &65 ()
            'dateFormat' => null
            'appends' => Array &66 ()
            'dispatchesEvents' => Array &67 ()
            'observables' => Array &68 ()
            'relations' => Array &69 ()
            'touches' => Array &70 ()
            'timestamps' => true
            'visible' => Array &71 ()
            'guarded' => Array &72 (
                0 => '*'
            )
        )
        4 => App\Models\Role Object &000000002d3d1e150000000047065e1e (
            'fillable' => Array &73 (
                0 => 'name'
            )
            'hidden' => Array &74 (
                0 => 'id'
            )
            'connection' => 'pgsql'
            'table' => 'roles'
            'primaryKey' => 'id'
            'keyType' => 'int'
            'incrementing' => true
            'with' => Array &75 ()
            'withCount' => Array &76 ()
            'preventsLazyLoading' => false
            'perPage' => 15
            'exists' => true
            'wasRecentlyCreated' => false
            'escapeWhenCastingToString' => false
            'attributes' => Array &77 (
                'id' => 14
                'name' => 'user'
                'created_at' => '2022-02-28 20:01:05'
                'updated_at' => '2022-02-28 20:01:05'
                'role_uuid' => null
            )
            'original' => Array &78 (
                'id' => 14
                'name' => 'user'
                'created_at' => '2022-02-28 20:01:05'
                'updated_at' => '2022-02-28 20:01:05'
                'role_uuid' => null
            )
            'changes' => Array &79 ()
            'casts' => Array &80 ()
            'classCastCache' => Array &81 ()
            'attributeCastCache' => Array &82 ()
            'dates' => Array &83 ()
            'dateFormat' => null
            'appends' => Array &84 ()
            'dispatchesEvents' => Array &85 ()
            'observables' => Array &86 ()
            'relations' => Array &87 ()
            'touches' => Array &88 ()
            'timestamps' => true
            'visible' => Array &89 ()
            'guarded' => Array &90 (
                0 => '*'
            )
        )
        5 => App\Models\Role Object &000000002d3d1e160000000047065e1e (
            'fillable' => Array &91 (
                0 => 'name'
            )
            'hidden' => Array &92 (
                0 => 'id'
            )
            'connection' => 'pgsql'
            'table' => 'roles'
            'primaryKey' => 'id'
            'keyType' => 'int'
            'incrementing' => true
            'with' => Array &93 ()
            'withCount' => Array &94 ()
            'preventsLazyLoading' => false
            'perPage' => 15
            'exists' => true
            'wasRecentlyCreated' => false
            'escapeWhenCastingToString' => false
            'attributes' => Array &95 (
                'id' => 50
                'name' => 'admin'
                'created_at' => '2022-03-02 20:08:55'
                'updated_at' => '2022-03-02 20:08:55'
                'role_uuid' => null
            )
            'original' => Array &96 (
                'id' => 50
                'name' => 'admin'
                'created_at' => '2022-03-02 20:08:55'
                'updated_at' => '2022-03-02 20:08:55'
                'role_uuid' => null
            )
            'changes' => Array &97 ()
            'casts' => Array &98 ()
            'classCastCache' => Array &99 ()
            'attributeCastCache' => Array &100 ()
            'dates' => Array &101 ()
            'dateFormat' => null
            'appends' => Array &102 ()
            'dispatchesEvents' => Array &103 ()
            'observables' => Array &104 ()
            'relations' => Array &105 ()
            'touches' => Array &106 ()
            'timestamps' => true
            'visible' => Array &107 ()
            'guarded' => Array &108 (
                0 => '*'
            )
        )
        6 => App\Models\Role Object &000000002d3d1e170000000047065e1e (
            'fillable' => Array &109 (
                0 => 'name'
            )
            'hidden' => Array &110 (
                0 => 'id'
            )
            'connection' => 'pgsql'
            'table' => 'roles'
            'primaryKey' => 'id'
            'keyType' => 'int'
            'incrementing' => true
            'with' => Array &111 ()
            'withCount' => Array &112 ()
            'preventsLazyLoading' => false
            'perPage' => 15
            'exists' => true
            'wasRecentlyCreated' => false
            'escapeWhenCastingToString' => false
            'attributes' => Array &113 (
                'id' => 51
                'name' => 'user'
                'created_at' => '2022-03-02 20:08:55'
                'updated_at' => '2022-03-02 20:08:55'
                'role_uuid' => null
            )
            'original' => Array &114 (
                'id' => 51
                'name' => 'user'
                'created_at' => '2022-03-02 20:08:55'
                'updated_at' => '2022-03-02 20:08:55'
                'role_uuid' => null
            )
            'changes' => Array &115 ()
            'casts' => Array &116 ()
            'classCastCache' => Array &117 ()
            'attributeCastCache' => Array &118 ()
            'dates' => Array &119 ()
            'dateFormat' => null
            'appends' => Array &120 ()
            'dispatchesEvents' => Array &121 ()
            'observables' => Array &122 ()
            'relations' => Array &123 ()
            'touches' => Array &124 ()
            'timestamps' => true
            'visible' => Array &125 ()
            'guarded' => Array &126 (
                0 => '*'
            )
        )
        7 => App\Models\Role Object &000000002d3d1e280000000047065e1e (
            'fillable' => Array &127 (
                0 => 'name'
            )
            'hidden' => Array &128 (
                0 => 'id'
            )
            'connection' => 'pgsql'
            'table' => 'roles'
            'primaryKey' => 'id'
            'keyType' => 'int'
            'incrementing' => true
            'with' => Array &129 ()
            'withCount' => Array &130 ()
            'preventsLazyLoading' => false
            'perPage' => 15
            'exists' => true
            'wasRecentlyCreated' => false
            'escapeWhenCastingToString' => false
            'attributes' => Array &131 (
                'id' => 52
                'name' => 'admin'
                'created_at' => '2022-03-02 20:12:58'
                'updated_at' => '2022-03-02 20:12:58'
                'role_uuid' => null
            )
            'original' => Array &132 (
                'id' => 52
                'name' => 'admin'
                'created_at' => '2022-03-02 20:12:58'
                'updated_at' => '2022-03-02 20:12:58'
                'role_uuid' => null
            )
            'changes' => Array &133 ()
            'casts' => Array &134 ()
            'classCastCache' => Array &135 ()
            'attributeCastCache' => Array &136 ()
            'dates' => Array &137 ()
            'dateFormat' => null
            'appends' => Array &138 ()
            'dispatchesEvents' => Array &139 ()
            'observables' => Array &140 ()
            'relations' => Array &141 ()
            'touches' => Array &142 ()
            'timestamps' => true
            'visible' => Array &143 ()
            'guarded' => Array &144 (
                0 => '*'
            )
        )
        8 => App\Models\Role Object &000000002d3d1e290000000047065e1e (
            'fillable' => Array &145 (
                0 => 'name'
            )
            'hidden' => Array &146 (
                0 => 'id'
            )
            'connection' => 'pgsql'
            'table' => 'roles'
            'primaryKey' => 'id'
            'keyType' => 'int'
            'incrementing' => true
            'with' => Array &147 ()
            'withCount' => Array &148 ()
            'preventsLazyLoading' => false
            'perPage' => 15
            'exists' => true
            'wasRecentlyCreated' => false
            'escapeWhenCastingToString' => false
            'attributes' => Array &149 (
                'id' => 53
                'name' => 'user'
                'created_at' => '2022-03-02 20:12:58'
                'updated_at' => '2022-03-02 20:12:58'
                'role_uuid' => null
            )
            'original' => Array &150 (
                'id' => 53
                'name' => 'user'
                'created_at' => '2022-03-02 20:12:58'
                'updated_at' => '2022-03-02 20:12:58'
                'role_uuid' => null
            )
            'changes' => Array &151 ()
            'casts' => Array &152 ()
            'classCastCache' => Array &153 ()
            'attributeCastCache' => Array &154 ()
            'dates' => Array &155 ()
            'dateFormat' => null
            'appends' => Array &156 ()
            'dispatchesEvents' => Array &157 ()
            'observables' => Array &158 ()
            'relations' => Array &159 ()
            'touches' => Array &160 ()
            'timestamps' => true
            'visible' => Array &161 ()
            'guarded' => Array &162 (
                0 => '*'
            )
        )
        9 => App\Models\Role Object &000000002d3d1e2a0000000047065e1e (
            'fillable' => Array &163 (
                0 => 'name'
            )
            'hidden' => Array &164 (
                0 => 'id'
            )
            'connection' => 'pgsql'
            'table' => 'roles'
            'primaryKey' => 'id'
            'keyType' => 'int'
            'incrementing' => true
            'with' => Array &165 ()
            'withCount' => Array &166 ()
            'preventsLazyLoading' => false
            'perPage' => 15
            'exists' => true
            'wasRecentlyCreated' => false
            'escapeWhenCastingToString' => false
            'attributes' => Array &167 (
                'id' => 54
                'name' => 'admin'
                'created_at' => '2022-03-02 20:13:50'
                'updated_at' => '2022-03-02 20:13:50'
                'role_uuid' => null
            )
            'original' => Array &168 (
                'id' => 54
                'name' => 'admin'
                'created_at' => '2022-03-02 20:13:50'
                'updated_at' => '2022-03-02 20:13:50'
                'role_uuid' => null
            )
            'changes' => Array &169 ()
            'casts' => Array &170 ()
            'classCastCache' => Array &171 ()
            'attributeCastCache' => Array &172 ()
            'dates' => Array &173 ()
            'dateFormat' => null
            'appends' => Array &174 ()
            'dispatchesEvents' => Array &175 ()
            'observables' => Array &176 ()
            'relations' => Array &177 ()
            'touches' => Array &178 ()
            'timestamps' => true
            'visible' => Array &179 ()
            'guarded' => Array &180 (
                0 => '*'
            )
        )
        10 => App\Models\Role Object &000000002d3d1e2b0000000047065e1e (
            'fillable' => Array &181 (
                0 => 'name'
            )
            'hidden' => Array &182 (
                0 => 'id'
            )
            'connection' => 'pgsql'
            'table' => 'roles'
            'primaryKey' => 'id'
            'keyType' => 'int'
            'incrementing' => true
            'with' => Array &183 ()
            'withCount' => Array &184 ()
            'preventsLazyLoading' => false
            'perPage' => 15
            'exists' => true
            'wasRecentlyCreated' => false
            'escapeWhenCastingToString' => false
            'attributes' => Array &185 (
                'id' => 55
                'name' => 'user'
                'created_at' => '2022-03-02 20:13:50'
                'updated_at' => '2022-03-02 20:13:50'
                'role_uuid' => null
            )
            'original' => Array &186 (
                'id' => 55
                'name' => 'user'
                'created_at' => '2022-03-02 20:13:50'
                'updated_at' => '2022-03-02 20:13:50'
                'role_uuid' => null
            )
            'changes' => Array &187 ()
            'casts' => Array &188 ()
            'classCastCache' => Array &189 ()
            'attributeCastCache' => Array &190 ()
            'dates' => Array &191 ()
            'dateFormat' => null
            'appends' => Array &192 ()
            'dispatchesEvents' => Array &193 ()
            'observables' => Array &194 ()
            'relations' => Array &195 ()
            'touches' => Array &196 ()
            'timestamps' => true
            'visible' => Array &197 ()
            'guarded' => Array &198 (
                0 => '*'
            )
        )
        11 => App\Models\Role Object &000000002d3d1e2c0000000047065e1e (
            'fillable' => Array &199 (
                0 => 'name'
            )
            'hidden' => Array &200 (
                0 => 'id'
            )
            'connection' => 'pgsql'
            'table' => 'roles'
            'primaryKey' => 'id'
            'keyType' => 'int'
            'incrementing' => true
            'with' => Array &201 ()
            'withCount' => Array &202 ()
            'preventsLazyLoading' => false
            'perPage' => 15
            'exists' => true
            'wasRecentlyCreated' => false
            'escapeWhenCastingToString' => false
            'attributes' => Array &203 (
                'id' => 60
                'name' => 'admin'
                'created_at' => '2022-03-02 20:22:03'
                'updated_at' => '2022-03-02 20:22:03'
                'role_uuid' => null
            )
            'original' => Array &204 (
                'id' => 60
                'name' => 'admin'
                'created_at' => '2022-03-02 20:22:03'
                'updated_at' => '2022-03-02 20:22:03'
                'role_uuid' => null
            )
            'changes' => Array &205 ()
            'casts' => Array &206 ()
            'classCastCache' => Array &207 ()
            'attributeCastCache' => Array &208 ()
            'dates' => Array &209 ()
            'dateFormat' => null
            'appends' => Array &210 ()
            'dispatchesEvents' => Array &211 ()
            'observables' => Array &212 ()
            'relations' => Array &213 ()
            'touches' => Array &214 ()
            'timestamps' => true
            'visible' => Array &215 ()
            'guarded' => Array &216 (
                0 => '*'
            )
        )
        12 => App\Models\Role Object &000000002d3d1e2d0000000047065e1e (
            'fillable' => Array &217 (
                0 => 'name'
            )
            'hidden' => Array &218 (
                0 => 'id'
            )
            'connection' => 'pgsql'
            'table' => 'roles'
            'primaryKey' => 'id'
            'keyType' => 'int'
            'incrementing' => true
            'with' => Array &219 ()
            'withCount' => Array &220 ()
            'preventsLazyLoading' => false
            'perPage' => 15
            'exists' => true
            'wasRecentlyCreated' => false
            'escapeWhenCastingToString' => false
            'attributes' => Array &221 (
                'id' => 61
                'name' => 'user'
                'created_at' => '2022-03-02 20:22:03'
                'updated_at' => '2022-03-02 20:22:03'
                'role_uuid' => null
            )
            'original' => Array &222 (
                'id' => 61
                'name' => 'user'
                'created_at' => '2022-03-02 20:22:03'
                'updated_at' => '2022-03-02 20:22:03'
                'role_uuid' => null
            )
            'changes' => Array &223 ()
            'casts' => Array &224 ()
            'classCastCache' => Array &225 ()
            'attributeCastCache' => Array &226 ()
            'dates' => Array &227 ()
            'dateFormat' => null
            'appends' => Array &228 ()
            'dispatchesEvents' => Array &229 ()
            'observables' => Array &230 ()
            'relations' => Array &231 ()
            'touches' => Array &232 ()
            'timestamps' => true
            'visible' => Array &233 ()
            'guarded' => Array &234 (
                0 => '*'
            )
        )
        13 => App\Models\Role Object &000000002d3d1e2e0000000047065e1e (
            'fillable' => Array &235 (
                0 => 'name'
            )
            'hidden' => Array &236 (
                0 => 'id'
            )
            'connection' => 'pgsql'
            'table' => 'roles'
            'primaryKey' => 'id'
            'keyType' => 'int'
            'incrementing' => true
            'with' => Array &237 ()
            'withCount' => Array &238 ()
            'preventsLazyLoading' => false
            'perPage' => 15
            'exists' => true
            'wasRecentlyCreated' => false
            'escapeWhenCastingToString' => false
            'attributes' => Array &239 (
                'id' => 65
                'name' => 'admin'
                'created_at' => '2022-03-03 20:14:03'
                'updated_at' => '2022-03-03 20:14:03'
                'role_uuid' => null
            )
            'original' => Array &240 (
                'id' => 65
                'name' => 'admin'
                'created_at' => '2022-03-03 20:14:03'
                'updated_at' => '2022-03-03 20:14:03'
                'role_uuid' => null
            )
            'changes' => Array &241 ()
            'casts' => Array &242 ()
            'classCastCache' => Array &243 ()
            'attributeCastCache' => Array &244 ()
            'dates' => Array &245 ()
            'dateFormat' => null
            'appends' => Array &246 ()
            'dispatchesEvents' => Array &247 ()
            'observables' => Array &248 ()
            'relations' => Array &249 ()
            'touches' => Array &250 ()
            'timestamps' => true
            'visible' => Array &251 ()
            'guarded' => Array &252 (
                0 => '*'
            )
        )
        14 => App\Models\Role Object &000000002d3d1e2f0000000047065e1e (
            'fillable' => Array &253 (
                0 => 'name'
            )
            'hidden' => Array &254 (
                0 => 'id'
            )
            'connection' => 'pgsql'
            'table' => 'roles'
            'primaryKey' => 'id'
            'keyType' => 'int'
            'incrementing' => true
            'with' => Array &255 ()
            'withCount' => Array &256 ()
            'preventsLazyLoading' => false
            'perPage' => 15
            'exists' => true
            'wasRecentlyCreated' => false
            'escapeWhenCastingToString' => false
            'attributes' => Array &257 (
                'id' => 66
                'name' => 'user'
                'created_at' => '2022-03-03 20:14:03'
                'updated_at' => '2022-03-03 20:14:03'
                'role_uuid' => null
            )
            'original' => Array &258 (
                'id' => 66
                'name' => 'user'
                'created_at' => '2022-03-03 20:14:03'
                'updated_at' => '2022-03-03 20:14:03'
                'role_uuid' => null
            )
            'changes' => Array &259 ()
            'casts' => Array &260 ()
            'classCastCache' => Array &261 ()
            'attributeCastCache' => Array &262 ()
            'dates' => Array &263 ()
            'dateFormat' => null
            'appends' => Array &264 ()
            'dispatchesEvents' => Array &265 ()
            'observables' => Array &266 ()
            'relations' => Array &267 ()
            'touches' => Array &268 ()
            'timestamps' => true
            'visible' => Array &269 ()
            'guarded' => Array &270 (
                0 => '*'
            )
        )
        15 => App\Models\Role Object &000000002d3d1e200000000047065e1e (
            'fillable' => Array &271 (
                0 => 'name'
            )
            'hidden' => Array &272 (
                0 => 'id'
            )
            'connection' => 'pgsql'
            'table' => 'roles'
            'primaryKey' => 'id'
            'keyType' => 'int'
            'incrementing' => true
            'with' => Array &273 ()
            'withCount' => Array &274 ()
            'preventsLazyLoading' => false
            'perPage' => 15
            'exists' => true
            'wasRecentlyCreated' => false
            'escapeWhenCastingToString' => false
            'attributes' => Array &275 (
                'id' => 68
                'name' => 'admin'
                'created_at' => '2022-03-03 20:14:26'
                'updated_at' => '2022-03-03 20:14:26'
                'role_uuid' => null
            )
            'original' => Array &276 (
                'id' => 68
                'name' => 'admin'
                'created_at' => '2022-03-03 20:14:26'
                'updated_at' => '2022-03-03 20:14:26'
                'role_uuid' => null
            )
            'changes' => Array &277 ()
            'casts' => Array &278 ()
            'classCastCache' => Array &279 ()
            'attributeCastCache' => Array &280 ()
            'dates' => Array &281 ()
            'dateFormat' => null
            'appends' => Array &282 ()
            'dispatchesEvents' => Array &283 ()
            'observables' => Array &284 ()
            'relations' => Array &285 ()
            'touches' => Array &286 ()
            'timestamps' => true
            'visible' => Array &287 ()
            'guarded' => Array &288 (
                0 => '*'
            )
        )
        16 => App\Models\Role Object &000000002d3d1e210000000047065e1e (
            'fillable' => Array &289 (
                0 => 'name'
            )
            'hidden' => Array &290 (
                0 => 'id'
            )
            'connection' => 'pgsql'
            'table' => 'roles'
            'primaryKey' => 'id'
            'keyType' => 'int'
            'incrementing' => true
            'with' => Array &291 ()
            'withCount' => Array &292 ()
            'preventsLazyLoading' => false
            'perPage' => 15
            'exists' => true
            'wasRecentlyCreated' => false
            'escapeWhenCastingToString' => false
            'attributes' => Array &293 (
                'id' => 69
                'name' => 'user'
                'created_at' => '2022-03-03 20:14:26'
                'updated_at' => '2022-03-03 20:14:26'
                'role_uuid' => null
            )
            'original' => Array &294 (
                'id' => 69
                'name' => 'user'
                'created_at' => '2022-03-03 20:14:26'
                'updated_at' => '2022-03-03 20:14:26'
                'role_uuid' => null
            )
            'changes' => Array &295 ()
            'casts' => Array &296 ()
            'classCastCache' => Array &297 ()
            'attributeCastCache' => Array &298 ()
            'dates' => Array &299 ()
            'dateFormat' => null
            'appends' => Array &300 ()
            'dispatchesEvents' => Array &301 ()
            'observables' => Array &302 ()
            'relations' => Array &303 ()
            'touches' => Array &304 ()
            'timestamps' => true
            'visible' => Array &305 ()
            'guarded' => Array &306 (
                0 => '*'
            )
        )
    )
    'escapeWhenCastingToString' => false
) is of type "array".

C:\Users\admin\Documents\docker-configuration\docker-test\microservice\auth_microservice\tests\BaseCRUD_Test.php:91

3) TokenTest::testGetAllService
Failed asserting that Illuminate\Database\Eloquent\Collection Object &000000002d3d138c0000000047065e1e (
    'items' => Array &0 (
        0 => App\Models\Token Object &000000002d3d1cac0000000047065e1e (
            'fillable' => Array &1 (
                0 => 'access_token'
                1 => 'refresh_token'
                2 => 'user_id'
            )
            'connection' => 'pgsql'
            'table' => 'tokens'
            'primaryKey' => 'id'
            'keyType' => 'int'
            'incrementing' => true
            'with' => Array &2 ()
            'withCount' => Array &3 ()
            'preventsLazyLoading' => false
            'perPage' => 15
            'exists' => true
            'wasRecentlyCreated' => false
            'escapeWhenCastingToString' => false
            'attributes' => Array &4 (
                'id' => 162
                'access_token' => '80f589bf50294a9683dd9d8ea5fa765b0b171bef6c89204a188754ccd3d42b76.66632934dc9e1384d31b1bc01bc5812aef4d0decaec1a12aca2c78f2c3600087.033174481a0323e8953b75dc37e779403c9e29980bc9011234d7078b7743dfae'
                'refresh_token' => null
                'expiration_date' => '2022-03-02 21:13:00'
                'user_id' => 486
                'created_at' => '2022-03-02 20:13:00'
                'updated_at' => '2022-03-02 20:13:00'
                'token_uuid' => null
            )
            'original' => Array &5 (
                'id' => 162
                'access_token' => '80f589bf50294a9683dd9d8ea5fa765b0b171bef6c89204a188754ccd3d42b76.66632934dc9e1384d31b1bc01bc5812aef4d0decaec1a12aca2c78f2c3600087.033174481a0323e8953b75dc37e779403c9e29980bc9011234d7078b7743dfae'
                'refresh_token' => null
                'expiration_date' => '2022-03-02 21:13:00'
                'user_id' => 486
                'created_at' => '2022-03-02 20:13:00'
                'updated_at' => '2022-03-02 20:13:00'
                'token_uuid' => null
            )
            'changes' => Array &6 ()
            'casts' => Array &7 ()
            'classCastCache' => Array &8 ()
            'attributeCastCache' => Array &9 ()
            'dates' => Array &10 ()
            'dateFormat' => null
            'appends' => Array &11 ()
            'dispatchesEvents' => Array &12 ()
            'observables' => Array &13 ()
            'relations' => Array &14 ()
            'touches' => Array &15 ()
            'timestamps' => true
            'hidden' => Array &16 ()
            'visible' => Array &17 ()
            'guarded' => Array &18 (
                0 => '*'
            )
        )
        1 => App\Models\Token Object &000000002d3d1df70000000047065e1e (
            'fillable' => Array &19 (
                0 => 'access_token'
                1 => 'refresh_token'
                2 => 'user_id'
            )
            'connection' => 'pgsql'
            'table' => 'tokens'
            'primaryKey' => 'id'
            'keyType' => 'int'
            'incrementing' => true
            'with' => Array &20 ()
            'withCount' => Array &21 ()
            'preventsLazyLoading' => false
            'perPage' => 15
            'exists' => true
            'wasRecentlyCreated' => false
            'escapeWhenCastingToString' => false
            'attributes' => Array &22 (
                'id' => 163
                'access_token' => '2aeb1f843b13794107343d62abe269f6b5ac6c9d0b32c18cac3bf6f26aae38b5.f07cd5c0b4c819f710585fb111e040e065eacca36b1f4514b22f7cff13885488.cbedcd238524e746f3f7c9b79646ec6791e198a3409ee4ec48d6abced01c47a9'
                'refresh_token' => null
                'expiration_date' => '2022-03-02 21:13:00'
                'user_id' => 495
                'created_at' => '2022-03-02 20:13:00'
                'updated_at' => '2022-03-02 20:13:00'
                'token_uuid' => null
            )
            'original' => Array &23 (
                'id' => 163
                'access_token' => '2aeb1f843b13794107343d62abe269f6b5ac6c9d0b32c18cac3bf6f26aae38b5.f07cd5c0b4c819f710585fb111e040e065eacca36b1f4514b22f7cff13885488.cbedcd238524e746f3f7c9b79646ec6791e198a3409ee4ec48d6abced01c47a9'
                'refresh_token' => null
                'expiration_date' => '2022-03-02 21:13:00'
                'user_id' => 495
                'created_at' => '2022-03-02 20:13:00'
                'updated_at' => '2022-03-02 20:13:00'
                'token_uuid' => null
            )
            'changes' => Array &24 ()
            'casts' => Array &25 ()
            'classCastCache' => Array &26 ()
            'attributeCastCache' => Array &27 ()
            'dates' => Array &28 ()
            'dateFormat' => null
            'appends' => Array &29 ()
            'dispatchesEvents' => Array &30 ()
            'observables' => Array &31 ()
            'relations' => Array &32 ()
            'touches' => Array &33 ()
            'timestamps' => true
            'hidden' => Array &34 ()
            'visible' => Array &35 ()
            'guarded' => Array &36 (
                0 => '*'
            )
        )
        2 => App\Models\Token Object &000000002d3d1df50000000047065e1e (
            'fillable' => Array &37 (
                0 => 'access_token'
                1 => 'refresh_token'
                2 => 'user_id'
            )
            'connection' => 'pgsql'
            'table' => 'tokens'
            'primaryKey' => 'id'
            'keyType' => 'int'
            'incrementing' => true
            'with' => Array &38 ()
            'withCount' => Array &39 ()
            'preventsLazyLoading' => false
            'perPage' => 15
            'exists' => true
            'wasRecentlyCreated' => false
            'escapeWhenCastingToString' => false
            'attributes' => Array &40 (
                'id' => 164
                'access_token' => '838931be0668414ea67a259830e582ea08aea8ab38e29438e6d2a60c6cbb95ae.edda97783f3824ed5d11b5f7f5b1324a92399c978bebbd5848fd65348dad0c7f.bf735811e6fd6fab68085a1f868afbbfbb5f23f2af19b9ae50bb486d99c519c1'
                'refresh_token' => null
                'expiration_date' => '2022-03-02 21:13:00'
                'user_id' => 111
                'created_at' => '2022-03-02 20:13:00'
                'updated_at' => '2022-03-02 20:13:00'
                'token_uuid' => null
            )
            'original' => Array &41 (
                'id' => 164
                'access_token' => '838931be0668414ea67a259830e582ea08aea8ab38e29438e6d2a60c6cbb95ae.edda97783f3824ed5d11b5f7f5b1324a92399c978bebbd5848fd65348dad0c7f.bf735811e6fd6fab68085a1f868afbbfbb5f23f2af19b9ae50bb486d99c519c1'
                'refresh_token' => null
                'expiration_date' => '2022-03-02 21:13:00'
                'user_id' => 111
                'created_at' => '2022-03-02 20:13:00'
                'updated_at' => '2022-03-02 20:13:00'
                'token_uuid' => null
            )
            'changes' => Array &42 ()
            'casts' => Array &43 ()
            'classCastCache' => Array &44 ()
            'attributeCastCache' => Array &45 ()
            'dates' => Array &46 ()
            'dateFormat' => null
            'appends' => Array &47 ()
            'dispatchesEvents' => Array &48 ()
            'observables' => Array &49 ()
            'relations' => Array &50 ()
            'touches' => Array &51 ()
            'timestamps' => true
            'hidden' => Array &52 ()
            'visible' => Array &53 ()
            'guarded' => Array &54 (
                0 => '*'
            )
        )
        3 => App\Models\Token Object &000000002d3d1df60000000047065e1e (
            'fillable' => Array &55 (
                0 => 'access_token'
                1 => 'refresh_token'
                2 => 'user_id'
            )
            'connection' => 'pgsql'
            'table' => 'tokens'
            'primaryKey' => 'id'
            'keyType' => 'int'
            'incrementing' => true
            'with' => Array &56 ()
            'withCount' => Array &57 ()
            'preventsLazyLoading' => false
            'perPage' => 15
            'exists' => true
            'wasRecentlyCreated' => false
            'escapeWhenCastingToString' => false
            'attributes' => Array &58 (
                'id' => 165
                'access_token' => 'a1890aebee119a3531fd4805350caf00b5ffffc43fbb361a4d41d6f1388caa02.58b104cf0563b3528c3c7a039701606c7cda51332a218a618493e78584912d43.96b2bb6f9b74f217a325b9c38eaa6e58c7674658d66439b8f8d6fc88d33f5811'
                'refresh_token' => null
                'expiration_date' => '2022-03-02 21:13:00'
                'user_id' => 483
                'created_at' => '2022-03-02 20:13:00'
                'updated_at' => '2022-03-02 20:13:00'
                'token_uuid' => null
            )
            'original' => Array &59 (
                'id' => 165
                'access_token' => 'a1890aebee119a3531fd4805350caf00b5ffffc43fbb361a4d41d6f1388caa02.58b104cf0563b3528c3c7a039701606c7cda51332a218a618493e78584912d43.96b2bb6f9b74f217a325b9c38eaa6e58c7674658d66439b8f8d6fc88d33f5811'
                'refresh_token' => null
                'expiration_date' => '2022-03-02 21:13:00'
                'user_id' => 483
                'created_at' => '2022-03-02 20:13:00'
                'updated_at' => '2022-03-02 20:13:00'
                'token_uuid' => null
            )
            'changes' => Array &60 ()
            'casts' => Array &61 ()
            'classCastCache' => Array &62 ()
            'attributeCastCache' => Array &63 ()
            'dates' => Array &64 ()
            'dateFormat' => null
            'appends' => Array &65 ()
            'dispatchesEvents' => Array &66 ()
            'observables' => Array &67 ()
            'relations' => Array &68 ()
            'touches' => Array &69 ()
            'timestamps' => true
            'hidden' => Array &70 ()
            'visible' => Array &71 ()
            'guarded' => Array &72 (
                0 => '*'
            )
        )
        4 => App\Models\Token Object &000000002d3d1c080000000047065e1e (
            'fillable' => Array &73 (
                0 => 'access_token'
                1 => 'refresh_token'
                2 => 'user_id'
            )
            'connection' => 'pgsql'
            'table' => 'tokens'
            'primaryKey' => 'id'
            'keyType' => 'int'
            'incrementing' => true
            'with' => Array &74 ()
            'withCount' => Array &75 ()
            'preventsLazyLoading' => false
            'perPage' => 15
            'exists' => true
            'wasRecentlyCreated' => false
            'escapeWhenCastingToString' => false
            'attributes' => Array &76 (
                'id' => 154
                'access_token' => '2a0ada9f24070cf2b08d137e37304d0dd188845eebf59f0948e92db403175821.963769a1ba7ac88ed88acdbf5ef10f110cf4fe7a1bf734575ead6399eb2653b2.948c26355e327a1796b86eec4133ab457c7059d8e0dc9a544740c33d88349afe'
                'refresh_token' => null
                'expiration_date' => '2022-03-02 21:08:57'
                'user_id' => 112
                'created_at' => '2022-03-02 20:08:57'
                'updated_at' => '2022-03-02 20:08:57'
                'token_uuid' => null
            )
            'original' => Array &77 (
                'id' => 154
                'access_token' => '2a0ada9f24070cf2b08d137e37304d0dd188845eebf59f0948e92db403175821.963769a1ba7ac88ed88acdbf5ef10f110cf4fe7a1bf734575ead6399eb2653b2.948c26355e327a1796b86eec4133ab457c7059d8e0dc9a544740c33d88349afe'
                'refresh_token' => null
                'expiration_date' => '2022-03-02 21:08:57'
                'user_id' => 112
                'created_at' => '2022-03-02 20:08:57'
                'updated_at' => '2022-03-02 20:08:57'
                'token_uuid' => null
            )
            'changes' => Array &78 ()
            'casts' => Array &79 ()
            'classCastCache' => Array &80 ()
            'attributeCastCache' => Array &81 ()
            'dates' => Array &82 ()
            'dateFormat' => null
            'appends' => Array &83 ()
            'dispatchesEvents' => Array &84 ()
            'observables' => Array &85 ()
            'relations' => Array &86 ()
            'touches' => Array &87 ()
            'timestamps' => true
            'hidden' => Array &88 ()
            'visible' => Array &89 ()
            'guarded' => Array &90 (
                0 => '*'
            )
        )
        5 => App\Models\Token Object &000000002d3d1c090000000047065e1e (
            'fillable' => Array &91 (
                0 => 'access_token'
                1 => 'refresh_token'
                2 => 'user_id'
            )
            'connection' => 'pgsql'
            'table' => 'tokens'
            'primaryKey' => 'id'
            'keyType' => 'int'
            'incrementing' => true
            'with' => Array &92 ()
            'withCount' => Array &93 ()
            'preventsLazyLoading' => false
            'perPage' => 15
            'exists' => true
            'wasRecentlyCreated' => false
            'escapeWhenCastingToString' => false
            'attributes' => Array &94 (
                'id' => 155
                'access_token' => '386be85e05314eab79cc2cfe3d964a18bea064fe6c4c7dc4f92237f0f07de3d3.215115c14574d9d154662cc542dd579dc5130be0407874c5fe3c19a02d8db3d1.aa37627f689428596e6c24f18ee634531c46116e8e9a2e42644fff366ff03c9d'
                'refresh_token' => null
                'expiration_date' => '2022-03-02 21:08:57'
                'user_id' => 477
                'created_at' => '2022-03-02 20:08:57'
                'updated_at' => '2022-03-02 20:08:57'
                'token_uuid' => null
            )
            'original' => Array &95 (
                'id' => 155
                'access_token' => '386be85e05314eab79cc2cfe3d964a18bea064fe6c4c7dc4f92237f0f07de3d3.215115c14574d9d154662cc542dd579dc5130be0407874c5fe3c19a02d8db3d1.aa37627f689428596e6c24f18ee634531c46116e8e9a2e42644fff366ff03c9d'
                'refresh_token' => null
                'expiration_date' => '2022-03-02 21:08:57'
                'user_id' => 477
                'created_at' => '2022-03-02 20:08:57'
                'updated_at' => '2022-03-02 20:08:57'
                'token_uuid' => null
            )
            'changes' => Array &96 ()
            'casts' => Array &97 ()
            'classCastCache' => Array &98 ()
            'attributeCastCache' => Array &99 ()
            'dates' => Array &100 ()
            'dateFormat' => null
            'appends' => Array &101 ()
            'dispatchesEvents' => Array &102 ()
            'observables' => Array &103 ()
            'relations' => Array &104 ()
            'touches' => Array &105 ()
            'timestamps' => true
            'hidden' => Array &106 ()
            'visible' => Array &107 ()
            'guarded' => Array &108 (
                0 => '*'
            )
        )
        6 => App\Models\Token Object &000000002d3d1c0a0000000047065e1e (
            'fillable' => Array &109 (
                0 => 'access_token'
                1 => 'refresh_token'
                2 => 'user_id'
            )
            'connection' => 'pgsql'
            'table' => 'tokens'
            'primaryKey' => 'id'
            'keyType' => 'int'
            'incrementing' => true
            'with' => Array &110 ()
            'withCount' => Array &111 ()
            'preventsLazyLoading' => false
            'perPage' => 15
            'exists' => true
            'wasRecentlyCreated' => false
            'escapeWhenCastingToString' => false
            'attributes' => Array &112 (
                'id' => 156
                'access_token' => '96e5beb44c794a17e03e93c8a8e231025241468223c12d1e49b4697134d86e68.779b07a351e98cfeae8f3058ee392794349d37f42d2f15363f6528b6fe951524.4a3237600849eef43a887e38e2732d054945dae28658a60b66e1e08a9eba7ff8'
                'refresh_token' => null
                'expiration_date' => '2022-03-02 21:08:57'
                'user_id' => 115
                'created_at' => '2022-03-02 20:08:57'
                'updated_at' => '2022-03-02 20:08:57'
                'token_uuid' => null
            )
            'original' => Array &113 (
                'id' => 156
                'access_token' => '96e5beb44c794a17e03e93c8a8e231025241468223c12d1e49b4697134d86e68.779b07a351e98cfeae8f3058ee392794349d37f42d2f15363f6528b6fe951524.4a3237600849eef43a887e38e2732d054945dae28658a60b66e1e08a9eba7ff8'
                'refresh_token' => null
                'expiration_date' => '2022-03-02 21:08:57'
                'user_id' => 115
                'created_at' => '2022-03-02 20:08:57'
                'updated_at' => '2022-03-02 20:08:57'
                'token_uuid' => null
            )
            'changes' => Array &114 ()
            'casts' => Array &115 ()
            'classCastCache' => Array &116 ()
            'attributeCastCache' => Array &117 ()
            'dates' => Array &118 ()
            'dateFormat' => null
            'appends' => Array &119 ()
            'dispatchesEvents' => Array &120 ()
            'observables' => Array &121 ()
            'relations' => Array &122 ()
            'touches' => Array &123 ()
            'timestamps' => true
            'hidden' => Array &124 ()
            'visible' => Array &125 ()
            'guarded' => Array &126 (
                0 => '*'
            )
        )
        7 => App\Models\Token Object &000000002d3d1c0b0000000047065e1e (
            'fillable' => Array &127 (
                0 => 'access_token'
                1 => 'refresh_token'
                2 => 'user_id'
            )
            'connection' => 'pgsql'
            'table' => 'tokens'
            'primaryKey' => 'id'
            'keyType' => 'int'
            'incrementing' => true
            'with' => Array &128 ()
            'withCount' => Array &129 ()
            'preventsLazyLoading' => false
            'perPage' => 15
            'exists' => true
            'wasRecentlyCreated' => false
            'escapeWhenCastingToString' => false
            'attributes' => Array &130 (
                'id' => 157
                'access_token' => '0beab0f0132fed2aff72bf8180c8d559cc04dec8f1539ee9c40aa9b53411d4f4.624dfd49eff65f687c3ce1241211c87c0b2ca7bba48cf74dfae71ff2719dac68.0531b8f42f9ef3adfb572e960d71defd01e89a34eb6138b32073b6e25c44e95e'
                'refresh_token' => null
                'expiration_date' => '2022-03-02 21:08:57'
                'user_id' => 108
                'created_at' => '2022-03-02 20:08:57'
                'updated_at' => '2022-03-02 20:08:57'
                'token_uuid' => null
            )
            'original' => Array &131 (
                'id' => 157
                'access_token' => '0beab0f0132fed2aff72bf8180c8d559cc04dec8f1539ee9c40aa9b53411d4f4.624dfd49eff65f687c3ce1241211c87c0b2ca7bba48cf74dfae71ff2719dac68.0531b8f42f9ef3adfb572e960d71defd01e89a34eb6138b32073b6e25c44e95e'
                'refresh_token' => null
                'expiration_date' => '2022-03-02 21:08:57'
                'user_id' => 108
                'created_at' => '2022-03-02 20:08:57'
                'updated_at' => '2022-03-02 20:08:57'
                'token_uuid' => null
            )
            'changes' => Array &132 ()
            'casts' => Array &133 ()
            'classCastCache' => Array &134 ()
            'attributeCastCache' => Array &135 ()
            'dates' => Array &136 ()
            'dateFormat' => null
            'appends' => Array &137 ()
            'dispatchesEvents' => Array &138 ()
            'observables' => Array &139 ()
            'relations' => Array &140 ()
            'touches' => Array &141 ()
            'timestamps' => true
            'hidden' => Array &142 ()
            'visible' => Array &143 ()
            'guarded' => Array &144 (
                0 => '*'
            )
        )
        8 => App\Models\Token Object &000000002d3d1c0c0000000047065e1e (
            'fillable' => Array &145 (
                0 => 'access_token'
                1 => 'refresh_token'
                2 => 'user_id'
            )
            'connection' => 'pgsql'
            'table' => 'tokens'
            'primaryKey' => 'id'
            'keyType' => 'int'
            'incrementing' => true
            'with' => Array &146 ()
            'withCount' => Array &147 ()
            'preventsLazyLoading' => false
            'perPage' => 15
            'exists' => true
            'wasRecentlyCreated' => false
            'escapeWhenCastingToString' => false
            'attributes' => Array &148 (
                'id' => 158
                'access_token' => '09d872d784f5c1e951d058947f28a696ddc06b16637cb8191d1f6ac59ca1c61a.70ae353d4c5036eda970b86f563cd41d8e256f718df9f424452f403fb78183c3.bae1dfeced9d6c0ddadc9a1e60b37bc237da8a46e8a5af8250980f61e8d4262a'
                'refresh_token' => null
                'expiration_date' => '2022-03-02 21:08:57'
                'user_id' => 479
                'created_at' => '2022-03-02 20:08:57'
                'updated_at' => '2022-03-02 20:08:57'
                'token_uuid' => null
            )
            'original' => Array &149 (
                'id' => 158
                'access_token' => '09d872d784f5c1e951d058947f28a696ddc06b16637cb8191d1f6ac59ca1c61a.70ae353d4c5036eda970b86f563cd41d8e256f718df9f424452f403fb78183c3.bae1dfeced9d6c0ddadc9a1e60b37bc237da8a46e8a5af8250980f61e8d4262a'
                'refresh_token' => null
                'expiration_date' => '2022-03-02 21:08:57'
                'user_id' => 479
                'created_at' => '2022-03-02 20:08:57'
                'updated_at' => '2022-03-02 20:08:57'
                'token_uuid' => null
            )
            'changes' => Array &150 ()
            'casts' => Array &151 ()
            'classCastCache' => Array &152 ()
            'attributeCastCache' => Array &153 ()
            'dates' => Array &154 ()
            'dateFormat' => null
            'appends' => Array &155 ()
            'dispatchesEvents' => Array &156 ()
            'observables' => Array &157 ()
            'relations' => Array &158 ()
            'touches' => Array &159 ()
            'timestamps' => true
            'hidden' => Array &160 ()
            'visible' => Array &161 ()
            'guarded' => Array &162 (
                0 => '*'
            )
        )
        9 => App\Models\Token Object &000000002d3d1c0d0000000047065e1e (
            'fillable' => Array &163 (
                0 => 'access_token'
                1 => 'refresh_token'
                2 => 'user_id'
            )
            'connection' => 'pgsql'
            'table' => 'tokens'
            'primaryKey' => 'id'
            'keyType' => 'int'
            'incrementing' => true
            'with' => Array &164 ()
            'withCount' => Array &165 ()
            'preventsLazyLoading' => false
            'perPage' => 15
            'exists' => true
            'wasRecentlyCreated' => false
            'escapeWhenCastingToString' => false
            'attributes' => Array &166 (
                'id' => 159
                'access_token' => 'cb2a58f4b8816df0756805844a01ae1d14a7027679a3876c455adf305aace8c3.121f8433b5397e8d204241f5cd2befa8d1ab8bd7365e7c361158e10a6be1cb69.fd12f304ff4dfa6687dda32da356dcbcf81bbee5f3c08746c0052f1ced617d3f'
                'refresh_token' => null
                'expiration_date' => '2022-03-02 21:08:57'
                'user_id' => 110
                'created_at' => '2022-03-02 20:08:57'
                'updated_at' => '2022-03-02 20:08:57'
                'token_uuid' => null
            )
            'original' => Array &167 (
                'id' => 159
                'access_token' => 'cb2a58f4b8816df0756805844a01ae1d14a7027679a3876c455adf305aace8c3.121f8433b5397e8d204241f5cd2befa8d1ab8bd7365e7c361158e10a6be1cb69.fd12f304ff4dfa6687dda32da356dcbcf81bbee5f3c08746c0052f1ced617d3f'
                'refresh_token' => null
                'expiration_date' => '2022-03-02 21:08:57'
                'user_id' => 110
                'created_at' => '2022-03-02 20:08:57'
                'updated_at' => '2022-03-02 20:08:57'
                'token_uuid' => null
            )
            'changes' => Array &168 ()
            'casts' => Array &169 ()
            'classCastCache' => Array &170 ()
            'attributeCastCache' => Array &171 ()
            'dates' => Array &172 ()
            'dateFormat' => null
            'appends' => Array &173 ()
            'dispatchesEvents' => Array &174 ()
            'observables' => Array &175 ()
            'relations' => Array &176 ()
            'touches' => Array &177 ()
            'timestamps' => true
            'hidden' => Array &178 ()
            'visible' => Array &179 ()
            'guarded' => Array &180 (
                0 => '*'
            )
        )
        10 => App\Models\Token Object &000000002d3d1f4c0000000047065e1e (
            'fillable' => Array &181 (
                0 => 'access_token'
                1 => 'refresh_token'
                2 => 'user_id'
            )
            'connection' => 'pgsql'
            'table' => 'tokens'
            'primaryKey' => 'id'
            'keyType' => 'int'
            'incrementing' => true
            'with' => Array &182 ()
            'withCount' => Array &183 ()
            'preventsLazyLoading' => false
            'perPage' => 15
            'exists' => true
            'wasRecentlyCreated' => false
            'escapeWhenCastingToString' => false
            'attributes' => Array &184 (
                'id' => 160
                'access_token' => '6ae2dcbd5bd2463bed09950278aeae49a4d85fc5fc2a1d7e0430b8d2c1a1f6e3.d85f98a82a070f224024035f13ed77ac7df6ec73e48132218065b0c0a0cdb6ee.6fafc7a6bee07e7a2ee47f0203b4972ff8c65707085153fc72e444e5713a4e37'
                'refresh_token' => null
                'expiration_date' => '2022-03-02 21:08:57'
                'user_id' => 476
                'created_at' => '2022-03-02 20:08:57'
                'updated_at' => '2022-03-02 20:08:57'
                'token_uuid' => null
            )
            'original' => Array &185 (
                'id' => 160
                'access_token' => '6ae2dcbd5bd2463bed09950278aeae49a4d85fc5fc2a1d7e0430b8d2c1a1f6e3.d85f98a82a070f224024035f13ed77ac7df6ec73e48132218065b0c0a0cdb6ee.6fafc7a6bee07e7a2ee47f0203b4972ff8c65707085153fc72e444e5713a4e37'
                'refresh_token' => null
                'expiration_date' => '2022-03-02 21:08:57'
                'user_id' => 476
                'created_at' => '2022-03-02 20:08:57'
                'updated_at' => '2022-03-02 20:08:57'
                'token_uuid' => null
            )
            'changes' => Array &186 ()
            'casts' => Array &187 ()
            'classCastCache' => Array &188 ()
            'attributeCastCache' => Array &189 ()
            'dates' => Array &190 ()
            'dateFormat' => null
            'appends' => Array &191 ()
            'dispatchesEvents' => Array &192 ()
            'observables' => Array &193 ()
            'relations' => Array &194 ()
            'touches' => Array &195 ()
            'timestamps' => true
            'hidden' => Array &196 ()
            'visible' => Array &197 ()
            'guarded' => Array &198 (
                0 => '*'
            )
        )
        11 => App\Models\Token Object &000000002d3d1f4e0000000047065e1e (
            'fillable' => Array &199 (
                0 => 'access_token'
                1 => 'refresh_token'
                2 => 'user_id'
            )
            'connection' => 'pgsql'
            'table' => 'tokens'
            'primaryKey' => 'id'
            'keyType' => 'int'
            'incrementing' => true
            'with' => Array &200 ()
            'withCount' => Array &201 ()
            'preventsLazyLoading' => false
            'perPage' => 15
            'exists' => true
            'wasRecentlyCreated' => false
            'escapeWhenCastingToString' => false
            'attributes' => Array &202 (
                'id' => 161
                'access_token' => '66ca332f456d4a56f64e0012c4e8921952965dbf41365b234d828827200485e8.5669db307c8730fe84b2cdec3c7b7ae38ffd25fd688c9a397c7671acefc4dcb9.831e749f5d88f2eadc0cf46013f5b73737d8112e9ea6f2fe5f151d1ee2e6c7b2'
                'refresh_token' => null
                'expiration_date' => '2022-03-02 21:08:57'
                'user_id' => 482
                'created_at' => '2022-03-02 20:08:57'
                'updated_at' => '2022-03-02 20:08:57'
                'token_uuid' => null
            )
            'original' => Array &203 (
                'id' => 161
                'access_token' => '66ca332f456d4a56f64e0012c4e8921952965dbf41365b234d828827200485e8.5669db307c8730fe84b2cdec3c7b7ae38ffd25fd688c9a397c7671acefc4dcb9.831e749f5d88f2eadc0cf46013f5b73737d8112e9ea6f2fe5f151d1ee2e6c7b2'
                'refresh_token' => null
                'expiration_date' => '2022-03-02 21:08:57'
                'user_id' => 482
                'created_at' => '2022-03-02 20:08:57'
                'updated_at' => '2022-03-02 20:08:57'
                'token_uuid' => null
            )
            'changes' => Array &204 ()
            'casts' => Array &205 ()
            'classCastCache' => Array &206 ()
            'attributeCastCache' => Array &207 ()
            'dates' => Array &208 ()
            'dateFormat' => null
            'appends' => Array &209 ()
            'dispatchesEvents' => Array &210 ()
            'observables' => Array &211 ()
            'relations' => Array &212 ()
            'touches' => Array &213 ()
            'timestamps' => true
            'hidden' => Array &214 ()
            'visible' => Array &215 ()
            'guarded' => Array &216 (
                0 => '*'
            )
        )
        12 => App\Models\Token Object &000000002d3d1f4f0000000047065e1e (
            'fillable' => Array &217 (
                0 => 'access_token'
                1 => 'refresh_token'
                2 => 'user_id'
            )
            'connection' => 'pgsql'
            'table' => 'tokens'
            'primaryKey' => 'id'
            'keyType' => 'int'
            'incrementing' => true
            'with' => Array &218 ()
            'withCount' => Array &219 ()
            'preventsLazyLoading' => false
            'perPage' => 15
            'exists' => true
            'wasRecentlyCreated' => false
            'escapeWhenCastingToString' => false
            'attributes' => Array &220 (
                'id' => 35
                'access_token' => '2d662d82716ca1cc5ee7ad37aa9348bfd5d6073f3c9a4c98f03b5103a49a6fa0.24e7cd5c18a228f728e0a3f61c286dd268178447f959568060a7ef6a8024d87f.1825f49feaee7c4a55dfe1ae8e361ec90e1b907ae846b9b56311919239d60735'
                'refresh_token' => null
                'expiration_date' => '2022-02-28 21:01:07'
                'user_id' => 112
                'created_at' => '2022-02-28 20:01:07'
                'updated_at' => '2022-02-28 20:01:07'
                'token_uuid' => null
            )
            'original' => Array &221 (
                'id' => 35
                'access_token' => '2d662d82716ca1cc5ee7ad37aa9348bfd5d6073f3c9a4c98f03b5103a49a6fa0.24e7cd5c18a228f728e0a3f61c286dd268178447f959568060a7ef6a8024d87f.1825f49feaee7c4a55dfe1ae8e361ec90e1b907ae846b9b56311919239d60735'
                'refresh_token' => null
                'expiration_date' => '2022-02-28 21:01:07'
                'user_id' => 112
                'created_at' => '2022-02-28 20:01:07'
                'updated_at' => '2022-02-28 20:01:07'
                'token_uuid' => null
            )
            'changes' => Array &222 ()
            'casts' => Array &223 ()
            'classCastCache' => Array &224 ()
            'attributeCastCache' => Array &225 ()
            'dates' => Array &226 ()
            'dateFormat' => null
            'appends' => Array &227 ()
            'dispatchesEvents' => Array &228 ()
            'observables' => Array &229 ()
            'relations' => Array &230 ()
            'touches' => Array &231 ()
            'timestamps' => true
            'hidden' => Array &232 ()
            'visible' => Array &233 ()
            'guarded' => Array &234 (
                0 => '*'
            )
        )
        13 => App\Models\Token Object &000000002d3d1f400000000047065e1e (
            'fillable' => Array &235 (
                0 => 'access_token'
                1 => 'refresh_token'
                2 => 'user_id'
            )
            'connection' => 'pgsql'
            'table' => 'tokens'
            'primaryKey' => 'id'
            'keyType' => 'int'
            'incrementing' => true
            'with' => Array &236 ()
            'withCount' => Array &237 ()
            'preventsLazyLoading' => false
            'perPage' => 15
            'exists' => true
            'wasRecentlyCreated' => false
            'escapeWhenCastingToString' => false
            'attributes' => Array &238 (
                'id' => 36
                'access_token' => '238af38d52eb545abc70d986fc78ddfd6d80a439f4aba7182d1bdd4ae1435a03.eaa48aad6ed34c544428bf1758149c536985e95a3ad63b36a9efd0a6f4aa87f5.053978d0d5dc685a8718f855640cb6a91037eda9bab1ad690465af15738c2c44'
                'refresh_token' => null
                'expiration_date' => '2022-02-28 21:01:07'
                'user_id' => 114
                'created_at' => '2022-02-28 20:01:07'
                'updated_at' => '2022-02-28 20:01:07'
                'token_uuid' => null
            )
            'original' => Array &239 (
                'id' => 36
                'access_token' => '238af38d52eb545abc70d986fc78ddfd6d80a439f4aba7182d1bdd4ae1435a03.eaa48aad6ed34c544428bf1758149c536985e95a3ad63b36a9efd0a6f4aa87f5.053978d0d5dc685a8718f855640cb6a91037eda9bab1ad690465af15738c2c44'
                'refresh_token' => null
                'expiration_date' => '2022-02-28 21:01:07'
                'user_id' => 114
                'created_at' => '2022-02-28 20:01:07'
                'updated_at' => '2022-02-28 20:01:07'
                'token_uuid' => null
            )
            'changes' => Array &240 ()
            'casts' => Array &241 ()
            'classCastCache' => Array &242 ()
            'attributeCastCache' => Array &243 ()
            'dates' => Array &244 ()
            'dateFormat' => null
            'appends' => Array &245 ()
            'dispatchesEvents' => Array &246 ()
            'observables' => Array &247 ()
            'relations' => Array &248 ()
            'touches' => Array &249 ()
            'timestamps' => true
            'hidden' => Array &250 ()
            'visible' => Array &251 ()
            'guarded' => Array &252 (
                0 => '*'
            )
        )
        14 => App\Models\Token Object &000000002d3d1e100000000047065e1e (
            'fillable' => Array &253 (
                0 => 'access_token'
                1 => 'refresh_token'
                2 => 'user_id'
            )
            'connection' => 'pgsql'
            'table' => 'tokens'
            'primaryKey' => 'id'
            'keyType' => 'int'
            'incrementing' => true
            'with' => Array &254 ()
            'withCount' => Array &255 ()
            'preventsLazyLoading' => false
            'perPage' => 15
            'exists' => true
            'wasRecentlyCreated' => false
            'escapeWhenCastingToString' => false
            'attributes' => Array &256 (
                'id' => 37
                'access_token' => 'b3b445f3ebd1d307926821cf5e73c3169db353cfcc217c0b395743a15157acbe.291cce03f345850c1499aaa359bbad32b74279776293c29d377ab5769bb179fa.5b29f5e7891ad47a4ad70d5a3fe55b9716f79ad2269744d66f211def5bddb41e'
                'refresh_token' => null
                'expiration_date' => '2022-02-28 21:01:07'
                'user_id' => 110
                'created_at' => '2022-02-28 20:01:07'
                'updated_at' => '2022-02-28 20:01:07'
                'token_uuid' => null
            )
            'original' => Array &257 (
                'id' => 37
                'access_token' => 'b3b445f3ebd1d307926821cf5e73c3169db353cfcc217c0b395743a15157acbe.291cce03f345850c1499aaa359bbad32b74279776293c29d377ab5769bb179fa.5b29f5e7891ad47a4ad70d5a3fe55b9716f79ad2269744d66f211def5bddb41e'
                'refresh_token' => null
                'expiration_date' => '2022-02-28 21:01:07'
                'user_id' => 110
                'created_at' => '2022-02-28 20:01:07'
                'updated_at' => '2022-02-28 20:01:07'
                'token_uuid' => null
            )
            'changes' => Array &258 ()
            'casts' => Array &259 ()
            'classCastCache' => Array &260 ()
            'attributeCastCache' => Array &261 ()
            'dates' => Array &262 ()
            'dateFormat' => null
            'appends' => Array &263 ()
            'dispatchesEvents' => Array &264 ()
            'observables' => Array &265 ()
            'relations' => Array &266 ()
            'touches' => Array &267 ()
            'timestamps' => true
            'hidden' => Array &268 ()
            'visible' => Array &269 ()
            'guarded' => Array &270 (
                0 => '*'
            )
        )
        15 => App\Models\Token Object &000000002d3d13160000000047065e1e (
            'fillable' => Array &271 (
                0 => 'access_token'
                1 => 'refresh_token'
                2 => 'user_id'
            )
            'connection' => 'pgsql'
            'table' => 'tokens'
            'primaryKey' => 'id'
            'keyType' => 'int'
            'incrementing' => true
            'with' => Array &272 ()
            'withCount' => Array &273 ()
            'preventsLazyLoading' => false
            'perPage' => 15
            'exists' => true
            'wasRecentlyCreated' => false
            'escapeWhenCastingToString' => false
            'attributes' => Array &274 (
                'id' => 166
                'access_token' => '3b1f8d6953aa7f3be275b96ff27a076d4184a398c830456f921815ab6f9303a3.0bbb1bcdec8ef00436318009fca3c2c92df64cefccbdb2268c9e8d3e25ab3b3e.389b0ec92df2fb4de95e6d85e4c4c5259cf4a4116ab3825f7974fa46b3dd4408'
                'refresh_token' => null
                'expiration_date' => '2022-03-02 21:13:00'
                'user_id' => 476
                'created_at' => '2022-03-02 20:13:00'
                'updated_at' => '2022-03-02 20:13:00'
                'token_uuid' => null
            )
            'original' => Array &275 (
                'id' => 166
                'access_token' => '3b1f8d6953aa7f3be275b96ff27a076d4184a398c830456f921815ab6f9303a3.0bbb1bcdec8ef00436318009fca3c2c92df64cefccbdb2268c9e8d3e25ab3b3e.389b0ec92df2fb4de95e6d85e4c4c5259cf4a4116ab3825f7974fa46b3dd4408'
                'refresh_token' => null
                'expiration_date' => '2022-03-02 21:13:00'
                'user_id' => 476
                'created_at' => '2022-03-02 20:13:00'
                'updated_at' => '2022-03-02 20:13:00'
                'token_uuid' => null
            )
            'changes' => Array &276 ()
            'casts' => Array &277 ()
            'classCastCache' => Array &278 ()
            'attributeCastCache' => Array &279 ()
            'dates' => Array &280 ()
            'dateFormat' => null
            'appends' => Array &281 ()
            'dispatchesEvents' => Array &282 ()
            'observables' => Array &283 ()
            'relations' => Array &284 ()
            'touches' => Array &285 ()
            'timestamps' => true
            'hidden' => Array &286 ()
            'visible' => Array &287 ()
            'guarded' => Array &288 (
                0 => '*'
            )
        )
        16 => App\Models\Token Object &000000002d3d13380000000047065e1e (
            'fillable' => Array &289 (
                0 => 'access_token'
                1 => 'refresh_token'
                2 => 'user_id'
            )
            'connection' => 'pgsql'
            'table' => 'tokens'
            'primaryKey' => 'id'
            'keyType' => 'int'
            'incrementing' => true
            'with' => Array &290 ()
            'withCount' => Array &291 ()
            'preventsLazyLoading' => false
            'perPage' => 15
            'exists' => true
            'wasRecentlyCreated' => false
            'escapeWhenCastingToString' => false
            'attributes' => Array &292 (
                'id' => 167
                'access_token' => '9a39584bafcc5d312a0a1a9aea57d31c34fffaef0cb17e430df207f8e427bd56.3f1d34334b2d21fc2c79690b6ccfdb02bfc3dba6e135d3213d0dffd732d0fc0a.bbcd198698523fb061c963a5839322cf404d18ccc7e86fafc33de290a1e77bf2'
                'refresh_token' => null
                'expiration_date' => '2022-03-02 21:13:00'
                'user_id' => 479
                'created_at' => '2022-03-02 20:13:00'
                'updated_at' => '2022-03-02 20:13:00'
                'token_uuid' => null
            )
            'original' => Array &293 (
                'id' => 167
                'access_token' => '9a39584bafcc5d312a0a1a9aea57d31c34fffaef0cb17e430df207f8e427bd56.3f1d34334b2d21fc2c79690b6ccfdb02bfc3dba6e135d3213d0dffd732d0fc0a.bbcd198698523fb061c963a5839322cf404d18ccc7e86fafc33de290a1e77bf2'
                'refresh_token' => null
                'expiration_date' => '2022-03-02 21:13:00'
                'user_id' => 479
                'created_at' => '2022-03-02 20:13:00'
                'updated_at' => '2022-03-02 20:13:00'
                'token_uuid' => null
            )
            'changes' => Array &294 ()
            'casts' => Array &295 ()
            'classCastCache' => Array &296 ()
            'attributeCastCache' => Array &297 ()
            'dates' => Array &298 ()
            'dateFormat' => null
            'appends' => Array &299 ()
            'dispatchesEvents' => Array &300 ()
            'observables' => Array &301 ()
            'relations' => Array &302 ()
            'touches' => Array &303 ()
            'timestamps' => true
            'hidden' => Array &304 ()
            'visible' => Array &305 ()
            'guarded' => Array &306 (
                0 => '*'
            )
        )
        17 => App\Models\Token Object &000000002d3d1e260000000047065e1e (
            'fillable' => Array &307 (
                0 => 'access_token'
                1 => 'refresh_token'
                2 => 'user_id'
            )
            'connection' => 'pgsql'
            'table' => 'tokens'
            'primaryKey' => 'id'
            'keyType' => 'int'
            'incrementing' => true
            'with' => Array &308 ()
            'withCount' => Array &309 ()
            'preventsLazyLoading' => false
            'perPage' => 15
            'exists' => true
            'wasRecentlyCreated' => false
            'escapeWhenCastingToString' => false
            'attributes' => Array &310 (
                'id' => 168
                'access_token' => 'a6089d8f6fb1b61876e06e47adb842151b25a6c773ad9c50f9bdb4cbe470620e.3bb73ddd5245fefc550b3d4f44a5c64952753b6a83135b9dce825e82b536e2f6.1344dd3b18d16ff03941867f0c517e228dfcf961d79b471dbf9044d6916ca479'
                'refresh_token' => null
                'expiration_date' => '2022-03-02 21:13:00'
                'user_id' => 480
                'created_at' => '2022-03-02 20:13:00'
                'updated_at' => '2022-03-02 20:13:00'
                'token_uuid' => null
            )
            'original' => Array &311 (
                'id' => 168
                'access_token' => 'a6089d8f6fb1b61876e06e47adb842151b25a6c773ad9c50f9bdb4cbe470620e.3bb73ddd5245fefc550b3d4f44a5c64952753b6a83135b9dce825e82b536e2f6.1344dd3b18d16ff03941867f0c517e228dfcf961d79b471dbf9044d6916ca479'
                'refresh_token' => null
                'expiration_date' => '2022-03-02 21:13:00'
                'user_id' => 480
                'created_at' => '2022-03-02 20:13:00'
                'updated_at' => '2022-03-02 20:13:00'
                'token_uuid' => null
            )
            'changes' => Array &312 ()
            'casts' => Array &313 ()
            'classCastCache' => Array &314 ()
            'attributeCastCache' => Array &315 ()
            'dates' => Array &316 ()
            'dateFormat' => null
            'appends' => Array &317 ()
            'dispatchesEvents' => Array &318 ()
            'observables' => Array &319 ()
            'relations' => Array &320 ()
            'touches' => Array &321 ()
            'timestamps' => true
            'hidden' => Array &322 ()
            'visible' => Array &323 ()
            'guarded' => Array &324 (
                0 => '*'
            )
        )
        18 => App\Models\Token Object &000000002d3d1fea0000000047065e1e (
            'fillable' => Array &325 (
                0 => 'access_token'
                1 => 'refresh_token'
                2 => 'user_id'
            )
            'connection' => 'pgsql'
            'table' => 'tokens'
            'primaryKey' => 'id'
            'keyType' => 'int'
            'incrementing' => true
            'with' => Array &326 ()
            'withCount' => Array &327 ()
            'preventsLazyLoading' => false
            'perPage' => 15
            'exists' => true
            'wasRecentlyCreated' => false
            'escapeWhenCastingToString' => false
            'attributes' => Array &328 (
                'id' => 169
                'access_token' => '15699a2f8809aeb6ca41cf8112533391c8a4790b2acc5b3e4722e44530e34eb9.6a50dccde9c78aa3a91de44dcb5e05ae9311913a9d6a17ecfd6bc6200f7f8c42.a82f1a3e9f03bfb1e88c9865d2cc7c6399915c8ba45d47243368e1a9fcd38212'
                'refresh_token' => null
                'expiration_date' => '2022-03-02 21:13:00'
                'user_id' => 107
                'created_at' => '2022-03-02 20:13:00'
                'updated_at' => '2022-03-02 20:13:00'
                'token_uuid' => null
            )
            'original' => Array &329 (
                'id' => 169
                'access_token' => '15699a2f8809aeb6ca41cf8112533391c8a4790b2acc5b3e4722e44530e34eb9.6a50dccde9c78aa3a91de44dcb5e05ae9311913a9d6a17ecfd6bc6200f7f8c42.a82f1a3e9f03bfb1e88c9865d2cc7c6399915c8ba45d47243368e1a9fcd38212'
                'refresh_token' => null
                'expiration_date' => '2022-03-02 21:13:00'
                'user_id' => 107
                'created_at' => '2022-03-02 20:13:00'
                'updated_at' => '2022-03-02 20:13:00'
                'token_uuid' => null
            )
            'changes' => Array &330 ()
            'casts' => Array &331 ()
            'classCastCache' => Array &332 ()
            'attributeCastCache' => Array &333 ()
            'dates' => Array &334 ()
            'dateFormat' => null
            'appends' => Array &335 ()
            'dispatchesEvents' => Array &336 ()
            'observables' => Array &337 ()
            'relations' => Array &338 ()
            'touches' => Array &339 ()
            'timestamps' => true
            'hidden' => Array &340 ()
            'visible' => Array &341 ()
            'guarded' => Array &342 (
                0 => '*'
            )
        )
        19 => App\Models\Token Object &000000002d3d1f590000000047065e1e (
            'fillable' => Array &343 (
                0 => 'access_token'
                1 => 'refresh_token'
                2 => 'user_id'
            )
            'connection' => 'pgsql'
            'table' => 'tokens'
            'primaryKey' => 'id'
            'keyType' => 'int'
            'incrementing' => true
            'with' => Array &344 ()
            'withCount' => Array &345 ()
            'preventsLazyLoading' => false
            'perPage' => 15
            'exists' => true
            'wasRecentlyCreated' => false
            'escapeWhenCastingToString' => false
            'attributes' => Array &346 (
                'id' => 170
                'access_token' => 'af177f1214a254e18506e587ef02f3c71da977fb8b18f26b418743edd7e9e228.d28ab8d9abbdc67ca6dbff52c98104a42bd99e4f15bb3b296a47937b1174cd9d.f16a8db70dc785594e8a8a695a298e1ae9430bb4823d872321521dbec2f0c5e0'
                'refresh_token' => null
                'expiration_date' => '2022-03-02 21:13:00'
                'user_id' => 109
                'created_at' => '2022-03-02 20:13:00'
                'updated_at' => '2022-03-02 20:13:00'
                'token_uuid' => null
            )
            'original' => Array &347 (
                'id' => 170
                'access_token' => 'af177f1214a254e18506e587ef02f3c71da977fb8b18f26b418743edd7e9e228.d28ab8d9abbdc67ca6dbff52c98104a42bd99e4f15bb3b296a47937b1174cd9d.f16a8db70dc785594e8a8a695a298e1ae9430bb4823d872321521dbec2f0c5e0'
                'refresh_token' => null
                'expiration_date' => '2022-03-02 21:13:00'
                'user_id' => 109
                'created_at' => '2022-03-02 20:13:00'
                'updated_at' => '2022-03-02 20:13:00'
                'token_uuid' => null
            )
            'changes' => Array &348 ()
            'casts' => Array &349 ()
            'classCastCache' => Array &350 ()
            'attributeCastCache' => Array &351 ()
            'dates' => Array &352 ()
            'dateFormat' => null
            'appends' => Array &353 ()
            'dispatchesEvents' => Array &354 ()
            'observables' => Array &355 ()
            'relations' => Array &356 ()
            'touches' => Array &357 ()
            'timestamps' => true
            'hidden' => Array &358 ()
            'visible' => Array &359 ()
            'guarded' => Array &360 (
                0 => '*'
            )
        )
        20 => App\Models\Token Object &000000002d3d1f0b0000000047065e1e (
            'fillable' => Array &361 (
                0 => 'access_token'
                1 => 'refresh_token'
                2 => 'user_id'
            )
            'connection' => 'pgsql'
            'table' => 'tokens'
            'primaryKey' => 'id'
            'keyType' => 'int'
            'incrementing' => true
            'with' => Array &362 ()
            'withCount' => Array &363 ()
            'preventsLazyLoading' => false
            'perPage' => 15
            'exists' => true
            'wasRecentlyCreated' => false
            'escapeWhenCastingToString' => false
            'attributes' => Array &364 (
                'id' => 171
                'access_token' => 'a7bf4ddd2ed33f7d2599e3753d96eae6317e2f62566d73b54888ef943cc36e0e.808a90befa6f1661827c1224dacb3290ae46c542b9a8a919a9dbeb02488bd322.de4f1475dd81d83ef08a109becbc2f30fef34598193adfdaafa81ff6aa6fd87b'
                'refresh_token' => null
                'expiration_date' => '2022-03-02 21:13:00'
                'user_id' => 114
                'created_at' => '2022-03-02 20:13:00'
                'updated_at' => '2022-03-02 20:13:00'
                'token_uuid' => null
            )
            'original' => Array &365 (
                'id' => 171
                'access_token' => 'a7bf4ddd2ed33f7d2599e3753d96eae6317e2f62566d73b54888ef943cc36e0e.808a90befa6f1661827c1224dacb3290ae46c542b9a8a919a9dbeb02488bd322.de4f1475dd81d83ef08a109becbc2f30fef34598193adfdaafa81ff6aa6fd87b'
                'refresh_token' => null
                'expiration_date' => '2022-03-02 21:13:00'
                'user_id' => 114
                'created_at' => '2022-03-02 20:13:00'
                'updated_at' => '2022-03-02 20:13:00'
                'token_uuid' => null
            )
            'changes' => Array &366 ()
            'casts' => Array &367 ()
            'classCastCache' => Array &368 ()
            'attributeCastCache' => Array &369 ()
            'dates' => Array &370 ()
            'dateFormat' => null
            'appends' => Array &371 ()
            'dispatchesEvents' => Array &372 ()
            'observables' => Array &373 ()
            'relations' => Array &374 ()
            'touches' => Array &375 ()
            'timestamps' => true
            'hidden' => Array &376 ()
            'visible' => Array &377 ()
            'guarded' => Array &378 (
                0 => '*'
            )
        )
        21 => App\Models\Token Object &000000002d3d1e150000000047065e1e (
            'fillable' => Array &379 (
                0 => 'access_token'
                1 => 'refresh_token'
                2 => 'user_id'
            )
            'connection' => 'pgsql'
            'table' => 'tokens'
            'primaryKey' => 'id'
            'keyType' => 'int'
            'incrementing' => true
            'with' => Array &380 ()
            'withCount' => Array &381 ()
            'preventsLazyLoading' => false
            'perPage' => 15
            'exists' => true
            'wasRecentlyCreated' => false
            'escapeWhenCastingToString' => false
            'attributes' => Array &382 (
                'id' => 172
                'access_token' => 'b42fbb1f50bb05bd1c190823c082bca4e0a175c79b6b83035fe02cbecb8d9066.ed1045b61688bff668c9705d42f86ac10a6d5537d666e343170a18fbb434ca3f.80b85f3e06289e4c3d763ecdfd5d5744e995ad00abf05b0b97e818640b07c875'
                'refresh_token' => null
                'expiration_date' => '2022-03-02 21:13:52'
                'user_id' => 110
                'created_at' => '2022-03-02 20:13:52'
                'updated_at' => '2022-03-02 20:13:52'
                'token_uuid' => null
            )
            'original' => Array &383 (
                'id' => 172
                'access_token' => 'b42fbb1f50bb05bd1c190823c082bca4e0a175c79b6b83035fe02cbecb8d9066.ed1045b61688bff668c9705d42f86ac10a6d5537d666e343170a18fbb434ca3f.80b85f3e06289e4c3d763ecdfd5d5744e995ad00abf05b0b97e818640b07c875'
                'refresh_token' => null
                'expiration_date' => '2022-03-02 21:13:52'
                'user_id' => 110
                'created_at' => '2022-03-02 20:13:52'
                'updated_at' => '2022-03-02 20:13:52'
                'token_uuid' => null
            )
            'changes' => Array &384 ()
            'casts' => Array &385 ()
            'classCastCache' => Array &386 ()
            'attributeCastCache' => Array &387 ()
            'dates' => Array &388 ()
            'dateFormat' => null
            'appends' => Array &389 ()
            'dispatchesEvents' => Array &390 ()
            'observables' => Array &391 ()
            'relations' => Array &392 ()
            'touches' => Array &393 ()
            'timestamps' => true
            'hidden' => Array &394 ()
            'visible' => Array &395 ()
            'guarded' => Array &396 (
                0 => '*'
            )
        )
        22 => App\Models\Token Object &000000002d3d1e0e0000000047065e1e (
            'fillable' => Array &397 (
                0 => 'access_token'
                1 => 'refresh_token'
                2 => 'user_id'
            )
            'connection' => 'pgsql'
            'table' => 'tokens'
            'primaryKey' => 'id'
            'keyType' => 'int'
            'incrementing' => true
            'with' => Array &398 ()
            'withCount' => Array &399 ()
            'preventsLazyLoading' => false
            'perPage' => 15
            'exists' => true
            'wasRecentlyCreated' => false
            'escapeWhenCastingToString' => false
            'attributes' => Array &400 (
                'id' => 173
                'access_token' => '7ce9db543b96f31772e185510c79c903169ada33a7b5543fac7bc7ead2a13200.038811c3f7485eab1db5cd6e79b8e5c537d896c370ede8b32b83cce543352a8d.7b7a7153d227f59fc9e4165a30053f7cad59d4987a69c0b2158fe28df4e2b52d'
                'refresh_token' => null
                'expiration_date' => '2022-03-02 21:13:52'
                'user_id' => 489
                'created_at' => '2022-03-02 20:13:52'
                'updated_at' => '2022-03-02 20:13:52'
                'token_uuid' => null
            )
            'original' => Array &401 (
                'id' => 173
                'access_token' => '7ce9db543b96f31772e185510c79c903169ada33a7b5543fac7bc7ead2a13200.038811c3f7485eab1db5cd6e79b8e5c537d896c370ede8b32b83cce543352a8d.7b7a7153d227f59fc9e4165a30053f7cad59d4987a69c0b2158fe28df4e2b52d'
                'refresh_token' => null
                'expiration_date' => '2022-03-02 21:13:52'
                'user_id' => 489
                'created_at' => '2022-03-02 20:13:52'
                'updated_at' => '2022-03-02 20:13:52'
                'token_uuid' => null
            )
            'changes' => Array &402 ()
            'casts' => Array &403 ()
            'classCastCache' => Array &404 ()
            'attributeCastCache' => Array &405 ()
            'dates' => Array &406 ()
            'dateFormat' => null
            'appends' => Array &407 ()
            'dispatchesEvents' => Array &408 ()
            'observables' => Array &409 ()
            'relations' => Array &410 ()
            'touches' => Array &411 ()
            'timestamps' => true
            'hidden' => Array &412 ()
            'visible' => Array &413 ()
            'guarded' => Array &414 (
                0 => '*'
            )
        )
        23 => App\Models\Token Object &000000002d3d1fec0000000047065e1e (
            'fillable' => Array &415 (
                0 => 'access_token'
                1 => 'refresh_token'
                2 => 'user_id'
            )
            'connection' => 'pgsql'
            'table' => 'tokens'
            'primaryKey' => 'id'
            'keyType' => 'int'
            'incrementing' => true
            'with' => Array &416 ()
            'withCount' => Array &417 ()
            'preventsLazyLoading' => false
            'perPage' => 15
            'exists' => true
            'wasRecentlyCreated' => false
            'escapeWhenCastingToString' => false
            'attributes' => Array &418 (
                'id' => 174
                'access_token' => '8e6206458ec3d39a0244dfe0708bde756bc979e9b68e45e97ad5cbfea6dfe01f.ea4f16b09faed95012ae8aabe33ec3dd62bb5151669cfcb853e1164e03b71bf4.4572c564dea8f869bdb15fd14c748d5f32bae941e83547863f086da9d2d374a5'
                'refresh_token' => null
                'expiration_date' => '2022-03-02 21:13:52'
                'user_id' => 107
                'created_at' => '2022-03-02 20:13:52'
                'updated_at' => '2022-03-02 20:13:52'
                'token_uuid' => null
            )
            'original' => Array &419 (
                'id' => 174
                'access_token' => '8e6206458ec3d39a0244dfe0708bde756bc979e9b68e45e97ad5cbfea6dfe01f.ea4f16b09faed95012ae8aabe33ec3dd62bb5151669cfcb853e1164e03b71bf4.4572c564dea8f869bdb15fd14c748d5f32bae941e83547863f086da9d2d374a5'
                'refresh_token' => null
                'expiration_date' => '2022-03-02 21:13:52'
                'user_id' => 107
                'created_at' => '2022-03-02 20:13:52'
                'updated_at' => '2022-03-02 20:13:52'
                'token_uuid' => null
            )
            'changes' => Array &420 ()
            'casts' => Array &421 ()
            'classCastCache' => Array &422 ()
            'attributeCastCache' => Array &423 ()
            'dates' => Array &424 ()
            'dateFormat' => null
            'appends' => Array &425 ()
            'dispatchesEvents' => Array &426 ()
            'observables' => Array &427 ()
            'relations' => Array &428 ()
            'touches' => Array &429 ()
            'timestamps' => true
            'hidden' => Array &430 ()
            'visible' => Array &431 ()
            'guarded' => Array &432 (
                0 => '*'
            )
        )
        24 => App\Models\Token Object &000000002d3d1ff70000000047065e1e (
            'fillable' => Array &433 (
                0 => 'access_token'
                1 => 'refresh_token'
                2 => 'user_id'
            )
            'connection' => 'pgsql'
            'table' => 'tokens'
            'primaryKey' => 'id'
            'keyType' => 'int'
            'incrementing' => true
            'with' => Array &434 ()
            'withCount' => Array &435 ()
            'preventsLazyLoading' => false
            'perPage' => 15
            'exists' => true
            'wasRecentlyCreated' => false
            'escapeWhenCastingToString' => false
            'attributes' => Array &436 (
                'id' => 175
                'access_token' => '82e25aea56f66dc9e0d8ae7a8df3578c7a5f9d955e6fb56144db95f4e69828ab.030282622895b968ef239e5fdab62d67caa952a61c65ed277bbd22b5dc8e09d9.6b1539078263dbb941fc6ca00d9c76b5b7d19bfd117f92d96b897030ecd10e95'
                'refresh_token' => null
                'expiration_date' => '2022-03-02 21:13:52'
                'user_id' => 491
                'created_at' => '2022-03-02 20:13:52'
                'updated_at' => '2022-03-02 20:13:52'
                'token_uuid' => null
            )
            'original' => Array &437 (
                'id' => 175
                'access_token' => '82e25aea56f66dc9e0d8ae7a8df3578c7a5f9d955e6fb56144db95f4e69828ab.030282622895b968ef239e5fdab62d67caa952a61c65ed277bbd22b5dc8e09d9.6b1539078263dbb941fc6ca00d9c76b5b7d19bfd117f92d96b897030ecd10e95'
                'refresh_token' => null
                'expiration_date' => '2022-03-02 21:13:52'
                'user_id' => 491
                'created_at' => '2022-03-02 20:13:52'
                'updated_at' => '2022-03-02 20:13:52'
                'token_uuid' => null
            )
            'changes' => Array &438 ()
            'casts' => Array &439 ()
            'classCastCache' => Array &440 ()
            'attributeCastCache' => Array &441 ()
            'dates' => Array &442 ()
            'dateFormat' => null
            'appends' => Array &443 ()
            'dispatchesEvents' => Array &444 ()
            'observables' => Array &445 ()
            'relations' => Array &446 ()
            'touches' => Array &447 ()
            'timestamps' => true
            'hidden' => Array &448 ()
            'visible' => Array &449 ()
            'guarded' => Array &450 (
                0 => '*'
            )
        )
        25 => App\Models\Token Object &000000002d3d10e90000000047065e1e (
            'fillable' => Array &451 (
                0 => 'access_token'
                1 => 'refresh_token'
                2 => 'user_id'
            )
            'connection' => 'pgsql'
            'table' => 'tokens'
            'primaryKey' => 'id'
            'keyType' => 'int'
            'incrementing' => true
            'with' => Array &452 ()
            'withCount' => Array &453 ()
            'preventsLazyLoading' => false
            'perPage' => 15
            'exists' => true
            'wasRecentlyCreated' => false
            'escapeWhenCastingToString' => false
            'attributes' => Array &454 (
                'id' => 176
                'access_token' => '0fbf5796641cb42a3215ad0a59a18bca2c840d5bdb6b196f446ca06f0061ffcf.b1a0e85f1cf551a6909d4ec1ff085d7a15c6b61bb667a223e348220ea4315ca0.9392dad85c013aa41f5da1226c189a6527014612320022d1add8d43cf80d4ca9'
                'refresh_token' => null
                'expiration_date' => '2022-03-02 21:13:52'
                'user_id' => 113
                'created_at' => '2022-03-02 20:13:52'
                'updated_at' => '2022-03-02 20:13:52'
                'token_uuid' => null
            )
            'original' => Array &455 (
                'id' => 176
                'access_token' => '0fbf5796641cb42a3215ad0a59a18bca2c840d5bdb6b196f446ca06f0061ffcf.b1a0e85f1cf551a6909d4ec1ff085d7a15c6b61bb667a223e348220ea4315ca0.9392dad85c013aa41f5da1226c189a6527014612320022d1add8d43cf80d4ca9'
                'refresh_token' => null
                'expiration_date' => '2022-03-02 21:13:52'
                'user_id' => 113
                'created_at' => '2022-03-02 20:13:52'
                'updated_at' => '2022-03-02 20:13:52'
                'token_uuid' => null
            )
            'changes' => Array &456 ()
            'casts' => Array &457 ()
            'classCastCache' => Array &458 ()
            'attributeCastCache' => Array &459 ()
            'dates' => Array &460 ()
            'dateFormat' => null
            'appends' => Array &461 ()
            'dispatchesEvents' => Array &462 ()
            'observables' => Array &463 ()
            'relations' => Array &464 ()
            'touches' => Array &465 ()
            'timestamps' => true
            'hidden' => Array &466 ()
            'visible' => Array &467 ()
            'guarded' => Array &468 (
                0 => '*'
            )
        )
        26 => App\Models\Token Object &000000002d3d1f190000000047065e1e (
            'fillable' => Array &469 (
                0 => 'access_token'
                1 => 'refresh_token'
                2 => 'user_id'
            )
            'connection' => 'pgsql'
            'table' => 'tokens'
            'primaryKey' => 'id'
            'keyType' => 'int'
            'incrementing' => true
            'with' => Array &470 ()
            'withCount' => Array &471 ()
            'preventsLazyLoading' => false
            'perPage' => 15
            'exists' => true
            'wasRecentlyCreated' => false
            'escapeWhenCastingToString' => false
            'attributes' => Array &472 (
                'id' => 177
                'access_token' => '34e59d081c3d92743b86f5a113dd55c9c67285ca74b43cc00f34f656a2b9c75d.0aaec4058576a5d44cef1f749874aae538f49555255b4683981be091a99dee71.63c058e36d19b8a3b222905082bfc582365bba157caeba5026b18da7a1290552'
                'refresh_token' => null
                'expiration_date' => '2022-03-02 21:13:52'
                'user_id' => 493
                'created_at' => '2022-03-02 20:13:52'
                'updated_at' => '2022-03-02 20:13:52'
                'token_uuid' => null
            )
            'original' => Array &473 (
                'id' => 177
                'access_token' => '34e59d081c3d92743b86f5a113dd55c9c67285ca74b43cc00f34f656a2b9c75d.0aaec4058576a5d44cef1f749874aae538f49555255b4683981be091a99dee71.63c058e36d19b8a3b222905082bfc582365bba157caeba5026b18da7a1290552'
                'refresh_token' => null
                'expiration_date' => '2022-03-02 21:13:52'
                'user_id' => 493
                'created_at' => '2022-03-02 20:13:52'
                'updated_at' => '2022-03-02 20:13:52'
                'token_uuid' => null
            )
            'changes' => Array &474 ()
            'casts' => Array &475 ()
            'classCastCache' => Array &476 ()
            'attributeCastCache' => Array &477 ()
            'dates' => Array &478 ()
            'dateFormat' => null
            'appends' => Array &479 ()
            'dispatchesEvents' => Array &480 ()
            'observables' => Array &481 ()
            'relations' => Array &482 ()
            'touches' => Array &483 ()
            'timestamps' => true
            'hidden' => Array &484 ()
            'visible' => Array &485 ()
            'guarded' => Array &486 (
                0 => '*'
            )
        )
        27 => App\Models\Token Object &000000002d3d1fb60000000047065e1e (
            'fillable' => Array &487 (
                0 => 'access_token'
                1 => 'refresh_token'
                2 => 'user_id'
            )
            'connection' => 'pgsql'
            'table' => 'tokens'
            'primaryKey' => 'id'
            'keyType' => 'int'
            'incrementing' => true
            'with' => Array &488 ()
            'withCount' => Array &489 ()
            'preventsLazyLoading' => false
            'perPage' => 15
            'exists' => true
            'wasRecentlyCreated' => false
            'escapeWhenCastingToString' => false
            'attributes' => Array &490 (
                'id' => 178
                'access_token' => 'e8e07a815a43dd17770020d481a682c022d271ae371d934b470ac4cd9c4af816.291af57eb77a3a322eeaa1cb72ed1835e0f81cc50f17bfee52211382a430fd7d.bf91a4aa83acf8cb4ceac45909c0b8b23cd018a66a3df5d1cb34261cae57b15d'
                'refresh_token' => null
                'expiration_date' => '2022-03-02 21:13:52'
                'user_id' => 487
                'created_at' => '2022-03-02 20:13:52'
                'updated_at' => '2022-03-02 20:13:52'
                'token_uuid' => null
            )
            'original' => Array &491 (
                'id' => 178
                'access_token' => 'e8e07a815a43dd17770020d481a682c022d271ae371d934b470ac4cd9c4af816.291af57eb77a3a322eeaa1cb72ed1835e0f81cc50f17bfee52211382a430fd7d.bf91a4aa83acf8cb4ceac45909c0b8b23cd018a66a3df5d1cb34261cae57b15d'
                'refresh_token' => null
                'expiration_date' => '2022-03-02 21:13:52'
                'user_id' => 487
                'created_at' => '2022-03-02 20:13:52'
                'updated_at' => '2022-03-02 20:13:52'
                'token_uuid' => null
            )
            'changes' => Array &492 ()
            'casts' => Array &493 ()
            'classCastCache' => Array &494 ()
            'attributeCastCache' => Array &495 ()
            'dates' => Array &496 ()
            'dateFormat' => null
            'appends' => Array &497 ()
            'dispatchesEvents' => Array &498 ()
            'observables' => Array &499 ()
            'relations' => Array &500 ()
            'touches' => Array &501 ()
            'timestamps' => true
            'hidden' => Array &502 ()
            'visible' => Array &503 ()
            'guarded' => Array &504 (
                0 => '*'
            )
        )
        28 => App\Models\Token Object &000000002d3d1f500000000047065e1e (
            'fillable' => Array &505 (
                0 => 'access_token'
                1 => 'refresh_token'
                2 => 'user_id'
            )
            'connection' => 'pgsql'
            'table' => 'tokens'
            'primaryKey' => 'id'
            'keyType' => 'int'
            'incrementing' => true
            'with' => Array &506 ()
            'withCount' => Array &507 ()
            'preventsLazyLoading' => false
            'perPage' => 15
            'exists' => true
            'wasRecentlyCreated' => false
            'escapeWhenCastingToString' => false
            'attributes' => Array &508 (
                'id' => 179
                'access_token' => 'e80a7e6498f5d3c731f8454b427cb44a9e0a6c25527377f3464b3b8bc5ebe37e.8f01453d1cd3948d7945a30583e97b858ddb1078118844880de2d42cbc7984ce.d1b8d88e526c129b67263d2175b3ef708beded303bfc4cf794894536313c9154'
                'refresh_token' => null
                'expiration_date' => '2022-03-02 21:13:52'
                'user_id' => 502
                'created_at' => '2022-03-02 20:13:52'
                'updated_at' => '2022-03-02 20:13:52'
                'token_uuid' => null
            )
            'original' => Array &509 (
                'id' => 179
                'access_token' => 'e80a7e6498f5d3c731f8454b427cb44a9e0a6c25527377f3464b3b8bc5ebe37e.8f01453d1cd3948d7945a30583e97b858ddb1078118844880de2d42cbc7984ce.d1b8d88e526c129b67263d2175b3ef708beded303bfc4cf794894536313c9154'
                'refresh_token' => null
                'expiration_date' => '2022-03-02 21:13:52'
                'user_id' => 502
                'created_at' => '2022-03-02 20:13:52'
                'updated_at' => '2022-03-02 20:13:52'
                'token_uuid' => null
            )
            'changes' => Array &510 ()
            'casts' => Array &511 ()
            'classCastCache' => Array &512 ()
            'attributeCastCache' => Array &513 ()
            'dates' => Array &514 ()
            'dateFormat' => null
            'appends' => Array &515 ()
            'dispatchesEvents' => Array &516 ()
            'observables' => Array &517 ()
            'relations' => Array &518 ()
            'touches' => Array &519 ()
            'timestamps' => true
            'hidden' => Array &520 ()
            'visible' => Array &521 ()
            'guarded' => Array &522 (
                0 => '*'
            )
        )
        29 => App\Models\Token Object &000000002d3d1ffe0000000047065e1e (
            'fillable' => Array &523 (
                0 => 'access_token'
                1 => 'refresh_token'
                2 => 'user_id'
            )
            'connection' => 'pgsql'
            'table' => 'tokens'
            'primaryKey' => 'id'
            'keyType' => 'int'
            'incrementing' => true
            'with' => Array &524 ()
            'withCount' => Array &525 ()
            'preventsLazyLoading' => false
            'perPage' => 15
            'exists' => true
            'wasRecentlyCreated' => false
            'escapeWhenCastingToString' => false
            'attributes' => Array &526 (
                'id' => 180
                'access_token' => '87b7708ce7d2cce7f1c8b8e51cd6234c2c874a7fbdb794e74e4c15d3f44e829f.dbea9d693834e28dd46158c9b02204ac84c71f6cc7fbcb8f40d40df7d97a157b.2791788a987e7c4f97be2ef2df46c86f4be8b94c0d1bac41c8e829369e3ca2e9'
                'refresh_token' => null
                'expiration_date' => '2022-03-02 21:13:52'
                'user_id' => 480
                'created_at' => '2022-03-02 20:13:52'
                'updated_at' => '2022-03-02 20:13:52'
                'token_uuid' => null
            )
            'original' => Array &527 (
                'id' => 180
                'access_token' => '87b7708ce7d2cce7f1c8b8e51cd6234c2c874a7fbdb794e74e4c15d3f44e829f.dbea9d693834e28dd46158c9b02204ac84c71f6cc7fbcb8f40d40df7d97a157b.2791788a987e7c4f97be2ef2df46c86f4be8b94c0d1bac41c8e829369e3ca2e9'
                'refresh_token' => null
                'expiration_date' => '2022-03-02 21:13:52'
                'user_id' => 480
                'created_at' => '2022-03-02 20:13:52'
                'updated_at' => '2022-03-02 20:13:52'
                'token_uuid' => null
            )
            'changes' => Array &528 ()
            'casts' => Array &529 ()
            'classCastCache' => Array &530 ()
            'attributeCastCache' => Array &531 ()
            'dates' => Array &532 ()
            'dateFormat' => null
            'appends' => Array &533 ()
            'dispatchesEvents' => Array &534 ()
            'observables' => Array &535 ()
            'relations' => Array &536 ()
            'touches' => Array &537 ()
            'timestamps' => true
            'hidden' => Array &538 ()
            'visible' => Array &539 ()
            'guarded' => Array &540 (
                0 => '*'
            )
        )
        30 => App\Models\Token Object &000000002d3d1e4a0000000047065e1e (
            'fillable' => Array &541 (
                0 => 'access_token'
                1 => 'refresh_token'
                2 => 'user_id'
            )
            'connection' => 'pgsql'
            'table' => 'tokens'
            'primaryKey' => 'id'
            'keyType' => 'int'
            'incrementing' => true
            'with' => Array &542 ()
            'withCount' => Array &543 ()
            'preventsLazyLoading' => false
            'perPage' => 15
            'exists' => true
            'wasRecentlyCreated' => false
            'escapeWhenCastingToString' => false
            'attributes' => Array &544 (
                'id' => 38
                'access_token' => 'a97d0ed34d48d1931368a1922bfe8e8cf23b9f0d70dd420822b34a515c69cb6f.5e4388f70f8585ecc196935f38e1f5cb0e9d1488e6a17e3b073051aa68e95c82.55ae3214621493d1ded70137e5d521575008904da89f65533938f27c25634a8a'
                'refresh_token' => null
                'expiration_date' => '2022-02-28 21:01:07'
                'user_id' => 113
                'created_at' => '2022-02-28 20:01:07'
                'updated_at' => '2022-02-28 20:01:07'
                'token_uuid' => null
            )
            'original' => Array &545 (
                'id' => 38
                'access_token' => 'a97d0ed34d48d1931368a1922bfe8e8cf23b9f0d70dd420822b34a515c69cb6f.5e4388f70f8585ecc196935f38e1f5cb0e9d1488e6a17e3b073051aa68e95c82.55ae3214621493d1ded70137e5d521575008904da89f65533938f27c25634a8a'
                'refresh_token' => null
                'expiration_date' => '2022-02-28 21:01:07'
                'user_id' => 113
                'created_at' => '2022-02-28 20:01:07'
                'updated_at' => '2022-02-28 20:01:07'
                'token_uuid' => null
            )
            'changes' => Array &546 ()
            'casts' => Array &547 ()
            'classCastCache' => Array &548 ()
            'attributeCastCache' => Array &549 ()
            'dates' => Array &550 ()
            'dateFormat' => null
            'appends' => Array &551 ()
            'dispatchesEvents' => Array &552 ()
            'observables' => Array &553 ()
            'relations' => Array &554 ()
            'touches' => Array &555 ()
            'timestamps' => true
            'hidden' => Array &556 ()
            'visible' => Array &557 ()
            'guarded' => Array &558 (
                0 => '*'
            )
        )
        31 => App\Models\Token Object &000000002d3d13670000000047065e1e (
            'fillable' => Array &559 (
                0 => 'access_token'
                1 => 'refresh_token'
                2 => 'user_id'
            )
            'connection' => 'pgsql'
            'table' => 'tokens'
            'primaryKey' => 'id'
            'keyType' => 'int'
            'incrementing' => true
            'with' => Array &560 ()
            'withCount' => Array &561 ()
            'preventsLazyLoading' => false
            'perPage' => 15
            'exists' => true
            'wasRecentlyCreated' => false
            'escapeWhenCastingToString' => false
            'attributes' => Array &562 (
                'id' => 39
                'access_token' => '5c69e76d25240896ede50acbeca2b0800df6259b68654befbc1ce9ff75feb349.6f3e9c5659e192fd658c36ee89090a661d00f7653e0931f13df10f7d865c5b9e.d1d50c46a4d0cb6bc7f616ee1580f38b1f0155476aff969228f12055ac7da97e'
                'refresh_token' => null
                'expiration_date' => '2022-02-28 21:01:07'
                'user_id' => 113
                'created_at' => '2022-02-28 20:01:07'
                'updated_at' => '2022-02-28 20:01:07'
                'token_uuid' => null
            )
            'original' => Array &563 (
                'id' => 39
                'access_token' => '5c69e76d25240896ede50acbeca2b0800df6259b68654befbc1ce9ff75feb349.6f3e9c5659e192fd658c36ee89090a661d00f7653e0931f13df10f7d865c5b9e.d1d50c46a4d0cb6bc7f616ee1580f38b1f0155476aff969228f12055ac7da97e'
                'refresh_token' => null
                'expiration_date' => '2022-02-28 21:01:07'
                'user_id' => 113
                'created_at' => '2022-02-28 20:01:07'
                'updated_at' => '2022-02-28 20:01:07'
                'token_uuid' => null
            )
            'changes' => Array &564 ()
            'casts' => Array &565 ()
            'classCastCache' => Array &566 ()
            'attributeCastCache' => Array &567 ()
            'dates' => Array &568 ()
            'dateFormat' => null
            'appends' => Array &569 ()
            'dispatchesEvents' => Array &570 ()
            'observables' => Array &571 ()
            'relations' => Array &572 ()
            'touches' => Array &573 ()
            'timestamps' => true
            'hidden' => Array &574 ()
            'visible' => Array &575 ()
            'guarded' => Array &576 (
                0 => '*'
            )
        )
        32 => App\Models\Token Object &000000002d3d13600000000047065e1e (
            'fillable' => Array &577 (
                0 => 'access_token'
                1 => 'refresh_token'
                2 => 'user_id'
            )
            'connection' => 'pgsql'
            'table' => 'tokens'
            'primaryKey' => 'id'
            'keyType' => 'int'
            'incrementing' => true
            'with' => Array &578 ()
            'withCount' => Array &579 ()
            'preventsLazyLoading' => false
            'perPage' => 15
            'exists' => true
            'wasRecentlyCreated' => false
            'escapeWhenCastingToString' => false
            'attributes' => Array &580 (
                'id' => 40
                'access_token' => '707d7cc6c1b840018108805c92a1e0a35ec62248cb3b6b6baca9e6e1d3896593.51adc51ce4025791d4a5d680621889dce1c927a3779a2ae7bb7045b56a41db10.01eb207f97eba8aa83dceccf91a2c6e9dc60aca93a1605cf34cd4166e1332fe4'
                'refresh_token' => null
                'expiration_date' => '2022-02-28 21:01:07'
                'user_id' => 112
                'created_at' => '2022-02-28 20:01:07'
                'updated_at' => '2022-02-28 20:01:07'
                'token_uuid' => null
            )
            'original' => Array &581 (
                'id' => 40
                'access_token' => '707d7cc6c1b840018108805c92a1e0a35ec62248cb3b6b6baca9e6e1d3896593.51adc51ce4025791d4a5d680621889dce1c927a3779a2ae7bb7045b56a41db10.01eb207f97eba8aa83dceccf91a2c6e9dc60aca93a1605cf34cd4166e1332fe4'
                'refresh_token' => null
                'expiration_date' => '2022-02-28 21:01:07'
                'user_id' => 112
                'created_at' => '2022-02-28 20:01:07'
                'updated_at' => '2022-02-28 20:01:07'
                'token_uuid' => null
            )
            'changes' => Array &582 ()
            'casts' => Array &583 ()
            'classCastCache' => Array &584 ()
            'attributeCastCache' => Array &585 ()
            'dates' => Array &586 ()
            'dateFormat' => null
            'appends' => Array &587 ()
            'dispatchesEvents' => Array &588 ()
            'observables' => Array &589 ()
            'relations' => Array &590 ()
            'touches' => Array &591 ()
            'timestamps' => true
            'hidden' => Array &592 ()
            'visible' => Array &593 ()
            'guarded' => Array &594 (
                0 => '*'
            )
        )
        33 => App\Models\Token Object &000000002d3d13870000000047065e1e (
            'fillable' => Array &595 (
                0 => 'access_token'
                1 => 'refresh_token'
                2 => 'user_id'
            )
            'connection' => 'pgsql'
            'table' => 'tokens'
            'primaryKey' => 'id'
            'keyType' => 'int'
            'incrementing' => true
            'with' => Array &596 ()
            'withCount' => Array &597 ()
            'preventsLazyLoading' => false
            'perPage' => 15
            'exists' => true
            'wasRecentlyCreated' => false
            'escapeWhenCastingToString' => false
            'attributes' => Array &598 (
                'id' => 41
                'access_token' => '711bacb87a78c92b2d96b8fe9d22e15f9ff5352a8f764f4decb3c035725fc356.0e2785666f3fcc8017b9085be99672a2caa6c8678556492ace7d1076480e878b.b2f31db7387963aabf0aa30456d5b4292f8e5e414b89a8404417de27d09f83f1'
                'refresh_token' => null
                'expiration_date' => '2022-02-28 21:01:07'
                'user_id' => 1
                'created_at' => '2022-02-28 20:01:07'
                'updated_at' => '2022-02-28 20:01:07'
                'token_uuid' => null
            )
            'original' => Array &599 (
                'id' => 41
                'access_token' => '711bacb87a78c92b2d96b8fe9d22e15f9ff5352a8f764f4decb3c035725fc356.0e2785666f3fcc8017b9085be99672a2caa6c8678556492ace7d1076480e878b.b2f31db7387963aabf0aa30456d5b4292f8e5e414b89a8404417de27d09f83f1'
                'refresh_token' => null
                'expiration_date' => '2022-02-28 21:01:07'
                'user_id' => 1
                'created_at' => '2022-02-28 20:01:07'
                'updated_at' => '2022-02-28 20:01:07'
                'token_uuid' => null
            )
            'changes' => Array &600 ()
            'casts' => Array &601 ()
            'classCastCache' => Array &602 ()
            'attributeCastCache' => Array &603 ()
            'dates' => Array &604 ()
            'dateFormat' => null
            'appends' => Array &605 ()
            'dispatchesEvents' => Array &606 ()
            'observables' => Array &607 ()
            'relations' => Array &608 ()
            'touches' => Array &609 ()
            'timestamps' => true
            'hidden' => Array &610 ()
            'visible' => Array &611 ()
            'guarded' => Array &612 (
                0 => '*'
            )
        )
        34 => App\Models\Token Object &000000002d3d13300000000047065e1e (
            'fillable' => Array &613 (
                0 => 'access_token'
                1 => 'refresh_token'
                2 => 'user_id'
            )
            'connection' => 'pgsql'
            'table' => 'tokens'
            'primaryKey' => 'id'
            'keyType' => 'int'
            'incrementing' => true
            'with' => Array &614 ()
            'withCount' => Array &615 ()
            'preventsLazyLoading' => false
            'perPage' => 15
            'exists' => true
            'wasRecentlyCreated' => false
            'escapeWhenCastingToString' => false
            'attributes' => Array &616 (
                'id' => 42
                'access_token' => '263e1be2ac56fbe73b0ec00273d343f458c1958982476e482f9c824886778f18.b98d754fa1d839f38dfa1d5f992e12def592730c3c7faf52ce0097686a64ad13.a6a8d2b2b3c1cdaec8e2c72630b261da56541ca180111c2eb20f4dfecf997fa3'
                'refresh_token' => null
                'expiration_date' => '2022-02-28 21:01:07'
                'user_id' => 108
                'created_at' => '2022-02-28 20:01:07'
                'updated_at' => '2022-02-28 20:01:07'
                'token_uuid' => null
            )
            'original' => Array &617 (
                'id' => 42
                'access_token' => '263e1be2ac56fbe73b0ec00273d343f458c1958982476e482f9c824886778f18.b98d754fa1d839f38dfa1d5f992e12def592730c3c7faf52ce0097686a64ad13.a6a8d2b2b3c1cdaec8e2c72630b261da56541ca180111c2eb20f4dfecf997fa3'
                'refresh_token' => null
                'expiration_date' => '2022-02-28 21:01:07'
                'user_id' => 108
                'created_at' => '2022-02-28 20:01:07'
                'updated_at' => '2022-02-28 20:01:07'
                'token_uuid' => null
            )
            'changes' => Array &618 ()
            'casts' => Array &619 ()
            'classCastCache' => Array &620 ()
            'attributeCastCache' => Array &621 ()
            'dates' => Array &622 ()
            'dateFormat' => null
            'appends' => Array &623 ()
            'dispatchesEvents' => Array &624 ()
            'observables' => Array &625 ()
            'relations' => Array &626 ()
            'touches' => Array &627 ()
            'timestamps' => true
            'hidden' => Array &628 ()
            'visible' => Array &629 ()
            'guarded' => Array &630 (
                0 => '*'
            )
        )
        35 => App\Models\Token Object &000000002d3d102f0000000047065e1e (
            'fillable' => Array &631 (
                0 => 'access_token'
                1 => 'refresh_token'
                2 => 'user_id'
            )
            'connection' => 'pgsql'
            'table' => 'tokens'
            'primaryKey' => 'id'
            'keyType' => 'int'
            'incrementing' => true
            'with' => Array &632 ()
            'withCount' => Array &633 ()
            'preventsLazyLoading' => false
            'perPage' => 15
            'exists' => true
            'wasRecentlyCreated' => false
            'escapeWhenCastingToString' => false
            'attributes' => Array &634 (
                'id' => 43
                'access_token' => 'c0ec35cd62d7267218c6864f2709314df277696069eeee3c9ee9c3bcbb772d5c.fc26d069ddfa4fd44e4c0dee3fdd855d815140802a6ecfa070af49db5d692d5d.7ae4fb373d56af8cd489ca48a53df43df693ae943a4df77514b92b0e0a9fa0ad'
                'refresh_token' => null
                'expiration_date' => '2022-02-28 21:01:07'
                'user_id' => 106
                'created_at' => '2022-02-28 20:01:07'
                'updated_at' => '2022-02-28 20:01:07'
                'token_uuid' => null
            )
            'original' => Array &635 (
                'id' => 43
                'access_token' => 'c0ec35cd62d7267218c6864f2709314df277696069eeee3c9ee9c3bcbb772d5c.fc26d069ddfa4fd44e4c0dee3fdd855d815140802a6ecfa070af49db5d692d5d.7ae4fb373d56af8cd489ca48a53df43df693ae943a4df77514b92b0e0a9fa0ad'
                'refresh_token' => null
                'expiration_date' => '2022-02-28 21:01:07'
                'user_id' => 106
                'created_at' => '2022-02-28 20:01:07'
                'updated_at' => '2022-02-28 20:01:07'
                'token_uuid' => null
            )
            'changes' => Array &636 ()
            'casts' => Array &637 ()
            'classCastCache' => Array &638 ()
            'attributeCastCache' => Array &639 ()
            'dates' => Array &640 ()
            'dateFormat' => null
            'appends' => Array &641 ()
            'dispatchesEvents' => Array &642 ()
            'observables' => Array &643 ()
            'relations' => Array &644 ()
            'touches' => Array &645 ()
            'timestamps' => true
            'hidden' => Array &646 ()
            'visible' => Array &647 ()
            'guarded' => Array &648 (
                0 => '*'
            )
        )
        36 => App\Models\Token Object &000000002d3d1e0a0000000047065e1e (
            'fillable' => Array &649 (
                0 => 'access_token'
                1 => 'refresh_token'
                2 => 'user_id'
            )
            'connection' => 'pgsql'
            'table' => 'tokens'
            'primaryKey' => 'id'
            'keyType' => 'int'
            'incrementing' => true
            'with' => Array &650 ()
            'withCount' => Array &651 ()
            'preventsLazyLoading' => false
            'perPage' => 15
            'exists' => true
            'wasRecentlyCreated' => false
            'escapeWhenCastingToString' => false
            'attributes' => Array &652 (
                'id' => 44
                'access_token' => '5aa06148c6a5fbed5057937e41ce4638f019812b2b7df164006951619e24e078.1aba9373ada1b6b9f0c95664ed29c8cf4b90419f3c435346d0175badce4e11c6.44b5508864fa70e145bc985dd5df45d3c3f65d1aaeb89d41329474da6f1103ac'
                'refresh_token' => null
                'expiration_date' => '2022-02-28 21:01:07'
                'user_id' => 1
                'created_at' => '2022-02-28 20:01:07'
                'updated_at' => '2022-02-28 20:01:07'
                'token_uuid' => null
            )
            'original' => Array &653 (
                'id' => 44
                'access_token' => '5aa06148c6a5fbed5057937e41ce4638f019812b2b7df164006951619e24e078.1aba9373ada1b6b9f0c95664ed29c8cf4b90419f3c435346d0175badce4e11c6.44b5508864fa70e145bc985dd5df45d3c3f65d1aaeb89d41329474da6f1103ac'
                'refresh_token' => null
                'expiration_date' => '2022-02-28 21:01:07'
                'user_id' => 1
                'created_at' => '2022-02-28 20:01:07'
                'updated_at' => '2022-02-28 20:01:07'
                'token_uuid' => null
            )
            'changes' => Array &654 ()
            'casts' => Array &655 ()
            'classCastCache' => Array &656 ()
            'attributeCastCache' => Array &657 ()
            'dates' => Array &658 ()
            'dateFormat' => null
            'appends' => Array &659 ()
            'dispatchesEvents' => Array &660 ()
            'observables' => Array &661 ()
            'relations' => Array &662 ()
            'touches' => Array &663 ()
            'timestamps' => true
            'hidden' => Array &664 ()
            'visible' => Array &665 ()
            'guarded' => Array &666 (
                0 => '*'
            )
        )
        37 => App\Models\Token Object &000000002d3d1e060000000047065e1e (
            'fillable' => Array &667 (
                0 => 'access_token'
                1 => 'refresh_token'
                2 => 'user_id'
            )
            'connection' => 'pgsql'
            'table' => 'tokens'
            'primaryKey' => 'id'
            'keyType' => 'int'
            'incrementing' => true
            'with' => Array &668 ()
            'withCount' => Array &669 ()
            'preventsLazyLoading' => false
            'perPage' => 15
            'exists' => true
            'wasRecentlyCreated' => false
            'escapeWhenCastingToString' => false
            'attributes' => Array &670 (
                'id' => 152
                'access_token' => 'dc1e9d733b6d9937b163b54800611e90b3b358633053090f54022acc0965cb3f.7e7614ed6585a7d58ced1a337a39f58ef47d7319d2099e3e8f238bbf28bd9a4d.80c3ad121ded7473ee22e3f9017380bb9e8f354138112bc4f8d7720f9e91afb1'
                'refresh_token' => null
                'expiration_date' => '2022-03-02 21:08:57'
                'user_id' => 114
                'created_at' => '2022-03-02 20:08:57'
                'updated_at' => '2022-03-02 20:08:57'
                'token_uuid' => null
            )
            'original' => Array &671 (
                'id' => 152
                'access_token' => 'dc1e9d733b6d9937b163b54800611e90b3b358633053090f54022acc0965cb3f.7e7614ed6585a7d58ced1a337a39f58ef47d7319d2099e3e8f238bbf28bd9a4d.80c3ad121ded7473ee22e3f9017380bb9e8f354138112bc4f8d7720f9e91afb1'
                'refresh_token' => null
                'expiration_date' => '2022-03-02 21:08:57'
                'user_id' => 114
                'created_at' => '2022-03-02 20:08:57'
                'updated_at' => '2022-03-02 20:08:57'
                'token_uuid' => null
            )
            'changes' => Array &672 ()
            'casts' => Array &673 ()
            'classCastCache' => Array &674 ()
            'attributeCastCache' => Array &675 ()
            'dates' => Array &676 ()
            'dateFormat' => null
            'appends' => Array &677 ()
            'dispatchesEvents' => Array &678 ()
            'observables' => Array &679 ()
            'relations' => Array &680 ()
            'touches' => Array &681 ()
            'timestamps' => true
            'hidden' => Array &682 ()
            'visible' => Array &683 ()
            'guarded' => Array &684 (
                0 => '*'
            )
        )
        38 => App\Models\Token Object &000000002d3d1faa0000000047065e1e (
            'fillable' => Array &685 (
                0 => 'access_token'
                1 => 'refresh_token'
                2 => 'user_id'
            )
            'connection' => 'pgsql'
            'table' => 'tokens'
            'primaryKey' => 'id'
            'keyType' => 'int'
            'incrementing' => true
            'with' => Array &686 ()
            'withCount' => Array &687 ()
            'preventsLazyLoading' => false
            'perPage' => 15
            'exists' => true
            'wasRecentlyCreated' => false
            'escapeWhenCastingToString' => false
            'attributes' => Array &688 (
                'id' => 153
                'access_token' => '5dd7bf98453088e9f4f47473f52f0a9d02e3229edd6d13b09970121eab3ed952.dff24f5afb260054c28d227a751c80ead0c1ceacd392c3e748541c12e1212f3a.81bcb944bf92d3b2d003fa91ac1aba9fd63ece351357e54f2995246724b4f743'
                'refresh_token' => null
                'expiration_date' => '2022-03-02 21:08:57'
                'user_id' => 476
                'created_at' => '2022-03-02 20:08:57'
                'updated_at' => '2022-03-02 20:08:57'
                'token_uuid' => null
            )
            'original' => Array &689 (
                'id' => 153
                'access_token' => '5dd7bf98453088e9f4f47473f52f0a9d02e3229edd6d13b09970121eab3ed952.dff24f5afb260054c28d227a751c80ead0c1ceacd392c3e748541c12e1212f3a.81bcb944bf92d3b2d003fa91ac1aba9fd63ece351357e54f2995246724b4f743'
                'refresh_token' => null
                'expiration_date' => '2022-03-02 21:08:57'
                'user_id' => 476
                'created_at' => '2022-03-02 20:08:57'
                'updated_at' => '2022-03-02 20:08:57'
                'token_uuid' => null
            )
            'changes' => Array &690 ()
            'casts' => Array &691 ()
            'classCastCache' => Array &692 ()
            'attributeCastCache' => Array &693 ()
            'dates' => Array &694 ()
            'dateFormat' => null
            'appends' => Array &695 ()
            'dispatchesEvents' => Array &696 ()
            'observables' => Array &697 ()
            'relations' => Array &698 ()
            'touches' => Array &699 ()
            'timestamps' => true
            'hidden' => Array &700 ()
            'visible' => Array &701 ()
            'guarded' => Array &702 (
                0 => '*'
            )
        )
        39 => App\Models\Token Object &000000002d3d10270000000047065e1e (
            'fillable' => Array &703 (
                0 => 'access_token'
                1 => 'refresh_token'
                2 => 'user_id'
            )
            'connection' => 'pgsql'
            'table' => 'tokens'
            'primaryKey' => 'id'
            'keyType' => 'int'
            'incrementing' => true
            'with' => Array &704 ()
            'withCount' => Array &705 ()
            'preventsLazyLoading' => false
            'perPage' => 15
            'exists' => true
            'wasRecentlyCreated' => false
            'escapeWhenCastingToString' => false
            'attributes' => Array &706 (
                'id' => 181
                'access_token' => 'c1f9e83e645ad2241c151cf3679bfe0e5864137a67b65db8666757d6052e8126.e6a7f423e98ccf577ce2f3eb0b0f781d670893a59496b11c406bbc271695631b.0c1af98edd351b154c6bae4ef7c4c3cc0a96482d7d36fa3a0055246c59a69add'
                'refresh_token' => null
                'expiration_date' => '2022-03-02 21:13:52'
                'user_id' => 490
                'created_at' => '2022-03-02 20:13:52'
                'updated_at' => '2022-03-02 20:13:52'
                'token_uuid' => null
            )
            'original' => Array &707 (
                'id' => 181
                'access_token' => 'c1f9e83e645ad2241c151cf3679bfe0e5864137a67b65db8666757d6052e8126.e6a7f423e98ccf577ce2f3eb0b0f781d670893a59496b11c406bbc271695631b.0c1af98edd351b154c6bae4ef7c4c3cc0a96482d7d36fa3a0055246c59a69add'
                'refresh_token' => null
                'expiration_date' => '2022-03-02 21:13:52'
                'user_id' => 490
                'created_at' => '2022-03-02 20:13:52'
                'updated_at' => '2022-03-02 20:13:52'
                'token_uuid' => null
            )
            'changes' => Array &708 ()
            'casts' => Array &709 ()
            'classCastCache' => Array &710 ()
            'attributeCastCache' => Array &711 ()
            'dates' => Array &712 ()
            'dateFormat' => null
            'appends' => Array &713 ()
            'dispatchesEvents' => Array &714 ()
            'observables' => Array &715 ()
            'relations' => Array &716 ()
            'touches' => Array &717 ()
            'timestamps' => true
            'hidden' => Array &718 ()
            'visible' => Array &719 ()
            'guarded' => Array &720 (
                0 => '*'
            )
        )
        40 => App\Models\Token Object &000000002d3d1f6d0000000047065e1e (
            'fillable' => Array &721 (
                0 => 'access_token'
                1 => 'refresh_token'
                2 => 'user_id'
            )
            'connection' => 'pgsql'
            'table' => 'tokens'
            'primaryKey' => 'id'
            'keyType' => 'int'
            'incrementing' => true
            'with' => Array &722 ()
            'withCount' => Array &723 ()
            'preventsLazyLoading' => false
            'perPage' => 15
            'exists' => true
            'wasRecentlyCreated' => false
            'escapeWhenCastingToString' => false
            'attributes' => Array &724 (
                'id' => 194
                'access_token' => '6b99754f913ba625fd91608e69d1e5ec48bef52b024adeee3041c7290370c568.efd35b84d1897c06ac259d92ce7ec9e322d98a507787d50b345e819d16288225.8aedce2bc048c181b2407d62c46a58e616de68b811890298108ee82ebd420704'
                'refresh_token' => null
                'expiration_date' => '2022-03-02 21:22:05'
                'user_id' => 481
                'created_at' => '2022-03-02 20:22:05'
                'updated_at' => '2022-03-02 20:22:05'
                'token_uuid' => null
            )
            'original' => Array &725 (
                'id' => 194
                'access_token' => '6b99754f913ba625fd91608e69d1e5ec48bef52b024adeee3041c7290370c568.efd35b84d1897c06ac259d92ce7ec9e322d98a507787d50b345e819d16288225.8aedce2bc048c181b2407d62c46a58e616de68b811890298108ee82ebd420704'
                'refresh_token' => null
                'expiration_date' => '2022-03-02 21:22:05'
                'user_id' => 481
                'created_at' => '2022-03-02 20:22:05'
                'updated_at' => '2022-03-02 20:22:05'
                'token_uuid' => null
            )
            'changes' => Array &726 ()
            'casts' => Array &727 ()
            'classCastCache' => Array &728 ()
            'attributeCastCache' => Array &729 ()
            'dates' => Array &730 ()
            'dateFormat' => null
            'appends' => Array &731 ()
            'dispatchesEvents' => Array &732 ()
            'observables' => Array &733 ()
            'relations' => Array &734 ()
            'touches' => Array &735 ()
            'timestamps' => true
            'hidden' => Array &736 ()
            'visible' => Array &737 ()
            'guarded' => Array &738 (
                0 => '*'
            )
        )
        41 => App\Models\Token Object &000000002d3d13210000000047065e1e (
            'fillable' => Array &739 (
                0 => 'access_token'
                1 => 'refresh_token'
                2 => 'user_id'
            )
            'connection' => 'pgsql'
            'table' => 'tokens'
            'primaryKey' => 'id'
            'keyType' => 'int'
            'incrementing' => true
            'with' => Array &740 ()
            'withCount' => Array &741 ()
            'preventsLazyLoading' => false
            'perPage' => 15
            'exists' => true
            'wasRecentlyCreated' => false
            'escapeWhenCastingToString' => false
            'attributes' => Array &742 (
                'id' => 195
                'access_token' => '3b19e343a98f852e0365d6e0858a1f62d5f943c5abfb880bc9084833c3d7eeef.1ed2291a12bca405b0a7c97bbd41d5eafc61677726422667a5a0dff4057e2a62.fa647b7a96b9cc36ebd50d2083c92aec6fbbd2d965c5ea8d89de9a654a1f561e'
                'refresh_token' => null
                'expiration_date' => '2022-03-02 21:22:05'
                'user_id' => 106
                'created_at' => '2022-03-02 20:22:05'
                'updated_at' => '2022-03-02 20:22:05'
                'token_uuid' => null
            )
            'original' => Array &743 (
                'id' => 195
                'access_token' => '3b19e343a98f852e0365d6e0858a1f62d5f943c5abfb880bc9084833c3d7eeef.1ed2291a12bca405b0a7c97bbd41d5eafc61677726422667a5a0dff4057e2a62.fa647b7a96b9cc36ebd50d2083c92aec6fbbd2d965c5ea8d89de9a654a1f561e'
                'refresh_token' => null
                'expiration_date' => '2022-03-02 21:22:05'
                'user_id' => 106
                'created_at' => '2022-03-02 20:22:05'
                'updated_at' => '2022-03-02 20:22:05'
                'token_uuid' => null
            )
            'changes' => Array &744 ()
            'casts' => Array &745 ()
            'classCastCache' => Array &746 ()
            'attributeCastCache' => Array &747 ()
            'dates' => Array &748 ()
            'dateFormat' => null
            'appends' => Array &749 ()
            'dispatchesEvents' => Array &750 ()
            'observables' => Array &751 ()
            'relations' => Array &752 ()
            'touches' => Array &753 ()
            'timestamps' => true
            'hidden' => Array &754 ()
            'visible' => Array &755 ()
            'guarded' => Array &756 (
                0 => '*'
            )
        )
        42 => App\Models\Token Object &000000002d3d103d0000000047065e1e (
            'fillable' => Array &757 (
                0 => 'access_token'
                1 => 'refresh_token'
                2 => 'user_id'
            )
            'connection' => 'pgsql'
            'table' => 'tokens'
            'primaryKey' => 'id'
            'keyType' => 'int'
            'incrementing' => true
            'with' => Array &758 ()
            'withCount' => Array &759 ()
            'preventsLazyLoading' => false
            'perPage' => 15
            'exists' => true
            'wasRecentlyCreated' => false
            'escapeWhenCastingToString' => false
            'attributes' => Array &760 (
                'id' => 196
                'access_token' => '1d6295fea0c132959b53e3450f0df19086fc3903cb94163716393cac3f5eb398.dae5107a8c72f37d0916da82d3f747b0f83ecc301292ca87fd65b6f4c538de67.16335ac850dd7974e9ef86edd319fe2d90bd20de251d32c505184b18a0ea1019'
                'refresh_token' => null
                'expiration_date' => '2022-03-02 21:22:05'
                'user_id' => 552
                'created_at' => '2022-03-02 20:22:05'
                'updated_at' => '2022-03-02 20:22:05'
                'token_uuid' => null
            )
            'original' => Array &761 (
                'id' => 196
                'access_token' => '1d6295fea0c132959b53e3450f0df19086fc3903cb94163716393cac3f5eb398.dae5107a8c72f37d0916da82d3f747b0f83ecc301292ca87fd65b6f4c538de67.16335ac850dd7974e9ef86edd319fe2d90bd20de251d32c505184b18a0ea1019'
                'refresh_token' => null
                'expiration_date' => '2022-03-02 21:22:05'
                'user_id' => 552
                'created_at' => '2022-03-02 20:22:05'
                'updated_at' => '2022-03-02 20:22:05'
                'token_uuid' => null
            )
            'changes' => Array &762 ()
            'casts' => Array &763 ()
            'classCastCache' => Array &764 ()
            'attributeCastCache' => Array &765 ()
            'dates' => Array &766 ()
            'dateFormat' => null
            'appends' => Array &767 ()
            'dispatchesEvents' => Array &768 ()
            'observables' => Array &769 ()
            'relations' => Array &770 ()
            'touches' => Array &771 ()
            'timestamps' => true
            'hidden' => Array &772 ()
            'visible' => Array &773 ()
            'guarded' => Array &774 (
                0 => '*'
            )
        )
        43 => App\Models\Token Object &000000002d3d1c760000000047065e1e (
            'fillable' => Array &775 (
                0 => 'access_token'
                1 => 'refresh_token'
                2 => 'user_id'
            )
            'connection' => 'pgsql'
            'table' => 'tokens'
            'primaryKey' => 'id'
            'keyType' => 'int'
            'incrementing' => true
            'with' => Array &776 ()
            'withCount' => Array &777 ()
            'preventsLazyLoading' => false
            'perPage' => 15
            'exists' => true
            'wasRecentlyCreated' => false
            'escapeWhenCastingToString' => false
            'attributes' => Array &778 (
                'id' => 197
                'access_token' => '4eba5e7dd4400d3e424c09e042e39f78ee0dc2fc1b3ec4dccbd673b6cd0ed559.14a54a9a065d3d4bd26f247f9120286292b8bde84e37d7bd40ad8d0922da97e4.ac57052f047d42435f8c42af8b7f754b9c3a725e43e29871d0ec9001d5d9be29'
                'refresh_token' => null
                'expiration_date' => '2022-03-02 21:22:05'
                'user_id' => 1
                'created_at' => '2022-03-02 20:22:05'
                'updated_at' => '2022-03-02 20:22:05'
                'token_uuid' => null
            )
            'original' => Array &779 (
                'id' => 197
                'access_token' => '4eba5e7dd4400d3e424c09e042e39f78ee0dc2fc1b3ec4dccbd673b6cd0ed559.14a54a9a065d3d4bd26f247f9120286292b8bde84e37d7bd40ad8d0922da97e4.ac57052f047d42435f8c42af8b7f754b9c3a725e43e29871d0ec9001d5d9be29'
                'refresh_token' => null
                'expiration_date' => '2022-03-02 21:22:05'
                'user_id' => 1
                'created_at' => '2022-03-02 20:22:05'
                'updated_at' => '2022-03-02 20:22:05'
                'token_uuid' => null
            )
            'changes' => Array &780 ()
            'casts' => Array &781 ()
            'classCastCache' => Array &782 ()
            'attributeCastCache' => Array &783 ()
            'dates' => Array &784 ()
            'dateFormat' => null
            'appends' => Array &785 ()
            'dispatchesEvents' => Array &786 ()
            'observables' => Array &787 ()
            'relations' => Array &788 ()
            'touches' => Array &789 ()
            'timestamps' => true
            'hidden' => Array &790 ()
            'visible' => Array &791 ()
            'guarded' => Array &792 (
                0 => '*'
            )
        )
        44 => App\Models\Token Object &000000002d3d1fee0000000047065e1e (
            'fillable' => Array &793 (
                0 => 'access_token'
                1 => 'refresh_token'
                2 => 'user_id'
            )
            'connection' => 'pgsql'
            'table' => 'tokens'
            'primaryKey' => 'id'
            'keyType' => 'int'
            'incrementing' => true
            'with' => Array &794 ()
            'withCount' => Array &795 ()
            'preventsLazyLoading' => false
            'perPage' => 15
            'exists' => true
            'wasRecentlyCreated' => false
            'escapeWhenCastingToString' => false
            'attributes' => Array &796 (
                'id' => 198
                'access_token' => '9843cfb7c8b6359f214bbcf50f826dab58ddf813b4cc178c7a9c5f06a57e654b.b93522ab5c051ed8d72ec5052b1b607e881c766f8808c84c1d119ca5deb30f90.529c7d4a3b47be33a490d10bd2ecf00db5146d466077ce7f4f06bccd5b907f48'
                'refresh_token' => null
                'expiration_date' => '2022-03-02 21:22:05'
                'user_id' => 555
                'created_at' => '2022-03-02 20:22:05'
                'updated_at' => '2022-03-02 20:22:05'
                'token_uuid' => null
            )
            'original' => Array &797 (
                'id' => 198
                'access_token' => '9843cfb7c8b6359f214bbcf50f826dab58ddf813b4cc178c7a9c5f06a57e654b.b93522ab5c051ed8d72ec5052b1b607e881c766f8808c84c1d119ca5deb30f90.529c7d4a3b47be33a490d10bd2ecf00db5146d466077ce7f4f06bccd5b907f48'
                'refresh_token' => null
                'expiration_date' => '2022-03-02 21:22:05'
                'user_id' => 555
                'created_at' => '2022-03-02 20:22:05'
                'updated_at' => '2022-03-02 20:22:05'
                'token_uuid' => null
            )
            'changes' => Array &798 ()
            'casts' => Array &799 ()
            'classCastCache' => Array &800 ()
            'attributeCastCache' => Array &801 ()
            'dates' => Array &802 ()
            'dateFormat' => null
            'appends' => Array &803 ()
            'dispatchesEvents' => Array &804 ()
            'observables' => Array &805 ()
            'relations' => Array &806 ()
            'touches' => Array &807 ()
            'timestamps' => true
            'hidden' => Array &808 ()
            'visible' => Array &809 ()
            'guarded' => Array &810 (
                0 => '*'
            )
        )
        45 => App\Models\Token Object &000000002d3d1c8d0000000047065e1e (
            'fillable' => Array &811 (
                0 => 'access_token'
                1 => 'refresh_token'
                2 => 'user_id'
            )
            'connection' => 'pgsql'
            'table' => 'tokens'
            'primaryKey' => 'id'
            'keyType' => 'int'
            'incrementing' => true
            'with' => Array &812 ()
            'withCount' => Array &813 ()
            'preventsLazyLoading' => false
            'perPage' => 15
            'exists' => true
            'wasRecentlyCreated' => false
            'escapeWhenCastingToString' => false
            'attributes' => Array &814 (
                'id' => 199
                'access_token' => '7b048b0ab5a4486ecbc3f00b42dd9ccfb40815e49f32823155223ca4e52f77af.e9fca968a240b06f4e559a22bde549940f3871ffffeb60252bad57e399e6b7b2.bfd5a2e48fc6a3db9c502912d1571ad87f0180929526bdcb551318d77d6cade6'
                'refresh_token' => null
                'expiration_date' => '2022-03-02 21:22:05'
                'user_id' => 501
                'created_at' => '2022-03-02 20:22:05'
                'updated_at' => '2022-03-02 20:22:05'
                'token_uuid' => null
            )
            'original' => Array &815 (
                'id' => 199
                'access_token' => '7b048b0ab5a4486ecbc3f00b42dd9ccfb40815e49f32823155223ca4e52f77af.e9fca968a240b06f4e559a22bde549940f3871ffffeb60252bad57e399e6b7b2.bfd5a2e48fc6a3db9c502912d1571ad87f0180929526bdcb551318d77d6cade6'
                'refresh_token' => null
                'expiration_date' => '2022-03-02 21:22:05'
                'user_id' => 501
                'created_at' => '2022-03-02 20:22:05'
                'updated_at' => '2022-03-02 20:22:05'
                'token_uuid' => null
            )
            'changes' => Array &816 ()
            'casts' => Array &817 ()
            'classCastCache' => Array &818 ()
            'attributeCastCache' => Array &819 ()
            'dates' => Array &820 ()
            'dateFormat' => null
            'appends' => Array &821 ()
            'dispatchesEvents' => Array &822 ()
            'observables' => Array &823 ()
            'relations' => Array &824 ()
            'touches' => Array &825 ()
            'timestamps' => true
            'hidden' => Array &826 ()
            'visible' => Array &827 ()
            'guarded' => Array &828 (
                0 => '*'
            )
        )
        46 => App\Models\Token Object &000000002d3d1c8f0000000047065e1e (
            'fillable' => Array &829 (
                0 => 'access_token'
                1 => 'refresh_token'
                2 => 'user_id'
            )
            'connection' => 'pgsql'
            'table' => 'tokens'
            'primaryKey' => 'id'
            'keyType' => 'int'
            'incrementing' => true
            'with' => Array &830 ()
            'withCount' => Array &831 ()
            'preventsLazyLoading' => false
            'perPage' => 15
            'exists' => true
            'wasRecentlyCreated' => false
            'escapeWhenCastingToString' => false
            'attributes' => Array &832 (
                'id' => 200
                'access_token' => '6e3e7bfb6a4890c4b8bb6b8074fc9a8e9c2645c0df63014109f6eed867a87f5a.962d873259829c0f5270748b378cae136bad98013ff807144128a3f12c3ca539.0f40dc944c15fb618b7a362b3acb0bad8f4dddda0929ebb6f8711175f16e049d'
                'refresh_token' => null
                'expiration_date' => '2022-03-02 21:22:05'
                'user_id' => 493
                'created_at' => '2022-03-02 20:22:05'
                'updated_at' => '2022-03-02 20:22:05'
                'token_uuid' => null
            )
            'original' => Array &833 (
                'id' => 200
                'access_token' => '6e3e7bfb6a4890c4b8bb6b8074fc9a8e9c2645c0df63014109f6eed867a87f5a.962d873259829c0f5270748b378cae136bad98013ff807144128a3f12c3ca539.0f40dc944c15fb618b7a362b3acb0bad8f4dddda0929ebb6f8711175f16e049d'
                'refresh_token' => null
                'expiration_date' => '2022-03-02 21:22:05'
                'user_id' => 493
                'created_at' => '2022-03-02 20:22:05'
                'updated_at' => '2022-03-02 20:22:05'
                'token_uuid' => null
            )
            'changes' => Array &834 ()
            'casts' => Array &835 ()
            'classCastCache' => Array &836 ()
            'attributeCastCache' => Array &837 ()
            'dates' => Array &838 ()
            'dateFormat' => null
            'appends' => Array &839 ()
            'dispatchesEvents' => Array &840 ()
            'observables' => Array &841 ()
            'relations' => Array &842 ()
            'touches' => Array &843 ()
            'timestamps' => true
            'hidden' => Array &844 ()
            'visible' => Array &845 ()
            'guarded' => Array &846 (
                0 => '*'
            )
        )
        47 => App\Models\Token Object &000000002d3d1c800000000047065e1e (
            'fillable' => Array &847 (
                0 => 'access_token'
                1 => 'refresh_token'
                2 => 'user_id'
            )
            'connection' => 'pgsql'
            'table' => 'tokens'
            'primaryKey' => 'id'
            'keyType' => 'int'
            'incrementing' => true
            'with' => Array &848 ()
            'withCount' => Array &849 ()
            'preventsLazyLoading' => false
            'perPage' => 15
            'exists' => true
            'wasRecentlyCreated' => false
            'escapeWhenCastingToString' => false
            'attributes' => Array &850 (
                'id' => 201
                'access_token' => 'c4584df5bcf3cd6e0427f575ea6c78fe8e4dbb9f0b887b0c38d4205480a13e51.63a40009f2dcb5025c61ed261d656a696c38a821dbcd1b36130dcc9449dd2d5d.ba6710fc4e4c942d04199472f57a0a5022f36d3606fb0d250029ca74bb750968'
                'refresh_token' => null
                'expiration_date' => '2022-03-02 21:22:05'
                'user_id' => 483
                'created_at' => '2022-03-02 20:22:05'
                'updated_at' => '2022-03-02 20:22:05'
                'token_uuid' => null
            )
            'original' => Array &851 (
                'id' => 201
                'access_token' => 'c4584df5bcf3cd6e0427f575ea6c78fe8e4dbb9f0b887b0c38d4205480a13e51.63a40009f2dcb5025c61ed261d656a696c38a821dbcd1b36130dcc9449dd2d5d.ba6710fc4e4c942d04199472f57a0a5022f36d3606fb0d250029ca74bb750968'
                'refresh_token' => null
                'expiration_date' => '2022-03-02 21:22:05'
                'user_id' => 483
                'created_at' => '2022-03-02 20:22:05'
                'updated_at' => '2022-03-02 20:22:05'
                'token_uuid' => null
            )
            'changes' => Array &852 ()
            'casts' => Array &853 ()
            'classCastCache' => Array &854 ()
            'attributeCastCache' => Array &855 ()
            'dates' => Array &856 ()
            'dateFormat' => null
            'appends' => Array &857 ()
            'dispatchesEvents' => Array &858 ()
            'observables' => Array &859 ()
            'relations' => Array &860 ()
            'touches' => Array &861 ()
            'timestamps' => true
            'hidden' => Array &862 ()
            'visible' => Array &863 ()
            'guarded' => Array &864 (
                0 => '*'
            )
        )
        48 => App\Models\Token Object &000000002d3d1c810000000047065e1e (
            'fillable' => Array &865 (
                0 => 'access_token'
                1 => 'refresh_token'
                2 => 'user_id'
            )
            'connection' => 'pgsql'
            'table' => 'tokens'
            'primaryKey' => 'id'
            'keyType' => 'int'
            'incrementing' => true
            'with' => Array &866 ()
            'withCount' => Array &867 ()
            'preventsLazyLoading' => false
            'perPage' => 15
            'exists' => true
            'wasRecentlyCreated' => false
            'escapeWhenCastingToString' => false
            'attributes' => Array &868 (
                'id' => 202
                'access_token' => 'f180fc27e5b0f0c7e92fa7036a52cf89c3140858a5f76c3cb2abfab30e9613db.cfe02e8442950bea380ec329781140f8a57fa9f879354c15f65d57b1f4f56253.233963c34a2f3ca538cc57661faa2816b8cc630af0bf8775e311cf21a51237b1'
                'refresh_token' => null
                'expiration_date' => '2022-03-02 21:22:05'
                'user_id' => 114
                'created_at' => '2022-03-02 20:22:05'
                'updated_at' => '2022-03-02 20:22:05'
                'token_uuid' => null
            )
            'original' => Array &869 (
                'id' => 202
                'access_token' => 'f180fc27e5b0f0c7e92fa7036a52cf89c3140858a5f76c3cb2abfab30e9613db.cfe02e8442950bea380ec329781140f8a57fa9f879354c15f65d57b1f4f56253.233963c34a2f3ca538cc57661faa2816b8cc630af0bf8775e311cf21a51237b1'
                'refresh_token' => null
                'expiration_date' => '2022-03-02 21:22:05'
                'user_id' => 114
                'created_at' => '2022-03-02 20:22:05'
                'updated_at' => '2022-03-02 20:22:05'
                'token_uuid' => null
            )
            'changes' => Array &870 ()
            'casts' => Array &871 ()
            'classCastCache' => Array &872 ()
            'attributeCastCache' => Array &873 ()
            'dates' => Array &874 ()
            'dateFormat' => null
            'appends' => Array &875 ()
            'dispatchesEvents' => Array &876 ()
            'observables' => Array &877 ()
            'relations' => Array &878 ()
            'touches' => Array &879 ()
            'timestamps' => true
            'hidden' => Array &880 ()
            'visible' => Array &881 ()
            'guarded' => Array &882 (
                0 => '*'
            )
        )
        49 => App\Models\Token Object &000000002d3d1c880000000047065e1e (
            'fillable' => Array &883 (
                0 => 'access_token'
                1 => 'refresh_token'
                2 => 'user_id'
            )
            'connection' => 'pgsql'
            'table' => 'tokens'
            'primaryKey' => 'id'
            'keyType' => 'int'
            'incrementing' => true
            'with' => Array &884 ()
            'withCount' => Array &885 ()
            'preventsLazyLoading' => false
            'perPage' => 15
            'exists' => true
            'wasRecentlyCreated' => false
            'escapeWhenCastingToString' => false
            'attributes' => Array &886 (
                'id' => 203
                'access_token' => '72750d45e0a20ecc6d8565d8dc8d6c11c6ecf4623a1c544966eaa6804e67a6b2.eb896d4a7864feeb61d77875ad6069efde9a88ce6488d2f995f46d06d831ff7f.fce2ca4c971b4234653c1fe4877ebd7529897795745fd8ead2e2a07974d60ebb'
                'refresh_token' => null
                'expiration_date' => '2022-03-02 21:22:05'
                'user_id' => 112
                'created_at' => '2022-03-02 20:22:05'
                'updated_at' => '2022-03-02 20:22:05'
                'token_uuid' => null
            )
            'original' => Array &887 (
                'id' => 203
                'access_token' => '72750d45e0a20ecc6d8565d8dc8d6c11c6ecf4623a1c544966eaa6804e67a6b2.eb896d4a7864feeb61d77875ad6069efde9a88ce6488d2f995f46d06d831ff7f.fce2ca4c971b4234653c1fe4877ebd7529897795745fd8ead2e2a07974d60ebb'
                'refresh_token' => null
                'expiration_date' => '2022-03-02 21:22:05'
                'user_id' => 112
                'created_at' => '2022-03-02 20:22:05'
                'updated_at' => '2022-03-02 20:22:05'
                'token_uuid' => null
            )
            'changes' => Array &888 ()
            'casts' => Array &889 ()
            'classCastCache' => Array &890 ()
            'attributeCastCache' => Array &891 ()
            'dates' => Array &892 ()
            'dateFormat' => null
            'appends' => Array &893 ()
            'dispatchesEvents' => Array &894 ()
            'observables' => Array &895 ()
            'relations' => Array &896 ()
            'touches' => Array &897 ()
            'timestamps' => true
            'hidden' => Array &898 ()
            'visible' => Array &899 ()
            'guarded' => Array &900 (
                0 => '*'
            )
        )
        50 => App\Models\Token Object &000000002d3d1c890000000047065e1e (
            'fillable' => Array &901 (
                0 => 'access_token'
                1 => 'refresh_token'
                2 => 'user_id'
            )
            'connection' => 'pgsql'
            'table' => 'tokens'
            'primaryKey' => 'id'
            'keyType' => 'int'
            'incrementing' => true
            'with' => Array &902 ()
            'withCount' => Array &903 ()
            'preventsLazyLoading' => false
            'perPage' => 15
            'exists' => true
            'wasRecentlyCreated' => false
            'escapeWhenCastingToString' => false
            'attributes' => Array &904 (
                'id' => 211
                'access_token' => '6268f297a2b7d60ece7963480b4d2b93513487c5d110a8fbc405034f57a88e3e.baf2889e0aa2fb707475379d0e95a752fb1d5942c136acbf40f40a2a51d14cae.2b6a9da2cea29cf2d0f44ed7389538a9f2506697e2b9e920971e2d462d32adf7'
                'refresh_token' => null
                'expiration_date' => '2022-03-03 21:14:05'
                'user_id' => 501
                'created_at' => '2022-03-03 20:14:05'
                'updated_at' => '2022-03-03 20:14:05'
                'token_uuid' => null
            )
            'original' => Array &905 (
                'id' => 211
                'access_token' => '6268f297a2b7d60ece7963480b4d2b93513487c5d110a8fbc405034f57a88e3e.baf2889e0aa2fb707475379d0e95a752fb1d5942c136acbf40f40a2a51d14cae.2b6a9da2cea29cf2d0f44ed7389538a9f2506697e2b9e920971e2d462d32adf7'
                'refresh_token' => null
                'expiration_date' => '2022-03-03 21:14:05'
                'user_id' => 501
                'created_at' => '2022-03-03 20:14:05'
                'updated_at' => '2022-03-03 20:14:05'
                'token_uuid' => null
            )
            'changes' => Array &906 ()
            'casts' => Array &907 ()
            'classCastCache' => Array &908 ()
            'attributeCastCache' => Array &909 ()
            'dates' => Array &910 ()
            'dateFormat' => null
            'appends' => Array &911 ()
            'dispatchesEvents' => Array &912 ()
            'observables' => Array &913 ()
            'relations' => Array &914 ()
            'touches' => Array &915 ()
            'timestamps' => true
            'hidden' => Array &916 ()
            'visible' => Array &917 ()
            'guarded' => Array &918 (
                0 => '*'
            )
        )
        51 => App\Models\Token Object &000000002d3d1c8a0000000047065e1e (
            'fillable' => Array &919 (
                0 => 'access_token'
                1 => 'refresh_token'
                2 => 'user_id'
            )
            'connection' => 'pgsql'
            'table' => 'tokens'
            'primaryKey' => 'id'
            'keyType' => 'int'
            'incrementing' => true
            'with' => Array &920 ()
            'withCount' => Array &921 ()
            'preventsLazyLoading' => false
            'perPage' => 15
            'exists' => true
            'wasRecentlyCreated' => false
            'escapeWhenCastingToString' => false
            'attributes' => Array &922 (
                'id' => 212
                'access_token' => 'ca8f7727d9e5f5e2286d1b4ffb516808464fdc5b7d705ddd67c0df148cb45fb7.2039580a44b190ac979d41933485db50d4dc75a32b4687e308c8d17668be69b7.075e2db2cba24bae33341394919556ee509e4053c7f4508e9efe79a1361c385f'
                'refresh_token' => null
                'expiration_date' => '2022-03-03 21:14:05'
                'user_id' => 596
                'created_at' => '2022-03-03 20:14:05'
                'updated_at' => '2022-03-03 20:14:05'
                'token_uuid' => null
            )
            'original' => Array &923 (
                'id' => 212
                'access_token' => 'ca8f7727d9e5f5e2286d1b4ffb516808464fdc5b7d705ddd67c0df148cb45fb7.2039580a44b190ac979d41933485db50d4dc75a32b4687e308c8d17668be69b7.075e2db2cba24bae33341394919556ee509e4053c7f4508e9efe79a1361c385f'
                'refresh_token' => null
                'expiration_date' => '2022-03-03 21:14:05'
                'user_id' => 596
                'created_at' => '2022-03-03 20:14:05'
                'updated_at' => '2022-03-03 20:14:05'
                'token_uuid' => null
            )
            'changes' => Array &924 ()
            'casts' => Array &925 ()
            'classCastCache' => Array &926 ()
            'attributeCastCache' => Array &927 ()
            'dates' => Array &928 ()
            'dateFormat' => null
            'appends' => Array &929 ()
            'dispatchesEvents' => Array &930 ()
            'observables' => Array &931 ()
            'relations' => Array &932 ()
            'touches' => Array &933 ()
            'timestamps' => true
            'hidden' => Array &934 ()
            'visible' => Array &935 ()
            'guarded' => Array &936 (
                0 => '*'
            )
        )
        52 => App\Models\Token Object &000000002d3d1db40000000047065e1e (
            'fillable' => Array &937 (
                0 => 'access_token'
                1 => 'refresh_token'
                2 => 'user_id'
            )
            'connection' => 'pgsql'
            'table' => 'tokens'
            'primaryKey' => 'id'
            'keyType' => 'int'
            'incrementing' => true
            'with' => Array &938 ()
            'withCount' => Array &939 ()
            'preventsLazyLoading' => false
            'perPage' => 15
            'exists' => true
            'wasRecentlyCreated' => false
            'escapeWhenCastingToString' => false
            'attributes' => Array &940 (
                'id' => 213
                'access_token' => 'dfdc72f1f3628c6f7775f2e9b5d8ca3dccd933ff60fd3ec21ca6a843ed5701b9.04098524c874c436c13349d10c926cc0b80041f05f3215e65bd447c20a94e606.eccbe652bca1332c8aaffbd69410b753813b8760a4984902819acb48bed35076'
                'refresh_token' => null
                'expiration_date' => '2022-03-03 21:14:05'
                'user_id' => 592
                'created_at' => '2022-03-03 20:14:05'
                'updated_at' => '2022-03-03 20:14:05'
                'token_uuid' => null
            )
            'original' => Array &941 (
                'id' => 213
                'access_token' => 'dfdc72f1f3628c6f7775f2e9b5d8ca3dccd933ff60fd3ec21ca6a843ed5701b9.04098524c874c436c13349d10c926cc0b80041f05f3215e65bd447c20a94e606.eccbe652bca1332c8aaffbd69410b753813b8760a4984902819acb48bed35076'
                'refresh_token' => null
                'expiration_date' => '2022-03-03 21:14:05'
                'user_id' => 592
                'created_at' => '2022-03-03 20:14:05'
                'updated_at' => '2022-03-03 20:14:05'
                'token_uuid' => null
            )
            'changes' => Array &942 ()
            'casts' => Array &943 ()
            'classCastCache' => Array &944 ()
            'attributeCastCache' => Array &945 ()
            'dates' => Array &946 ()
            'dateFormat' => null
            'appends' => Array &947 ()
            'dispatchesEvents' => Array &948 ()
            'observables' => Array &949 ()
            'relations' => Array &950 ()
            'touches' => Array &951 ()
            'timestamps' => true
            'hidden' => Array &952 ()
            'visible' => Array &953 ()
            'guarded' => Array &954 (
                0 => '*'
            )
        )
        53 => App\Models\Token Object &000000002d3d1db20000000047065e1e (
            'fillable' => Array &955 (
                0 => 'access_token'
                1 => 'refresh_token'
                2 => 'user_id'
            )
            'connection' => 'pgsql'
            'table' => 'tokens'
            'primaryKey' => 'id'
            'keyType' => 'int'
            'incrementing' => true
            'with' => Array &956 ()
            'withCount' => Array &957 ()
            'preventsLazyLoading' => false
            'perPage' => 15
            'exists' => true
            'wasRecentlyCreated' => false
            'escapeWhenCastingToString' => false
            'attributes' => Array &958 (
                'id' => 214
                'access_token' => '0b1314821327b3143c8b4ce586433379be94621b0ac185bcfd4e72f7e4d6c1c1.a287f97705e38841d8b6ba06eef65385468c4473a0cfd825748d0d841cf77839.06e6f9fbc6862c16e7c00c051351e0e842d07402b4ec2601cb798a3e6786fa78'
                'refresh_token' => null
                'expiration_date' => '2022-03-03 21:14:05'
                'user_id' => 596
                'created_at' => '2022-03-03 20:14:05'
                'updated_at' => '2022-03-03 20:14:05'
                'token_uuid' => null
            )
            'original' => Array &959 (
                'id' => 214
                'access_token' => '0b1314821327b3143c8b4ce586433379be94621b0ac185bcfd4e72f7e4d6c1c1.a287f97705e38841d8b6ba06eef65385468c4473a0cfd825748d0d841cf77839.06e6f9fbc6862c16e7c00c051351e0e842d07402b4ec2601cb798a3e6786fa78'
                'refresh_token' => null
                'expiration_date' => '2022-03-03 21:14:05'
                'user_id' => 596
                'created_at' => '2022-03-03 20:14:05'
                'updated_at' => '2022-03-03 20:14:05'
                'token_uuid' => null
            )
            'changes' => Array &960 ()
            'casts' => Array &961 ()
            'classCastCache' => Array &962 ()
            'attributeCastCache' => Array &963 ()
            'dates' => Array &964 ()
            'dateFormat' => null
            'appends' => Array &965 ()
            'dispatchesEvents' => Array &966 ()
            'observables' => Array &967 ()
            'relations' => Array &968 ()
            'touches' => Array &969 ()
            'timestamps' => true
            'hidden' => Array &970 ()
            'visible' => Array &971 ()
            'guarded' => Array &972 (
                0 => '*'
            )
        )
        54 => App\Models\Token Object &000000002d3d1db10000000047065e1e (
            'fillable' => Array &973 (
                0 => 'access_token'
                1 => 'refresh_token'
                2 => 'user_id'
            )
            'connection' => 'pgsql'
            'table' => 'tokens'
            'primaryKey' => 'id'
            'keyType' => 'int'
            'incrementing' => true
            'with' => Array &974 ()
            'withCount' => Array &975 ()
            'preventsLazyLoading' => false
            'perPage' => 15
            'exists' => true
            'wasRecentlyCreated' => false
            'escapeWhenCastingToString' => false
            'attributes' => Array &976 (
                'id' => 215
                'access_token' => 'cb1d72157ec1ea22e274ba61e12645e28efdce1e80fca109724057e9cdfd9a83.b9c4575d28bf88346632802ed6ad3a199e9f7eb04a13dae41c794a271fdfc783.ee9e07bec6e05b2cf917e728cf6362bc93da1d5e4fe8f0aaa8c2181caa97d6ff'
                'refresh_token' => null
                'expiration_date' => '2022-03-03 21:14:05'
                'user_id' => 555
                'created_at' => '2022-03-03 20:14:05'
                'updated_at' => '2022-03-03 20:14:05'
                'token_uuid' => null
            )
            'original' => Array &977 (
                'id' => 215
                'access_token' => 'cb1d72157ec1ea22e274ba61e12645e28efdce1e80fca109724057e9cdfd9a83.b9c4575d28bf88346632802ed6ad3a199e9f7eb04a13dae41c794a271fdfc783.ee9e07bec6e05b2cf917e728cf6362bc93da1d5e4fe8f0aaa8c2181caa97d6ff'
                'refresh_token' => null
                'expiration_date' => '2022-03-03 21:14:05'
                'user_id' => 555
                'created_at' => '2022-03-03 20:14:05'
                'updated_at' => '2022-03-03 20:14:05'
                'token_uuid' => null
            )
            'changes' => Array &978 ()
            'casts' => Array &979 ()
            'classCastCache' => Array &980 ()
            'attributeCastCache' => Array &981 ()
            'dates' => Array &982 ()
            'dateFormat' => null
            'appends' => Array &983 ()
            'dispatchesEvents' => Array &984 ()
            'observables' => Array &985 ()
            'relations' => Array &986 ()
            'touches' => Array &987 ()
            'timestamps' => true
            'hidden' => Array &988 ()
            'visible' => Array &989 ()
            'guarded' => Array &990 (
                0 => '*'
            )
        )
        55 => App\Models\Token Object &000000002d3d1db00000000047065e1e (
            'fillable' => Array &991 (
                0 => 'access_token'
                1 => 'refresh_token'
                2 => 'user_id'
            )
            'connection' => 'pgsql'
            'table' => 'tokens'
            'primaryKey' => 'id'
            'keyType' => 'int'
            'incrementing' => true
            'with' => Array &992 ()
            'withCount' => Array &993 ()
            'preventsLazyLoading' => false
            'perPage' => 15
            'exists' => true
            'wasRecentlyCreated' => false
            'escapeWhenCastingToString' => false
            'attributes' => Array &994 (
                'id' => 216
                'access_token' => 'a4547811d650f14ab35e5341362217cb989dd5ea9d6d3ddfaac90a43acf8cfd8.38896ad026e05a0847b6c1ae60a07f3b350816de31aec7e10439049d194ce99e.2072788b28cdd4b672310195655f1892fbdc51e5af82dfdf48fd0645318ab86a'
                'refresh_token' => null
                'expiration_date' => '2022-03-03 21:14:05'
                'user_id' => 498
                'created_at' => '2022-03-03 20:14:05'
                'updated_at' => '2022-03-03 20:14:05'
                'token_uuid' => null
            )
            'original' => Array &995 (
                'id' => 216
                'access_token' => 'a4547811d650f14ab35e5341362217cb989dd5ea9d6d3ddfaac90a43acf8cfd8.38896ad026e05a0847b6c1ae60a07f3b350816de31aec7e10439049d194ce99e.2072788b28cdd4b672310195655f1892fbdc51e5af82dfdf48fd0645318ab86a'
                'refresh_token' => null
                'expiration_date' => '2022-03-03 21:14:05'
                'user_id' => 498
                'created_at' => '2022-03-03 20:14:05'
                'updated_at' => '2022-03-03 20:14:05'
                'token_uuid' => null
            )
            'changes' => Array &996 ()
            'casts' => Array &997 ()
            'classCastCache' => Array &998 ()
            'attributeCastCache' => Array &999 ()
            'dates' => Array &1000 ()
            'dateFormat' => null
            'appends' => Array &1001 ()
            'dispatchesEvents' => Array &1002 ()
            'observables' => Array &1003 ()
            'relations' => Array &1004 ()
            'touches' => Array &1005 ()
            'timestamps' => true
            'hidden' => Array &1006 ()
            'visible' => Array &1007 ()
            'guarded' => Array &1008 (
                0 => '*'
            )
        )
        56 => App\Models\Token Object &000000002d3d1dbf0000000047065e1e (
            'fillable' => Array &1009 (
                0 => 'access_token'
                1 => 'refresh_token'
                2 => 'user_id'
            )
            'connection' => 'pgsql'
            'table' => 'tokens'
            'primaryKey' => 'id'
            'keyType' => 'int'
            'incrementing' => true
            'with' => Array &1010 ()
            'withCount' => Array &1011 ()
            'preventsLazyLoading' => false
            'perPage' => 15
            'exists' => true
            'wasRecentlyCreated' => false
            'escapeWhenCastingToString' => false
            'attributes' => Array &1012 (
                'id' => 217
                'access_token' => '374fdef964f7400f4cdeb06c93eb69e9ead6356b3ccc361f7271afeac47e26ac.f65f1510ff42a7f840573928580bf12f14b76ea6f575246bc786e3d4aa5bd965.e65a505c2876a3a47d6bd028568526292e71ca9267a159ed626ac4d7651f8d5a'
                'refresh_token' => null
                'expiration_date' => '2022-03-03 21:14:05'
                'user_id' => 487
                'created_at' => '2022-03-03 20:14:05'
                'updated_at' => '2022-03-03 20:14:05'
                'token_uuid' => null
            )
            'original' => Array &1013 (
                'id' => 217
                'access_token' => '374fdef964f7400f4cdeb06c93eb69e9ead6356b3ccc361f7271afeac47e26ac.f65f1510ff42a7f840573928580bf12f14b76ea6f575246bc786e3d4aa5bd965.e65a505c2876a3a47d6bd028568526292e71ca9267a159ed626ac4d7651f8d5a'
                'refresh_token' => null
                'expiration_date' => '2022-03-03 21:14:05'
                'user_id' => 487
                'created_at' => '2022-03-03 20:14:05'
                'updated_at' => '2022-03-03 20:14:05'
                'token_uuid' => null
            )
            'changes' => Array &1014 ()
            'casts' => Array &1015 ()
            'classCastCache' => Array &1016 ()
            'attributeCastCache' => Array &1017 ()
            'dates' => Array &1018 ()
            'dateFormat' => null
            'appends' => Array &1019 ()
            'dispatchesEvents' => Array &1020 ()
            'observables' => Array &1021 ()
            'relations' => Array &1022 ()
            'touches' => Array &1023 ()
            'timestamps' => true
            'hidden' => Array &1024 ()
            'visible' => Array &1025 ()
            'guarded' => Array &1026 (
                0 => '*'
            )
        )
        57 => App\Models\Token Object &000000002d3d1dbe0000000047065e1e (
            'fillable' => Array &1027 (
                0 => 'access_token'
                1 => 'refresh_token'
                2 => 'user_id'
            )
            'connection' => 'pgsql'
            'table' => 'tokens'
            'primaryKey' => 'id'
            'keyType' => 'int'
            'incrementing' => true
            'with' => Array &1028 ()
            'withCount' => Array &1029 ()
            'preventsLazyLoading' => false
            'perPage' => 15
            'exists' => true
            'wasRecentlyCreated' => false
            'escapeWhenCastingToString' => false
            'attributes' => Array &1030 (
                'id' => 218
                'access_token' => '6e74b15a22e64f6f1816fdf952d14284592c36da9514a4a57380ee78e89f9103.bb72e91cc368e7780a75764cc9e99226b464902a385d416fc3e8df7f0ac226a0.72fbc08c6169023e74a98e837a9238c39687695f1cc9a5c7188a6f8210c83e3f'
                'refresh_token' => null
                'expiration_date' => '2022-03-03 21:14:05'
                'user_id' => 491
                'created_at' => '2022-03-03 20:14:05'
                'updated_at' => '2022-03-03 20:14:05'
                'token_uuid' => null
            )
            'original' => Array &1031 (
                'id' => 218
                'access_token' => '6e74b15a22e64f6f1816fdf952d14284592c36da9514a4a57380ee78e89f9103.bb72e91cc368e7780a75764cc9e99226b464902a385d416fc3e8df7f0ac226a0.72fbc08c6169023e74a98e837a9238c39687695f1cc9a5c7188a6f8210c83e3f'
                'refresh_token' => null
                'expiration_date' => '2022-03-03 21:14:05'
                'user_id' => 491
                'created_at' => '2022-03-03 20:14:05'
                'updated_at' => '2022-03-03 20:14:05'
                'token_uuid' => null
            )
            'changes' => Array &1032 ()
            'casts' => Array &1033 ()
            'classCastCache' => Array &1034 ()
            'attributeCastCache' => Array &1035 ()
            'dates' => Array &1036 ()
            'dateFormat' => null
            'appends' => Array &1037 ()
            'dispatchesEvents' => Array &1038 ()
            'observables' => Array &1039 ()
            'relations' => Array &1040 ()
            'touches' => Array &1041 ()
            'timestamps' => true
            'hidden' => Array &1042 ()
            'visible' => Array &1043 ()
            'guarded' => Array &1044 (
                0 => '*'
            )
        )
        58 => App\Models\Token Object &000000002d3d1dbd0000000047065e1e (
            'fillable' => Array &1045 (
                0 => 'access_token'
                1 => 'refresh_token'
                2 => 'user_id'
            )
            'connection' => 'pgsql'
            'table' => 'tokens'
            'primaryKey' => 'id'
            'keyType' => 'int'
            'incrementing' => true
            'with' => Array &1046 ()
            'withCount' => Array &1047 ()
            'preventsLazyLoading' => false
            'perPage' => 15
            'exists' => true
            'wasRecentlyCreated' => false
            'escapeWhenCastingToString' => false
            'attributes' => Array &1048 (
                'id' => 219
                'access_token' => '52374afdf77ae1db7e4df26c2d7382213ce8e2dfe254af722bbc74f50b437363.99b6a33d2d55b677f464263be2b27179d0a081b894bc6023e215d7d92a49aa40.e5c801031ab8fb90e22cfd73198e232946563a67edba2b52dbbb8582b613d498'
                'refresh_token' => null
                'expiration_date' => '2022-03-03 21:14:05'
                'user_id' => 491
                'created_at' => '2022-03-03 20:14:05'
                'updated_at' => '2022-03-03 20:14:05'
                'token_uuid' => null
            )
            'original' => Array &1049 (
                'id' => 219
                'access_token' => '52374afdf77ae1db7e4df26c2d7382213ce8e2dfe254af722bbc74f50b437363.99b6a33d2d55b677f464263be2b27179d0a081b894bc6023e215d7d92a49aa40.e5c801031ab8fb90e22cfd73198e232946563a67edba2b52dbbb8582b613d498'
                'refresh_token' => null
                'expiration_date' => '2022-03-03 21:14:05'
                'user_id' => 491
                'created_at' => '2022-03-03 20:14:05'
                'updated_at' => '2022-03-03 20:14:05'
                'token_uuid' => null
            )
            'changes' => Array &1050 ()
            'casts' => Array &1051 ()
            'classCastCache' => Array &1052 ()
            'attributeCastCache' => Array &1053 ()
            'dates' => Array &1054 ()
            'dateFormat' => null
            'appends' => Array &1055 ()
            'dispatchesEvents' => Array &1056 ()
            'observables' => Array &1057 ()
            'relations' => Array &1058 ()
            'touches' => Array &1059 ()
            'timestamps' => true
            'hidden' => Array &1060 ()
            'visible' => Array &1061 ()
            'guarded' => Array &1062 (
                0 => '*'
            )
        )
        59 => App\Models\Token Object &000000002d3d1dbc0000000047065e1e (
            'fillable' => Array &1063 (
                0 => 'access_token'
                1 => 'refresh_token'
                2 => 'user_id'
            )
            'connection' => 'pgsql'
            'table' => 'tokens'
            'primaryKey' => 'id'
            'keyType' => 'int'
            'incrementing' => true
            'with' => Array &1064 ()
            'withCount' => Array &1065 ()
            'preventsLazyLoading' => false
            'perPage' => 15
            'exists' => true
            'wasRecentlyCreated' => false
            'escapeWhenCastingToString' => false
            'attributes' => Array &1066 (
                'id' => 220
                'access_token' => '81746a069e453fec79b44d222ba1d4945e4bb26e6c91e5e18d59389fe461f7a6.293d77287b4fedcfbf2045ec270965d7995dd9d1328066f282c8fa5b3ff901d2.62882bd0487bccbdcef280d53e18ce558e8744d4f76cebf5cdbbebfc9858966b'
                'refresh_token' => null
                'expiration_date' => '2022-03-03 21:14:05'
                'user_id' => 598
                'created_at' => '2022-03-03 20:14:05'
                'updated_at' => '2022-03-03 20:14:05'
                'token_uuid' => null
            )
            'original' => Array &1067 (
                'id' => 220
                'access_token' => '81746a069e453fec79b44d222ba1d4945e4bb26e6c91e5e18d59389fe461f7a6.293d77287b4fedcfbf2045ec270965d7995dd9d1328066f282c8fa5b3ff901d2.62882bd0487bccbdcef280d53e18ce558e8744d4f76cebf5cdbbebfc9858966b'
                'refresh_token' => null
                'expiration_date' => '2022-03-03 21:14:05'
                'user_id' => 598
                'created_at' => '2022-03-03 20:14:05'
                'updated_at' => '2022-03-03 20:14:05'
                'token_uuid' => null
            )
            'changes' => Array &1068 ()
            'casts' => Array &1069 ()
            'classCastCache' => Array &1070 ()
            'attributeCastCache' => Array &1071 ()
            'dates' => Array &1072 ()
            'dateFormat' => null
            'appends' => Array &1073 ()
            'dispatchesEvents' => Array &1074 ()
            'observables' => Array &1075 ()
            'relations' => Array &1076 ()
            'touches' => Array &1077 ()
            'timestamps' => true
            'hidden' => Array &1078 ()
            'visible' => Array &1079 ()
            'guarded' => Array &1080 (
                0 => '*'
            )
        )
        60 => App\Models\Token Object &000000002d3d1dbb0000000047065e1e (
            'fillable' => Array &1081 (
                0 => 'access_token'
                1 => 'refresh_token'
                2 => 'user_id'
            )
            'connection' => 'pgsql'
            'table' => 'tokens'
            'primaryKey' => 'id'
            'keyType' => 'int'
            'incrementing' => true
            'with' => Array &1082 ()
            'withCount' => Array &1083 ()
            'preventsLazyLoading' => false
            'perPage' => 15
            'exists' => true
            'wasRecentlyCreated' => false
            'escapeWhenCastingToString' => false
            'attributes' => Array &1084 (
                'id' => 223
                'access_token' => '930f85b731cf12a43e2464bf539059aad148c2aa6f2cfb5b84177b0b82331b78.40265f76b1f1f5d3d94c13f6e61a5ecb3314d41f1f093ad6bcf700f8deec467b.26ed4df1fbe8ee1fb8b8b8165e6d7c7394fb63013969809037c08c59f21fde82'
                'refresh_token' => null
                'expiration_date' => '2022-03-03 21:14:28'
                'user_id' => 503
                'created_at' => '2022-03-03 20:14:28'
                'updated_at' => '2022-03-03 20:14:28'
                'token_uuid' => null
            )
            'original' => Array &1085 (
                'id' => 223
                'access_token' => '930f85b731cf12a43e2464bf539059aad148c2aa6f2cfb5b84177b0b82331b78.40265f76b1f1f5d3d94c13f6e61a5ecb3314d41f1f093ad6bcf700f8deec467b.26ed4df1fbe8ee1fb8b8b8165e6d7c7394fb63013969809037c08c59f21fde82'
                'refresh_token' => null
                'expiration_date' => '2022-03-03 21:14:28'
                'user_id' => 503
                'created_at' => '2022-03-03 20:14:28'
                'updated_at' => '2022-03-03 20:14:28'
                'token_uuid' => null
            )
            'changes' => Array &1086 ()
            'casts' => Array &1087 ()
            'classCastCache' => Array &1088 ()
            'attributeCastCache' => Array &1089 ()
            'dates' => Array &1090 ()
            'dateFormat' => null
            'appends' => Array &1091 ()
            'dispatchesEvents' => Array &1092 ()
            'observables' => Array &1093 ()
            'relations' => Array &1094 ()
            'touches' => Array &1095 ()
            'timestamps' => true
            'hidden' => Array &1096 ()
            'visible' => Array &1097 ()
            'guarded' => Array &1098 (
                0 => '*'
            )
        )
        61 => App\Models\Token Object &000000002d3d1dba0000000047065e1e (
            'fillable' => Array &1099 (
                0 => 'access_token'
                1 => 'refresh_token'
                2 => 'user_id'
            )
            'connection' => 'pgsql'
            'table' => 'tokens'
            'primaryKey' => 'id'
            'keyType' => 'int'
            'incrementing' => true
            'with' => Array &1100 ()
            'withCount' => Array &1101 ()
            'preventsLazyLoading' => false
            'perPage' => 15
            'exists' => true
            'wasRecentlyCreated' => false
            'escapeWhenCastingToString' => false
            'attributes' => Array &1102 (
                'id' => 224
                'access_token' => 'e7a17bd1d9f5c3c24fbe344f66c980d93813e24df686c379bca52e7bb71c9889.735496e71c4ab6bce8783a2f5f048c3a1cfa48740276768867bb7e5098bccbec.0f5a137155d24e1c0826bd0d0153a4a324b3cf9d0a43214cada1a140604f0f8a'
                'refresh_token' => null
                'expiration_date' => '2022-03-03 21:14:28'
                'user_id' => 484
                'created_at' => '2022-03-03 20:14:28'
                'updated_at' => '2022-03-03 20:14:28'
                'token_uuid' => null
            )
            'original' => Array &1103 (
                'id' => 224
                'access_token' => 'e7a17bd1d9f5c3c24fbe344f66c980d93813e24df686c379bca52e7bb71c9889.735496e71c4ab6bce8783a2f5f048c3a1cfa48740276768867bb7e5098bccbec.0f5a137155d24e1c0826bd0d0153a4a324b3cf9d0a43214cada1a140604f0f8a'
                'refresh_token' => null
                'expiration_date' => '2022-03-03 21:14:28'
                'user_id' => 484
                'created_at' => '2022-03-03 20:14:28'
                'updated_at' => '2022-03-03 20:14:28'
                'token_uuid' => null
            )
            'changes' => Array &1104 ()
            'casts' => Array &1105 ()
            'classCastCache' => Array &1106 ()
            'attributeCastCache' => Array &1107 ()
            'dates' => Array &1108 ()
            'dateFormat' => null
            'appends' => Array &1109 ()
            'dispatchesEvents' => Array &1110 ()
            'observables' => Array &1111 ()
            'relations' => Array &1112 ()
            'touches' => Array &1113 ()
            'timestamps' => true
            'hidden' => Array &1114 ()
            'visible' => Array &1115 ()
            'guarded' => Array &1116 (
                0 => '*'
            )
        )
        62 => App\Models\Token Object &000000002d3d1db90000000047065e1e (
            'fillable' => Array &1117 (
                0 => 'access_token'
                1 => 'refresh_token'
                2 => 'user_id'
            )
            'connection' => 'pgsql'
            'table' => 'tokens'
            'primaryKey' => 'id'
            'keyType' => 'int'
            'incrementing' => true
            'with' => Array &1118 ()
            'withCount' => Array &1119 ()
            'preventsLazyLoading' => false
            'perPage' => 15
            'exists' => true
            'wasRecentlyCreated' => false
            'escapeWhenCastingToString' => false
            'attributes' => Array &1120 (
                'id' => 225
                'access_token' => '062dff30dee20d4da5fcebbc4d90f63f92cec0b3d484005b7ff69e823ce6fbaa.1bbd00e9bb3c60febca07918addf8e780bd077eaf69e1a534d8f4e0d3e866c38.d5ea07bb4090460853a97928f0c1e4ed7df5cb43ee7b310e727fe24662371458'
                'refresh_token' => null
                'expiration_date' => '2022-03-03 21:14:28'
                'user_id' => 559
                'created_at' => '2022-03-03 20:14:28'
                'updated_at' => '2022-03-03 20:14:28'
                'token_uuid' => null
            )
            'original' => Array &1121 (
                'id' => 225
                'access_token' => '062dff30dee20d4da5fcebbc4d90f63f92cec0b3d484005b7ff69e823ce6fbaa.1bbd00e9bb3c60febca07918addf8e780bd077eaf69e1a534d8f4e0d3e866c38.d5ea07bb4090460853a97928f0c1e4ed7df5cb43ee7b310e727fe24662371458'
                'refresh_token' => null
                'expiration_date' => '2022-03-03 21:14:28'
                'user_id' => 559
                'created_at' => '2022-03-03 20:14:28'
                'updated_at' => '2022-03-03 20:14:28'
                'token_uuid' => null
            )
            'changes' => Array &1122 ()
            'casts' => Array &1123 ()
            'classCastCache' => Array &1124 ()
            'attributeCastCache' => Array &1125 ()
            'dates' => Array &1126 ()
            'dateFormat' => null
            'appends' => Array &1127 ()
            'dispatchesEvents' => Array &1128 ()
            'observables' => Array &1129 ()
            'relations' => Array &1130 ()
            'touches' => Array &1131 ()
            'timestamps' => true
            'hidden' => Array &1132 ()
            'visible' => Array &1133 ()
            'guarded' => Array &1134 (
                0 => '*'
            )
        )
        63 => App\Models\Token Object &000000002d3d1db80000000047065e1e (
            'fillable' => Array &1135 (
                0 => 'access_token'
                1 => 'refresh_token'
                2 => 'user_id'
            )
            'connection' => 'pgsql'
            'table' => 'tokens'
            'primaryKey' => 'id'
            'keyType' => 'int'
            'incrementing' => true
            'with' => Array &1136 ()
            'withCount' => Array &1137 ()
            'preventsLazyLoading' => false
            'perPage' => 15
            'exists' => true
            'wasRecentlyCreated' => false
            'escapeWhenCastingToString' => false
            'attributes' => Array &1138 (
                'id' => 226
                'access_token' => '9e356ae58d765a7dd0254fe767b14ffdf61233340daab6ccbe3e90d8e2edccbe.0514dd45d041c07f4350c5f704dea69b2f77a82ae11e7a81db53755fba1435a0.96fe0703d57f8ecbab580b2e71ce04a68495723d8ff88ef787416fea49cddc23'
                'refresh_token' => null
                'expiration_date' => '2022-03-03 21:14:28'
                'user_id' => 481
                'created_at' => '2022-03-03 20:14:28'
                'updated_at' => '2022-03-03 20:14:28'
                'token_uuid' => null
            )
            'original' => Array &1139 (
                'id' => 226
                'access_token' => '9e356ae58d765a7dd0254fe767b14ffdf61233340daab6ccbe3e90d8e2edccbe.0514dd45d041c07f4350c5f704dea69b2f77a82ae11e7a81db53755fba1435a0.96fe0703d57f8ecbab580b2e71ce04a68495723d8ff88ef787416fea49cddc23'
                'refresh_token' => null
                'expiration_date' => '2022-03-03 21:14:28'
                'user_id' => 481
                'created_at' => '2022-03-03 20:14:28'
                'updated_at' => '2022-03-03 20:14:28'
                'token_uuid' => null
            )
            'changes' => Array &1140 ()
            'casts' => Array &1141 ()
            'classCastCache' => Array &1142 ()
            'attributeCastCache' => Array &1143 ()
            'dates' => Array &1144 ()
            'dateFormat' => null
            'appends' => Array &1145 ()
            'dispatchesEvents' => Array &1146 ()
            'observables' => Array &1147 ()
            'relations' => Array &1148 ()
            'touches' => Array &1149 ()
            'timestamps' => true
            'hidden' => Array &1150 ()
            'visible' => Array &1151 ()
            'guarded' => Array &1152 (
                0 => '*'
            )
        )
        64 => App\Models\Token Object &000000002d3d1da70000000047065e1e (
            'fillable' => Array &1153 (
                0 => 'access_token'
                1 => 'refresh_token'
                2 => 'user_id'
            )
            'connection' => 'pgsql'
            'table' => 'tokens'
            'primaryKey' => 'id'
            'keyType' => 'int'
            'incrementing' => true
            'with' => Array &1154 ()
            'withCount' => Array &1155 ()
            'preventsLazyLoading' => false
            'perPage' => 15
            'exists' => true
            'wasRecentlyCreated' => false
            'escapeWhenCastingToString' => false
            'attributes' => Array &1156 (
                'id' => 227
                'access_token' => 'bee94d84a5e95e0642260ffff2435aa1c0f3106541f41f9e3b00509600c0338e.a3fcd08f302ed353bb188b0e1fb377a4a170944f6e6672f632951b8b8c68e59d.f43578eb3e41fd32ff63cafc209e7b07c68d3a32b81787fb0ea9e8746f0a8959'
                'refresh_token' => null
                'expiration_date' => '2022-03-03 21:14:28'
                'user_id' => 591
                'created_at' => '2022-03-03 20:14:28'
                'updated_at' => '2022-03-03 20:14:28'
                'token_uuid' => null
            )
            'original' => Array &1157 (
                'id' => 227
                'access_token' => 'bee94d84a5e95e0642260ffff2435aa1c0f3106541f41f9e3b00509600c0338e.a3fcd08f302ed353bb188b0e1fb377a4a170944f6e6672f632951b8b8c68e59d.f43578eb3e41fd32ff63cafc209e7b07c68d3a32b81787fb0ea9e8746f0a8959'
                'refresh_token' => null
                'expiration_date' => '2022-03-03 21:14:28'
                'user_id' => 591
                'created_at' => '2022-03-03 20:14:28'
                'updated_at' => '2022-03-03 20:14:28'
                'token_uuid' => null
            )
            'changes' => Array &1158 ()
            'casts' => Array &1159 ()
            'classCastCache' => Array &1160 ()
            'attributeCastCache' => Array &1161 ()
            'dates' => Array &1162 ()
            'dateFormat' => null
            'appends' => Array &1163 ()
            'dispatchesEvents' => Array &1164 ()
            'observables' => Array &1165 ()
            'relations' => Array &1166 ()
            'touches' => Array &1167 ()
            'timestamps' => true
            'hidden' => Array &1168 ()
            'visible' => Array &1169 ()
            'guarded' => Array &1170 (
                0 => '*'
            )
        )
        65 => App\Models\Token Object &000000002d3d1da60000000047065e1e (
            'fillable' => Array &1171 (
                0 => 'access_token'
                1 => 'refresh_token'
                2 => 'user_id'
            )
            'connection' => 'pgsql'
            'table' => 'tokens'
            'primaryKey' => 'id'
            'keyType' => 'int'
            'incrementing' => true
            'with' => Array &1172 ()
            'withCount' => Array &1173 ()
            'preventsLazyLoading' => false
            'perPage' => 15
            'exists' => true
            'wasRecentlyCreated' => false
            'escapeWhenCastingToString' => false
            'attributes' => Array &1174 (
                'id' => 228
                'access_token' => '1955eb77fa85159ab05d352f00ad485bf7482f76a3808179e59537f8ecd9397d.bc366015269342d7408c7a354d7f25c35f679cd5b57eb1f11b07ca52bc4fb057.cd78a042fd78204f196e58c65b0b69b6298ba8de9989c07edc8df2bd7fedb498'
                'refresh_token' => null
                'expiration_date' => '2022-03-03 21:14:28'
                'user_id' => 558
                'created_at' => '2022-03-03 20:14:28'
                'updated_at' => '2022-03-03 20:14:28'
                'token_uuid' => null
            )
            'original' => Array &1175 (
                'id' => 228
                'access_token' => '1955eb77fa85159ab05d352f00ad485bf7482f76a3808179e59537f8ecd9397d.bc366015269342d7408c7a354d7f25c35f679cd5b57eb1f11b07ca52bc4fb057.cd78a042fd78204f196e58c65b0b69b6298ba8de9989c07edc8df2bd7fedb498'
                'refresh_token' => null
                'expiration_date' => '2022-03-03 21:14:28'
                'user_id' => 558
                'created_at' => '2022-03-03 20:14:28'
                'updated_at' => '2022-03-03 20:14:28'
                'token_uuid' => null
            )
            'changes' => Array &1176 ()
            'casts' => Array &1177 ()
            'classCastCache' => Array &1178 ()
            'attributeCastCache' => Array &1179 ()
            'dates' => Array &1180 ()
            'dateFormat' => null
            'appends' => Array &1181 ()
            'dispatchesEvents' => Array &1182 ()
            'observables' => Array &1183 ()
            'relations' => Array &1184 ()
            'touches' => Array &1185 ()
            'timestamps' => true
            'hidden' => Array &1186 ()
            'visible' => Array &1187 ()
            'guarded' => Array &1188 (
                0 => '*'
            )
        )
        66 => App\Models\Token Object &000000002d3d1da50000000047065e1e (
            'fillable' => Array &1189 (
                0 => 'access_token'
                1 => 'refresh_token'
                2 => 'user_id'
            )
            'connection' => 'pgsql'
            'table' => 'tokens'
            'primaryKey' => 'id'
            'keyType' => 'int'
            'incrementing' => true
            'with' => Array &1190 ()
            'withCount' => Array &1191 ()
            'preventsLazyLoading' => false
            'perPage' => 15
            'exists' => true
            'wasRecentlyCreated' => false
            'escapeWhenCastingToString' => false
            'attributes' => Array &1192 (
                'id' => 229
                'access_token' => '4016782c2f37bbb797040318d98f8c04e3ee22fdb20e9c4091571521a687f683.e046b539d3525464c73f9207db1e5b478714fda8669ff44e06d83add577f5037.b685476461fcce4a0bfaac24c1fea7005a26b2873e7f0e27d72067e2303bdd3b'
                'refresh_token' => null
                'expiration_date' => '2022-03-03 21:14:28'
                'user_id' => 593
                'created_at' => '2022-03-03 20:14:28'
                'updated_at' => '2022-03-03 20:14:28'
                'token_uuid' => null
            )
            'original' => Array &1193 (
                'id' => 229
                'access_token' => '4016782c2f37bbb797040318d98f8c04e3ee22fdb20e9c4091571521a687f683.e046b539d3525464c73f9207db1e5b478714fda8669ff44e06d83add577f5037.b685476461fcce4a0bfaac24c1fea7005a26b2873e7f0e27d72067e2303bdd3b'
                'refresh_token' => null
                'expiration_date' => '2022-03-03 21:14:28'
                'user_id' => 593
                'created_at' => '2022-03-03 20:14:28'
                'updated_at' => '2022-03-03 20:14:28'
                'token_uuid' => null
            )
            'changes' => Array &1194 ()
            'casts' => Array &1195 ()
            'classCastCache' => Array &1196 ()
            'attributeCastCache' => Array &1197 ()
            'dates' => Array &1198 ()
            'dateFormat' => null
            'appends' => Array &1199 ()
            'dispatchesEvents' => Array &1200 ()
            'observables' => Array &1201 ()
            'relations' => Array &1202 ()
            'touches' => Array &1203 ()
            'timestamps' => true
            'hidden' => Array &1204 ()
            'visible' => Array &1205 ()
            'guarded' => Array &1206 (
                0 => '*'
            )
        )
        67 => App\Models\Token Object &000000002d3d1da40000000047065e1e (
            'fillable' => Array &1207 (
                0 => 'access_token'
                1 => 'refresh_token'
                2 => 'user_id'
            )
            'connection' => 'pgsql'
            'table' => 'tokens'
            'primaryKey' => 'id'
            'keyType' => 'int'
            'incrementing' => true
            'with' => Array &1208 ()
            'withCount' => Array &1209 ()
            'preventsLazyLoading' => false
            'perPage' => 15
            'exists' => true
            'wasRecentlyCreated' => false
            'escapeWhenCastingToString' => false
            'attributes' => Array &1210 (
                'id' => 230
                'access_token' => '8b85c6295ee4f71afceb3bce595479c1d78f0d9465a4a1dda1a14ea32d1abf72.9d943ab44d0ec0fc178009f5e155d57f745bb93dffcb7aadd9ce3e94564bde5f.a489ee3fa1b9632ad0b9edafefccf1de9e173385b8063eb47988f6364463a282'
                'refresh_token' => null
                'expiration_date' => '2022-03-03 21:14:28'
                'user_id' => 550
                'created_at' => '2022-03-03 20:14:28'
                'updated_at' => '2022-03-03 20:14:28'
                'token_uuid' => null
            )
            'original' => Array &1211 (
                'id' => 230
                'access_token' => '8b85c6295ee4f71afceb3bce595479c1d78f0d9465a4a1dda1a14ea32d1abf72.9d943ab44d0ec0fc178009f5e155d57f745bb93dffcb7aadd9ce3e94564bde5f.a489ee3fa1b9632ad0b9edafefccf1de9e173385b8063eb47988f6364463a282'
                'refresh_token' => null
                'expiration_date' => '2022-03-03 21:14:28'
                'user_id' => 550
                'created_at' => '2022-03-03 20:14:28'
                'updated_at' => '2022-03-03 20:14:28'
                'token_uuid' => null
            )
            'changes' => Array &1212 ()
            'casts' => Array &1213 ()
            'classCastCache' => Array &1214 ()
            'attributeCastCache' => Array &1215 ()
            'dates' => Array &1216 ()
            'dateFormat' => null
            'appends' => Array &1217 ()
            'dispatchesEvents' => Array &1218 ()
            'observables' => Array &1219 ()
            'relations' => Array &1220 ()
            'touches' => Array &1221 ()
            'timestamps' => true
            'hidden' => Array &1222 ()
            'visible' => Array &1223 ()
            'guarded' => Array &1224 (
                0 => '*'
            )
        )
        68 => App\Models\Token Object &000000002d3d1da30000000047065e1e (
            'fillable' => Array &1225 (
                0 => 'access_token'
                1 => 'refresh_token'
                2 => 'user_id'
            )
            'connection' => 'pgsql'
            'table' => 'tokens'
            'primaryKey' => 'id'
            'keyType' => 'int'
            'incrementing' => true
            'with' => Array &1226 ()
            'withCount' => Array &1227 ()
            'preventsLazyLoading' => false
            'perPage' => 15
            'exists' => true
            'wasRecentlyCreated' => false
            'escapeWhenCastingToString' => false
            'attributes' => Array &1228 (
                'id' => 231
                'access_token' => '66058a54ba4a8937843f4e734deaa5718d49bb5948c1d1af1ef4b1be2a17cccc.70c4a17ff76fd7e7837d75ab118591cced76d57a26b5258c75b50cd2d3ee23be.0868b3b6d1710a68400c3970e3128f47264c86a36a1444ea585fd12432f89e9d'
                'refresh_token' => null
                'expiration_date' => '2022-03-03 21:14:28'
                'user_id' => 483
                'created_at' => '2022-03-03 20:14:28'
                'updated_at' => '2022-03-03 20:14:28'
                'token_uuid' => null
            )
            'original' => Array &1229 (
                'id' => 231
                'access_token' => '66058a54ba4a8937843f4e734deaa5718d49bb5948c1d1af1ef4b1be2a17cccc.70c4a17ff76fd7e7837d75ab118591cced76d57a26b5258c75b50cd2d3ee23be.0868b3b6d1710a68400c3970e3128f47264c86a36a1444ea585fd12432f89e9d'
                'refresh_token' => null
                'expiration_date' => '2022-03-03 21:14:28'
                'user_id' => 483
                'created_at' => '2022-03-03 20:14:28'
                'updated_at' => '2022-03-03 20:14:28'
                'token_uuid' => null
            )
            'changes' => Array &1230 ()
            'casts' => Array &1231 ()
            'classCastCache' => Array &1232 ()
            'attributeCastCache' => Array &1233 ()
            'dates' => Array &1234 ()
            'dateFormat' => null
            'appends' => Array &1235 ()
            'dispatchesEvents' => Array &1236 ()
            'observables' => Array &1237 ()
            'relations' => Array &1238 ()
            'touches' => Array &1239 ()
            'timestamps' => true
            'hidden' => Array &1240 ()
            'visible' => Array &1241 ()
            'guarded' => Array &1242 (
                0 => '*'
            )
        )
        69 => App\Models\Token Object &000000002d3d1da20000000047065e1e (
            'fillable' => Array &1243 (
                0 => 'access_token'
                1 => 'refresh_token'
                2 => 'user_id'
            )
            'connection' => 'pgsql'
            'table' => 'tokens'
            'primaryKey' => 'id'
            'keyType' => 'int'
            'incrementing' => true
            'with' => Array &1244 ()
            'withCount' => Array &1245 ()
            'preventsLazyLoading' => false
            'perPage' => 15
            'exists' => true
            'wasRecentlyCreated' => false
            'escapeWhenCastingToString' => false
            'attributes' => Array &1246 (
                'id' => 232
                'access_token' => '243f0f312d422f8a09ceef9fa6b33fe9f58ccb5c7a2d65755cf7a494869e6c45.4189386963b3422561dcce1af9bb63a2324d1aa094140c743c321678b30e5150.df8b47f923720c04f07235f968bdfc1376c9e4ae0601006acc4a0f2806e7b40a'
                'refresh_token' => null
                'expiration_date' => '2022-03-03 21:14:28'
                'user_id' => 486
                'created_at' => '2022-03-03 20:14:28'
                'updated_at' => '2022-03-03 20:14:28'
                'token_uuid' => null
            )
            'original' => Array &1247 (
                'id' => 232
                'access_token' => '243f0f312d422f8a09ceef9fa6b33fe9f58ccb5c7a2d65755cf7a494869e6c45.4189386963b3422561dcce1af9bb63a2324d1aa094140c743c321678b30e5150.df8b47f923720c04f07235f968bdfc1376c9e4ae0601006acc4a0f2806e7b40a'
                'refresh_token' => null
                'expiration_date' => '2022-03-03 21:14:28'
                'user_id' => 486
                'created_at' => '2022-03-03 20:14:28'
                'updated_at' => '2022-03-03 20:14:28'
                'token_uuid' => null
            )
            'changes' => Array &1248 ()
            'casts' => Array &1249 ()
            'classCastCache' => Array &1250 ()
            'attributeCastCache' => Array &1251 ()
            'dates' => Array &1252 ()
            'dateFormat' => null
            'appends' => Array &1253 ()
            'dispatchesEvents' => Array &1254 ()
            'observables' => Array &1255 ()
            'relations' => Array &1256 ()
            'touches' => Array &1257 ()
            'timestamps' => true
            'hidden' => Array &1258 ()
            'visible' => Array &1259 ()
            'guarded' => Array &1260 (
                0 => '*'
            )
        )
    )
    'escapeWhenCastingToString' => false
) is of type "array".

C:\Users\admin\Documents\docker-configuration\docker-test\microservice\auth_microservice\tests\BaseCRUD_Test.php:91

4) UserInfoTest::testUpdateById
Expected response status code [200] but received 500.
Failed asserting that 200 is identical to 500.

C:\Users\admin\Documents\docker-configuration\docker-test\microservice\auth_microservice\vendor\illuminate\testing\TestResponse.php:177
C:\Users\admin\Documents\docker-configuration\docker-test\microservice\auth_microservice\vendor\illuminate\testing\TestResponse.php:99
C:\Users\admin\Documents\docker-configuration\docker-test\microservice\auth_microservice\vendor\laravel\lumen-framework\src\Testing\Concerns\MakesHttpRequests.php:415
C:\Users\admin\Documents\docker-configuration\docker-test\microservice\auth_microservice\tests\BaseCRUD_Test.php:49

5) UserInfoTest::testGetAllService
Failed asserting that Illuminate\Database\Eloquent\Collection Object &000000002d3d1bbd0000000047065e1e (
    'items' => Array &0 (
        0 => App\Models\UserInfo Object &000000002d3d1bbe0000000047065e1e (
            'fillable' => Array &1 (
                0 => 'full_name'
                1 => 'bio'
                2 => 'isBanned'
                3 => 'user_id'
            )
            'hidden' => Array &2 (
                0 => 'isBanned'
            )
            'connection' => 'pgsql'
            'table' => 'user_infos'
            'primaryKey' => 'id'
            'keyType' => 'int'
            'incrementing' => true
            'with' => Array &3 ()
            'withCount' => Array &4 ()
            'preventsLazyLoading' => false
            'perPage' => 15
            'exists' => true
            'wasRecentlyCreated' => false
            'escapeWhenCastingToString' => false
            'attributes' => Array &5 (
                'id' => 2
                'full_name' => 'Dr. Annetta Murray'
                'bio' => 'Ut ut earum autem et rem ea unde. Unde quo cupiditate quia necessitatibus odio. Veritatis est qui pariatur qui nemo.'
                'isBanned' => false
                'user_id' => 110
                'created_at' => '2022-02-28 20:01:07'
                'updated_at' => '2022-02-28 20:01:07'
            )
            'original' => Array &6 (
                'id' => 2
                'full_name' => 'Dr. Annetta Murray'
                'bio' => 'Ut ut earum autem et rem ea unde. Unde quo cupiditate quia necessitatibus odio. Veritatis est qui pariatur qui nemo.'
                'isBanned' => false
                'user_id' => 110
                'created_at' => '2022-02-28 20:01:07'
                'updated_at' => '2022-02-28 20:01:07'
            )
            'changes' => Array &7 ()
            'casts' => Array &8 ()
            'classCastCache' => Array &9 ()
            'attributeCastCache' => Array &10 ()
            'dates' => Array &11 ()
            'dateFormat' => null
            'appends' => Array &12 ()
            'dispatchesEvents' => Array &13 ()
            'observables' => Array &14 ()
            'relations' => Array &15 ()
            'touches' => Array &16 ()
            'timestamps' => true
            'visible' => Array &17 ()
            'guarded' => Array &18 (
                0 => '*'
            )
        )
        1 => App\Models\UserInfo Object &000000002d3d13160000000047065e1e (
            'fillable' => Array &19 (
                0 => 'full_name'
                1 => 'bio'
                2 => 'isBanned'
                3 => 'user_id'
            )
            'hidden' => Array &20 (
                0 => 'isBanned'
            )
            'connection' => 'pgsql'
            'table' => 'user_infos'
            'primaryKey' => 'id'
            'keyType' => 'int'
            'incrementing' => true
            'with' => Array &21 ()
            'withCount' => Array &22 ()
            'preventsLazyLoading' => false
            'perPage' => 15
            'exists' => true
            'wasRecentlyCreated' => false
            'escapeWhenCastingToString' => false
            'attributes' => Array &23 (
                'id' => 3
                'full_name' => 'Prof. Darrell Cassin'
                'bio' => 'Dicta odit ipsam voluptatum dolores. Sunt ipsam fugiat mollitia cupiditate dicta. Consequatur eius necessitatibus et quis. Maxime quisquam et ad.'
                'isBanned' => false
                'user_id' => 110
                'created_at' => '2022-02-28 20:01:08'
                'updated_at' => '2022-02-28 20:01:08'
            )
            'original' => Array &24 (
                'id' => 3
                'full_name' => 'Prof. Darrell Cassin'
                'bio' => 'Dicta odit ipsam voluptatum dolores. Sunt ipsam fugiat mollitia cupiditate dicta. Consequatur eius necessitatibus et quis. Maxime quisquam et ad.'
                'isBanned' => false
                'user_id' => 110
                'created_at' => '2022-02-28 20:01:08'
                'updated_at' => '2022-02-28 20:01:08'
            )
            'changes' => Array &25 ()
            'casts' => Array &26 ()
            'classCastCache' => Array &27 ()
            'attributeCastCache' => Array &28 ()
            'dates' => Array &29 ()
            'dateFormat' => null
            'appends' => Array &30 ()
            'dispatchesEvents' => Array &31 ()
            'observables' => Array &32 ()
            'relations' => Array &33 ()
            'touches' => Array &34 ()
            'timestamps' => true
            'visible' => Array &35 ()
            'guarded' => Array &36 (
                0 => '*'
            )
        )
        2 => App\Models\UserInfo Object &000000002d3d13380000000047065e1e (
            'fillable' => Array &37 (
                0 => 'full_name'
                1 => 'bio'
                2 => 'isBanned'
                3 => 'user_id'
            )
            'hidden' => Array &38 (
                0 => 'isBanned'
            )
            'connection' => 'pgsql'
            'table' => 'user_infos'
            'primaryKey' => 'id'
            'keyType' => 'int'
            'incrementing' => true
            'with' => Array &39 ()
            'withCount' => Array &40 ()
            'preventsLazyLoading' => false
            'perPage' => 15
            'exists' => true
            'wasRecentlyCreated' => false
            'escapeWhenCastingToString' => false
            'attributes' => Array &41 (
                'id' => 4
                'full_name' => 'Trevion Watsica'
                'bio' => 'Voluptatem laboriosam libero consectetur dolore fugiat maxime. Provident nemo qui pariatur consequatur. Fugit eaque delectus impedit rerum et. Ut quasi voluptate doloremque nam voluptatem.'
                'isBanned' => false
                'user_id' => 115
                'created_at' => '2022-02-28 20:01:08'
                'updated_at' => '2022-02-28 20:01:08'
            )
            'original' => Array &42 (
                'id' => 4
                'full_name' => 'Trevion Watsica'
                'bio' => 'Voluptatem laboriosam libero consectetur dolore fugiat maxime. Provident nemo qui pariatur consequatur. Fugit eaque delectus impedit rerum et. Ut quasi voluptate doloremque nam voluptatem.'
                'isBanned' => false
                'user_id' => 115
                'created_at' => '2022-02-28 20:01:08'
                'updated_at' => '2022-02-28 20:01:08'
            )
            'changes' => Array &43 ()
            'casts' => Array &44 ()
            'classCastCache' => Array &45 ()
            'attributeCastCache' => Array &46 ()
            'dates' => Array &47 ()
            'dateFormat' => null
            'appends' => Array &48 ()
            'dispatchesEvents' => Array &49 ()
            'observables' => Array &50 ()
            'relations' => Array &51 ()
            'touches' => Array &52 ()
            'timestamps' => true
            'visible' => Array &53 ()
            'guarded' => Array &54 (
                0 => '*'
            )
        )
        3 => App\Models\UserInfo Object &000000002d3d13430000000047065e1e (
            'fillable' => Array &55 (
                0 => 'full_name'
                1 => 'bio'
                2 => 'isBanned'
                3 => 'user_id'
            )
            'hidden' => Array &56 (
                0 => 'isBanned'
            )
            'connection' => 'pgsql'
            'table' => 'user_infos'
            'primaryKey' => 'id'
            'keyType' => 'int'
            'incrementing' => true
            'with' => Array &57 ()
            'withCount' => Array &58 ()
            'preventsLazyLoading' => false
            'perPage' => 15
            'exists' => true
            'wasRecentlyCreated' => false
            'escapeWhenCastingToString' => false
            'attributes' => Array &59 (
                'id' => 5
                'full_name' => 'Dr. Samantha Corwin II'
                'bio' => 'Dignissimos corrupti neque voluptatem est. Molestiae labore sunt dolore. Amet dolorum ad rerum molestiae rerum molestias reprehenderit.'
                'isBanned' => false
                'user_id' => 107
                'created_at' => '2022-02-28 20:01:08'
                'updated_at' => '2022-02-28 20:01:08'
            )
            'original' => Array &60 (
                'id' => 5
                'full_name' => 'Dr. Samantha Corwin II'
                'bio' => 'Dignissimos corrupti neque voluptatem est. Molestiae labore sunt dolore. Amet dolorum ad rerum molestiae rerum molestias reprehenderit.'
                'isBanned' => false
                'user_id' => 107
                'created_at' => '2022-02-28 20:01:08'
                'updated_at' => '2022-02-28 20:01:08'
            )
            'changes' => Array &61 ()
            'casts' => Array &62 ()
            'classCastCache' => Array &63 ()
            'attributeCastCache' => Array &64 ()
            'dates' => Array &65 ()
            'dateFormat' => null
            'appends' => Array &66 ()
            'dispatchesEvents' => Array &67 ()
            'observables' => Array &68 ()
            'relations' => Array &69 ()
            'touches' => Array &70 ()
            'timestamps' => true
            'visible' => Array &71 ()
            'guarded' => Array &72 (
                0 => '*'
            )
        )
        4 => App\Models\UserInfo Object &000000002d3d1e100000000047065e1e (
            'fillable' => Array &73 (
                0 => 'full_name'
                1 => 'bio'
                2 => 'isBanned'
                3 => 'user_id'
            )
            'hidden' => Array &74 (
                0 => 'isBanned'
            )
            'connection' => 'pgsql'
            'table' => 'user_infos'
            'primaryKey' => 'id'
            'keyType' => 'int'
            'incrementing' => true
            'with' => Array &75 ()
            'withCount' => Array &76 ()
            'preventsLazyLoading' => false
            'perPage' => 15
            'exists' => true
            'wasRecentlyCreated' => false
            'escapeWhenCastingToString' => false
            'attributes' => Array &77 (
                'id' => 6
                'full_name' => 'Anna Hoppe V'
                'bio' => 'Adipisci ad accusamus nisi aut nam. Facilis iure quidem perspiciatis ipsam ut. Ut similique neque recusandae quod. Nulla a dolorem nostrum quasi.'
                'isBanned' => false
                'user_id' => 113
                'created_at' => '2022-02-28 20:01:08'
                'updated_at' => '2022-02-28 20:01:08'
            )
            'original' => Array &78 (
                'id' => 6
                'full_name' => 'Anna Hoppe V'
                'bio' => 'Adipisci ad accusamus nisi aut nam. Facilis iure quidem perspiciatis ipsam ut. Ut similique neque recusandae quod. Nulla a dolorem nostrum quasi.'
                'isBanned' => false
                'user_id' => 113
                'created_at' => '2022-02-28 20:01:08'
                'updated_at' => '2022-02-28 20:01:08'
            )
            'changes' => Array &79 ()
            'casts' => Array &80 ()
            'classCastCache' => Array &81 ()
            'attributeCastCache' => Array &82 ()
            'dates' => Array &83 ()
            'dateFormat' => null
            'appends' => Array &84 ()
            'dispatchesEvents' => Array &85 ()
            'observables' => Array &86 ()
            'relations' => Array &87 ()
            'touches' => Array &88 ()
            'timestamps' => true
            'visible' => Array &89 ()
            'guarded' => Array &90 (
                0 => '*'
            )
        )
        5 => App\Models\UserInfo Object &000000002d3d1f0b0000000047065e1e (
            'fillable' => Array &91 (
                0 => 'full_name'
                1 => 'bio'
                2 => 'isBanned'
                3 => 'user_id'
            )
            'hidden' => Array &92 (
                0 => 'isBanned'
            )
            'connection' => 'pgsql'
            'table' => 'user_infos'
            'primaryKey' => 'id'
            'keyType' => 'int'
            'incrementing' => true
            'with' => Array &93 ()
            'withCount' => Array &94 ()
            'preventsLazyLoading' => false
            'perPage' => 15
            'exists' => true
            'wasRecentlyCreated' => false
            'escapeWhenCastingToString' => false
            'attributes' => Array &95 (
                'id' => 8
                'full_name' => 'Lizzie Feil'
                'bio' => 'Optio harum reprehenderit consequuntur distinctio voluptate natus. Sunt rerum rem recusandae. Nihil mollitia nam voluptatem quae est illo expedita.'
                'isBanned' => false
                'user_id' => 107
                'created_at' => '2022-02-28 20:01:08'
                'updated_at' => '2022-02-28 20:01:08'
            )
            'original' => Array &96 (
                'id' => 8
                'full_name' => 'Lizzie Feil'
                'bio' => 'Optio harum reprehenderit consequuntur distinctio voluptate natus. Sunt rerum rem recusandae. Nihil mollitia nam voluptatem quae est illo expedita.'
                'isBanned' => false
                'user_id' => 107
                'created_at' => '2022-02-28 20:01:08'
                'updated_at' => '2022-02-28 20:01:08'
            )
            'changes' => Array &97 ()
            'casts' => Array &98 ()
            'classCastCache' => Array &99 ()
            'attributeCastCache' => Array &100 ()
            'dates' => Array &101 ()
            'dateFormat' => null
            'appends' => Array &102 ()
            'dispatchesEvents' => Array &103 ()
            'observables' => Array &104 ()
            'relations' => Array &105 ()
            'touches' => Array &106 ()
            'timestamps' => true
            'visible' => Array &107 ()
            'guarded' => Array &108 (
                0 => '*'
            )
        )
        6 => App\Models\UserInfo Object &000000002d3d1f590000000047065e1e (
            'fillable' => Array &109 (
                0 => 'full_name'
                1 => 'bio'
                2 => 'isBanned'
                3 => 'user_id'
            )
            'hidden' => Array &110 (
                0 => 'isBanned'
            )
            'connection' => 'pgsql'
            'table' => 'user_infos'
            'primaryKey' => 'id'
            'keyType' => 'int'
            'incrementing' => true
            'with' => Array &111 ()
            'withCount' => Array &112 ()
            'preventsLazyLoading' => false
            'perPage' => 15
            'exists' => true
            'wasRecentlyCreated' => false
            'escapeWhenCastingToString' => false
            'attributes' => Array &113 (
                'id' => 10
                'full_name' => 'Foster Howell'
                'bio' => 'Numquam fugit cum ex eaque dolorem qui. Sed et voluptate et recusandae voluptas cupiditate. Maxime sint quam totam nostrum. Quia laudantium suscipit molestias est dolorum eveniet est.'
                'isBanned' => false
                'user_id' => 109
                'created_at' => '2022-02-28 20:01:08'
                'updated_at' => '2022-02-28 20:01:08'
            )
            'original' => Array &114 (
                'id' => 10
                'full_name' => 'Foster Howell'
                'bio' => 'Numquam fugit cum ex eaque dolorem qui. Sed et voluptate et recusandae voluptas cupiditate. Maxime sint quam totam nostrum. Quia laudantium suscipit molestias est dolorum eveniet est.'
                'isBanned' => false
                'user_id' => 109
                'created_at' => '2022-02-28 20:01:08'
                'updated_at' => '2022-02-28 20:01:08'
            )
            'changes' => Array &115 ()
            'casts' => Array &116 ()
            'classCastCache' => Array &117 ()
            'attributeCastCache' => Array &118 ()
            'dates' => Array &119 ()
            'dateFormat' => null
            'appends' => Array &120 ()
            'dispatchesEvents' => Array &121 ()
            'observables' => Array &122 ()
            'relations' => Array &123 ()
            'touches' => Array &124 ()
            'timestamps' => true
            'visible' => Array &125 ()
            'guarded' => Array &126 (
                0 => '*'
            )
        )
        7 => App\Models\UserInfo Object &000000002d3d1bf20000000047065e1e (
            'fillable' => Array &127 (
                0 => 'full_name'
                1 => 'bio'
                2 => 'isBanned'
                3 => 'user_id'
            )
            'hidden' => Array &128 (
                0 => 'isBanned'
            )
            'connection' => 'pgsql'
            'table' => 'user_infos'
            'primaryKey' => 'id'
            'keyType' => 'int'
            'incrementing' => true
            'with' => Array &129 ()
            'withCount' => Array &130 ()
            'preventsLazyLoading' => false
            'perPage' => 15
            'exists' => true
            'wasRecentlyCreated' => false
            'escapeWhenCastingToString' => false
            'attributes' => Array &131 (
                'id' => 11
                'full_name' => 'Claudia Rodriguez'
                'bio' => 'Corporis est ipsam dolore voluptas. Explicabo quas quam sunt aspernatur nihil dignissimos distinctio. Et repudiandae qui sequi in cum quam.'
                'isBanned' => true
                'user_id' => 109
                'created_at' => '2022-02-28 20:01:08'
                'updated_at' => '2022-02-28 20:01:08'
            )
            'original' => Array &132 (
                'id' => 11
                'full_name' => 'Claudia Rodriguez'
                'bio' => 'Corporis est ipsam dolore voluptas. Explicabo quas quam sunt aspernatur nihil dignissimos distinctio. Et repudiandae qui sequi in cum quam.'
                'isBanned' => true
                'user_id' => 109
                'created_at' => '2022-02-28 20:01:08'
                'updated_at' => '2022-02-28 20:01:08'
            )
            'changes' => Array &133 ()
            'casts' => Array &134 ()
            'classCastCache' => Array &135 ()
            'attributeCastCache' => Array &136 ()
            'dates' => Array &137 ()
            'dateFormat' => null
            'appends' => Array &138 ()
            'dispatchesEvents' => Array &139 ()
            'observables' => Array &140 ()
            'relations' => Array &141 ()
            'touches' => Array &142 ()
            'timestamps' => true
            'visible' => Array &143 ()
            'guarded' => Array &144 (
                0 => '*'
            )
        )
        8 => App\Models\UserInfo Object &000000002d3d1bf40000000047065e1e (
            'fillable' => Array &145 (
                0 => 'full_name'
                1 => 'bio'
                2 => 'isBanned'
                3 => 'user_id'
            )
            'hidden' => Array &146 (
                0 => 'isBanned'
            )
            'connection' => 'pgsql'
            'table' => 'user_infos'
            'primaryKey' => 'id'
            'keyType' => 'int'
            'incrementing' => true
            'with' => Array &147 ()
            'withCount' => Array &148 ()
            'preventsLazyLoading' => false
            'perPage' => 15
            'exists' => true
            'wasRecentlyCreated' => false
            'escapeWhenCastingToString' => false
            'attributes' => Array &149 (
                'id' => 7
                'full_name' => 'test_test'
                'bio' => 'test updated bio'
                'isBanned' => true
                'user_id' => 1
                'created_at' => '2022-02-28 20:01:08'
                'updated_at' => '2022-02-28 21:19:13'
            )
            'original' => Array &150 (
                'id' => 7
                'full_name' => 'test_test'
                'bio' => 'test updated bio'
                'isBanned' => true
                'user_id' => 1
                'created_at' => '2022-02-28 20:01:08'
                'updated_at' => '2022-02-28 21:19:13'
            )
            'changes' => Array &151 ()
            'casts' => Array &152 ()
            'classCastCache' => Array &153 ()
            'attributeCastCache' => Array &154 ()
            'dates' => Array &155 ()
            'dateFormat' => null
            'appends' => Array &156 ()
            'dispatchesEvents' => Array &157 ()
            'observables' => Array &158 ()
            'relations' => Array &159 ()
            'touches' => Array &160 ()
            'timestamps' => true
            'visible' => Array &161 ()
            'guarded' => Array &162 (
                0 => '*'
            )
        )
        9 => App\Models\UserInfo Object &000000002d3d1bf30000000047065e1e (
            'fillable' => Array &163 (
                0 => 'full_name'
                1 => 'bio'
                2 => 'isBanned'
                3 => 'user_id'
            )
            'hidden' => Array &164 (
                0 => 'isBanned'
            )
            'connection' => 'pgsql'
            'table' => 'user_infos'
            'primaryKey' => 'id'
            'keyType' => 'int'
            'incrementing' => true
            'with' => Array &165 ()
            'withCount' => Array &166 ()
            'preventsLazyLoading' => false
            'perPage' => 15
            'exists' => true
            'wasRecentlyCreated' => false
            'escapeWhenCastingToString' => false
            'attributes' => Array &167 (
                'id' => 22
                'full_name' => 'Raegan Schinner'
                'bio' => 'Quo sit et beatae quia omnis voluptas. Sed earum eos autem error sint aut dolores. Voluptas iste doloribus beatae optio. Mollitia aut quis ducimus animi assumenda earum.'
                'isBanned' => false
                'user_id' => 484
                'created_at' => '2022-03-02 20:08:57'
                'updated_at' => '2022-03-02 20:08:57'
            )
            'original' => Array &168 (
                'id' => 22
                'full_name' => 'Raegan Schinner'
                'bio' => 'Quo sit et beatae quia omnis voluptas. Sed earum eos autem error sint aut dolores. Voluptas iste doloribus beatae optio. Mollitia aut quis ducimus animi assumenda earum.'
                'isBanned' => false
                'user_id' => 484
                'created_at' => '2022-03-02 20:08:57'
                'updated_at' => '2022-03-02 20:08:57'
            )
            'changes' => Array &169 ()
            'casts' => Array &170 ()
            'classCastCache' => Array &171 ()
            'attributeCastCache' => Array &172 ()
            'dates' => Array &173 ()
            'dateFormat' => null
            'appends' => Array &174 ()
            'dispatchesEvents' => Array &175 ()
            'observables' => Array &176 ()
            'relations' => Array &177 ()
            'touches' => Array &178 ()
            'timestamps' => true
            'visible' => Array &179 ()
            'guarded' => Array &180 (
                0 => '*'
            )
        )
        10 => App\Models\UserInfo Object &000000002d3d1bf10000000047065e1e (
            'fillable' => Array &181 (
                0 => 'full_name'
                1 => 'bio'
                2 => 'isBanned'
                3 => 'user_id'
            )
            'hidden' => Array &182 (
                0 => 'isBanned'
            )
            'connection' => 'pgsql'
            'table' => 'user_infos'
            'primaryKey' => 'id'
            'keyType' => 'int'
            'incrementing' => true
            'with' => Array &183 ()
            'withCount' => Array &184 ()
            'preventsLazyLoading' => false
            'perPage' => 15
            'exists' => true
            'wasRecentlyCreated' => false
            'escapeWhenCastingToString' => false
            'attributes' => Array &185 (
                'id' => 23
                'full_name' => 'Kody Abshire'
                'bio' => 'Consectetur et labore dolor rerum dolor. Non eos consequatur tempora minima officiis corrupti. Quia consequatur error earum qui veritatis et praesentium assumenda.'
                'isBanned' => false
                'user_id' => 478
                'created_at' => '2022-03-02 20:08:57'
                'updated_at' => '2022-03-02 20:08:57'
            )
            'original' => Array &186 (
                'id' => 23
                'full_name' => 'Kody Abshire'
                'bio' => 'Consectetur et labore dolor rerum dolor. Non eos consequatur tempora minima officiis corrupti. Quia consequatur error earum qui veritatis et praesentium assumenda.'
                'isBanned' => false
                'user_id' => 478
                'created_at' => '2022-03-02 20:08:57'
                'updated_at' => '2022-03-02 20:08:57'
            )
            'changes' => Array &187 ()
            'casts' => Array &188 ()
            'classCastCache' => Array &189 ()
            'attributeCastCache' => Array &190 ()
            'dates' => Array &191 ()
            'dateFormat' => null
            'appends' => Array &192 ()
            'dispatchesEvents' => Array &193 ()
            'observables' => Array &194 ()
            'relations' => Array &195 ()
            'touches' => Array &196 ()
            'timestamps' => true
            'visible' => Array &197 ()
            'guarded' => Array &198 (
                0 => '*'
            )
        )
        11 => App\Models\UserInfo Object &000000002d3d1bf00000000047065e1e (
            'fillable' => Array &199 (
                0 => 'full_name'
                1 => 'bio'
                2 => 'isBanned'
                3 => 'user_id'
            )
            'hidden' => Array &200 (
                0 => 'isBanned'
            )
            'connection' => 'pgsql'
            'table' => 'user_infos'
            'primaryKey' => 'id'
            'keyType' => 'int'
            'incrementing' => true
            'with' => Array &201 ()
            'withCount' => Array &202 ()
            'preventsLazyLoading' => false
            'perPage' => 15
            'exists' => true
            'wasRecentlyCreated' => false
            'escapeWhenCastingToString' => false
            'attributes' => Array &203 (
                'id' => 24
                'full_name' => 'Rosalee Skiles'
                'bio' => 'Aperiam iste maiores exercitationem maxime sint consequatur laudantium quisquam. Ut nobis explicabo sed est fugit blanditiis consequuntur possimus. Quo et doloremque qui labore maxime ducimus.'
                'isBanned' => false
                'user_id' => 483
                'created_at' => '2022-03-02 20:08:57'
                'updated_at' => '2022-03-02 20:08:57'
            )
            'original' => Array &204 (
                'id' => 24
                'full_name' => 'Rosalee Skiles'
                'bio' => 'Aperiam iste maiores exercitationem maxime sint consequatur laudantium quisquam. Ut nobis explicabo sed est fugit blanditiis consequuntur possimus. Quo et doloremque qui labore maxime ducimus.'
                'isBanned' => false
                'user_id' => 483
                'created_at' => '2022-03-02 20:08:57'
                'updated_at' => '2022-03-02 20:08:57'
            )
            'changes' => Array &205 ()
            'casts' => Array &206 ()
            'classCastCache' => Array &207 ()
            'attributeCastCache' => Array &208 ()
            'dates' => Array &209 ()
            'dateFormat' => null
            'appends' => Array &210 ()
            'dispatchesEvents' => Array &211 ()
            'observables' => Array &212 ()
            'relations' => Array &213 ()
            'touches' => Array &214 ()
            'timestamps' => true
            'visible' => Array &215 ()
            'guarded' => Array &216 (
                0 => '*'
            )
        )
        12 => App\Models\UserInfo Object &000000002d3d1bff0000000047065e1e (
            'fillable' => Array &217 (
                0 => 'full_name'
                1 => 'bio'
                2 => 'isBanned'
                3 => 'user_id'
            )
            'hidden' => Array &218 (
                0 => 'isBanned'
            )
            'connection' => 'pgsql'
            'table' => 'user_infos'
            'primaryKey' => 'id'
            'keyType' => 'int'
            'incrementing' => true
            'with' => Array &219 ()
            'withCount' => Array &220 ()
            'preventsLazyLoading' => false
            'perPage' => 15
            'exists' => true
            'wasRecentlyCreated' => false
            'escapeWhenCastingToString' => false
            'attributes' => Array &221 (
                'id' => 25
                'full_name' => 'Jacklyn Howell MD'
                'bio' => 'Et rerum dolorem sunt ab alias. Nemo et nihil et similique sit tempora aut. Quia eveniet sit veniam est. Sint eaque exercitationem est et. Consequuntur distinctio alias ut non.'
                'isBanned' => true
                'user_id' => 479
                'created_at' => '2022-03-02 20:08:57'
                'updated_at' => '2022-03-02 20:08:57'
            )
            'original' => Array &222 (
                'id' => 25
                'full_name' => 'Jacklyn Howell MD'
                'bio' => 'Et rerum dolorem sunt ab alias. Nemo et nihil et similique sit tempora aut. Quia eveniet sit veniam est. Sint eaque exercitationem est et. Consequuntur distinctio alias ut non.'
                'isBanned' => true
                'user_id' => 479
                'created_at' => '2022-03-02 20:08:57'
                'updated_at' => '2022-03-02 20:08:57'
            )
            'changes' => Array &223 ()
            'casts' => Array &224 ()
            'classCastCache' => Array &225 ()
            'attributeCastCache' => Array &226 ()
            'dates' => Array &227 ()
            'dateFormat' => null
            'appends' => Array &228 ()
            'dispatchesEvents' => Array &229 ()
            'observables' => Array &230 ()
            'relations' => Array &231 ()
            'touches' => Array &232 ()
            'timestamps' => true
            'visible' => Array &233 ()
            'guarded' => Array &234 (
                0 => '*'
            )
        )
        13 => App\Models\UserInfo Object &000000002d3d1bfe0000000047065e1e (
            'fillable' => Array &235 (
                0 => 'full_name'
                1 => 'bio'
                2 => 'isBanned'
                3 => 'user_id'
            )
            'hidden' => Array &236 (
                0 => 'isBanned'
            )
            'connection' => 'pgsql'
            'table' => 'user_infos'
            'primaryKey' => 'id'
            'keyType' => 'int'
            'incrementing' => true
            'with' => Array &237 ()
            'withCount' => Array &238 ()
            'preventsLazyLoading' => false
            'perPage' => 15
            'exists' => true
            'wasRecentlyCreated' => false
            'escapeWhenCastingToString' => false
            'attributes' => Array &239 (
                'id' => 26
                'full_name' => 'Yessenia Cruickshank'
                'bio' => 'Rerum alias dolorem dolor similique iste non provident. In recusandae ut sunt et occaecati. Et ab quos dolor quas et nostrum et.'
                'isBanned' => false
                'user_id' => 106
                'created_at' => '2022-03-02 20:08:57'
                'updated_at' => '2022-03-02 20:08:57'
            )
            'original' => Array &240 (
                'id' => 26
                'full_name' => 'Yessenia Cruickshank'
                'bio' => 'Rerum alias dolorem dolor similique iste non provident. In recusandae ut sunt et occaecati. Et ab quos dolor quas et nostrum et.'
                'isBanned' => false
                'user_id' => 106
                'created_at' => '2022-03-02 20:08:57'
                'updated_at' => '2022-03-02 20:08:57'
            )
            'changes' => Array &241 ()
            'casts' => Array &242 ()
            'classCastCache' => Array &243 ()
            'attributeCastCache' => Array &244 ()
            'dates' => Array &245 ()
            'dateFormat' => null
            'appends' => Array &246 ()
            'dispatchesEvents' => Array &247 ()
            'observables' => Array &248 ()
            'relations' => Array &249 ()
            'touches' => Array &250 ()
            'timestamps' => true
            'visible' => Array &251 ()
            'guarded' => Array &252 (
                0 => '*'
            )
        )
        14 => App\Models\UserInfo Object &000000002d3d1bfd0000000047065e1e (
            'fillable' => Array &253 (
                0 => 'full_name'
                1 => 'bio'
                2 => 'isBanned'
                3 => 'user_id'
            )
            'hidden' => Array &254 (
                0 => 'isBanned'
            )
            'connection' => 'pgsql'
            'table' => 'user_infos'
            'primaryKey' => 'id'
            'keyType' => 'int'
            'incrementing' => true
            'with' => Array &255 ()
            'withCount' => Array &256 ()
            'preventsLazyLoading' => false
            'perPage' => 15
            'exists' => true
            'wasRecentlyCreated' => false
            'escapeWhenCastingToString' => false
            'attributes' => Array &257 (
                'id' => 27
                'full_name' => 'Israel Tremblay'
                'bio' => 'Libero beatae eveniet aut dolorum. Sit est velit sapiente quo voluptas ut. Consequatur iusto est pariatur nesciunt non.'
                'isBanned' => false
                'user_id' => 112
                'created_at' => '2022-03-02 20:08:57'
                'updated_at' => '2022-03-02 20:08:57'
            )
            'original' => Array &258 (
                'id' => 27
                'full_name' => 'Israel Tremblay'
                'bio' => 'Libero beatae eveniet aut dolorum. Sit est velit sapiente quo voluptas ut. Consequatur iusto est pariatur nesciunt non.'
                'isBanned' => false
                'user_id' => 112
                'created_at' => '2022-03-02 20:08:57'
                'updated_at' => '2022-03-02 20:08:57'
            )
            'changes' => Array &259 ()
            'casts' => Array &260 ()
            'classCastCache' => Array &261 ()
            'attributeCastCache' => Array &262 ()
            'dates' => Array &263 ()
            'dateFormat' => null
            'appends' => Array &264 ()
            'dispatchesEvents' => Array &265 ()
            'observables' => Array &266 ()
            'relations' => Array &267 ()
            'touches' => Array &268 ()
            'timestamps' => true
            'visible' => Array &269 ()
            'guarded' => Array &270 (
                0 => '*'
            )
        )
        15 => App\Models\UserInfo Object &000000002d3d1bfc0000000047065e1e (
            'fillable' => Array &271 (
                0 => 'full_name'
                1 => 'bio'
                2 => 'isBanned'
                3 => 'user_id'
            )
            'hidden' => Array &272 (
                0 => 'isBanned'
            )
            'connection' => 'pgsql'
            'table' => 'user_infos'
            'primaryKey' => 'id'
            'keyType' => 'int'
            'incrementing' => true
            'with' => Array &273 ()
            'withCount' => Array &274 ()
            'preventsLazyLoading' => false
            'perPage' => 15
            'exists' => true
            'wasRecentlyCreated' => false
            'escapeWhenCastingToString' => false
            'attributes' => Array &275 (
                'id' => 28
                'full_name' => 'Dr. Layne Kertzmann'
                'bio' => 'Perferendis ullam atque modi magni laudantium. Aut nulla earum at itaque amet autem qui beatae. Esse aut eum voluptatem culpa quasi animi. Enim necessitatibus velit omnis tenetur reprehenderit rerum.'
                'isBanned' => true
                'user_id' => 112
                'created_at' => '2022-03-02 20:08:57'
                'updated_at' => '2022-03-02 20:08:57'
            )
            'original' => Array &276 (
                'id' => 28
                'full_name' => 'Dr. Layne Kertzmann'
                'bio' => 'Perferendis ullam atque modi magni laudantium. Aut nulla earum at itaque amet autem qui beatae. Esse aut eum voluptatem culpa quasi animi. Enim necessitatibus velit omnis tenetur reprehenderit rerum.'
                'isBanned' => true
                'user_id' => 112
                'created_at' => '2022-03-02 20:08:57'
                'updated_at' => '2022-03-02 20:08:57'
            )
            'changes' => Array &277 ()
            'casts' => Array &278 ()
            'classCastCache' => Array &279 ()
            'attributeCastCache' => Array &280 ()
            'dates' => Array &281 ()
            'dateFormat' => null
            'appends' => Array &282 ()
            'dispatchesEvents' => Array &283 ()
            'observables' => Array &284 ()
            'relations' => Array &285 ()
            'touches' => Array &286 ()
            'timestamps' => true
            'visible' => Array &287 ()
            'guarded' => Array &288 (
                0 => '*'
            )
        )
        16 => App\Models\UserInfo Object &000000002d3d1bfa0000000047065e1e (
            'fillable' => Array &289 (
                0 => 'full_name'
                1 => 'bio'
                2 => 'isBanned'
                3 => 'user_id'
            )
            'hidden' => Array &290 (
                0 => 'isBanned'
            )
            'connection' => 'pgsql'
            'table' => 'user_infos'
            'primaryKey' => 'id'
            'keyType' => 'int'
            'incrementing' => true
            'with' => Array &291 ()
            'withCount' => Array &292 ()
            'preventsLazyLoading' => false
            'perPage' => 15
            'exists' => true
            'wasRecentlyCreated' => false
            'escapeWhenCastingToString' => false
            'attributes' => Array &293 (
                'id' => 29
                'full_name' => 'Eugene Casper'
                'bio' => 'Consequatur delectus autem nisi tenetur fuga itaque. Nihil autem deserunt quis. In fuga modi ut molestiae labore. Accusantium reiciendis sint molestiae veniam.'
                'isBanned' => false
                'user_id' => 115
                'created_at' => '2022-03-02 20:08:57'
                'updated_at' => '2022-03-02 20:08:57'
            )
            'original' => Array &294 (
                'id' => 29
                'full_name' => 'Eugene Casper'
                'bio' => 'Consequatur delectus autem nisi tenetur fuga itaque. Nihil autem deserunt quis. In fuga modi ut molestiae labore. Accusantium reiciendis sint molestiae veniam.'
                'isBanned' => false
                'user_id' => 115
                'created_at' => '2022-03-02 20:08:57'
                'updated_at' => '2022-03-02 20:08:57'
            )
            'changes' => Array &295 ()
            'casts' => Array &296 ()
            'classCastCache' => Array &297 ()
            'attributeCastCache' => Array &298 ()
            'dates' => Array &299 ()
            'dateFormat' => null
            'appends' => Array &300 ()
            'dispatchesEvents' => Array &301 ()
            'observables' => Array &302 ()
            'relations' => Array &303 ()
            'touches' => Array &304 ()
            'timestamps' => true
            'visible' => Array &305 ()
            'guarded' => Array &306 (
                0 => '*'
            )
        )
        17 => App\Models\UserInfo Object &000000002d3d1bf90000000047065e1e (
            'fillable' => Array &307 (
                0 => 'full_name'
                1 => 'bio'
                2 => 'isBanned'
                3 => 'user_id'
            )
            'hidden' => Array &308 (
                0 => 'isBanned'
            )
            'connection' => 'pgsql'
            'table' => 'user_infos'
            'primaryKey' => 'id'
            'keyType' => 'int'
            'incrementing' => true
            'with' => Array &309 ()
            'withCount' => Array &310 ()
            'preventsLazyLoading' => false
            'perPage' => 15
            'exists' => true
            'wasRecentlyCreated' => false
            'escapeWhenCastingToString' => false
            'attributes' => Array &311 (
                'id' => 30
                'full_name' => 'Adrien Willms'
                'bio' => 'Sint sit aut assumenda illo aspernatur ut. Qui et aperiam voluptas odit.'
                'isBanned' => true
                'user_id' => 484
                'created_at' => '2022-03-02 20:08:57'
                'updated_at' => '2022-03-02 20:08:57'
            )
            'original' => Array &312 (
                'id' => 30
                'full_name' => 'Adrien Willms'
                'bio' => 'Sint sit aut assumenda illo aspernatur ut. Qui et aperiam voluptas odit.'
                'isBanned' => true
                'user_id' => 484
                'created_at' => '2022-03-02 20:08:57'
                'updated_at' => '2022-03-02 20:08:57'
            )
            'changes' => Array &313 ()
            'casts' => Array &314 ()
            'classCastCache' => Array &315 ()
            'attributeCastCache' => Array &316 ()
            'dates' => Array &317 ()
            'dateFormat' => null
            'appends' => Array &318 ()
            'dispatchesEvents' => Array &319 ()
            'observables' => Array &320 ()
            'relations' => Array &321 ()
            'touches' => Array &322 ()
            'timestamps' => true
            'visible' => Array &323 ()
            'guarded' => Array &324 (
                0 => '*'
            )
        )
        18 => App\Models\UserInfo Object &000000002d3d1bf80000000047065e1e (
            'fillable' => Array &325 (
                0 => 'full_name'
                1 => 'bio'
                2 => 'isBanned'
                3 => 'user_id'
            )
            'hidden' => Array &326 (
                0 => 'isBanned'
            )
            'connection' => 'pgsql'
            'table' => 'user_infos'
            'primaryKey' => 'id'
            'keyType' => 'int'
            'incrementing' => true
            'with' => Array &327 ()
            'withCount' => Array &328 ()
            'preventsLazyLoading' => false
            'perPage' => 15
            'exists' => true
            'wasRecentlyCreated' => false
            'escapeWhenCastingToString' => false
            'attributes' => Array &329 (
                'id' => 31
                'full_name' => 'King Hauck'
                'bio' => 'Et enim beatae ut aut ut minus sapiente. Facere cumque facere possimus voluptatem odio ullam sint. Aut magnam nisi consequuntur id nulla quidem.'
                'isBanned' => false
                'user_id' => 1
                'created_at' => '2022-03-02 20:08:57'
                'updated_at' => '2022-03-02 20:08:57'
            )
            'original' => Array &330 (
                'id' => 31
                'full_name' => 'King Hauck'
                'bio' => 'Et enim beatae ut aut ut minus sapiente. Facere cumque facere possimus voluptatem odio ullam sint. Aut magnam nisi consequuntur id nulla quidem.'
                'isBanned' => false
                'user_id' => 1
                'created_at' => '2022-03-02 20:08:57'
                'updated_at' => '2022-03-02 20:08:57'
            )
            'changes' => Array &331 ()
            'casts' => Array &332 ()
            'classCastCache' => Array &333 ()
            'attributeCastCache' => Array &334 ()
            'dates' => Array &335 ()
            'dateFormat' => null
            'appends' => Array &336 ()
            'dispatchesEvents' => Array &337 ()
            'observables' => Array &338 ()
            'relations' => Array &339 ()
            'touches' => Array &340 ()
            'timestamps' => true
            'visible' => Array &341 ()
            'guarded' => Array &342 (
                0 => '*'
            )
        )
        19 => App\Models\UserInfo Object &000000002d3d1be70000000047065e1e (
            'fillable' => Array &343 (
                0 => 'full_name'
                1 => 'bio'
                2 => 'isBanned'
                3 => 'user_id'
            )
            'hidden' => Array &344 (
                0 => 'isBanned'
            )
            'connection' => 'pgsql'
            'table' => 'user_infos'
            'primaryKey' => 'id'
            'keyType' => 'int'
            'incrementing' => true
            'with' => Array &345 ()
            'withCount' => Array &346 ()
            'preventsLazyLoading' => false
            'perPage' => 15
            'exists' => true
            'wasRecentlyCreated' => false
            'escapeWhenCastingToString' => false
            'attributes' => Array &347 (
                'id' => 32
                'full_name' => 'Miss Alia Huel PhD'
                'bio' => 'Itaque soluta qui et blanditiis quo accusantium. Et qui aspernatur aut vero doloribus. Ullam sunt est ut debitis totam nemo. Praesentium tempore consequuntur sunt.'
                'isBanned' => true
                'user_id' => 486
                'created_at' => '2022-03-02 20:13:00'
                'updated_at' => '2022-03-02 20:13:00'
            )
            'original' => Array &348 (
                'id' => 32
                'full_name' => 'Miss Alia Huel PhD'
                'bio' => 'Itaque soluta qui et blanditiis quo accusantium. Et qui aspernatur aut vero doloribus. Ullam sunt est ut debitis totam nemo. Praesentium tempore consequuntur sunt.'
                'isBanned' => true
                'user_id' => 486
                'created_at' => '2022-03-02 20:13:00'
                'updated_at' => '2022-03-02 20:13:00'
            )
            'changes' => Array &349 ()
            'casts' => Array &350 ()
            'classCastCache' => Array &351 ()
            'attributeCastCache' => Array &352 ()
            'dates' => Array &353 ()
            'dateFormat' => null
            'appends' => Array &354 ()
            'dispatchesEvents' => Array &355 ()
            'observables' => Array &356 ()
            'relations' => Array &357 ()
            'touches' => Array &358 ()
            'timestamps' => true
            'visible' => Array &359 ()
            'guarded' => Array &360 (
                0 => '*'
            )
        )
        20 => App\Models\UserInfo Object &000000002d3d1be60000000047065e1e (
            'fillable' => Array &361 (
                0 => 'full_name'
                1 => 'bio'
                2 => 'isBanned'
                3 => 'user_id'
            )
            'hidden' => Array &362 (
                0 => 'isBanned'
            )
            'connection' => 'pgsql'
            'table' => 'user_infos'
            'primaryKey' => 'id'
            'keyType' => 'int'
            'incrementing' => true
            'with' => Array &363 ()
            'withCount' => Array &364 ()
            'preventsLazyLoading' => false
            'perPage' => 15
            'exists' => true
            'wasRecentlyCreated' => false
            'escapeWhenCastingToString' => false
            'attributes' => Array &365 (
                'id' => 33
                'full_name' => 'Lafayette Schiller'
                'bio' => 'Excepturi explicabo aut maiores ex aut nisi. Id hic quis accusantium placeat. Est rerum dolores voluptatem error. Cum sit quod exercitationem quo maxime dolores.'
                'isBanned' => true
                'user_id' => 113
                'created_at' => '2022-03-02 20:13:00'
                'updated_at' => '2022-03-02 20:13:00'
            )
            'original' => Array &366 (
                'id' => 33
                'full_name' => 'Lafayette Schiller'
                'bio' => 'Excepturi explicabo aut maiores ex aut nisi. Id hic quis accusantium placeat. Est rerum dolores voluptatem error. Cum sit quod exercitationem quo maxime dolores.'
                'isBanned' => true
                'user_id' => 113
                'created_at' => '2022-03-02 20:13:00'
                'updated_at' => '2022-03-02 20:13:00'
            )
            'changes' => Array &367 ()
            'casts' => Array &368 ()
            'classCastCache' => Array &369 ()
            'attributeCastCache' => Array &370 ()
            'dates' => Array &371 ()
            'dateFormat' => null
            'appends' => Array &372 ()
            'dispatchesEvents' => Array &373 ()
            'observables' => Array &374 ()
            'relations' => Array &375 ()
            'touches' => Array &376 ()
            'timestamps' => true
            'visible' => Array &377 ()
            'guarded' => Array &378 (
                0 => '*'
            )
        )
        21 => App\Models\UserInfo Object &000000002d3d1be50000000047065e1e (
            'fillable' => Array &379 (
                0 => 'full_name'
                1 => 'bio'
                2 => 'isBanned'
                3 => 'user_id'
            )
            'hidden' => Array &380 (
                0 => 'isBanned'
            )
            'connection' => 'pgsql'
            'table' => 'user_infos'
            'primaryKey' => 'id'
            'keyType' => 'int'
            'incrementing' => true
            'with' => Array &381 ()
            'withCount' => Array &382 ()
            'preventsLazyLoading' => false
            'perPage' => 15
            'exists' => true
            'wasRecentlyCreated' => false
            'escapeWhenCastingToString' => false
            'attributes' => Array &383 (
                'id' => 34
                'full_name' => 'Leola Schmidt'
                'bio' => 'Nobis et ut cumque libero tempora commodi est. Suscipit harum quos enim illum aut. Harum numquam aperiam sit quisquam ad aut.'
                'isBanned' => false
                'user_id' => 111
                'created_at' => '2022-03-02 20:13:00'
                'updated_at' => '2022-03-02 20:13:00'
            )
            'original' => Array &384 (
                'id' => 34
                'full_name' => 'Leola Schmidt'
                'bio' => 'Nobis et ut cumque libero tempora commodi est. Suscipit harum quos enim illum aut. Harum numquam aperiam sit quisquam ad aut.'
                'isBanned' => false
                'user_id' => 111
                'created_at' => '2022-03-02 20:13:00'
                'updated_at' => '2022-03-02 20:13:00'
            )
            'changes' => Array &385 ()
            'casts' => Array &386 ()
            'classCastCache' => Array &387 ()
            'attributeCastCache' => Array &388 ()
            'dates' => Array &389 ()
            'dateFormat' => null
            'appends' => Array &390 ()
            'dispatchesEvents' => Array &391 ()
            'observables' => Array &392 ()
            'relations' => Array &393 ()
            'touches' => Array &394 ()
            'timestamps' => true
            'visible' => Array &395 ()
            'guarded' => Array &396 (
                0 => '*'
            )
        )
        22 => App\Models\UserInfo Object &000000002d3d1be40000000047065e1e (
            'fillable' => Array &397 (
                0 => 'full_name'
                1 => 'bio'
                2 => 'isBanned'
                3 => 'user_id'
            )
            'hidden' => Array &398 (
                0 => 'isBanned'
            )
            'connection' => 'pgsql'
            'table' => 'user_infos'
            'primaryKey' => 'id'
            'keyType' => 'int'
            'incrementing' => true
            'with' => Array &399 ()
            'withCount' => Array &400 ()
            'preventsLazyLoading' => false
            'perPage' => 15
            'exists' => true
            'wasRecentlyCreated' => false
            'escapeWhenCastingToString' => false
            'attributes' => Array &401 (
                'id' => 35
                'full_name' => 'Mrs. Ressie Barton PhD'
                'bio' => 'Nihil tempore animi architecto. Voluptatem fugit nemo consequuntur architecto quia consequuntur fugit nulla. Est labore minus odio a.'
                'isBanned' => false
                'user_id' => 485
                'created_at' => '2022-03-02 20:13:00'
                'updated_at' => '2022-03-02 20:13:00'
            )
            'original' => Array &402 (
                'id' => 35
                'full_name' => 'Mrs. Ressie Barton PhD'
                'bio' => 'Nihil tempore animi architecto. Voluptatem fugit nemo consequuntur architecto quia consequuntur fugit nulla. Est labore minus odio a.'
                'isBanned' => false
                'user_id' => 485
                'created_at' => '2022-03-02 20:13:00'
                'updated_at' => '2022-03-02 20:13:00'
            )
            'changes' => Array &403 ()
            'casts' => Array &404 ()
            'classCastCache' => Array &405 ()
            'attributeCastCache' => Array &406 ()
            'dates' => Array &407 ()
            'dateFormat' => null
            'appends' => Array &408 ()
            'dispatchesEvents' => Array &409 ()
            'observables' => Array &410 ()
            'relations' => Array &411 ()
            'touches' => Array &412 ()
            'timestamps' => true
            'visible' => Array &413 ()
            'guarded' => Array &414 (
                0 => '*'
            )
        )
        23 => App\Models\UserInfo Object &000000002d3d1be30000000047065e1e (
            'fillable' => Array &415 (
                0 => 'full_name'
                1 => 'bio'
                2 => 'isBanned'
                3 => 'user_id'
            )
            'hidden' => Array &416 (
                0 => 'isBanned'
            )
            'connection' => 'pgsql'
            'table' => 'user_infos'
            'primaryKey' => 'id'
            'keyType' => 'int'
            'incrementing' => true
            'with' => Array &417 ()
            'withCount' => Array &418 ()
            'preventsLazyLoading' => false
            'perPage' => 15
            'exists' => true
            'wasRecentlyCreated' => false
            'escapeWhenCastingToString' => false
            'attributes' => Array &419 (
                'id' => 36
                'full_name' => 'Dr. Shanny Nicolas'
                'bio' => 'Incidunt in delectus incidunt minus sit non sunt facere. Dicta ut amet at pariatur. Non aut tempore sunt porro quam nihil dolores et. Maxime in reprehenderit quo.'
                'isBanned' => true
                'user_id' => 108
                'created_at' => '2022-03-02 20:13:00'
                'updated_at' => '2022-03-02 20:13:00'
            )
            'original' => Array &420 (
                'id' => 36
                'full_name' => 'Dr. Shanny Nicolas'
                'bio' => 'Incidunt in delectus incidunt minus sit non sunt facere. Dicta ut amet at pariatur. Non aut tempore sunt porro quam nihil dolores et. Maxime in reprehenderit quo.'
                'isBanned' => true
                'user_id' => 108
                'created_at' => '2022-03-02 20:13:00'
                'updated_at' => '2022-03-02 20:13:00'
            )
            'changes' => Array &421 ()
            'casts' => Array &422 ()
            'classCastCache' => Array &423 ()
            'attributeCastCache' => Array &424 ()
            'dates' => Array &425 ()
            'dateFormat' => null
            'appends' => Array &426 ()
            'dispatchesEvents' => Array &427 ()
            'observables' => Array &428 ()
            'relations' => Array &429 ()
            'touches' => Array &430 ()
            'timestamps' => true
            'visible' => Array &431 ()
            'guarded' => Array &432 (
                0 => '*'
            )
        )
        24 => App\Models\UserInfo Object &000000002d3d1be20000000047065e1e (
            'fillable' => Array &433 (
                0 => 'full_name'
                1 => 'bio'
                2 => 'isBanned'
                3 => 'user_id'
            )
            'hidden' => Array &434 (
                0 => 'isBanned'
            )
            'connection' => 'pgsql'
            'table' => 'user_infos'
            'primaryKey' => 'id'
            'keyType' => 'int'
            'incrementing' => true
            'with' => Array &435 ()
            'withCount' => Array &436 ()
            'preventsLazyLoading' => false
            'perPage' => 15
            'exists' => true
            'wasRecentlyCreated' => false
            'escapeWhenCastingToString' => false
            'attributes' => Array &437 (
                'id' => 37
                'full_name' => 'German Boyer'
                'bio' => 'Laudantium unde saepe ea assumenda officia maxime. Aut blanditiis in quis. Ipsum veniam et consectetur esse. Ut quia est temporibus eaque voluptatibus labore.'
                'isBanned' => false
                'user_id' => 106
                'created_at' => '2022-03-02 20:13:00'
                'updated_at' => '2022-03-02 20:13:00'
            )
            'original' => Array &438 (
                'id' => 37
                'full_name' => 'German Boyer'
                'bio' => 'Laudantium unde saepe ea assumenda officia maxime. Aut blanditiis in quis. Ipsum veniam et consectetur esse. Ut quia est temporibus eaque voluptatibus labore.'
                'isBanned' => false
                'user_id' => 106
                'created_at' => '2022-03-02 20:13:00'
                'updated_at' => '2022-03-02 20:13:00'
            )
            'changes' => Array &439 ()
            'casts' => Array &440 ()
            'classCastCache' => Array &441 ()
            'attributeCastCache' => Array &442 ()
            'dates' => Array &443 ()
            'dateFormat' => null
            'appends' => Array &444 ()
            'dispatchesEvents' => Array &445 ()
            'observables' => Array &446 ()
            'relations' => Array &447 ()
            'touches' => Array &448 ()
            'timestamps' => true
            'visible' => Array &449 ()
            'guarded' => Array &450 (
                0 => '*'
            )
        )
        25 => App\Models\UserInfo Object &000000002d3d1bcc0000000047065e1e (
            'fillable' => Array &451 (
                0 => 'full_name'
                1 => 'bio'
                2 => 'isBanned'
                3 => 'user_id'
            )
            'hidden' => Array &452 (
                0 => 'isBanned'
            )
            'connection' => 'pgsql'
            'table' => 'user_infos'
            'primaryKey' => 'id'
            'keyType' => 'int'
            'incrementing' => true
            'with' => Array &453 ()
            'withCount' => Array &454 ()
            'preventsLazyLoading' => false
            'perPage' => 15
            'exists' => true
            'wasRecentlyCreated' => false
            'escapeWhenCastingToString' => false
            'attributes' => Array &455 (
                'id' => 38
                'full_name' => 'Missouri Rempel'
                'bio' => 'Officia corrupti consequuntur ad quia. Eligendi ut totam magni cum. Nostrum non aut veritatis laudantium. Laudantium alias sed nemo qui sed.'
                'isBanned' => false
                'user_id' => 486
                'created_at' => '2022-03-02 20:13:00'
                'updated_at' => '2022-03-02 20:13:00'
            )
            'original' => Array &456 (
                'id' => 38
                'full_name' => 'Missouri Rempel'
                'bio' => 'Officia corrupti consequuntur ad quia. Eligendi ut totam magni cum. Nostrum non aut veritatis laudantium. Laudantium alias sed nemo qui sed.'
                'isBanned' => false
                'user_id' => 486
                'created_at' => '2022-03-02 20:13:00'
                'updated_at' => '2022-03-02 20:13:00'
            )
            'changes' => Array &457 ()
            'casts' => Array &458 ()
            'classCastCache' => Array &459 ()
            'attributeCastCache' => Array &460 ()
            'dates' => Array &461 ()
            'dateFormat' => null
            'appends' => Array &462 ()
            'dispatchesEvents' => Array &463 ()
            'observables' => Array &464 ()
            'relations' => Array &465 ()
            'touches' => Array &466 ()
            'timestamps' => true
            'visible' => Array &467 ()
            'guarded' => Array &468 (
                0 => '*'
            )
        )
        26 => App\Models\UserInfo Object &000000002d3d1dae0000000047065e1e (
            'fillable' => Array &469 (
                0 => 'full_name'
                1 => 'bio'
                2 => 'isBanned'
                3 => 'user_id'
            )
            'hidden' => Array &470 (
                0 => 'isBanned'
            )
            'connection' => 'pgsql'
            'table' => 'user_infos'
            'primaryKey' => 'id'
            'keyType' => 'int'
            'incrementing' => true
            'with' => Array &471 ()
            'withCount' => Array &472 ()
            'preventsLazyLoading' => false
            'perPage' => 15
            'exists' => true
            'wasRecentlyCreated' => false
            'escapeWhenCastingToString' => false
            'attributes' => Array &473 (
                'id' => 9
                'full_name' => 'test_test'
                'bio' => 'test updated bio'
                'isBanned' => true
                'user_id' => 1
                'created_at' => '2022-02-28 20:01:08'
                'updated_at' => '2022-03-06 23:08:36'
            )
            'original' => Array &474 (
                'id' => 9
                'full_name' => 'test_test'
                'bio' => 'test updated bio'
                'isBanned' => true
                'user_id' => 1
                'created_at' => '2022-02-28 20:01:08'
                'updated_at' => '2022-03-06 23:08:36'
            )
            'changes' => Array &475 ()
            'casts' => Array &476 ()
            'classCastCache' => Array &477 ()
            'attributeCastCache' => Array &478 ()
            'dates' => Array &479 ()
            'dateFormat' => null
            'appends' => Array &480 ()
            'dispatchesEvents' => Array &481 ()
            'observables' => Array &482 ()
            'relations' => Array &483 ()
            'touches' => Array &484 ()
            'timestamps' => true
            'visible' => Array &485 ()
            'guarded' => Array &486 (
                0 => '*'
            )
        )
        27 => App\Models\UserInfo Object &000000002d3d1da00000000047065e1e (
            'fillable' => Array &487 (
                0 => 'full_name'
                1 => 'bio'
                2 => 'isBanned'
                3 => 'user_id'
            )
            'hidden' => Array &488 (
                0 => 'isBanned'
            )
            'connection' => 'pgsql'
            'table' => 'user_infos'
            'primaryKey' => 'id'
            'keyType' => 'int'
            'incrementing' => true
            'with' => Array &489 ()
            'withCount' => Array &490 ()
            'preventsLazyLoading' => false
            'perPage' => 15
            'exists' => true
            'wasRecentlyCreated' => false
            'escapeWhenCastingToString' => false
            'attributes' => Array &491 (
                'id' => 1
                'full_name' => 'test upd'
                'bio' => 'test upd bio'
                'isBanned' => false
                'user_id' => 1
                'created_at' => '2022-02-23 21:33:01'
                'updated_at' => '2022-03-06 23:11:42'
            )
            'original' => Array &492 (
                'id' => 1
                'full_name' => 'test upd'
                'bio' => 'test upd bio'
                'isBanned' => false
                'user_id' => 1
                'created_at' => '2022-02-23 21:33:01'
                'updated_at' => '2022-03-06 23:11:42'
            )
            'changes' => Array &493 ()
            'casts' => Array &494 ()
            'classCastCache' => Array &495 ()
            'attributeCastCache' => Array &496 ()
            'dates' => Array &497 ()
            'dateFormat' => null
            'appends' => Array &498 ()
            'dispatchesEvents' => Array &499 ()
            'observables' => Array &500 ()
            'relations' => Array &501 ()
            'touches' => Array &502 ()
            'timestamps' => true
            'visible' => Array &503 ()
            'guarded' => Array &504 (
                0 => '*'
            )
        )
        28 => App\Models\UserInfo Object &000000002d3d1daf0000000047065e1e (
            'fillable' => Array &505 (
                0 => 'full_name'
                1 => 'bio'
                2 => 'isBanned'
                3 => 'user_id'
            )
            'hidden' => Array &506 (
                0 => 'isBanned'
            )
            'connection' => 'pgsql'
            'table' => 'user_infos'
            'primaryKey' => 'id'
            'keyType' => 'int'
            'incrementing' => true
            'with' => Array &507 ()
            'withCount' => Array &508 ()
            'preventsLazyLoading' => false
            'perPage' => 15
            'exists' => true
            'wasRecentlyCreated' => false
            'escapeWhenCastingToString' => false
            'attributes' => Array &509 (
                'id' => 39
                'full_name' => 'Miss Cassidy Olson'
                'bio' => 'Optio architecto et omnis. Omnis amet modi possimus. Rerum asperiores amet reprehenderit iure ipsa possimus fugiat. Voluptas excepturi temporibus modi blanditiis sit ducimus vel.'
                'isBanned' => true
                'user_id' => 112
                'created_at' => '2022-03-02 20:13:00'
                'updated_at' => '2022-03-02 20:13:00'
            )
            'original' => Array &510 (
                'id' => 39
                'full_name' => 'Miss Cassidy Olson'
                'bio' => 'Optio architecto et omnis. Omnis amet modi possimus. Rerum asperiores amet reprehenderit iure ipsa possimus fugiat. Voluptas excepturi temporibus modi blanditiis sit ducimus vel.'
                'isBanned' => true
                'user_id' => 112
                'created_at' => '2022-03-02 20:13:00'
                'updated_at' => '2022-03-02 20:13:00'
            )
            'changes' => Array &511 ()
            'casts' => Array &512 ()
            'classCastCache' => Array &513 ()
            'attributeCastCache' => Array &514 ()
            'dates' => Array &515 ()
            'dateFormat' => null
            'appends' => Array &516 ()
            'dispatchesEvents' => Array &517 ()
            'observables' => Array &518 ()
            'relations' => Array &519 ()
            'touches' => Array &520 ()
            'timestamps' => true
            'visible' => Array &521 ()
            'guarded' => Array &522 (
                0 => '*'
            )
        )
        29 => App\Models\UserInfo Object &000000002d3d13110000000047065e1e (
            'fillable' => Array &523 (
                0 => 'full_name'
                1 => 'bio'
                2 => 'isBanned'
                3 => 'user_id'
            )
            'hidden' => Array &524 (
                0 => 'isBanned'
            )
            'connection' => 'pgsql'
            'table' => 'user_infos'
            'primaryKey' => 'id'
            'keyType' => 'int'
            'incrementing' => true
            'with' => Array &525 ()
            'withCount' => Array &526 ()
            'preventsLazyLoading' => false
            'perPage' => 15
            'exists' => true
            'wasRecentlyCreated' => false
            'escapeWhenCastingToString' => false
            'attributes' => Array &527 (
                'id' => 40
                'full_name' => 'Payton Dare'
                'bio' => 'Deleniti nobis quod nemo. Iure similique molestiae voluptatibus quia et qui. Repellendus quam ut quia ex numquam. Harum est consequatur voluptas et cum.'
                'isBanned' => false
                'user_id' => 490
                'created_at' => '2022-03-02 20:13:00'
                'updated_at' => '2022-03-02 20:13:00'
            )
            'original' => Array &528 (
                'id' => 40
                'full_name' => 'Payton Dare'
                'bio' => 'Deleniti nobis quod nemo. Iure similique molestiae voluptatibus quia et qui. Repellendus quam ut quia ex numquam. Harum est consequatur voluptas et cum.'
                'isBanned' => false
                'user_id' => 490
                'created_at' => '2022-03-02 20:13:00'
                'updated_at' => '2022-03-02 20:13:00'
            )
            'changes' => Array &529 ()
            'casts' => Array &530 ()
            'classCastCache' => Array &531 ()
            'attributeCastCache' => Array &532 ()
            'dates' => Array &533 ()
            'dateFormat' => null
            'appends' => Array &534 ()
            'dispatchesEvents' => Array &535 ()
            'observables' => Array &536 ()
            'relations' => Array &537 ()
            'touches' => Array &538 ()
            'timestamps' => true
            'visible' => Array &539 ()
            'guarded' => Array &540 (
                0 => '*'
            )
        )
        30 => App\Models\UserInfo Object &000000002d3d133c0000000047065e1e (
            'fillable' => Array &541 (
                0 => 'full_name'
                1 => 'bio'
                2 => 'isBanned'
                3 => 'user_id'
            )
            'hidden' => Array &542 (
                0 => 'isBanned'
            )
            'connection' => 'pgsql'
            'table' => 'user_infos'
            'primaryKey' => 'id'
            'keyType' => 'int'
            'incrementing' => true
            'with' => Array &543 ()
            'withCount' => Array &544 ()
            'preventsLazyLoading' => false
            'perPage' => 15
            'exists' => true
            'wasRecentlyCreated' => false
            'escapeWhenCastingToString' => false
            'attributes' => Array &545 (
                'id' => 41
                'full_name' => 'Ms. Arlene Gerhold II'
                'bio' => 'Voluptate magni pariatur quae amet dolor laboriosam necessitatibus. Ut eligendi quasi sit quasi asperiores iusto sapiente.'
                'isBanned' => true
                'user_id' => 114
                'created_at' => '2022-03-02 20:13:00'
                'updated_at' => '2022-03-02 20:13:00'
            )
            'original' => Array &546 (
                'id' => 41
                'full_name' => 'Ms. Arlene Gerhold II'
                'bio' => 'Voluptate magni pariatur quae amet dolor laboriosam necessitatibus. Ut eligendi quasi sit quasi asperiores iusto sapiente.'
                'isBanned' => true
                'user_id' => 114
                'created_at' => '2022-03-02 20:13:00'
                'updated_at' => '2022-03-02 20:13:00'
            )
            'changes' => Array &547 ()
            'casts' => Array &548 ()
            'classCastCache' => Array &549 ()
            'attributeCastCache' => Array &550 ()
            'dates' => Array &551 ()
            'dateFormat' => null
            'appends' => Array &552 ()
            'dispatchesEvents' => Array &553 ()
            'observables' => Array &554 ()
            'relations' => Array &555 ()
            'touches' => Array &556 ()
            'timestamps' => true
            'visible' => Array &557 ()
            'guarded' => Array &558 (
                0 => '*'
            )
        )
        31 => App\Models\UserInfo Object &000000002d3d1bd60000000047065e1e (
            'fillable' => Array &559 (
                0 => 'full_name'
                1 => 'bio'
                2 => 'isBanned'
                3 => 'user_id'
            )
            'hidden' => Array &560 (
                0 => 'isBanned'
            )
            'connection' => 'pgsql'
            'table' => 'user_infos'
            'primaryKey' => 'id'
            'keyType' => 'int'
            'incrementing' => true
            'with' => Array &561 ()
            'withCount' => Array &562 ()
            'preventsLazyLoading' => false
            'perPage' => 15
            'exists' => true
            'wasRecentlyCreated' => false
            'escapeWhenCastingToString' => false
            'attributes' => Array &563 (
                'id' => 42
                'full_name' => 'Ms. Lesly O'Hara V'
                'bio' => 'Molestias vitae provident molestias. Et temporibus velit sunt autem laborum. Iure enim aut esse recusandae eius. Dignissimos illum odit magni minus at recusandae optio.'
                'isBanned' => false
                'user_id' => 106
                'created_at' => '2022-03-02 20:13:52'
                'updated_at' => '2022-03-02 20:13:52'
            )
            'original' => Array &564 (
                'id' => 42
                'full_name' => 'Ms. Lesly O'Hara V'
                'bio' => 'Molestias vitae provident molestias. Et temporibus velit sunt autem laborum. Iure enim aut esse recusandae eius. Dignissimos illum odit magni minus at recusandae optio.'
                'isBanned' => false
                'user_id' => 106
                'created_at' => '2022-03-02 20:13:52'
                'updated_at' => '2022-03-02 20:13:52'
            )
            'changes' => Array &565 ()
            'casts' => Array &566 ()
            'classCastCache' => Array &567 ()
            'attributeCastCache' => Array &568 ()
            'dates' => Array &569 ()
            'dateFormat' => null
            'appends' => Array &570 ()
            'dispatchesEvents' => Array &571 ()
            'observables' => Array &572 ()
            'relations' => Array &573 ()
            'touches' => Array &574 ()
            'timestamps' => true
            'visible' => Array &575 ()
            'guarded' => Array &576 (
                0 => '*'
            )
        )
        32 => App\Models\UserInfo Object &000000002d3d1bc80000000047065e1e (
            'fillable' => Array &577 (
                0 => 'full_name'
                1 => 'bio'
                2 => 'isBanned'
                3 => 'user_id'
            )
            'hidden' => Array &578 (
                0 => 'isBanned'
            )
            'connection' => 'pgsql'
            'table' => 'user_infos'
            'primaryKey' => 'id'
            'keyType' => 'int'
            'incrementing' => true
            'with' => Array &579 ()
            'withCount' => Array &580 ()
            'preventsLazyLoading' => false
            'perPage' => 15
            'exists' => true
            'wasRecentlyCreated' => false
            'escapeWhenCastingToString' => false
            'attributes' => Array &581 (
                'id' => 43
                'full_name' => 'Yvonne Grimes'
                'bio' => 'Rerum ex totam sed aut corporis laborum. Magnam nihil dolor quo repellat iste. Sunt sed nesciunt ut quas. Neque nam non deleniti minima.'
                'isBanned' => false
                'user_id' => 108
                'created_at' => '2022-03-02 20:13:52'
                'updated_at' => '2022-03-02 20:13:52'
            )
            'original' => Array &582 (
                'id' => 43
                'full_name' => 'Yvonne Grimes'
                'bio' => 'Rerum ex totam sed aut corporis laborum. Magnam nihil dolor quo repellat iste. Sunt sed nesciunt ut quas. Neque nam non deleniti minima.'
                'isBanned' => false
                'user_id' => 108
                'created_at' => '2022-03-02 20:13:52'
                'updated_at' => '2022-03-02 20:13:52'
            )
            'changes' => Array &583 ()
            'casts' => Array &584 ()
            'classCastCache' => Array &585 ()
            'attributeCastCache' => Array &586 ()
            'dates' => Array &587 ()
            'dateFormat' => null
            'appends' => Array &588 ()
            'dispatchesEvents' => Array &589 ()
            'observables' => Array &590 ()
            'relations' => Array &591 ()
            'touches' => Array &592 ()
            'timestamps' => true
            'visible' => Array &593 ()
            'guarded' => Array &594 (
                0 => '*'
            )
        )
        33 => App\Models\UserInfo Object &000000002d3d14a00000000047065e1e (
            'fillable' => Array &595 (
                0 => 'full_name'
                1 => 'bio'
                2 => 'isBanned'
                3 => 'user_id'
            )
            'hidden' => Array &596 (
                0 => 'isBanned'
            )
            'connection' => 'pgsql'
            'table' => 'user_infos'
            'primaryKey' => 'id'
            'keyType' => 'int'
            'incrementing' => true
            'with' => Array &597 ()
            'withCount' => Array &598 ()
            'preventsLazyLoading' => false
            'perPage' => 15
            'exists' => true
            'wasRecentlyCreated' => false
            'escapeWhenCastingToString' => false
            'attributes' => Array &599 (
                'id' => 44
                'full_name' => 'Miss Lilla Will I'
                'bio' => 'Nulla eum non tempore delectus earum quia molestiae adipisci. Maxime tenetur quasi consequatur labore.'
                'isBanned' => false
                'user_id' => 491
                'created_at' => '2022-03-02 20:13:52'
                'updated_at' => '2022-03-02 20:13:52'
            )
            'original' => Array &600 (
                'id' => 44
                'full_name' => 'Miss Lilla Will I'
                'bio' => 'Nulla eum non tempore delectus earum quia molestiae adipisci. Maxime tenetur quasi consequatur labore.'
                'isBanned' => false
                'user_id' => 491
                'created_at' => '2022-03-02 20:13:52'
                'updated_at' => '2022-03-02 20:13:52'
            )
            'changes' => Array &601 ()
            'casts' => Array &602 ()
            'classCastCache' => Array &603 ()
            'attributeCastCache' => Array &604 ()
            'dates' => Array &605 ()
            'dateFormat' => null
            'appends' => Array &606 ()
            'dispatchesEvents' => Array &607 ()
            'observables' => Array &608 ()
            'relations' => Array &609 ()
            'touches' => Array &610 ()
            'timestamps' => true
            'visible' => Array &611 ()
            'guarded' => Array &612 (
                0 => '*'
            )
        )
        34 => App\Models\UserInfo Object &000000002d3d1bdb0000000047065e1e (
            'fillable' => Array &613 (
                0 => 'full_name'
                1 => 'bio'
                2 => 'isBanned'
                3 => 'user_id'
            )
            'hidden' => Array &614 (
                0 => 'isBanned'
            )
            'connection' => 'pgsql'
            'table' => 'user_infos'
            'primaryKey' => 'id'
            'keyType' => 'int'
            'incrementing' => true
            'with' => Array &615 ()
            'withCount' => Array &616 ()
            'preventsLazyLoading' => false
            'perPage' => 15
            'exists' => true
            'wasRecentlyCreated' => false
            'escapeWhenCastingToString' => false
            'attributes' => Array &617 (
                'id' => 45
                'full_name' => 'Prof. Hattie Stracke I'
                'bio' => 'Error dolorem qui esse numquam repellendus. In porro et modi quisquam quia quidem ut. Est fugiat consequatur omnis doloremque. Aut autem excepturi dolore itaque. Quisquam doloribus vel qui qui vel.'
                'isBanned' => true
                'user_id' => 487
                'created_at' => '2022-03-02 20:13:52'
                'updated_at' => '2022-03-02 20:13:52'
            )
            'original' => Array &618 (
                'id' => 45
                'full_name' => 'Prof. Hattie Stracke I'
                'bio' => 'Error dolorem qui esse numquam repellendus. In porro et modi quisquam quia quidem ut. Est fugiat consequatur omnis doloremque. Aut autem excepturi dolore itaque. Quisquam doloribus vel qui qui vel.'
                'isBanned' => true
                'user_id' => 487
                'created_at' => '2022-03-02 20:13:52'
                'updated_at' => '2022-03-02 20:13:52'
            )
            'changes' => Array &619 ()
            'casts' => Array &620 ()
            'classCastCache' => Array &621 ()
            'attributeCastCache' => Array &622 ()
            'dates' => Array &623 ()
            'dateFormat' => null
            'appends' => Array &624 ()
            'dispatchesEvents' => Array &625 ()
            'observables' => Array &626 ()
            'relations' => Array &627 ()
            'touches' => Array &628 ()
            'timestamps' => true
            'visible' => Array &629 ()
            'guarded' => Array &630 (
                0 => '*'
            )
        )
        35 => App\Models\UserInfo Object &000000002d3d1bce0000000047065e1e (
            'fillable' => Array &631 (
                0 => 'full_name'
                1 => 'bio'
                2 => 'isBanned'
                3 => 'user_id'
            )
            'hidden' => Array &632 (
                0 => 'isBanned'
            )
            'connection' => 'pgsql'
            'table' => 'user_infos'
            'primaryKey' => 'id'
            'keyType' => 'int'
            'incrementing' => true
            'with' => Array &633 ()
            'withCount' => Array &634 ()
            'preventsLazyLoading' => false
            'perPage' => 15
            'exists' => true
            'wasRecentlyCreated' => false
            'escapeWhenCastingToString' => false
            'attributes' => Array &635 (
                'id' => 46
                'full_name' => 'Mr. Benjamin Nikolaus II'
                'bio' => 'Vel qui quam aut aut sint. Quos enim nihil eum accusantium. Fuga sunt vero est laborum occaecati. Tempora sit esse cum quas natus expedita aspernatur.'
                'isBanned' => false
                'user_id' => 490
                'created_at' => '2022-03-02 20:13:52'
                'updated_at' => '2022-03-02 20:13:52'
            )
            'original' => Array &636 (
                'id' => 46
                'full_name' => 'Mr. Benjamin Nikolaus II'
                'bio' => 'Vel qui quam aut aut sint. Quos enim nihil eum accusantium. Fuga sunt vero est laborum occaecati. Tempora sit esse cum quas natus expedita aspernatur.'
                'isBanned' => false
                'user_id' => 490
                'created_at' => '2022-03-02 20:13:52'
                'updated_at' => '2022-03-02 20:13:52'
            )
            'changes' => Array &637 ()
            'casts' => Array &638 ()
            'classCastCache' => Array &639 ()
            'attributeCastCache' => Array &640 ()
            'dates' => Array &641 ()
            'dateFormat' => null
            'appends' => Array &642 ()
            'dispatchesEvents' => Array &643 ()
            'observables' => Array &644 ()
            'relations' => Array &645 ()
            'touches' => Array &646 ()
            'timestamps' => true
            'visible' => Array &647 ()
            'guarded' => Array &648 (
                0 => '*'
            )
        )
        36 => App\Models\UserInfo Object &000000002d3d1bf70000000047065e1e (
            'fillable' => Array &649 (
                0 => 'full_name'
                1 => 'bio'
                2 => 'isBanned'
                3 => 'user_id'
            )
            'hidden' => Array &650 (
                0 => 'isBanned'
            )
            'connection' => 'pgsql'
            'table' => 'user_infos'
            'primaryKey' => 'id'
            'keyType' => 'int'
            'incrementing' => true
            'with' => Array &651 ()
            'withCount' => Array &652 ()
            'preventsLazyLoading' => false
            'perPage' => 15
            'exists' => true
            'wasRecentlyCreated' => false
            'escapeWhenCastingToString' => false
            'attributes' => Array &653 (
                'id' => 47
                'full_name' => 'Johathan Collier DDS'
                'bio' => 'Et qui deleniti neque quae quo aut illum eaque. Expedita quis quis quos voluptatem dolore. Deserunt ipsum sed ipsum quam explicabo quae veniam et. Voluptatem libero repellat aut nobis.'
                'isBanned' => true
                'user_id' => 492
                'created_at' => '2022-03-02 20:13:52'
                'updated_at' => '2022-03-02 20:13:52'
            )
            'original' => Array &654 (
                'id' => 47
                'full_name' => 'Johathan Collier DDS'
                'bio' => 'Et qui deleniti neque quae quo aut illum eaque. Expedita quis quis quos voluptatem dolore. Deserunt ipsum sed ipsum quam explicabo quae veniam et. Voluptatem libero repellat aut nobis.'
                'isBanned' => true
                'user_id' => 492
                'created_at' => '2022-03-02 20:13:52'
                'updated_at' => '2022-03-02 20:13:52'
            )
            'changes' => Array &655 ()
            'casts' => Array &656 ()
            'classCastCache' => Array &657 ()
            'attributeCastCache' => Array &658 ()
            'dates' => Array &659 ()
            'dateFormat' => null
            'appends' => Array &660 ()
            'dispatchesEvents' => Array &661 ()
            'observables' => Array &662 ()
            'relations' => Array &663 ()
            'touches' => Array &664 ()
            'timestamps' => true
            'visible' => Array &665 ()
            'guarded' => Array &666 (
                0 => '*'
            )
        )
        37 => App\Models\UserInfo Object &000000002d3d1a750000000047065e1e (
            'fillable' => Array &667 (
                0 => 'full_name'
                1 => 'bio'
                2 => 'isBanned'
                3 => 'user_id'
            )
            'hidden' => Array &668 (
                0 => 'isBanned'
            )
            'connection' => 'pgsql'
            'table' => 'user_infos'
            'primaryKey' => 'id'
            'keyType' => 'int'
            'incrementing' => true
            'with' => Array &669 ()
            'withCount' => Array &670 ()
            'preventsLazyLoading' => false
            'perPage' => 15
            'exists' => true
            'wasRecentlyCreated' => false
            'escapeWhenCastingToString' => false
            'attributes' => Array &671 (
                'id' => 48
                'full_name' => 'Wilfred Nolan IV'
                'bio' => 'Eligendi non et non vero vel. A sunt tempora quo nostrum et non. Qui iure id minus omnis a. Dolore nobis sapiente corrupti deleniti vel officiis eos.'
                'isBanned' => true
                'user_id' => 113
                'created_at' => '2022-03-02 20:13:52'
                'updated_at' => '2022-03-02 20:13:52'
            )
            'original' => Array &672 (
                'id' => 48
                'full_name' => 'Wilfred Nolan IV'
                'bio' => 'Eligendi non et non vero vel. A sunt tempora quo nostrum et non. Qui iure id minus omnis a. Dolore nobis sapiente corrupti deleniti vel officiis eos.'
                'isBanned' => true
                'user_id' => 113
                'created_at' => '2022-03-02 20:13:52'
                'updated_at' => '2022-03-02 20:13:52'
            )
            'changes' => Array &673 ()
            'casts' => Array &674 ()
            'classCastCache' => Array &675 ()
            'attributeCastCache' => Array &676 ()
            'dates' => Array &677 ()
            'dateFormat' => null
            'appends' => Array &678 ()
            'dispatchesEvents' => Array &679 ()
            'observables' => Array &680 ()
            'relations' => Array &681 ()
            'touches' => Array &682 ()
            'timestamps' => true
            'visible' => Array &683 ()
            'guarded' => Array &684 (
                0 => '*'
            )
        )
        38 => App\Models\UserInfo Object &000000002d3d1a530000000047065e1e (
            'fillable' => Array &685 (
                0 => 'full_name'
                1 => 'bio'
                2 => 'isBanned'
                3 => 'user_id'
            )
            'hidden' => Array &686 (
                0 => 'isBanned'
            )
            'connection' => 'pgsql'
            'table' => 'user_infos'
            'primaryKey' => 'id'
            'keyType' => 'int'
            'incrementing' => true
            'with' => Array &687 ()
            'withCount' => Array &688 ()
            'preventsLazyLoading' => false
            'perPage' => 15
            'exists' => true
            'wasRecentlyCreated' => false
            'escapeWhenCastingToString' => false
            'attributes' => Array &689 (
                'id' => 49
                'full_name' => 'Erling Denesik'
                'bio' => 'Iusto quos aut alias. Rerum occaecati quisquam exercitationem sint iste voluptas. Quibusdam ut tenetur et eos sit.'
                'isBanned' => true
                'user_id' => 108
                'created_at' => '2022-03-02 20:13:52'
                'updated_at' => '2022-03-02 20:13:52'
            )
            'original' => Array &690 (
                'id' => 49
                'full_name' => 'Erling Denesik'
                'bio' => 'Iusto quos aut alias. Rerum occaecati quisquam exercitationem sint iste voluptas. Quibusdam ut tenetur et eos sit.'
                'isBanned' => true
                'user_id' => 108
                'created_at' => '2022-03-02 20:13:52'
                'updated_at' => '2022-03-02 20:13:52'
            )
            'changes' => Array &691 ()
            'casts' => Array &692 ()
            'classCastCache' => Array &693 ()
            'attributeCastCache' => Array &694 ()
            'dates' => Array &695 ()
            'dateFormat' => null
            'appends' => Array &696 ()
            'dispatchesEvents' => Array &697 ()
            'observables' => Array &698 ()
            'relations' => Array &699 ()
            'touches' => Array &700 ()
            'timestamps' => true
            'visible' => Array &701 ()
            'guarded' => Array &702 (
                0 => '*'
            )
        )
        39 => App\Models\UserInfo Object &000000002d3d1a6b0000000047065e1e (
            'fillable' => Array &703 (
                0 => 'full_name'
                1 => 'bio'
                2 => 'isBanned'
                3 => 'user_id'
            )
            'hidden' => Array &704 (
                0 => 'isBanned'
            )
            'connection' => 'pgsql'
            'table' => 'user_infos'
            'primaryKey' => 'id'
            'keyType' => 'int'
            'incrementing' => true
            'with' => Array &705 ()
            'withCount' => Array &706 ()
            'preventsLazyLoading' => false
            'perPage' => 15
            'exists' => true
            'wasRecentlyCreated' => false
            'escapeWhenCastingToString' => false
            'attributes' => Array &707 (
                'id' => 50
                'full_name' => 'Marisol Zieme'
                'bio' => 'Corporis sit velit excepturi sequi voluptatem maxime. Maiores id provident quas nisi. In voluptatum quis tempore provident. Totam eius omnis nulla debitis explicabo nostrum autem.'
                'isBanned' => true
                'user_id' => 499
                'created_at' => '2022-03-02 20:13:52'
                'updated_at' => '2022-03-02 20:13:52'
            )
            'original' => Array &708 (
                'id' => 50
                'full_name' => 'Marisol Zieme'
                'bio' => 'Corporis sit velit excepturi sequi voluptatem maxime. Maiores id provident quas nisi. In voluptatum quis tempore provident. Totam eius omnis nulla debitis explicabo nostrum autem.'
                'isBanned' => true
                'user_id' => 499
                'created_at' => '2022-03-02 20:13:52'
                'updated_at' => '2022-03-02 20:13:52'
            )
            'changes' => Array &709 ()
            'casts' => Array &710 ()
            'classCastCache' => Array &711 ()
            'attributeCastCache' => Array &712 ()
            'dates' => Array &713 ()
            'dateFormat' => null
            'appends' => Array &714 ()
            'dispatchesEvents' => Array &715 ()
            'observables' => Array &716 ()
            'relations' => Array &717 ()
            'touches' => Array &718 ()
            'timestamps' => true
            'visible' => Array &719 ()
            'guarded' => Array &720 (
                0 => '*'
            )
        )
        40 => App\Models\UserInfo Object &000000002d3d13740000000047065e1e (
            'fillable' => Array &721 (
                0 => 'full_name'
                1 => 'bio'
                2 => 'isBanned'
                3 => 'user_id'
            )
            'hidden' => Array &722 (
                0 => 'isBanned'
            )
            'connection' => 'pgsql'
            'table' => 'user_infos'
            'primaryKey' => 'id'
            'keyType' => 'int'
            'incrementing' => true
            'with' => Array &723 ()
            'withCount' => Array &724 ()
            'preventsLazyLoading' => false
            'perPage' => 15
            'exists' => true
            'wasRecentlyCreated' => false
            'escapeWhenCastingToString' => false
            'attributes' => Array &725 (
                'id' => 51
                'full_name' => 'Dr. Jessy Douglas'
                'bio' => 'Commodi perferendis dolore quas animi. Odio dolore atque voluptates sint. Fugit corrupti sit occaecati aperiam quis quis. Omnis quisquam aut ipsa et itaque distinctio.'
                'isBanned' => false
                'user_id' => 115
                'created_at' => '2022-03-02 20:13:52'
                'updated_at' => '2022-03-02 20:13:52'
            )
            'original' => Array &726 (
                'id' => 51
                'full_name' => 'Dr. Jessy Douglas'
                'bio' => 'Commodi perferendis dolore quas animi. Odio dolore atque voluptates sint. Fugit corrupti sit occaecati aperiam quis quis. Omnis quisquam aut ipsa et itaque distinctio.'
                'isBanned' => false
                'user_id' => 115
                'created_at' => '2022-03-02 20:13:52'
                'updated_at' => '2022-03-02 20:13:52'
            )
            'changes' => Array &727 ()
            'casts' => Array &728 ()
            'classCastCache' => Array &729 ()
            'attributeCastCache' => Array &730 ()
            'dates' => Array &731 ()
            'dateFormat' => null
            'appends' => Array &732 ()
            'dispatchesEvents' => Array &733 ()
            'observables' => Array &734 ()
            'relations' => Array &735 ()
            'touches' => Array &736 ()
            'timestamps' => true
            'visible' => Array &737 ()
            'guarded' => Array &738 (
                0 => '*'
            )
        )
        41 => App\Models\UserInfo Object &000000002d3d1bb50000000047065e1e (
            'fillable' => Array &739 (
                0 => 'full_name'
                1 => 'bio'
                2 => 'isBanned'
                3 => 'user_id'
            )
            'hidden' => Array &740 (
                0 => 'isBanned'
            )
            'connection' => 'pgsql'
            'table' => 'user_infos'
            'primaryKey' => 'id'
            'keyType' => 'int'
            'incrementing' => true
            'with' => Array &741 ()
            'withCount' => Array &742 ()
            'preventsLazyLoading' => false
            'perPage' => 15
            'exists' => true
            'wasRecentlyCreated' => false
            'escapeWhenCastingToString' => false
            'attributes' => Array &743 (
                'id' => 56
                'full_name' => 'Keaton Fay'
                'bio' => 'Repellendus incidunt esse debitis libero ad. Et impedit autem repudiandae minima. Necessitatibus repellendus atque rem.'
                'isBanned' => true
                'user_id' => 550
                'created_at' => '2022-03-02 20:22:05'
                'updated_at' => '2022-03-02 20:22:05'
            )
            'original' => Array &744 (
                'id' => 56
                'full_name' => 'Keaton Fay'
                'bio' => 'Repellendus incidunt esse debitis libero ad. Et impedit autem repudiandae minima. Necessitatibus repellendus atque rem.'
                'isBanned' => true
                'user_id' => 550
                'created_at' => '2022-03-02 20:22:05'
                'updated_at' => '2022-03-02 20:22:05'
            )
            'changes' => Array &745 ()
            'casts' => Array &746 ()
            'classCastCache' => Array &747 ()
            'attributeCastCache' => Array &748 ()
            'dates' => Array &749 ()
            'dateFormat' => null
            'appends' => Array &750 ()
            'dispatchesEvents' => Array &751 ()
            'observables' => Array &752 ()
            'relations' => Array &753 ()
            'touches' => Array &754 ()
            'timestamps' => true
            'visible' => Array &755 ()
            'guarded' => Array &756 (
                0 => '*'
            )
        )
        42 => App\Models\UserInfo Object &000000002d3d1c3d0000000047065e1e (
            'fillable' => Array &757 (
                0 => 'full_name'
                1 => 'bio'
                2 => 'isBanned'
                3 => 'user_id'
            )
            'hidden' => Array &758 (
                0 => 'isBanned'
            )
            'connection' => 'pgsql'
            'table' => 'user_infos'
            'primaryKey' => 'id'
            'keyType' => 'int'
            'incrementing' => true
            'with' => Array &759 ()
            'withCount' => Array &760 ()
            'preventsLazyLoading' => false
            'perPage' => 15
            'exists' => true
            'wasRecentlyCreated' => false
            'escapeWhenCastingToString' => false
            'attributes' => Array &761 (
                'id' => 57
                'full_name' => 'Kaia Carroll II'
                'bio' => 'Beatae distinctio libero aliquid. Quidem officiis culpa quod tenetur sed. Laborum commodi qui ut non et animi.'
                'isBanned' => false
                'user_id' => 552
                'created_at' => '2022-03-02 20:22:05'
                'updated_at' => '2022-03-02 20:22:05'
            )
            'original' => Array &762 (
                'id' => 57
                'full_name' => 'Kaia Carroll II'
                'bio' => 'Beatae distinctio libero aliquid. Quidem officiis culpa quod tenetur sed. Laborum commodi qui ut non et animi.'
                'isBanned' => false
                'user_id' => 552
                'created_at' => '2022-03-02 20:22:05'
                'updated_at' => '2022-03-02 20:22:05'
            )
            'changes' => Array &763 ()
            'casts' => Array &764 ()
            'classCastCache' => Array &765 ()
            'attributeCastCache' => Array &766 ()
            'dates' => Array &767 ()
            'dateFormat' => null
            'appends' => Array &768 ()
            'dispatchesEvents' => Array &769 ()
            'observables' => Array &770 ()
            'relations' => Array &771 ()
            'touches' => Array &772 ()
            'timestamps' => true
            'visible' => Array &773 ()
            'guarded' => Array &774 (
                0 => '*'
            )
        )
        43 => App\Models\UserInfo Object &000000002d3d1a770000000047065e1e (
            'fillable' => Array &775 (
                0 => 'full_name'
                1 => 'bio'
                2 => 'isBanned'
                3 => 'user_id'
            )
            'hidden' => Array &776 (
                0 => 'isBanned'
            )
            'connection' => 'pgsql'
            'table' => 'user_infos'
            'primaryKey' => 'id'
            'keyType' => 'int'
            'incrementing' => true
            'with' => Array &777 ()
            'withCount' => Array &778 ()
            'preventsLazyLoading' => false
            'perPage' => 15
            'exists' => true
            'wasRecentlyCreated' => false
            'escapeWhenCastingToString' => false
            'attributes' => Array &779 (
                'id' => 58
                'full_name' => 'Cleo Dicki'
                'bio' => 'Eveniet dicta adipisci numquam adipisci incidunt enim dolor est. Laboriosam molestiae error nobis quos deserunt atque. Assumenda voluptatem rerum quidem optio.'
                'isBanned' => true
                'user_id' => 111
                'created_at' => '2022-03-02 20:22:05'
                'updated_at' => '2022-03-02 20:22:05'
            )
            'original' => Array &780 (
                'id' => 58
                'full_name' => 'Cleo Dicki'
                'bio' => 'Eveniet dicta adipisci numquam adipisci incidunt enim dolor est. Laboriosam molestiae error nobis quos deserunt atque. Assumenda voluptatem rerum quidem optio.'
                'isBanned' => true
                'user_id' => 111
                'created_at' => '2022-03-02 20:22:05'
                'updated_at' => '2022-03-02 20:22:05'
            )
            'changes' => Array &781 ()
            'casts' => Array &782 ()
            'classCastCache' => Array &783 ()
            'attributeCastCache' => Array &784 ()
            'dates' => Array &785 ()
            'dateFormat' => null
            'appends' => Array &786 ()
            'dispatchesEvents' => Array &787 ()
            'observables' => Array &788 ()
            'relations' => Array &789 ()
            'touches' => Array &790 ()
            'timestamps' => true
            'visible' => Array &791 ()
            'guarded' => Array &792 (
                0 => '*'
            )
        )
        44 => App\Models\UserInfo Object &000000002d3d1d8c0000000047065e1e (
            'fillable' => Array &793 (
                0 => 'full_name'
                1 => 'bio'
                2 => 'isBanned'
                3 => 'user_id'
            )
            'hidden' => Array &794 (
                0 => 'isBanned'
            )
            'connection' => 'pgsql'
            'table' => 'user_infos'
            'primaryKey' => 'id'
            'keyType' => 'int'
            'incrementing' => true
            'with' => Array &795 ()
            'withCount' => Array &796 ()
            'preventsLazyLoading' => false
            'perPage' => 15
            'exists' => true
            'wasRecentlyCreated' => false
            'escapeWhenCastingToString' => false
            'attributes' => Array &797 (
                'id' => 59
                'full_name' => 'Alana Zboncak'
                'bio' => 'Modi omnis eligendi ullam a sit. Aspernatur consequatur odit voluptas commodi dolor provident in maxime. Et enim itaque deserunt.'
                'isBanned' => false
                'user_id' => 499
                'created_at' => '2022-03-02 20:22:05'
                'updated_at' => '2022-03-02 20:22:05'
            )
            'original' => Array &798 (
                'id' => 59
                'full_name' => 'Alana Zboncak'
                'bio' => 'Modi omnis eligendi ullam a sit. Aspernatur consequatur odit voluptas commodi dolor provident in maxime. Et enim itaque deserunt.'
                'isBanned' => false
                'user_id' => 499
                'created_at' => '2022-03-02 20:22:05'
                'updated_at' => '2022-03-02 20:22:05'
            )
            'changes' => Array &799 ()
            'casts' => Array &800 ()
            'classCastCache' => Array &801 ()
            'attributeCastCache' => Array &802 ()
            'dates' => Array &803 ()
            'dateFormat' => null
            'appends' => Array &804 ()
            'dispatchesEvents' => Array &805 ()
            'observables' => Array &806 ()
            'relations' => Array &807 ()
            'touches' => Array &808 ()
            'timestamps' => true
            'visible' => Array &809 ()
            'guarded' => Array &810 (
                0 => '*'
            )
        )
        45 => App\Models\UserInfo Object &000000002d3d1d8b0000000047065e1e (
            'fillable' => Array &811 (
                0 => 'full_name'
                1 => 'bio'
                2 => 'isBanned'
                3 => 'user_id'
            )
            'hidden' => Array &812 (
                0 => 'isBanned'
            )
            'connection' => 'pgsql'
            'table' => 'user_infos'
            'primaryKey' => 'id'
            'keyType' => 'int'
            'incrementing' => true
            'with' => Array &813 ()
            'withCount' => Array &814 ()
            'preventsLazyLoading' => false
            'perPage' => 15
            'exists' => true
            'wasRecentlyCreated' => false
            'escapeWhenCastingToString' => false
            'attributes' => Array &815 (
                'id' => 60
                'full_name' => 'Sigmund Dooley'
                'bio' => 'Consequatur est voluptatum ea nihil aliquam qui nihil. Autem officia et quia ullam aut.'
                'isBanned' => false
                'user_id' => 109
                'created_at' => '2022-03-02 20:22:05'
                'updated_at' => '2022-03-02 20:22:05'
            )
            'original' => Array &816 (
                'id' => 60
                'full_name' => 'Sigmund Dooley'
                'bio' => 'Consequatur est voluptatum ea nihil aliquam qui nihil. Autem officia et quia ullam aut.'
                'isBanned' => false
                'user_id' => 109
                'created_at' => '2022-03-02 20:22:05'
                'updated_at' => '2022-03-02 20:22:05'
            )
            'changes' => Array &817 ()
            'casts' => Array &818 ()
            'classCastCache' => Array &819 ()
            'attributeCastCache' => Array &820 ()
            'dates' => Array &821 ()
            'dateFormat' => null
            'appends' => Array &822 ()
            'dispatchesEvents' => Array &823 ()
            'observables' => Array &824 ()
            'relations' => Array &825 ()
            'touches' => Array &826 ()
            'timestamps' => true
            'visible' => Array &827 ()
            'guarded' => Array &828 (
                0 => '*'
            )
        )
        46 => App\Models\UserInfo Object &000000002d3d1d8a0000000047065e1e (
            'fillable' => Array &829 (
                0 => 'full_name'
                1 => 'bio'
                2 => 'isBanned'
                3 => 'user_id'
            )
            'hidden' => Array &830 (
                0 => 'isBanned'
            )
            'connection' => 'pgsql'
            'table' => 'user_infos'
            'primaryKey' => 'id'
            'keyType' => 'int'
            'incrementing' => true
            'with' => Array &831 ()
            'withCount' => Array &832 ()
            'preventsLazyLoading' => false
            'perPage' => 15
            'exists' => true
            'wasRecentlyCreated' => false
            'escapeWhenCastingToString' => false
            'attributes' => Array &833 (
                'id' => 61
                'full_name' => 'Prince Howe'
                'bio' => 'Corporis rem soluta sequi omnis recusandae. Autem corrupti quia quia atque repellendus. Vitae tenetur dolores quas. Mollitia et rerum omnis provident non.'
                'isBanned' => true
                'user_id' => 555
                'created_at' => '2022-03-02 20:22:05'
                'updated_at' => '2022-03-02 20:22:05'
            )
            'original' => Array &834 (
                'id' => 61
                'full_name' => 'Prince Howe'
                'bio' => 'Corporis rem soluta sequi omnis recusandae. Autem corrupti quia quia atque repellendus. Vitae tenetur dolores quas. Mollitia et rerum omnis provident non.'
                'isBanned' => true
                'user_id' => 555
                'created_at' => '2022-03-02 20:22:05'
                'updated_at' => '2022-03-02 20:22:05'
            )
            'changes' => Array &835 ()
            'casts' => Array &836 ()
            'classCastCache' => Array &837 ()
            'attributeCastCache' => Array &838 ()
            'dates' => Array &839 ()
            'dateFormat' => null
            'appends' => Array &840 ()
            'dispatchesEvents' => Array &841 ()
            'observables' => Array &842 ()
            'relations' => Array &843 ()
            'touches' => Array &844 ()
            'timestamps' => true
            'visible' => Array &845 ()
            'guarded' => Array &846 (
                0 => '*'
            )
        )
        47 => App\Models\UserInfo Object &000000002d3d1d880000000047065e1e (
            'fillable' => Array &847 (
                0 => 'full_name'
                1 => 'bio'
                2 => 'isBanned'
                3 => 'user_id'
            )
            'hidden' => Array &848 (
                0 => 'isBanned'
            )
            'connection' => 'pgsql'
            'table' => 'user_infos'
            'primaryKey' => 'id'
            'keyType' => 'int'
            'incrementing' => true
            'with' => Array &849 ()
            'withCount' => Array &850 ()
            'preventsLazyLoading' => false
            'perPage' => 15
            'exists' => true
            'wasRecentlyCreated' => false
            'escapeWhenCastingToString' => false
            'attributes' => Array &851 (
                'id' => 62
                'full_name' => 'Kareem Block'
                'bio' => 'Dolor quia eos et. Voluptas rem voluptas fugiat atque et eum aspernatur. Fugit voluptas et maiores non ea et architecto. Officiis blanditiis qui omnis est soluta id veritatis dolores.'
                'isBanned' => false
                'user_id' => 557
                'created_at' => '2022-03-02 20:22:05'
                'updated_at' => '2022-03-02 20:22:05'
            )
            'original' => Array &852 (
                'id' => 62
                'full_name' => 'Kareem Block'
                'bio' => 'Dolor quia eos et. Voluptas rem voluptas fugiat atque et eum aspernatur. Fugit voluptas et maiores non ea et architecto. Officiis blanditiis qui omnis est soluta id veritatis dolores.'
                'isBanned' => false
                'user_id' => 557
                'created_at' => '2022-03-02 20:22:05'
                'updated_at' => '2022-03-02 20:22:05'
            )
            'changes' => Array &853 ()
            'casts' => Array &854 ()
            'classCastCache' => Array &855 ()
            'attributeCastCache' => Array &856 ()
            'dates' => Array &857 ()
            'dateFormat' => null
            'appends' => Array &858 ()
            'dispatchesEvents' => Array &859 ()
            'observables' => Array &860 ()
            'relations' => Array &861 ()
            'touches' => Array &862 ()
            'timestamps' => true
            'visible' => Array &863 ()
            'guarded' => Array &864 (
                0 => '*'
            )
        )
        48 => App\Models\UserInfo Object &000000002d3d1d750000000047065e1e (
            'fillable' => Array &865 (
                0 => 'full_name'
                1 => 'bio'
                2 => 'isBanned'
                3 => 'user_id'
            )
            'hidden' => Array &866 (
                0 => 'isBanned'
            )
            'connection' => 'pgsql'
            'table' => 'user_infos'
            'primaryKey' => 'id'
            'keyType' => 'int'
            'incrementing' => true
            'with' => Array &867 ()
            'withCount' => Array &868 ()
            'preventsLazyLoading' => false
            'perPage' => 15
            'exists' => true
            'wasRecentlyCreated' => false
            'escapeWhenCastingToString' => false
            'attributes' => Array &869 (
                'id' => 63
                'full_name' => 'Mr. Raheem Grady PhD'
                'bio' => 'Velit ducimus amet harum praesentium distinctio sit. Ipsam nihil sed ut sunt alias laborum. Consequuntur sunt quas nobis aut a. In voluptatem dignissimos est reprehenderit.'
                'isBanned' => false
                'user_id' => 492
                'created_at' => '2022-03-02 20:22:05'
                'updated_at' => '2022-03-02 20:22:05'
            )
            'original' => Array &870 (
                'id' => 63
                'full_name' => 'Mr. Raheem Grady PhD'
                'bio' => 'Velit ducimus amet harum praesentium distinctio sit. Ipsam nihil sed ut sunt alias laborum. Consequuntur sunt quas nobis aut a. In voluptatem dignissimos est reprehenderit.'
                'isBanned' => false
                'user_id' => 492
                'created_at' => '2022-03-02 20:22:05'
                'updated_at' => '2022-03-02 20:22:05'
            )
            'changes' => Array &871 ()
            'casts' => Array &872 ()
            'classCastCache' => Array &873 ()
            'attributeCastCache' => Array &874 ()
            'dates' => Array &875 ()
            'dateFormat' => null
            'appends' => Array &876 ()
            'dispatchesEvents' => Array &877 ()
            'observables' => Array &878 ()
            'relations' => Array &879 ()
            'touches' => Array &880 ()
            'timestamps' => true
            'visible' => Array &881 ()
            'guarded' => Array &882 (
                0 => '*'
            )
        )
        49 => App\Models\UserInfo Object &000000002d3d1d730000000047065e1e (
            'fillable' => Array &883 (
                0 => 'full_name'
                1 => 'bio'
                2 => 'isBanned'
                3 => 'user_id'
            )
            'hidden' => Array &884 (
                0 => 'isBanned'
            )
            'connection' => 'pgsql'
            'table' => 'user_infos'
            'primaryKey' => 'id'
            'keyType' => 'int'
            'incrementing' => true
            'with' => Array &885 ()
            'withCount' => Array &886 ()
            'preventsLazyLoading' => false
            'perPage' => 15
            'exists' => true
            'wasRecentlyCreated' => false
            'escapeWhenCastingToString' => false
            'attributes' => Array &887 (
                'id' => 64
                'full_name' => 'Roderick Grady'
                'bio' => 'Possimus doloribus voluptas repellat cumque qui itaque. Deserunt qui tempora quia distinctio inventore provident quia dolores. Labore nisi dignissimos recusandae qui nostrum.'
                'isBanned' => true
                'user_id' => 492
                'created_at' => '2022-03-02 20:22:05'
                'updated_at' => '2022-03-02 20:22:05'
            )
            'original' => Array &888 (
                'id' => 64
                'full_name' => 'Roderick Grady'
                'bio' => 'Possimus doloribus voluptas repellat cumque qui itaque. Deserunt qui tempora quia distinctio inventore provident quia dolores. Labore nisi dignissimos recusandae qui nostrum.'
                'isBanned' => true
                'user_id' => 492
                'created_at' => '2022-03-02 20:22:05'
                'updated_at' => '2022-03-02 20:22:05'
            )
            'changes' => Array &889 ()
            'casts' => Array &890 ()
            'classCastCache' => Array &891 ()
            'attributeCastCache' => Array &892 ()
            'dates' => Array &893 ()
            'dateFormat' => null
            'appends' => Array &894 ()
            'dispatchesEvents' => Array &895 ()
            'observables' => Array &896 ()
            'relations' => Array &897 ()
            'touches' => Array &898 ()
            'timestamps' => true
            'visible' => Array &899 ()
            'guarded' => Array &900 (
                0 => '*'
            )
        )
        50 => App\Models\UserInfo Object &000000002d3d1d770000000047065e1e (
            'fillable' => Array &901 (
                0 => 'full_name'
                1 => 'bio'
                2 => 'isBanned'
                3 => 'user_id'
            )
            'hidden' => Array &902 (
                0 => 'isBanned'
            )
            'connection' => 'pgsql'
            'table' => 'user_infos'
            'primaryKey' => 'id'
            'keyType' => 'int'
            'incrementing' => true
            'with' => Array &903 ()
            'withCount' => Array &904 ()
            'preventsLazyLoading' => false
            'perPage' => 15
            'exists' => true
            'wasRecentlyCreated' => false
            'escapeWhenCastingToString' => false
            'attributes' => Array &905 (
                'id' => 65
                'full_name' => 'Prof. Destin Raynor'
                'bio' => 'Enim aut ad eos in tenetur quo. Provident dolorem accusamus reiciendis repellat. Velit et expedita assumenda qui eum aspernatur. Accusantium magnam vitae illo tenetur nihil.'
                'isBanned' => true
                'user_id' => 108
                'created_at' => '2022-03-02 20:22:05'
                'updated_at' => '2022-03-02 20:22:05'
            )
            'original' => Array &906 (
                'id' => 65
                'full_name' => 'Prof. Destin Raynor'
                'bio' => 'Enim aut ad eos in tenetur quo. Provident dolorem accusamus reiciendis repellat. Velit et expedita assumenda qui eum aspernatur. Accusantium magnam vitae illo tenetur nihil.'
                'isBanned' => true
                'user_id' => 108
                'created_at' => '2022-03-02 20:22:05'
                'updated_at' => '2022-03-02 20:22:05'
            )
            'changes' => Array &907 ()
            'casts' => Array &908 ()
            'classCastCache' => Array &909 ()
            'attributeCastCache' => Array &910 ()
            'dates' => Array &911 ()
            'dateFormat' => null
            'appends' => Array &912 ()
            'dispatchesEvents' => Array &913 ()
            'observables' => Array &914 ()
            'relations' => Array &915 ()
            'touches' => Array &916 ()
            'timestamps' => true
            'visible' => Array &917 ()
            'guarded' => Array &918 (
                0 => '*'
            )
        )
        51 => App\Models\UserInfo Object &000000002d3d1d890000000047065e1e (
            'fillable' => Array &919 (
                0 => 'full_name'
                1 => 'bio'
                2 => 'isBanned'
                3 => 'user_id'
            )
            'hidden' => Array &920 (
                0 => 'isBanned'
            )
            'connection' => 'pgsql'
            'table' => 'user_infos'
            'primaryKey' => 'id'
            'keyType' => 'int'
            'incrementing' => true
            'with' => Array &921 ()
            'withCount' => Array &922 ()
            'preventsLazyLoading' => false
            'perPage' => 15
            'exists' => true
            'wasRecentlyCreated' => false
            'escapeWhenCastingToString' => false
            'attributes' => Array &923 (
                'id' => 67
                'full_name' => 'Marjory Weimann'
                'bio' => 'Dignissimos omnis enim et similique. Neque iusto sed itaque sint ut. Accusantium vitae assumenda aperiam sed voluptatibus animi. Debitis et est eos quae qui.'
                'isBanned' => false
                'user_id' => 598
                'created_at' => '2022-03-03 20:14:05'
                'updated_at' => '2022-03-03 20:14:05'
            )
            'original' => Array &924 (
                'id' => 67
                'full_name' => 'Marjory Weimann'
                'bio' => 'Dignissimos omnis enim et similique. Neque iusto sed itaque sint ut. Accusantium vitae assumenda aperiam sed voluptatibus animi. Debitis et est eos quae qui.'
                'isBanned' => false
                'user_id' => 598
                'created_at' => '2022-03-03 20:14:05'
                'updated_at' => '2022-03-03 20:14:05'
            )
            'changes' => Array &925 ()
            'casts' => Array &926 ()
            'classCastCache' => Array &927 ()
            'attributeCastCache' => Array &928 ()
            'dates' => Array &929 ()
            'dateFormat' => null
            'appends' => Array &930 ()
            'dispatchesEvents' => Array &931 ()
            'observables' => Array &932 ()
            'relations' => Array &933 ()
            'touches' => Array &934 ()
            'timestamps' => true
            'visible' => Array &935 ()
            'guarded' => Array &936 (
                0 => '*'
            )
        )
        52 => App\Models\UserInfo Object &000000002d3d1cc70000000047065e1e (
            'fillable' => Array &937 (
                0 => 'full_name'
                1 => 'bio'
                2 => 'isBanned'
                3 => 'user_id'
            )
            'hidden' => Array &938 (
                0 => 'isBanned'
            )
            'connection' => 'pgsql'
            'table' => 'user_infos'
            'primaryKey' => 'id'
            'keyType' => 'int'
            'incrementing' => true
            'with' => Array &939 ()
            'withCount' => Array &940 ()
            'preventsLazyLoading' => false
            'perPage' => 15
            'exists' => true
            'wasRecentlyCreated' => false
            'escapeWhenCastingToString' => false
            'attributes' => Array &941 (
                'id' => 68
                'full_name' => 'Stacey Welch'
                'bio' => 'Reiciendis quo voluptate harum perspiciatis fugiat sed explicabo. Odio quam commodi et animi ipsam dicta. Omnis neque nihil consectetur repellendus.'
                'isBanned' => false
                'user_id' => 490
                'created_at' => '2022-03-03 20:14:05'
                'updated_at' => '2022-03-03 20:14:05'
            )
            'original' => Array &942 (
                'id' => 68
                'full_name' => 'Stacey Welch'
                'bio' => 'Reiciendis quo voluptate harum perspiciatis fugiat sed explicabo. Odio quam commodi et animi ipsam dicta. Omnis neque nihil consectetur repellendus.'
                'isBanned' => false
                'user_id' => 490
                'created_at' => '2022-03-03 20:14:05'
                'updated_at' => '2022-03-03 20:14:05'
            )
            'changes' => Array &943 ()
            'casts' => Array &944 ()
            'classCastCache' => Array &945 ()
            'attributeCastCache' => Array &946 ()
            'dates' => Array &947 ()
            'dateFormat' => null
            'appends' => Array &948 ()
            'dispatchesEvents' => Array &949 ()
            'observables' => Array &950 ()
            'relations' => Array &951 ()
            'touches' => Array &952 ()
            'timestamps' => true
            'visible' => Array &953 ()
            'guarded' => Array &954 (
                0 => '*'
            )
        )
        53 => App\Models\UserInfo Object &000000002d3d1d760000000047065e1e (
            'fillable' => Array &955 (
                0 => 'full_name'
                1 => 'bio'
                2 => 'isBanned'
                3 => 'user_id'
            )
            'hidden' => Array &956 (
                0 => 'isBanned'
            )
            'connection' => 'pgsql'
            'table' => 'user_infos'
            'primaryKey' => 'id'
            'keyType' => 'int'
            'incrementing' => true
            'with' => Array &957 ()
            'withCount' => Array &958 ()
            'preventsLazyLoading' => false
            'perPage' => 15
            'exists' => true
            'wasRecentlyCreated' => false
            'escapeWhenCastingToString' => false
            'attributes' => Array &959 (
                'id' => 69
                'full_name' => 'Wilma Dare'
                'bio' => 'Debitis sit debitis praesentium. Nihil asperiores adipisci natus maiores inventore et rerum. Laudantium nemo nisi fugit alias. Id voluptates dignissimos vel consectetur similique voluptatem.'
                'isBanned' => true
                'user_id' => 501
                'created_at' => '2022-03-03 20:14:05'
                'updated_at' => '2022-03-03 20:14:05'
            )
            'original' => Array &960 (
                'id' => 69
                'full_name' => 'Wilma Dare'
                'bio' => 'Debitis sit debitis praesentium. Nihil asperiores adipisci natus maiores inventore et rerum. Laudantium nemo nisi fugit alias. Id voluptates dignissimos vel consectetur similique voluptatem.'
                'isBanned' => true
                'user_id' => 501
                'created_at' => '2022-03-03 20:14:05'
                'updated_at' => '2022-03-03 20:14:05'
            )
            'changes' => Array &961 ()
            'casts' => Array &962 ()
            'classCastCache' => Array &963 ()
            'attributeCastCache' => Array &964 ()
            'dates' => Array &965 ()
            'dateFormat' => null
            'appends' => Array &966 ()
            'dispatchesEvents' => Array &967 ()
            'observables' => Array &968 ()
            'relations' => Array &969 ()
            'touches' => Array &970 ()
            'timestamps' => true
            'visible' => Array &971 ()
            'guarded' => Array &972 (
                0 => '*'
            )
        )
        54 => App\Models\UserInfo Object &000000002d3d1ff70000000047065e1e (
            'fillable' => Array &973 (
                0 => 'full_name'
                1 => 'bio'
                2 => 'isBanned'
                3 => 'user_id'
            )
            'hidden' => Array &974 (
                0 => 'isBanned'
            )
            'connection' => 'pgsql'
            'table' => 'user_infos'
            'primaryKey' => 'id'
            'keyType' => 'int'
            'incrementing' => true
            'with' => Array &975 ()
            'withCount' => Array &976 ()
            'preventsLazyLoading' => false
            'perPage' => 15
            'exists' => true
            'wasRecentlyCreated' => false
            'escapeWhenCastingToString' => false
            'attributes' => Array &977 (
                'id' => 70
                'full_name' => 'Rogers Schoen DDS'
                'bio' => 'Doloribus non aut nulla ipsam provident architecto non. Tenetur repudiandae quae aperiam non numquam. Magnam non omnis sed reprehenderit repudiandae.'
                'isBanned' => false
                'user_id' => 504
                'created_at' => '2022-03-03 20:14:05'
                'updated_at' => '2022-03-03 20:14:05'
            )
            'original' => Array &978 (
                'id' => 70
                'full_name' => 'Rogers Schoen DDS'
                'bio' => 'Doloribus non aut nulla ipsam provident architecto non. Tenetur repudiandae quae aperiam non numquam. Magnam non omnis sed reprehenderit repudiandae.'
                'isBanned' => false
                'user_id' => 504
                'created_at' => '2022-03-03 20:14:05'
                'updated_at' => '2022-03-03 20:14:05'
            )
            'changes' => Array &979 ()
            'casts' => Array &980 ()
            'classCastCache' => Array &981 ()
            'attributeCastCache' => Array &982 ()
            'dates' => Array &983 ()
            'dateFormat' => null
            'appends' => Array &984 ()
            'dispatchesEvents' => Array &985 ()
            'observables' => Array &986 ()
            'relations' => Array &987 ()
            'touches' => Array &988 ()
            'timestamps' => true
            'visible' => Array &989 ()
            'guarded' => Array &990 (
                0 => '*'
            )
        )
        55 => App\Models\UserInfo Object &000000002d3d10e90000000047065e1e (
            'fillable' => Array &991 (
                0 => 'full_name'
                1 => 'bio'
                2 => 'isBanned'
                3 => 'user_id'
            )
            'hidden' => Array &992 (
                0 => 'isBanned'
            )
            'connection' => 'pgsql'
            'table' => 'user_infos'
            'primaryKey' => 'id'
            'keyType' => 'int'
            'incrementing' => true
            'with' => Array &993 ()
            'withCount' => Array &994 ()
            'preventsLazyLoading' => false
            'perPage' => 15
            'exists' => true
            'wasRecentlyCreated' => false
            'escapeWhenCastingToString' => false
            'attributes' => Array &995 (
                'id' => 71
                'full_name' => 'Prof. Terrill Prosacco'
                'bio' => 'Mollitia est in qui mollitia sapiente. Ipsam repudiandae sit non et. Recusandae suscipit accusantium impedit nobis ut.'
                'isBanned' => true
                'user_id' => 489
                'created_at' => '2022-03-03 20:14:05'
                'updated_at' => '2022-03-03 20:14:05'
            )
            'original' => Array &996 (
                'id' => 71
                'full_name' => 'Prof. Terrill Prosacco'
                'bio' => 'Mollitia est in qui mollitia sapiente. Ipsam repudiandae sit non et. Recusandae suscipit accusantium impedit nobis ut.'
                'isBanned' => true
                'user_id' => 489
                'created_at' => '2022-03-03 20:14:05'
                'updated_at' => '2022-03-03 20:14:05'
            )
            'changes' => Array &997 ()
            'casts' => Array &998 ()
            'classCastCache' => Array &999 ()
            'attributeCastCache' => Array &1000 ()
            'dates' => Array &1001 ()
            'dateFormat' => null
            'appends' => Array &1002 ()
            'dispatchesEvents' => Array &1003 ()
            'observables' => Array &1004 ()
            'relations' => Array &1005 ()
            'touches' => Array &1006 ()
            'timestamps' => true
            'visible' => Array &1007 ()
            'guarded' => Array &1008 (
                0 => '*'
            )
        )
        56 => App\Models\UserInfo Object &000000002d3d1d850000000047065e1e (
            'fillable' => Array &1009 (
                0 => 'full_name'
                1 => 'bio'
                2 => 'isBanned'
                3 => 'user_id'
            )
            'hidden' => Array &1010 (
                0 => 'isBanned'
            )
            'connection' => 'pgsql'
            'table' => 'user_infos'
            'primaryKey' => 'id'
            'keyType' => 'int'
            'incrementing' => true
            'with' => Array &1011 ()
            'withCount' => Array &1012 ()
            'preventsLazyLoading' => false
            'perPage' => 15
            'exists' => true
            'wasRecentlyCreated' => false
            'escapeWhenCastingToString' => false
            'attributes' => Array &1013 (
                'id' => 72
                'full_name' => 'Mrs. Rossie Rau'
                'bio' => 'Non ab qui pariatur et. Pariatur non laudantium soluta praesentium quia. Non laudantium eum similique sed provident.'
                'isBanned' => true
                'user_id' => 483
                'created_at' => '2022-03-03 20:14:05'
                'updated_at' => '2022-03-03 20:14:05'
            )
            'original' => Array &1014 (
                'id' => 72
                'full_name' => 'Mrs. Rossie Rau'
                'bio' => 'Non ab qui pariatur et. Pariatur non laudantium soluta praesentium quia. Non laudantium eum similique sed provident.'
                'isBanned' => true
                'user_id' => 483
                'created_at' => '2022-03-03 20:14:05'
                'updated_at' => '2022-03-03 20:14:05'
            )
            'changes' => Array &1015 ()
            'casts' => Array &1016 ()
            'classCastCache' => Array &1017 ()
            'attributeCastCache' => Array &1018 ()
            'dates' => Array &1019 ()
            'dateFormat' => null
            'appends' => Array &1020 ()
            'dispatchesEvents' => Array &1021 ()
            'observables' => Array &1022 ()
            'relations' => Array &1023 ()
            'touches' => Array &1024 ()
            'timestamps' => true
            'visible' => Array &1025 ()
            'guarded' => Array &1026 (
                0 => '*'
            )
        )
        57 => App\Models\UserInfo Object &000000002d3d1fec0000000047065e1e (
            'fillable' => Array &1027 (
                0 => 'full_name'
                1 => 'bio'
                2 => 'isBanned'
                3 => 'user_id'
            )
            'hidden' => Array &1028 (
                0 => 'isBanned'
            )
            'connection' => 'pgsql'
            'table' => 'user_infos'
            'primaryKey' => 'id'
            'keyType' => 'int'
            'incrementing' => true
            'with' => Array &1029 ()
            'withCount' => Array &1030 ()
            'preventsLazyLoading' => false
            'perPage' => 15
            'exists' => true
            'wasRecentlyCreated' => false
            'escapeWhenCastingToString' => false
            'attributes' => Array &1031 (
                'id' => 73
                'full_name' => 'Kristy Lesch'
                'bio' => 'Ullam aut quo a. Architecto sed minima voluptatibus alias repellendus beatae odit. Molestiae ex a numquam. Velit sed error et. Minima quasi dolorem et asperiores.'
                'isBanned' => true
                'user_id' => 478
                'created_at' => '2022-03-03 20:14:05'
                'updated_at' => '2022-03-03 20:14:05'
            )
            'original' => Array &1032 (
                'id' => 73
                'full_name' => 'Kristy Lesch'
                'bio' => 'Ullam aut quo a. Architecto sed minima voluptatibus alias repellendus beatae odit. Molestiae ex a numquam. Velit sed error et. Minima quasi dolorem et asperiores.'
                'isBanned' => true
                'user_id' => 478
                'created_at' => '2022-03-03 20:14:05'
                'updated_at' => '2022-03-03 20:14:05'
            )
            'changes' => Array &1033 ()
            'casts' => Array &1034 ()
            'classCastCache' => Array &1035 ()
            'attributeCastCache' => Array &1036 ()
            'dates' => Array &1037 ()
            'dateFormat' => null
            'appends' => Array &1038 ()
            'dispatchesEvents' => Array &1039 ()
            'observables' => Array &1040 ()
            'relations' => Array &1041 ()
            'touches' => Array &1042 ()
            'timestamps' => true
            'visible' => Array &1043 ()
            'guarded' => Array &1044 (
                0 => '*'
            )
        )
        58 => App\Models\UserInfo Object &000000002d3d1c450000000047065e1e (
            'fillable' => Array &1045 (
                0 => 'full_name'
                1 => 'bio'
                2 => 'isBanned'
                3 => 'user_id'
            )
            'hidden' => Array &1046 (
                0 => 'isBanned'
            )
            'connection' => 'pgsql'
            'table' => 'user_infos'
            'primaryKey' => 'id'
            'keyType' => 'int'
            'incrementing' => true
            'with' => Array &1047 ()
            'withCount' => Array &1048 ()
            'preventsLazyLoading' => false
            'perPage' => 15
            'exists' => true
            'wasRecentlyCreated' => false
            'escapeWhenCastingToString' => false
            'attributes' => Array &1049 (
                'id' => 74
                'full_name' => 'Dr. Caterina Ebert IV'
                'bio' => 'Architecto qui beatae autem non et hic. Minima veritatis reiciendis tempora ea. Esse quod voluptas quae impedit aut voluptate ut.'
                'isBanned' => true
                'user_id' => 597
                'created_at' => '2022-03-03 20:14:05'
                'updated_at' => '2022-03-03 20:14:05'
            )
            'original' => Array &1050 (
                'id' => 74
                'full_name' => 'Dr. Caterina Ebert IV'
                'bio' => 'Architecto qui beatae autem non et hic. Minima veritatis reiciendis tempora ea. Esse quod voluptas quae impedit aut voluptate ut.'
                'isBanned' => true
                'user_id' => 597
                'created_at' => '2022-03-03 20:14:05'
                'updated_at' => '2022-03-03 20:14:05'
            )
            'changes' => Array &1051 ()
            'casts' => Array &1052 ()
            'classCastCache' => Array &1053 ()
            'attributeCastCache' => Array &1054 ()
            'dates' => Array &1055 ()
            'dateFormat' => null
            'appends' => Array &1056 ()
            'dispatchesEvents' => Array &1057 ()
            'observables' => Array &1058 ()
            'relations' => Array &1059 ()
            'touches' => Array &1060 ()
            'timestamps' => true
            'visible' => Array &1061 ()
            'guarded' => Array &1062 (
                0 => '*'
            )
        )
        59 => App\Models\UserInfo Object &000000002d3d13300000000047065e1e (
            'fillable' => Array &1063 (
                0 => 'full_name'
                1 => 'bio'
                2 => 'isBanned'
                3 => 'user_id'
            )
            'hidden' => Array &1064 (
                0 => 'isBanned'
            )
            'connection' => 'pgsql'
            'table' => 'user_infos'
            'primaryKey' => 'id'
            'keyType' => 'int'
            'incrementing' => true
            'with' => Array &1065 ()
            'withCount' => Array &1066 ()
            'preventsLazyLoading' => false
            'perPage' => 15
            'exists' => true
            'wasRecentlyCreated' => false
            'escapeWhenCastingToString' => false
            'attributes' => Array &1067 (
                'id' => 75
                'full_name' => 'Abner Champlin'
                'bio' => 'Vero consectetur sit facilis accusamus magnam. Et excepturi est aut aperiam ut. Et ratione excepturi alias expedita ipsam est accusamus.'
                'isBanned' => true
                'user_id' => 556
                'created_at' => '2022-03-03 20:14:05'
                'updated_at' => '2022-03-03 20:14:05'
            )
            'original' => Array &1068 (
                'id' => 75
                'full_name' => 'Abner Champlin'
                'bio' => 'Vero consectetur sit facilis accusamus magnam. Et excepturi est aut aperiam ut. Et ratione excepturi alias expedita ipsam est accusamus.'
                'isBanned' => true
                'user_id' => 556
                'created_at' => '2022-03-03 20:14:05'
                'updated_at' => '2022-03-03 20:14:05'
            )
            'changes' => Array &1069 ()
            'casts' => Array &1070 ()
            'classCastCache' => Array &1071 ()
            'attributeCastCache' => Array &1072 ()
            'dates' => Array &1073 ()
            'dateFormat' => null
            'appends' => Array &1074 ()
            'dispatchesEvents' => Array &1075 ()
            'observables' => Array &1076 ()
            'relations' => Array &1077 ()
            'touches' => Array &1078 ()
            'timestamps' => true
            'visible' => Array &1079 ()
            'guarded' => Array &1080 (
                0 => '*'
            )
        )
        60 => App\Models\UserInfo Object &000000002d3d1e0a0000000047065e1e (
            'fillable' => Array &1081 (
                0 => 'full_name'
                1 => 'bio'
                2 => 'isBanned'
                3 => 'user_id'
            )
            'hidden' => Array &1082 (
                0 => 'isBanned'
            )
            'connection' => 'pgsql'
            'table' => 'user_infos'
            'primaryKey' => 'id'
            'keyType' => 'int'
            'incrementing' => true
            'with' => Array &1083 ()
            'withCount' => Array &1084 ()
            'preventsLazyLoading' => false
            'perPage' => 15
            'exists' => true
            'wasRecentlyCreated' => false
            'escapeWhenCastingToString' => false
            'attributes' => Array &1085 (
                'id' => 76
                'full_name' => 'Ismael Leuschke Jr.'
                'bio' => 'Voluptatem voluptatem unde mollitia sequi deleniti sint. Eum sunt et hic. Ullam error fuga aut iure.'
                'isBanned' => false
                'user_id' => 484
                'created_at' => '2022-03-03 20:14:05'
                'updated_at' => '2022-03-03 20:14:05'
            )
            'original' => Array &1086 (
                'id' => 76
                'full_name' => 'Ismael Leuschke Jr.'
                'bio' => 'Voluptatem voluptatem unde mollitia sequi deleniti sint. Eum sunt et hic. Ullam error fuga aut iure.'
                'isBanned' => false
                'user_id' => 484
                'created_at' => '2022-03-03 20:14:05'
                'updated_at' => '2022-03-03 20:14:05'
            )
            'changes' => Array &1087 ()
            'casts' => Array &1088 ()
            'classCastCache' => Array &1089 ()
            'attributeCastCache' => Array &1090 ()
            'dates' => Array &1091 ()
            'dateFormat' => null
            'appends' => Array &1092 ()
            'dispatchesEvents' => Array &1093 ()
            'observables' => Array &1094 ()
            'relations' => Array &1095 ()
            'touches' => Array &1096 ()
            'timestamps' => true
            'visible' => Array &1097 ()
            'guarded' => Array &1098 (
                0 => '*'
            )
        )
        61 => App\Models\UserInfo Object &000000002d3d1f6d0000000047065e1e (
            'fillable' => Array &1099 (
                0 => 'full_name'
                1 => 'bio'
                2 => 'isBanned'
                3 => 'user_id'
            )
            'hidden' => Array &1100 (
                0 => 'isBanned'
            )
            'connection' => 'pgsql'
            'table' => 'user_infos'
            'primaryKey' => 'id'
            'keyType' => 'int'
            'incrementing' => true
            'with' => Array &1101 ()
            'withCount' => Array &1102 ()
            'preventsLazyLoading' => false
            'perPage' => 15
            'exists' => true
            'wasRecentlyCreated' => false
            'escapeWhenCastingToString' => false
            'attributes' => Array &1103 (
                'id' => 77
                'full_name' => 'Annie Howe'
                'bio' => 'Rerum quaerat totam suscipit aut. Quis dolorem voluptatem ipsum quae ea facere. Excepturi dolorum dolore et quis labore saepe dolore eaque. Eaque rem ut qui blanditiis inventore doloremque.'
                'isBanned' => true
                'user_id' => 591
                'created_at' => '2022-03-03 20:14:28'
                'updated_at' => '2022-03-03 20:14:28'
            )
            'original' => Array &1104 (
                'id' => 77
                'full_name' => 'Annie Howe'
                'bio' => 'Rerum quaerat totam suscipit aut. Quis dolorem voluptatem ipsum quae ea facere. Excepturi dolorum dolore et quis labore saepe dolore eaque. Eaque rem ut qui blanditiis inventore doloremque.'
                'isBanned' => true
                'user_id' => 591
                'created_at' => '2022-03-03 20:14:28'
                'updated_at' => '2022-03-03 20:14:28'
            )
            'changes' => Array &1105 ()
            'casts' => Array &1106 ()
            'classCastCache' => Array &1107 ()
            'attributeCastCache' => Array &1108 ()
            'dates' => Array &1109 ()
            'dateFormat' => null
            'appends' => Array &1110 ()
            'dispatchesEvents' => Array &1111 ()
            'observables' => Array &1112 ()
            'relations' => Array &1113 ()
            'touches' => Array &1114 ()
            'timestamps' => true
            'visible' => Array &1115 ()
            'guarded' => Array &1116 (
                0 => '*'
            )
        )
        62 => App\Models\UserInfo Object &000000002d3d1c760000000047065e1e (
            'fillable' => Array &1117 (
                0 => 'full_name'
                1 => 'bio'
                2 => 'isBanned'
                3 => 'user_id'
            )
            'hidden' => Array &1118 (
                0 => 'isBanned'
            )
            'connection' => 'pgsql'
            'table' => 'user_infos'
            'primaryKey' => 'id'
            'keyType' => 'int'
            'incrementing' => true
            'with' => Array &1119 ()
            'withCount' => Array &1120 ()
            'preventsLazyLoading' => false
            'perPage' => 15
            'exists' => true
            'wasRecentlyCreated' => false
            'escapeWhenCastingToString' => false
            'attributes' => Array &1121 (
                'id' => 78
                'full_name' => 'Fae Tromp'
                'bio' => 'Occaecati quidem facilis est placeat labore omnis magni. Recusandae rerum nulla pariatur iste aperiam hic dolorem. Omnis sit minus aliquid consequatur.'
                'isBanned' => false
                'user_id' => 553
                'created_at' => '2022-03-03 20:14:28'
                'updated_at' => '2022-03-03 20:14:28'
            )
            'original' => Array &1122 (
                'id' => 78
                'full_name' => 'Fae Tromp'
                'bio' => 'Occaecati quidem facilis est placeat labore omnis magni. Recusandae rerum nulla pariatur iste aperiam hic dolorem. Omnis sit minus aliquid consequatur.'
                'isBanned' => false
                'user_id' => 553
                'created_at' => '2022-03-03 20:14:28'
                'updated_at' => '2022-03-03 20:14:28'
            )
            'changes' => Array &1123 ()
            'casts' => Array &1124 ()
            'classCastCache' => Array &1125 ()
            'attributeCastCache' => Array &1126 ()
            'dates' => Array &1127 ()
            'dateFormat' => null
            'appends' => Array &1128 ()
            'dispatchesEvents' => Array &1129 ()
            'observables' => Array &1130 ()
            'relations' => Array &1131 ()
            'touches' => Array &1132 ()
            'timestamps' => true
            'visible' => Array &1133 ()
            'guarded' => Array &1134 (
                0 => '*'
            )
        )
        63 => App\Models\UserInfo Object &000000002d3d1e060000000047065e1e (
            'fillable' => Array &1135 (
                0 => 'full_name'
                1 => 'bio'
                2 => 'isBanned'
                3 => 'user_id'
            )
            'hidden' => Array &1136 (
                0 => 'isBanned'
            )
            'connection' => 'pgsql'
            'table' => 'user_infos'
            'primaryKey' => 'id'
            'keyType' => 'int'
            'incrementing' => true
            'with' => Array &1137 ()
            'withCount' => Array &1138 ()
            'preventsLazyLoading' => false
            'perPage' => 15
            'exists' => true
            'wasRecentlyCreated' => false
            'escapeWhenCastingToString' => false
            'attributes' => Array &1139 (
                'id' => 79
                'full_name' => 'Gino Lang'
                'bio' => 'Quia blanditiis quis est dolores magnam totam. Qui error dicta placeat sit cum veniam. Ut eaque rerum sit distinctio animi aspernatur.'
                'isBanned' => false
                'user_id' => 596
                'created_at' => '2022-03-03 20:14:28'
                'updated_at' => '2022-03-03 20:14:28'
            )
            'original' => Array &1140 (
                'id' => 79
                'full_name' => 'Gino Lang'
                'bio' => 'Quia blanditiis quis est dolores magnam totam. Qui error dicta placeat sit cum veniam. Ut eaque rerum sit distinctio animi aspernatur.'
                'isBanned' => false
                'user_id' => 596
                'created_at' => '2022-03-03 20:14:28'
                'updated_at' => '2022-03-03 20:14:28'
            )
            'changes' => Array &1141 ()
            'casts' => Array &1142 ()
            'classCastCache' => Array &1143 ()
            'attributeCastCache' => Array &1144 ()
            'dates' => Array &1145 ()
            'dateFormat' => null
            'appends' => Array &1146 ()
            'dispatchesEvents' => Array &1147 ()
            'observables' => Array &1148 ()
            'relations' => Array &1149 ()
            'touches' => Array &1150 ()
            'timestamps' => true
            'visible' => Array &1151 ()
            'guarded' => Array &1152 (
                0 => '*'
            )
        )
        64 => App\Models\UserInfo Object &000000002d3d10270000000047065e1e (
            'fillable' => Array &1153 (
                0 => 'full_name'
                1 => 'bio'
                2 => 'isBanned'
                3 => 'user_id'
            )
            'hidden' => Array &1154 (
                0 => 'isBanned'
            )
            'connection' => 'pgsql'
            'table' => 'user_infos'
            'primaryKey' => 'id'
            'keyType' => 'int'
            'incrementing' => true
            'with' => Array &1155 ()
            'withCount' => Array &1156 ()
            'preventsLazyLoading' => false
            'perPage' => 15
            'exists' => true
            'wasRecentlyCreated' => false
            'escapeWhenCastingToString' => false
            'attributes' => Array &1157 (
                'id' => 80
                'full_name' => 'Minnie Schneider'
                'bio' => 'Vel rerum id enim et qui. Pariatur odit nihil omnis. Architecto numquam temporibus nulla sit eos asperiores dolor.'
                'isBanned' => true
                'user_id' => 493
                'created_at' => '2022-03-03 20:14:28'
                'updated_at' => '2022-03-03 20:14:28'
            )
            'original' => Array &1158 (
                'id' => 80
                'full_name' => 'Minnie Schneider'
                'bio' => 'Vel rerum id enim et qui. Pariatur odit nihil omnis. Architecto numquam temporibus nulla sit eos asperiores dolor.'
                'isBanned' => true
                'user_id' => 493
                'created_at' => '2022-03-03 20:14:28'
                'updated_at' => '2022-03-03 20:14:28'
            )
            'changes' => Array &1159 ()
            'casts' => Array &1160 ()
            'classCastCache' => Array &1161 ()
            'attributeCastCache' => Array &1162 ()
            'dates' => Array &1163 ()
            'dateFormat' => null
            'appends' => Array &1164 ()
            'dispatchesEvents' => Array &1165 ()
            'observables' => Array &1166 ()
            'relations' => Array &1167 ()
            'touches' => Array &1168 ()
            'timestamps' => true
            'visible' => Array &1169 ()
            'guarded' => Array &1170 (
                0 => '*'
            )
        )
        65 => App\Models\UserInfo Object &000000002d3d13870000000047065e1e (
            'fillable' => Array &1171 (
                0 => 'full_name'
                1 => 'bio'
                2 => 'isBanned'
                3 => 'user_id'
            )
            'hidden' => Array &1172 (
                0 => 'isBanned'
            )
            'connection' => 'pgsql'
            'table' => 'user_infos'
            'primaryKey' => 'id'
            'keyType' => 'int'
            'incrementing' => true
            'with' => Array &1173 ()
            'withCount' => Array &1174 ()
            'preventsLazyLoading' => false
            'perPage' => 15
            'exists' => true
            'wasRecentlyCreated' => false
            'escapeWhenCastingToString' => false
            'attributes' => Array &1175 (
                'id' => 81
                'full_name' => 'Destiney Robel I'
                'bio' => 'Maiores et rerum et rerum adipisci molestiae. Modi distinctio dolorem aut non consequatur et. Distinctio dolorem pariatur distinctio provident.'
                'isBanned' => false
                'user_id' => 496
                'created_at' => '2022-03-03 20:14:28'
                'updated_at' => '2022-03-03 20:14:28'
            )
            'original' => Array &1176 (
                'id' => 81
                'full_name' => 'Destiney Robel I'
                'bio' => 'Maiores et rerum et rerum adipisci molestiae. Modi distinctio dolorem aut non consequatur et. Distinctio dolorem pariatur distinctio provident.'
                'isBanned' => false
                'user_id' => 496
                'created_at' => '2022-03-03 20:14:28'
                'updated_at' => '2022-03-03 20:14:28'
            )
            'changes' => Array &1177 ()
            'casts' => Array &1178 ()
            'classCastCache' => Array &1179 ()
            'attributeCastCache' => Array &1180 ()
            'dates' => Array &1181 ()
            'dateFormat' => null
            'appends' => Array &1182 ()
            'dispatchesEvents' => Array &1183 ()
            'observables' => Array &1184 ()
            'relations' => Array &1185 ()
            'touches' => Array &1186 ()
            'timestamps' => true
            'visible' => Array &1187 ()
            'guarded' => Array &1188 (
                0 => '*'
            )
        )
        66 => App\Models\UserInfo Object &000000002d3d1f400000000047065e1e (
            'fillable' => Array &1189 (
                0 => 'full_name'
                1 => 'bio'
                2 => 'isBanned'
                3 => 'user_id'
            )
            'hidden' => Array &1190 (
                0 => 'isBanned'
            )
            'connection' => 'pgsql'
            'table' => 'user_infos'
            'primaryKey' => 'id'
            'keyType' => 'int'
            'incrementing' => true
            'with' => Array &1191 ()
            'withCount' => Array &1192 ()
            'preventsLazyLoading' => false
            'perPage' => 15
            'exists' => true
            'wasRecentlyCreated' => false
            'escapeWhenCastingToString' => false
            'attributes' => Array &1193 (
                'id' => 82
                'full_name' => 'Candelario Goodwin'
                'bio' => 'Maiores consequatur amet sit a sunt fugit eveniet rerum. Non cupiditate aut aut consequuntur ut dolorem iure corporis. Quis eligendi voluptatum ab aliquid repellendus. Iure vel aut aut sit molestias.'
                'isBanned' => false
                'user_id' => 551
                'created_at' => '2022-03-03 20:14:28'
                'updated_at' => '2022-03-03 20:14:28'
            )
            'original' => Array &1194 (
                'id' => 82
                'full_name' => 'Candelario Goodwin'
                'bio' => 'Maiores consequatur amet sit a sunt fugit eveniet rerum. Non cupiditate aut aut consequuntur ut dolorem iure corporis. Quis eligendi voluptatum ab aliquid repellendus. Iure vel aut aut sit molestias.'
                'isBanned' => false
                'user_id' => 551
                'created_at' => '2022-03-03 20:14:28'
                'updated_at' => '2022-03-03 20:14:28'
            )
            'changes' => Array &1195 ()
            'casts' => Array &1196 ()
            'classCastCache' => Array &1197 ()
            'attributeCastCache' => Array &1198 ()
            'dates' => Array &1199 ()
            'dateFormat' => null
            'appends' => Array &1200 ()
            'dispatchesEvents' => Array &1201 ()
            'observables' => Array &1202 ()
            'relations' => Array &1203 ()
            'touches' => Array &1204 ()
            'timestamps' => true
            'visible' => Array &1205 ()
            'guarded' => Array &1206 (
                0 => '*'
            )
        )
        67 => App\Models\UserInfo Object &000000002d3d1c4a0000000047065e1e (
            'fillable' => Array &1207 (
                0 => 'full_name'
                1 => 'bio'
                2 => 'isBanned'
                3 => 'user_id'
            )
            'hidden' => Array &1208 (
                0 => 'isBanned'
            )
            'connection' => 'pgsql'
            'table' => 'user_infos'
            'primaryKey' => 'id'
            'keyType' => 'int'
            'incrementing' => true
            'with' => Array &1209 ()
            'withCount' => Array &1210 ()
            'preventsLazyLoading' => false
            'perPage' => 15
            'exists' => true
            'wasRecentlyCreated' => false
            'escapeWhenCastingToString' => false
            'attributes' => Array &1211 (
                'id' => 83
                'full_name' => 'Prof. Fernando Mante Jr.'
                'bio' => 'Sed recusandae id unde doloribus. Omnis et veniam et rerum quia dignissimos incidunt. Minus maiores numquam pariatur pariatur quae aliquid laborum qui.'
                'isBanned' => true
                'user_id' => 494
                'created_at' => '2022-03-03 20:14:28'
                'updated_at' => '2022-03-03 20:14:28'
            )
            'original' => Array &1212 (
                'id' => 83
                'full_name' => 'Prof. Fernando Mante Jr.'
                'bio' => 'Sed recusandae id unde doloribus. Omnis et veniam et rerum quia dignissimos incidunt. Minus maiores numquam pariatur pariatur quae aliquid laborum qui.'
                'isBanned' => true
                'user_id' => 494
                'created_at' => '2022-03-03 20:14:28'
                'updated_at' => '2022-03-03 20:14:28'
            )
            'changes' => Array &1213 ()
            'casts' => Array &1214 ()
            'classCastCache' => Array &1215 ()
            'attributeCastCache' => Array &1216 ()
            'dates' => Array &1217 ()
            'dateFormat' => null
            'appends' => Array &1218 ()
            'dispatchesEvents' => Array &1219 ()
            'observables' => Array &1220 ()
            'relations' => Array &1221 ()
            'touches' => Array &1222 ()
            'timestamps' => true
            'visible' => Array &1223 ()
            'guarded' => Array &1224 (
                0 => '*'
            )
        )
        68 => App\Models\UserInfo Object &000000002d3d1dbd0000000047065e1e (
            'fillable' => Array &1225 (
                0 => 'full_name'
                1 => 'bio'
                2 => 'isBanned'
                3 => 'user_id'
            )
            'hidden' => Array &1226 (
                0 => 'isBanned'
            )
            'connection' => 'pgsql'
            'table' => 'user_infos'
            'primaryKey' => 'id'
            'keyType' => 'int'
            'incrementing' => true
            'with' => Array &1227 ()
            'withCount' => Array &1228 ()
            'preventsLazyLoading' => false
            'perPage' => 15
            'exists' => true
            'wasRecentlyCreated' => false
            'escapeWhenCastingToString' => false
            'attributes' => Array &1229 (
                'id' => 84
                'full_name' => 'Russel Conn'
                'bio' => 'Quos culpa sunt sed. Possimus assumenda nihil architecto reprehenderit. Illo ad nemo delectus. Architecto quis assumenda a minus.'
                'isBanned' => true
                'user_id' => 617
                'created_at' => '2022-03-03 20:14:28'
                'updated_at' => '2022-03-03 20:14:28'
            )
            'original' => Array &1230 (
                'id' => 84
                'full_name' => 'Russel Conn'
                'bio' => 'Quos culpa sunt sed. Possimus assumenda nihil architecto reprehenderit. Illo ad nemo delectus. Architecto quis assumenda a minus.'
                'isBanned' => true
                'user_id' => 617
                'created_at' => '2022-03-03 20:14:28'
                'updated_at' => '2022-03-03 20:14:28'
            )
            'changes' => Array &1231 ()
            'casts' => Array &1232 ()
            'classCastCache' => Array &1233 ()
            'attributeCastCache' => Array &1234 ()
            'dates' => Array &1235 ()
            'dateFormat' => null
            'appends' => Array &1236 ()
            'dispatchesEvents' => Array &1237 ()
            'observables' => Array &1238 ()
            'relations' => Array &1239 ()
            'touches' => Array &1240 ()
            'timestamps' => true
            'visible' => Array &1241 ()
            'guarded' => Array &1242 (
                0 => '*'
            )
        )
        69 => App\Models\UserInfo Object &000000002d3d1dbb0000000047065e1e (
            'fillable' => Array &1243 (
                0 => 'full_name'
                1 => 'bio'
                2 => 'isBanned'
                3 => 'user_id'
            )
            'hidden' => Array &1244 (
                0 => 'isBanned'
            )
            'connection' => 'pgsql'
            'table' => 'user_infos'
            'primaryKey' => 'id'
            'keyType' => 'int'
            'incrementing' => true
            'with' => Array &1245 ()
            'withCount' => Array &1246 ()
            'preventsLazyLoading' => false
            'perPage' => 15
            'exists' => true
            'wasRecentlyCreated' => false
            'escapeWhenCastingToString' => false
            'attributes' => Array &1247 (
                'id' => 85
                'full_name' => 'Anabelle Keebler'
                'bio' => 'Quas doloremque quaerat corporis est ex quia voluptatem. Consequatur necessitatibus nemo sed est repellat. Unde alias dolor nostrum eaque voluptas est et.'
                'isBanned' => false
                'user_id' => 479
                'created_at' => '2022-03-03 20:14:28'
                'updated_at' => '2022-03-03 20:14:28'
            )
            'original' => Array &1248 (
                'id' => 85
                'full_name' => 'Anabelle Keebler'
                'bio' => 'Quas doloremque quaerat corporis est ex quia voluptatem. Consequatur necessitatibus nemo sed est repellat. Unde alias dolor nostrum eaque voluptas est et.'
                'isBanned' => false
                'user_id' => 479
                'created_at' => '2022-03-03 20:14:28'
                'updated_at' => '2022-03-03 20:14:28'
            )
            'changes' => Array &1249 ()
            'casts' => Array &1250 ()
            'classCastCache' => Array &1251 ()
            'attributeCastCache' => Array &1252 ()
            'dates' => Array &1253 ()
            'dateFormat' => null
            'appends' => Array &1254 ()
            'dispatchesEvents' => Array &1255 ()
            'observables' => Array &1256 ()
            'relations' => Array &1257 ()
            'touches' => Array &1258 ()
            'timestamps' => true
            'visible' => Array &1259 ()
            'guarded' => Array &1260 (
                0 => '*'
            )
        )
        70 => App\Models\UserInfo Object &000000002d3d1dba0000000047065e1e (
            'fillable' => Array &1261 (
                0 => 'full_name'
                1 => 'bio'
                2 => 'isBanned'
                3 => 'user_id'
            )
            'hidden' => Array &1262 (
                0 => 'isBanned'
            )
            'connection' => 'pgsql'
            'table' => 'user_infos'
            'primaryKey' => 'id'
            'keyType' => 'int'
            'incrementing' => true
            'with' => Array &1263 ()
            'withCount' => Array &1264 ()
            'preventsLazyLoading' => false
            'perPage' => 15
            'exists' => true
            'wasRecentlyCreated' => false
            'escapeWhenCastingToString' => false
            'attributes' => Array &1265 (
                'id' => 86
                'full_name' => 'Maxine Yundt PhD'
                'bio' => 'Ratione voluptas ut dignissimos officia quos consequatur porro. Omnis et maiores architecto voluptatum odit aut facilis. Similique magnam laborum aliquam officia aut nihil aut.'
                'isBanned' => false
                'user_id' => 591
                'created_at' => '2022-03-03 20:14:28'
                'updated_at' => '2022-03-03 20:14:28'
            )
            'original' => Array &1266 (
                'id' => 86
                'full_name' => 'Maxine Yundt PhD'
                'bio' => 'Ratione voluptas ut dignissimos officia quos consequatur porro. Omnis et maiores architecto voluptatum odit aut facilis. Similique magnam laborum aliquam officia aut nihil aut.'
                'isBanned' => false
                'user_id' => 591
                'created_at' => '2022-03-03 20:14:28'
                'updated_at' => '2022-03-03 20:14:28'
            )
            'changes' => Array &1267 ()
            'casts' => Array &1268 ()
            'classCastCache' => Array &1269 ()
            'attributeCastCache' => Array &1270 ()
            'dates' => Array &1271 ()
            'dateFormat' => null
            'appends' => Array &1272 ()
            'dispatchesEvents' => Array &1273 ()
            'observables' => Array &1274 ()
            'relations' => Array &1275 ()
            'touches' => Array &1276 ()
            'timestamps' => true
            'visible' => Array &1277 ()
            'guarded' => Array &1278 (
                0 => '*'
            )
        )
    )
    'escapeWhenCastingToString' => false
) is of type "array".

C:\Users\admin\Documents\docker-configuration\docker-test\microservice\auth_microservice\tests\BaseCRUD_Test.php:91

6) UserTest::testGetAllService
Failed asserting that Illuminate\Database\Eloquent\Collection Object &000000002d3d1f520000000047065e1e (
    'items' => Array &0 (
        0 => App\Models\User Object &000000002d3d1f0b0000000047065e1e (
            'fillable' => Array &1 (
                0 => 'email'
                1 => 'username'
                2 => 'role_id'
                3 => 'id'
            )
            'hidden' => Array &2 (
                0 => 'hashed_password'
            )
            'connection' => 'pgsql'
            'table' => 'users'
            'primaryKey' => 'id'
            'keyType' => 'int'
            'incrementing' => true
            'with' => Array &3 ()
            'withCount' => Array &4 ()
            'preventsLazyLoading' => false
            'perPage' => 15
            'exists' => true
            'wasRecentlyCreated' => false
            'escapeWhenCastingToString' => false
            'attributes' => Array &5 (
                'id' => 1
                'email' => 'test@test.com'
                'username' => 'test'
                'hashed_password' => '$2y$10$L30V0wTz7cbFYqTRiJOMxuNWoHDCq/940PlvcvGeQwcwwIg0aPtf2'
                'role_id' => 3
                'created_at' => '2022-02-23 21:25:51'
                'updated_at' => '2022-02-23 21:25:51'
                'user_uuid' => null
            )
            'original' => Array &6 (
                'id' => 1
                'email' => 'test@test.com'
                'username' => 'test'
                'hashed_password' => '$2y$10$L30V0wTz7cbFYqTRiJOMxuNWoHDCq/940PlvcvGeQwcwwIg0aPtf2'
                'role_id' => 3
                'created_at' => '2022-02-23 21:25:51'
                'updated_at' => '2022-02-23 21:25:51'
                'user_uuid' => null
            )
            'changes' => Array &7 ()
            'casts' => Array &8 ()
            'classCastCache' => Array &9 ()
            'attributeCastCache' => Array &10 ()
            'dates' => Array &11 ()
            'dateFormat' => null
            'appends' => Array &12 ()
            'dispatchesEvents' => Array &13 ()
            'observables' => Array &14 ()
            'relations' => Array &15 ()
            'touches' => Array &16 ()
            'timestamps' => true
            'visible' => Array &17 ()
            'guarded' => Array &18 (
                0 => '*'
            )
        )
        1 => App\Models\User Object &000000002d3d13160000000047065e1e (
            'fillable' => Array &19 (
                0 => 'email'
                1 => 'username'
                2 => 'role_id'
                3 => 'id'
            )
            'hidden' => Array &20 (
                0 => 'hashed_password'
            )
            'connection' => 'pgsql'
            'table' => 'users'
            'primaryKey' => 'id'
            'keyType' => 'int'
            'incrementing' => true
            'with' => Array &21 ()
            'withCount' => Array &22 ()
            'preventsLazyLoading' => false
            'perPage' => 15
            'exists' => true
            'wasRecentlyCreated' => false
            'escapeWhenCastingToString' => false
            'attributes' => Array &23 (
                'id' => 550
                'email' => 'jessie.ritchie@example.com'
                'username' => 'Dylan Crona'
                'hashed_password' => '$2y$10$vyl5LjPw9kv.1yYkUrsvRODkml0Ep8DfWlPQJfl9P3gp/DwrGFTCe'
                'role_id' => 3
                'created_at' => '2022-03-02 20:22:04'
                'updated_at' => '2022-03-02 20:22:04'
                'user_uuid' => null
            )
            'original' => Array &24 (
                'id' => 550
                'email' => 'jessie.ritchie@example.com'
                'username' => 'Dylan Crona'
                'hashed_password' => '$2y$10$vyl5LjPw9kv.1yYkUrsvRODkml0Ep8DfWlPQJfl9P3gp/DwrGFTCe'
                'role_id' => 3
                'created_at' => '2022-03-02 20:22:04'
                'updated_at' => '2022-03-02 20:22:04'
                'user_uuid' => null
            )
            'changes' => Array &25 ()
            'casts' => Array &26 ()
            'classCastCache' => Array &27 ()
            'attributeCastCache' => Array &28 ()
            'dates' => Array &29 ()
            'dateFormat' => null
            'appends' => Array &30 ()
            'dispatchesEvents' => Array &31 ()
            'observables' => Array &32 ()
            'relations' => Array &33 ()
            'touches' => Array &34 ()
            'timestamps' => true
            'visible' => Array &35 ()
            'guarded' => Array &36 (
                0 => '*'
            )
        )
        2 => App\Models\User Object &000000002d3d1df50000000047065e1e (
            'fillable' => Array &37 (
                0 => 'email'
                1 => 'username'
                2 => 'role_id'
                3 => 'id'
            )
            'hidden' => Array &38 (
                0 => 'hashed_password'
            )
            'connection' => 'pgsql'
            'table' => 'users'
            'primaryKey' => 'id'
            'keyType' => 'int'
            'incrementing' => true
            'with' => Array &39 ()
            'withCount' => Array &40 ()
            'preventsLazyLoading' => false
            'perPage' => 15
            'exists' => true
            'wasRecentlyCreated' => false
            'escapeWhenCastingToString' => false
            'attributes' => Array &41 (
                'id' => 551
                'email' => 'kharber@example.org'
                'username' => 'Cecil Erdman'
                'hashed_password' => '$2y$10$6cGDIR2rkZTqcGRO4DKPiuEzi8n19dG3luZKhAPmfyYYdwe3fs79u'
                'role_id' => 3
                'created_at' => '2022-03-02 20:22:04'
                'updated_at' => '2022-03-02 20:22:04'
                'user_uuid' => null
            )
            'original' => Array &42 (
                'id' => 551
                'email' => 'kharber@example.org'
                'username' => 'Cecil Erdman'
                'hashed_password' => '$2y$10$6cGDIR2rkZTqcGRO4DKPiuEzi8n19dG3luZKhAPmfyYYdwe3fs79u'
                'role_id' => 3
                'created_at' => '2022-03-02 20:22:04'
                'updated_at' => '2022-03-02 20:22:04'
                'user_uuid' => null
            )
            'changes' => Array &43 ()
            'casts' => Array &44 ()
            'classCastCache' => Array &45 ()
            'attributeCastCache' => Array &46 ()
            'dates' => Array &47 ()
            'dateFormat' => null
            'appends' => Array &48 ()
            'dispatchesEvents' => Array &49 ()
            'observables' => Array &50 ()
            'relations' => Array &51 ()
            'touches' => Array &52 ()
            'timestamps' => true
            'visible' => Array &53 ()
            'guarded' => Array &54 (
                0 => '*'
            )
        )
        3 => App\Models\User Object &000000002d3d1ce10000000047065e1e (
            'fillable' => Array &55 (
                0 => 'email'
                1 => 'username'
                2 => 'role_id'
                3 => 'id'
            )
            'hidden' => Array &56 (
                0 => 'hashed_password'
            )
            'connection' => 'pgsql'
            'table' => 'users'
            'primaryKey' => 'id'
            'keyType' => 'int'
            'incrementing' => true
            'with' => Array &57 ()
            'withCount' => Array &58 ()
            'preventsLazyLoading' => false
            'perPage' => 15
            'exists' => true
            'wasRecentlyCreated' => false
            'escapeWhenCastingToString' => false
            'attributes' => Array &59 (
                'id' => 552
                'email' => 'abbigail34@example.com'
                'username' => 'Tod Powlowski'
                'hashed_password' => '$2y$10$J5P62YK7yUSGZpf7bJ0sQu2ssrf3KMShI0HOb2NrAdnXiNfA/iJgq'
                'role_id' => 3
                'created_at' => '2022-03-02 20:22:05'
                'updated_at' => '2022-03-02 20:22:05'
                'user_uuid' => null
            )
            'original' => Array &60 (
                'id' => 552
                'email' => 'abbigail34@example.com'
                'username' => 'Tod Powlowski'
                'hashed_password' => '$2y$10$J5P62YK7yUSGZpf7bJ0sQu2ssrf3KMShI0HOb2NrAdnXiNfA/iJgq'
                'role_id' => 3
                'created_at' => '2022-03-02 20:22:05'
                'updated_at' => '2022-03-02 20:22:05'
                'user_uuid' => null
            )
            'changes' => Array &61 ()
            'casts' => Array &62 ()
            'classCastCache' => Array &63 ()
            'attributeCastCache' => Array &64 ()
            'dates' => Array &65 ()
            'dateFormat' => null
            'appends' => Array &66 ()
            'dispatchesEvents' => Array &67 ()
            'observables' => Array &68 ()
            'relations' => Array &69 ()
            'touches' => Array &70 ()
            'timestamps' => true
            'visible' => Array &71 ()
            'guarded' => Array &72 (
                0 => '*'
            )
        )
        4 => App\Models\User Object &000000002d3d1cd00000000047065e1e (
            'fillable' => Array &73 (
                0 => 'email'
                1 => 'username'
                2 => 'role_id'
                3 => 'id'
            )
            'hidden' => Array &74 (
                0 => 'hashed_password'
            )
            'connection' => 'pgsql'
            'table' => 'users'
            'primaryKey' => 'id'
            'keyType' => 'int'
            'incrementing' => true
            'with' => Array &75 ()
            'withCount' => Array &76 ()
            'preventsLazyLoading' => false
            'perPage' => 15
            'exists' => true
            'wasRecentlyCreated' => false
            'escapeWhenCastingToString' => false
            'attributes' => Array &77 (
                'id' => 553
                'email' => 'schimmel.jeremy@example.net'
                'username' => 'Krystal Hayes'
                'hashed_password' => '$2y$10$oAEeViYnpPwP4qwtueveXOShbedlCYPk/M9QsC6MlxJt1jjkJRwAy'
                'role_id' => 3
                'created_at' => '2022-03-02 20:22:05'
                'updated_at' => '2022-03-02 20:22:05'
                'user_uuid' => null
            )
            'original' => Array &78 (
                'id' => 553
                'email' => 'schimmel.jeremy@example.net'
                'username' => 'Krystal Hayes'
                'hashed_password' => '$2y$10$oAEeViYnpPwP4qwtueveXOShbedlCYPk/M9QsC6MlxJt1jjkJRwAy'
                'role_id' => 3
                'created_at' => '2022-03-02 20:22:05'
                'updated_at' => '2022-03-02 20:22:05'
                'user_uuid' => null
            )
            'changes' => Array &79 ()
            'casts' => Array &80 ()
            'classCastCache' => Array &81 ()
            'attributeCastCache' => Array &82 ()
            'dates' => Array &83 ()
            'dateFormat' => null
            'appends' => Array &84 ()
            'dispatchesEvents' => Array &85 ()
            'observables' => Array &86 ()
            'relations' => Array &87 ()
            'touches' => Array &88 ()
            'timestamps' => true
            'visible' => Array &89 ()
            'guarded' => Array &90 (
                0 => '*'
            )
        )
        5 => App\Models\User Object &000000002d3d1cf50000000047065e1e (
            'fillable' => Array &91 (
                0 => 'email'
                1 => 'username'
                2 => 'role_id'
                3 => 'id'
            )
            'hidden' => Array &92 (
                0 => 'hashed_password'
            )
            'connection' => 'pgsql'
            'table' => 'users'
            'primaryKey' => 'id'
            'keyType' => 'int'
            'incrementing' => true
            'with' => Array &93 ()
            'withCount' => Array &94 ()
            'preventsLazyLoading' => false
            'perPage' => 15
            'exists' => true
            'wasRecentlyCreated' => false
            'escapeWhenCastingToString' => false
            'attributes' => Array &95 (
                'id' => 554
                'email' => 'tanya34@example.org'
                'username' => 'Kenny Harvey'
                'hashed_password' => '$2y$10$v14Y6UvkCVuRRioo9dpVLuosjkrmbykytr0LE26YdLffnJf5NH8ti'
                'role_id' => 3
                'created_at' => '2022-03-02 20:22:05'
                'updated_at' => '2022-03-02 20:22:05'
                'user_uuid' => null
            )
            'original' => Array &96 (
                'id' => 554
                'email' => 'tanya34@example.org'
                'username' => 'Kenny Harvey'
                'hashed_password' => '$2y$10$v14Y6UvkCVuRRioo9dpVLuosjkrmbykytr0LE26YdLffnJf5NH8ti'
                'role_id' => 3
                'created_at' => '2022-03-02 20:22:05'
                'updated_at' => '2022-03-02 20:22:05'
                'user_uuid' => null
            )
            'changes' => Array &97 ()
            'casts' => Array &98 ()
            'classCastCache' => Array &99 ()
            'attributeCastCache' => Array &100 ()
            'dates' => Array &101 ()
            'dateFormat' => null
            'appends' => Array &102 ()
            'dispatchesEvents' => Array &103 ()
            'observables' => Array &104 ()
            'relations' => Array &105 ()
            'touches' => Array &106 ()
            'timestamps' => true
            'visible' => Array &107 ()
            'guarded' => Array &108 (
                0 => '*'
            )
        )
        6 => App\Models\User Object &000000002d3d1f420000000047065e1e (
            'fillable' => Array &109 (
                0 => 'email'
                1 => 'username'
                2 => 'role_id'
                3 => 'id'
            )
            'hidden' => Array &110 (
                0 => 'hashed_password'
            )
            'connection' => 'pgsql'
            'table' => 'users'
            'primaryKey' => 'id'
            'keyType' => 'int'
            'incrementing' => true
            'with' => Array &111 ()
            'withCount' => Array &112 ()
            'preventsLazyLoading' => false
            'perPage' => 15
            'exists' => true
            'wasRecentlyCreated' => false
            'escapeWhenCastingToString' => false
            'attributes' => Array &113 (
                'id' => 555
                'email' => 'gosinski@example.com'
                'username' => 'Cathy Blanda'
                'hashed_password' => '$2y$10$LalPxJgZ0ztsglQpcNfffOSkEVERaBmvq9XtIG3jLckYSB8SCV9fS'
                'role_id' => 3
                'created_at' => '2022-03-02 20:22:05'
                'updated_at' => '2022-03-02 20:22:05'
                'user_uuid' => null
            )
            'original' => Array &114 (
                'id' => 555
                'email' => 'gosinski@example.com'
                'username' => 'Cathy Blanda'
                'hashed_password' => '$2y$10$LalPxJgZ0ztsglQpcNfffOSkEVERaBmvq9XtIG3jLckYSB8SCV9fS'
                'role_id' => 3
                'created_at' => '2022-03-02 20:22:05'
                'updated_at' => '2022-03-02 20:22:05'
                'user_uuid' => null
            )
            'changes' => Array &115 ()
            'casts' => Array &116 ()
            'classCastCache' => Array &117 ()
            'attributeCastCache' => Array &118 ()
            'dates' => Array &119 ()
            'dateFormat' => null
            'appends' => Array &120 ()
            'dispatchesEvents' => Array &121 ()
            'observables' => Array &122 ()
            'relations' => Array &123 ()
            'touches' => Array &124 ()
            'timestamps' => true
            'visible' => Array &125 ()
            'guarded' => Array &126 (
                0 => '*'
            )
        )
        7 => App\Models\User Object &000000002d3d10840000000047065e1e (
            'fillable' => Array &127 (
                0 => 'email'
                1 => 'username'
                2 => 'role_id'
                3 => 'id'
            )
            'hidden' => Array &128 (
                0 => 'hashed_password'
            )
            'connection' => 'pgsql'
            'table' => 'users'
            'primaryKey' => 'id'
            'keyType' => 'int'
            'incrementing' => true
            'with' => Array &129 ()
            'withCount' => Array &130 ()
            'preventsLazyLoading' => false
            'perPage' => 15
            'exists' => true
            'wasRecentlyCreated' => false
            'escapeWhenCastingToString' => false
            'attributes' => Array &131 (
                'id' => 556
                'email' => 'mariano79@example.com'
                'username' => 'Mrs. Dorothy Lueilwitz'
                'hashed_password' => '$2y$10$JO/ZfbUcGZP2w4SdIIjAguQ6.e20cdb9u6B1uM.wfXcpMQbocYg5m'
                'role_id' => 3
                'created_at' => '2022-03-02 20:22:05'
                'updated_at' => '2022-03-02 20:22:05'
                'user_uuid' => null
            )
            'original' => Array &132 (
                'id' => 556
                'email' => 'mariano79@example.com'
                'username' => 'Mrs. Dorothy Lueilwitz'
                'hashed_password' => '$2y$10$JO/ZfbUcGZP2w4SdIIjAguQ6.e20cdb9u6B1uM.wfXcpMQbocYg5m'
                'role_id' => 3
                'created_at' => '2022-03-02 20:22:05'
                'updated_at' => '2022-03-02 20:22:05'
                'user_uuid' => null
            )
            'changes' => Array &133 ()
            'casts' => Array &134 ()
            'classCastCache' => Array &135 ()
            'attributeCastCache' => Array &136 ()
            'dates' => Array &137 ()
            'dateFormat' => null
            'appends' => Array &138 ()
            'dispatchesEvents' => Array &139 ()
            'observables' => Array &140 ()
            'relations' => Array &141 ()
            'touches' => Array &142 ()
            'timestamps' => true
            'visible' => Array &143 ()
            'guarded' => Array &144 (
                0 => '*'
            )
        )
        8 => App\Models\User Object &000000002d3d1ce80000000047065e1e (
            'fillable' => Array &145 (
                0 => 'email'
                1 => 'username'
                2 => 'role_id'
                3 => 'id'
            )
            'hidden' => Array &146 (
                0 => 'hashed_password'
            )
            'connection' => 'pgsql'
            'table' => 'users'
            'primaryKey' => 'id'
            'keyType' => 'int'
            'incrementing' => true
            'with' => Array &147 ()
            'withCount' => Array &148 ()
            'preventsLazyLoading' => false
            'perPage' => 15
            'exists' => true
            'wasRecentlyCreated' => false
            'escapeWhenCastingToString' => false
            'attributes' => Array &149 (
                'id' => 557
                'email' => 'okuneva.hilton@example.com'
                'username' => 'Isaac Wintheiser'
                'hashed_password' => '$2y$10$W6f0z9IIlsiGNyLbleogZu4xy/ak7l8Mzxbdce44hbJT0qOYnbRzq'
                'role_id' => 3
                'created_at' => '2022-03-02 20:22:05'
                'updated_at' => '2022-03-02 20:22:05'
                'user_uuid' => null
            )
            'original' => Array &150 (
                'id' => 557
                'email' => 'okuneva.hilton@example.com'
                'username' => 'Isaac Wintheiser'
                'hashed_password' => '$2y$10$W6f0z9IIlsiGNyLbleogZu4xy/ak7l8Mzxbdce44hbJT0qOYnbRzq'
                'role_id' => 3
                'created_at' => '2022-03-02 20:22:05'
                'updated_at' => '2022-03-02 20:22:05'
                'user_uuid' => null
            )
            'changes' => Array &151 ()
            'casts' => Array &152 ()
            'classCastCache' => Array &153 ()
            'attributeCastCache' => Array &154 ()
            'dates' => Array &155 ()
            'dateFormat' => null
            'appends' => Array &156 ()
            'dispatchesEvents' => Array &157 ()
            'observables' => Array &158 ()
            'relations' => Array &159 ()
            'touches' => Array &160 ()
            'timestamps' => true
            'visible' => Array &161 ()
            'guarded' => Array &162 (
                0 => '*'
            )
        )
        9 => App\Models\User Object &000000002d3d10400000000047065e1e (
            'fillable' => Array &163 (
                0 => 'email'
                1 => 'username'
                2 => 'role_id'
                3 => 'id'
            )
            'hidden' => Array &164 (
                0 => 'hashed_password'
            )
            'connection' => 'pgsql'
            'table' => 'users'
            'primaryKey' => 'id'
            'keyType' => 'int'
            'incrementing' => true
            'with' => Array &165 ()
            'withCount' => Array &166 ()
            'preventsLazyLoading' => false
            'perPage' => 15
            'exists' => true
            'wasRecentlyCreated' => false
            'escapeWhenCastingToString' => false
            'attributes' => Array &167 (
                'id' => 558
                'email' => 'denesik.nicolas@example.org'
                'username' => 'Kristy Kulas'
                'hashed_password' => '$2y$10$TdyVp2WEZjTAzO2L5mWLY.Z.oG64cAroUfXQfn1.YPIHJwUqiVL8G'
                'role_id' => 3
                'created_at' => '2022-03-02 20:22:05'
                'updated_at' => '2022-03-02 20:22:05'
                'user_uuid' => null
            )
            'original' => Array &168 (
                'id' => 558
                'email' => 'denesik.nicolas@example.org'
                'username' => 'Kristy Kulas'
                'hashed_password' => '$2y$10$TdyVp2WEZjTAzO2L5mWLY.Z.oG64cAroUfXQfn1.YPIHJwUqiVL8G'
                'role_id' => 3
                'created_at' => '2022-03-02 20:22:05'
                'updated_at' => '2022-03-02 20:22:05'
                'user_uuid' => null
            )
            'changes' => Array &169 ()
            'casts' => Array &170 ()
            'classCastCache' => Array &171 ()
            'attributeCastCache' => Array &172 ()
            'dates' => Array &173 ()
            'dateFormat' => null
            'appends' => Array &174 ()
            'dispatchesEvents' => Array &175 ()
            'observables' => Array &176 ()
            'relations' => Array &177 ()
            'touches' => Array &178 ()
            'timestamps' => true
            'visible' => Array &179 ()
            'guarded' => Array &180 (
                0 => '*'
            )
        )
        10 => App\Models\User Object &000000002d3d109e0000000047065e1e (
            'fillable' => Array &181 (
                0 => 'email'
                1 => 'username'
                2 => 'role_id'
                3 => 'id'
            )
            'hidden' => Array &182 (
                0 => 'hashed_password'
            )
            'connection' => 'pgsql'
            'table' => 'users'
            'primaryKey' => 'id'
            'keyType' => 'int'
            'incrementing' => true
            'with' => Array &183 ()
            'withCount' => Array &184 ()
            'preventsLazyLoading' => false
            'perPage' => 15
            'exists' => true
            'wasRecentlyCreated' => false
            'escapeWhenCastingToString' => false
            'attributes' => Array &185 (
                'id' => 559
                'email' => 'shannon.harris@example.org'
                'username' => 'Mrs. Ruthie Gorczany'
                'hashed_password' => '$2y$10$FBJ67NzBHMXDw/f824pQPeup0IlmJ7/0TkSueKZ5ReWJfu8mSJ/oW'
                'role_id' => 3
                'created_at' => '2022-03-02 20:22:05'
                'updated_at' => '2022-03-02 20:22:05'
                'user_uuid' => null
            )
            'original' => Array &186 (
                'id' => 559
                'email' => 'shannon.harris@example.org'
                'username' => 'Mrs. Ruthie Gorczany'
                'hashed_password' => '$2y$10$FBJ67NzBHMXDw/f824pQPeup0IlmJ7/0TkSueKZ5ReWJfu8mSJ/oW'
                'role_id' => 3
                'created_at' => '2022-03-02 20:22:05'
                'updated_at' => '2022-03-02 20:22:05'
                'user_uuid' => null
            )
            'changes' => Array &187 ()
            'casts' => Array &188 ()
            'classCastCache' => Array &189 ()
            'attributeCastCache' => Array &190 ()
            'dates' => Array &191 ()
            'dateFormat' => null
            'appends' => Array &192 ()
            'dispatchesEvents' => Array &193 ()
            'observables' => Array &194 ()
            'relations' => Array &195 ()
            'touches' => Array &196 ()
            'timestamps' => true
            'visible' => Array &197 ()
            'guarded' => Array &198 (
                0 => '*'
            )
        )
        11 => App\Models\User Object &000000002d3d10860000000047065e1e (
            'fillable' => Array &199 (
                0 => 'email'
                1 => 'username'
                2 => 'role_id'
                3 => 'id'
            )
            'hidden' => Array &200 (
                0 => 'hashed_password'
            )
            'connection' => 'pgsql'
            'table' => 'users'
            'primaryKey' => 'id'
            'keyType' => 'int'
            'incrementing' => true
            'with' => Array &201 ()
            'withCount' => Array &202 ()
            'preventsLazyLoading' => false
            'perPage' => 15
            'exists' => true
            'wasRecentlyCreated' => false
            'escapeWhenCastingToString' => false
            'attributes' => Array &203 (
                'id' => 476
                'email' => 'llind@example.com'
                'username' => 'Aliya Wilderman'
                'hashed_password' => '$2y$10$OQzUZxvktL24Ywg4G1mKa.pIXwfecJAKcWrBGZdmsEEQP7x6jMAZm'
                'role_id' => 3
                'created_at' => '2022-03-02 20:08:56'
                'updated_at' => '2022-03-02 20:08:56'
                'user_uuid' => null
            )
            'original' => Array &204 (
                'id' => 476
                'email' => 'llind@example.com'
                'username' => 'Aliya Wilderman'
                'hashed_password' => '$2y$10$OQzUZxvktL24Ywg4G1mKa.pIXwfecJAKcWrBGZdmsEEQP7x6jMAZm'
                'role_id' => 3
                'created_at' => '2022-03-02 20:08:56'
                'updated_at' => '2022-03-02 20:08:56'
                'user_uuid' => null
            )
            'changes' => Array &205 ()
            'casts' => Array &206 ()
            'classCastCache' => Array &207 ()
            'attributeCastCache' => Array &208 ()
            'dates' => Array &209 ()
            'dateFormat' => null
            'appends' => Array &210 ()
            'dispatchesEvents' => Array &211 ()
            'observables' => Array &212 ()
            'relations' => Array &213 ()
            'touches' => Array &214 ()
            'timestamps' => true
            'visible' => Array &215 ()
            'guarded' => Array &216 (
                0 => '*'
            )
        )
        12 => App\Models\User Object &000000002d3d10b00000000047065e1e (
            'fillable' => Array &217 (
                0 => 'email'
                1 => 'username'
                2 => 'role_id'
                3 => 'id'
            )
            'hidden' => Array &218 (
                0 => 'hashed_password'
            )
            'connection' => 'pgsql'
            'table' => 'users'
            'primaryKey' => 'id'
            'keyType' => 'int'
            'incrementing' => true
            'with' => Array &219 ()
            'withCount' => Array &220 ()
            'preventsLazyLoading' => false
            'perPage' => 15
            'exists' => true
            'wasRecentlyCreated' => false
            'escapeWhenCastingToString' => false
            'attributes' => Array &221 (
                'id' => 477
                'email' => 'sasha.mayer@example.org'
                'username' => 'Dr. Darrel Wyman'
                'hashed_password' => '$2y$10$lN.f00y3VzE6YxMxMaSjYuarbX4mzGHnOZVf.gxp9rCLFtvR6Jxwa'
                'role_id' => 3
                'created_at' => '2022-03-02 20:08:57'
                'updated_at' => '2022-03-02 20:08:57'
                'user_uuid' => null
            )
            'original' => Array &222 (
                'id' => 477
                'email' => 'sasha.mayer@example.org'
                'username' => 'Dr. Darrel Wyman'
                'hashed_password' => '$2y$10$lN.f00y3VzE6YxMxMaSjYuarbX4mzGHnOZVf.gxp9rCLFtvR6Jxwa'
                'role_id' => 3
                'created_at' => '2022-03-02 20:08:57'
                'updated_at' => '2022-03-02 20:08:57'
                'user_uuid' => null
            )
            'changes' => Array &223 ()
            'casts' => Array &224 ()
            'classCastCache' => Array &225 ()
            'attributeCastCache' => Array &226 ()
            'dates' => Array &227 ()
            'dateFormat' => null
            'appends' => Array &228 ()
            'dispatchesEvents' => Array &229 ()
            'observables' => Array &230 ()
            'relations' => Array &231 ()
            'touches' => Array &232 ()
            'timestamps' => true
            'visible' => Array &233 ()
            'guarded' => Array &234 (
                0 => '*'
            )
        )
        13 => App\Models\User Object &000000002d3d1ce90000000047065e1e (
            'fillable' => Array &235 (
                0 => 'email'
                1 => 'username'
                2 => 'role_id'
                3 => 'id'
            )
            'hidden' => Array &236 (
                0 => 'hashed_password'
            )
            'connection' => 'pgsql'
            'table' => 'users'
            'primaryKey' => 'id'
            'keyType' => 'int'
            'incrementing' => true
            'with' => Array &237 ()
            'withCount' => Array &238 ()
            'preventsLazyLoading' => false
            'perPage' => 15
            'exists' => true
            'wasRecentlyCreated' => false
            'escapeWhenCastingToString' => false
            'attributes' => Array &239 (
                'id' => 478
                'email' => 'sadye28@example.net'
                'username' => 'Carole Berge'
                'hashed_password' => '$2y$10$BjpdVvGk9TiZBjpOLeDe2OFyFEGJA3pc61YP6hNyTNTin4eOkjQAq'
                'role_id' => 3
                'created_at' => '2022-03-02 20:08:57'
                'updated_at' => '2022-03-02 20:08:57'
                'user_uuid' => null
            )
            'original' => Array &240 (
                'id' => 478
                'email' => 'sadye28@example.net'
                'username' => 'Carole Berge'
                'hashed_password' => '$2y$10$BjpdVvGk9TiZBjpOLeDe2OFyFEGJA3pc61YP6hNyTNTin4eOkjQAq'
                'role_id' => 3
                'created_at' => '2022-03-02 20:08:57'
                'updated_at' => '2022-03-02 20:08:57'
                'user_uuid' => null
            )
            'changes' => Array &241 ()
            'casts' => Array &242 ()
            'classCastCache' => Array &243 ()
            'attributeCastCache' => Array &244 ()
            'dates' => Array &245 ()
            'dateFormat' => null
            'appends' => Array &246 ()
            'dispatchesEvents' => Array &247 ()
            'observables' => Array &248 ()
            'relations' => Array &249 ()
            'touches' => Array &250 ()
            'timestamps' => true
            'visible' => Array &251 ()
            'guarded' => Array &252 (
                0 => '*'
            )
        )
        14 => App\Models\User Object &000000002d3d1cf40000000047065e1e (
            'fillable' => Array &253 (
                0 => 'email'
                1 => 'username'
                2 => 'role_id'
                3 => 'id'
            )
            'hidden' => Array &254 (
                0 => 'hashed_password'
            )
            'connection' => 'pgsql'
            'table' => 'users'
            'primaryKey' => 'id'
            'keyType' => 'int'
            'incrementing' => true
            'with' => Array &255 ()
            'withCount' => Array &256 ()
            'preventsLazyLoading' => false
            'perPage' => 15
            'exists' => true
            'wasRecentlyCreated' => false
            'escapeWhenCastingToString' => false
            'attributes' => Array &257 (
                'id' => 479
                'email' => 'upton.rebeca@example.org'
                'username' => 'Arnulfo Wolf DVM'
                'hashed_password' => '$2y$10$eWQp4Ed/iCysTZnSlZl.iu85WLgnWeh5VfDdg3CMTOPiZpbtdgkSK'
                'role_id' => 3
                'created_at' => '2022-03-02 20:08:57'
                'updated_at' => '2022-03-02 20:08:57'
                'user_uuid' => null
            )
            'original' => Array &258 (
                'id' => 479
                'email' => 'upton.rebeca@example.org'
                'username' => 'Arnulfo Wolf DVM'
                'hashed_password' => '$2y$10$eWQp4Ed/iCysTZnSlZl.iu85WLgnWeh5VfDdg3CMTOPiZpbtdgkSK'
                'role_id' => 3
                'created_at' => '2022-03-02 20:08:57'
                'updated_at' => '2022-03-02 20:08:57'
                'user_uuid' => null
            )
            'changes' => Array &259 ()
            'casts' => Array &260 ()
            'classCastCache' => Array &261 ()
            'attributeCastCache' => Array &262 ()
            'dates' => Array &263 ()
            'dateFormat' => null
            'appends' => Array &264 ()
            'dispatchesEvents' => Array &265 ()
            'observables' => Array &266 ()
            'relations' => Array &267 ()
            'touches' => Array &268 ()
            'timestamps' => true
            'visible' => Array &269 ()
            'guarded' => Array &270 (
                0 => '*'
            )
        )
        15 => App\Models\User Object &000000002d3d10b50000000047065e1e (
            'fillable' => Array &271 (
                0 => 'email'
                1 => 'username'
                2 => 'role_id'
                3 => 'id'
            )
            'hidden' => Array &272 (
                0 => 'hashed_password'
            )
            'connection' => 'pgsql'
            'table' => 'users'
            'primaryKey' => 'id'
            'keyType' => 'int'
            'incrementing' => true
            'with' => Array &273 ()
            'withCount' => Array &274 ()
            'preventsLazyLoading' => false
            'perPage' => 15
            'exists' => true
            'wasRecentlyCreated' => false
            'escapeWhenCastingToString' => false
            'attributes' => Array &275 (
                'id' => 480
                'email' => 'pat.herman@example.net'
                'username' => 'Morris Boyer'
                'hashed_password' => '$2y$10$U2X66vZQEW5zys80yNI9Q.FCYtlL2t.Ryv2jy6x0aXkDi6GQdOyr.'
                'role_id' => 3
                'created_at' => '2022-03-02 20:08:57'
                'updated_at' => '2022-03-02 20:08:57'
                'user_uuid' => null
            )
            'original' => Array &276 (
                'id' => 480
                'email' => 'pat.herman@example.net'
                'username' => 'Morris Boyer'
                'hashed_password' => '$2y$10$U2X66vZQEW5zys80yNI9Q.FCYtlL2t.Ryv2jy6x0aXkDi6GQdOyr.'
                'role_id' => 3
                'created_at' => '2022-03-02 20:08:57'
                'updated_at' => '2022-03-02 20:08:57'
                'user_uuid' => null
            )
            'changes' => Array &277 ()
            'casts' => Array &278 ()
            'classCastCache' => Array &279 ()
            'attributeCastCache' => Array &280 ()
            'dates' => Array &281 ()
            'dateFormat' => null
            'appends' => Array &282 ()
            'dispatchesEvents' => Array &283 ()
            'observables' => Array &284 ()
            'relations' => Array &285 ()
            'touches' => Array &286 ()
            'timestamps' => true
            'visible' => Array &287 ()
            'guarded' => Array &288 (
                0 => '*'
            )
        )
        16 => App\Models\User Object &000000002d3d10950000000047065e1e (
            'fillable' => Array &289 (
                0 => 'email'
                1 => 'username'
                2 => 'role_id'
                3 => 'id'
            )
            'hidden' => Array &290 (
                0 => 'hashed_password'
            )
            'connection' => 'pgsql'
            'table' => 'users'
            'primaryKey' => 'id'
            'keyType' => 'int'
            'incrementing' => true
            'with' => Array &291 ()
            'withCount' => Array &292 ()
            'preventsLazyLoading' => false
            'perPage' => 15
            'exists' => true
            'wasRecentlyCreated' => false
            'escapeWhenCastingToString' => false
            'attributes' => Array &293 (
                'id' => 481
                'email' => 'omari.hermiston@example.com'
                'username' => 'Eda Okuneva'
                'hashed_password' => '$2y$10$DydfOhFA0obtOdneA2Qxqeq9Lg/uOnLfFpsKkVh712OloE337DQPC'
                'role_id' => 3
                'created_at' => '2022-03-02 20:08:57'
                'updated_at' => '2022-03-02 20:08:57'
                'user_uuid' => null
            )
            'original' => Array &294 (
                'id' => 481
                'email' => 'omari.hermiston@example.com'
                'username' => 'Eda Okuneva'
                'hashed_password' => '$2y$10$DydfOhFA0obtOdneA2Qxqeq9Lg/uOnLfFpsKkVh712OloE337DQPC'
                'role_id' => 3
                'created_at' => '2022-03-02 20:08:57'
                'updated_at' => '2022-03-02 20:08:57'
                'user_uuid' => null
            )
            'changes' => Array &295 ()
            'casts' => Array &296 ()
            'classCastCache' => Array &297 ()
            'attributeCastCache' => Array &298 ()
            'dates' => Array &299 ()
            'dateFormat' => null
            'appends' => Array &300 ()
            'dispatchesEvents' => Array &301 ()
            'observables' => Array &302 ()
            'relations' => Array &303 ()
            'touches' => Array &304 ()
            'timestamps' => true
            'visible' => Array &305 ()
            'guarded' => Array &306 (
                0 => '*'
            )
        )
        17 => App\Models\User Object &000000002d3d148a0000000047065e1e (
            'fillable' => Array &307 (
                0 => 'email'
                1 => 'username'
                2 => 'role_id'
                3 => 'id'
            )
            'hidden' => Array &308 (
                0 => 'hashed_password'
            )
            'connection' => 'pgsql'
            'table' => 'users'
            'primaryKey' => 'id'
            'keyType' => 'int'
            'incrementing' => true
            'with' => Array &309 ()
            'withCount' => Array &310 ()
            'preventsLazyLoading' => false
            'perPage' => 15
            'exists' => true
            'wasRecentlyCreated' => false
            'escapeWhenCastingToString' => false
            'attributes' => Array &311 (
                'id' => 482
                'email' => 'fdonnelly@example.net'
                'username' => 'Belle Watsica'
                'hashed_password' => '$2y$10$pqXGr3mk1s0UQpKvPOotyeqqiCuC5uOHZGxCszgBwK1y23rpTwxm.'
                'role_id' => 3
                'created_at' => '2022-03-02 20:08:57'
                'updated_at' => '2022-03-02 20:08:57'
                'user_uuid' => null
            )
            'original' => Array &312 (
                'id' => 482
                'email' => 'fdonnelly@example.net'
                'username' => 'Belle Watsica'
                'hashed_password' => '$2y$10$pqXGr3mk1s0UQpKvPOotyeqqiCuC5uOHZGxCszgBwK1y23rpTwxm.'
                'role_id' => 3
                'created_at' => '2022-03-02 20:08:57'
                'updated_at' => '2022-03-02 20:08:57'
                'user_uuid' => null
            )
            'changes' => Array &313 ()
            'casts' => Array &314 ()
            'classCastCache' => Array &315 ()
            'attributeCastCache' => Array &316 ()
            'dates' => Array &317 ()
            'dateFormat' => null
            'appends' => Array &318 ()
            'dispatchesEvents' => Array &319 ()
            'observables' => Array &320 ()
            'relations' => Array &321 ()
            'touches' => Array &322 ()
            'timestamps' => true
            'visible' => Array &323 ()
            'guarded' => Array &324 (
                0 => '*'
            )
        )
        18 => App\Models\User Object &000000002d3d108c0000000047065e1e (
            'fillable' => Array &325 (
                0 => 'email'
                1 => 'username'
                2 => 'role_id'
                3 => 'id'
            )
            'hidden' => Array &326 (
                0 => 'hashed_password'
            )
            'connection' => 'pgsql'
            'table' => 'users'
            'primaryKey' => 'id'
            'keyType' => 'int'
            'incrementing' => true
            'with' => Array &327 ()
            'withCount' => Array &328 ()
            'preventsLazyLoading' => false
            'perPage' => 15
            'exists' => true
            'wasRecentlyCreated' => false
            'escapeWhenCastingToString' => false
            'attributes' => Array &329 (
                'id' => 483
                'email' => 'manuela24@example.net'
                'username' => 'Giovanni Kemmer I'
                'hashed_password' => '$2y$10$Zm045ywd/yaiq.lHpMEFHOzCRgAoyc3wSb/SGKA9iIaleXoU.SHD6'
                'role_id' => 3
                'created_at' => '2022-03-02 20:08:57'
                'updated_at' => '2022-03-02 20:08:57'
                'user_uuid' => null
            )
            'original' => Array &330 (
                'id' => 483
                'email' => 'manuela24@example.net'
                'username' => 'Giovanni Kemmer I'
                'hashed_password' => '$2y$10$Zm045ywd/yaiq.lHpMEFHOzCRgAoyc3wSb/SGKA9iIaleXoU.SHD6'
                'role_id' => 3
                'created_at' => '2022-03-02 20:08:57'
                'updated_at' => '2022-03-02 20:08:57'
                'user_uuid' => null
            )
            'changes' => Array &331 ()
            'casts' => Array &332 ()
            'classCastCache' => Array &333 ()
            'attributeCastCache' => Array &334 ()
            'dates' => Array &335 ()
            'dateFormat' => null
            'appends' => Array &336 ()
            'dispatchesEvents' => Array &337 ()
            'observables' => Array &338 ()
            'relations' => Array &339 ()
            'touches' => Array &340 ()
            'timestamps' => true
            'visible' => Array &341 ()
            'guarded' => Array &342 (
                0 => '*'
            )
        )
        19 => App\Models\User Object &000000002d3d1f1d0000000047065e1e (
            'fillable' => Array &343 (
                0 => 'email'
                1 => 'username'
                2 => 'role_id'
                3 => 'id'
            )
            'hidden' => Array &344 (
                0 => 'hashed_password'
            )
            'connection' => 'pgsql'
            'table' => 'users'
            'primaryKey' => 'id'
            'keyType' => 'int'
            'incrementing' => true
            'with' => Array &345 ()
            'withCount' => Array &346 ()
            'preventsLazyLoading' => false
            'perPage' => 15
            'exists' => true
            'wasRecentlyCreated' => false
            'escapeWhenCastingToString' => false
            'attributes' => Array &347 (
                'id' => 484
                'email' => 'malachi05@example.org'
                'username' => 'Mr. Dedrick Cole'
                'hashed_password' => '$2y$10$7PF1bFqarNxfxb0A1AXoMOiIompass3ZKLLQGSsY7su/uAr7JcPqK'
                'role_id' => 3
                'created_at' => '2022-03-02 20:08:57'
                'updated_at' => '2022-03-02 20:08:57'
                'user_uuid' => null
            )
            'original' => Array &348 (
                'id' => 484
                'email' => 'malachi05@example.org'
                'username' => 'Mr. Dedrick Cole'
                'hashed_password' => '$2y$10$7PF1bFqarNxfxb0A1AXoMOiIompass3ZKLLQGSsY7su/uAr7JcPqK'
                'role_id' => 3
                'created_at' => '2022-03-02 20:08:57'
                'updated_at' => '2022-03-02 20:08:57'
                'user_uuid' => null
            )
            'changes' => Array &349 ()
            'casts' => Array &350 ()
            'classCastCache' => Array &351 ()
            'attributeCastCache' => Array &352 ()
            'dates' => Array &353 ()
            'dateFormat' => null
            'appends' => Array &354 ()
            'dispatchesEvents' => Array &355 ()
            'observables' => Array &356 ()
            'relations' => Array &357 ()
            'touches' => Array &358 ()
            'timestamps' => true
            'visible' => Array &359 ()
            'guarded' => Array &360 (
                0 => '*'
            )
        )
        20 => App\Models\User Object &000000002d3d1cfc0000000047065e1e (
            'fillable' => Array &361 (
                0 => 'email'
                1 => 'username'
                2 => 'role_id'
                3 => 'id'
            )
            'hidden' => Array &362 (
                0 => 'hashed_password'
            )
            'connection' => 'pgsql'
            'table' => 'users'
            'primaryKey' => 'id'
            'keyType' => 'int'
            'incrementing' => true
            'with' => Array &363 ()
            'withCount' => Array &364 ()
            'preventsLazyLoading' => false
            'perPage' => 15
            'exists' => true
            'wasRecentlyCreated' => false
            'escapeWhenCastingToString' => false
            'attributes' => Array &365 (
                'id' => 485
                'email' => 'kemmer.marcelle@example.org'
                'username' => 'Leola Ward IV'
                'hashed_password' => '$2y$10$KNQxOptCABNzdHfYL6wNZ.xeGdBktqB9QceqJ5SbQ5ACTqfUGz5Jy'
                'role_id' => 3
                'created_at' => '2022-03-02 20:08:57'
                'updated_at' => '2022-03-02 20:08:57'
                'user_uuid' => null
            )
            'original' => Array &366 (
                'id' => 485
                'email' => 'kemmer.marcelle@example.org'
                'username' => 'Leola Ward IV'
                'hashed_password' => '$2y$10$KNQxOptCABNzdHfYL6wNZ.xeGdBktqB9QceqJ5SbQ5ACTqfUGz5Jy'
                'role_id' => 3
                'created_at' => '2022-03-02 20:08:57'
                'updated_at' => '2022-03-02 20:08:57'
                'user_uuid' => null
            )
            'changes' => Array &367 ()
            'casts' => Array &368 ()
            'classCastCache' => Array &369 ()
            'attributeCastCache' => Array &370 ()
            'dates' => Array &371 ()
            'dateFormat' => null
            'appends' => Array &372 ()
            'dispatchesEvents' => Array &373 ()
            'observables' => Array &374 ()
            'relations' => Array &375 ()
            'touches' => Array &376 ()
            'timestamps' => true
            'visible' => Array &377 ()
            'guarded' => Array &378 (
                0 => '*'
            )
        )
        21 => App\Models\User Object &000000002d3d1fb10000000047065e1e (
            'fillable' => Array &379 (
                0 => 'email'
                1 => 'username'
                2 => 'role_id'
                3 => 'id'
            )
            'hidden' => Array &380 (
                0 => 'hashed_password'
            )
            'connection' => 'pgsql'
            'table' => 'users'
            'primaryKey' => 'id'
            'keyType' => 'int'
            'incrementing' => true
            'with' => Array &381 ()
            'withCount' => Array &382 ()
            'preventsLazyLoading' => false
            'perPage' => 15
            'exists' => true
            'wasRecentlyCreated' => false
            'escapeWhenCastingToString' => false
            'attributes' => Array &383 (
                'id' => 486
                'email' => 'junior.zemlak@example.net'
                'username' => 'Ms. Lizzie Gutmann'
                'hashed_password' => '$2y$10$m3hnQI13ZNl1ZL4Gl3hByenNK5d9D8lGzGmmYe4ahygv8uhr29O5q'
                'role_id' => 3
                'created_at' => '2022-03-02 20:12:59'
                'updated_at' => '2022-03-02 20:12:59'
                'user_uuid' => null
            )
            'original' => Array &384 (
                'id' => 486
                'email' => 'junior.zemlak@example.net'
                'username' => 'Ms. Lizzie Gutmann'
                'hashed_password' => '$2y$10$m3hnQI13ZNl1ZL4Gl3hByenNK5d9D8lGzGmmYe4ahygv8uhr29O5q'
                'role_id' => 3
                'created_at' => '2022-03-02 20:12:59'
                'updated_at' => '2022-03-02 20:12:59'
                'user_uuid' => null
            )
            'changes' => Array &385 ()
            'casts' => Array &386 ()
            'classCastCache' => Array &387 ()
            'attributeCastCache' => Array &388 ()
            'dates' => Array &389 ()
            'dateFormat' => null
            'appends' => Array &390 ()
            'dispatchesEvents' => Array &391 ()
            'observables' => Array &392 ()
            'relations' => Array &393 ()
            'touches' => Array &394 ()
            'timestamps' => true
            'visible' => Array &395 ()
            'guarded' => Array &396 (
                0 => '*'
            )
        )
        22 => App\Models\User Object &000000002d3d1f920000000047065e1e (
            'fillable' => Array &397 (
                0 => 'email'
                1 => 'username'
                2 => 'role_id'
                3 => 'id'
            )
            'hidden' => Array &398 (
                0 => 'hashed_password'
            )
            'connection' => 'pgsql'
            'table' => 'users'
            'primaryKey' => 'id'
            'keyType' => 'int'
            'incrementing' => true
            'with' => Array &399 ()
            'withCount' => Array &400 ()
            'preventsLazyLoading' => false
            'perPage' => 15
            'exists' => true
            'wasRecentlyCreated' => false
            'escapeWhenCastingToString' => false
            'attributes' => Array &401 (
                'id' => 487
                'email' => 'gharris@example.com'
                'username' => 'Rebecca Crooks'
                'hashed_password' => '$2y$10$1TQuGJi2FV.0yBqYu5uGd.elZ.bq/6.mH3wEn.Xzk6VWTa/Q.Bs0S'
                'role_id' => 3
                'created_at' => '2022-03-02 20:12:59'
                'updated_at' => '2022-03-02 20:12:59'
                'user_uuid' => null
            )
            'original' => Array &402 (
                'id' => 487
                'email' => 'gharris@example.com'
                'username' => 'Rebecca Crooks'
                'hashed_password' => '$2y$10$1TQuGJi2FV.0yBqYu5uGd.elZ.bq/6.mH3wEn.Xzk6VWTa/Q.Bs0S'
                'role_id' => 3
                'created_at' => '2022-03-02 20:12:59'
                'updated_at' => '2022-03-02 20:12:59'
                'user_uuid' => null
            )
            'changes' => Array &403 ()
            'casts' => Array &404 ()
            'classCastCache' => Array &405 ()
            'attributeCastCache' => Array &406 ()
            'dates' => Array &407 ()
            'dateFormat' => null
            'appends' => Array &408 ()
            'dispatchesEvents' => Array &409 ()
            'observables' => Array &410 ()
            'relations' => Array &411 ()
            'touches' => Array &412 ()
            'timestamps' => true
            'visible' => Array &413 ()
            'guarded' => Array &414 (
                0 => '*'
            )
        )
        23 => App\Models\User Object &000000002d3d1fbd0000000047065e1e (
            'fillable' => Array &415 (
                0 => 'email'
                1 => 'username'
                2 => 'role_id'
                3 => 'id'
            )
            'hidden' => Array &416 (
                0 => 'hashed_password'
            )
            'connection' => 'pgsql'
            'table' => 'users'
            'primaryKey' => 'id'
            'keyType' => 'int'
            'incrementing' => true
            'with' => Array &417 ()
            'withCount' => Array &418 ()
            'preventsLazyLoading' => false
            'perPage' => 15
            'exists' => true
            'wasRecentlyCreated' => false
            'escapeWhenCastingToString' => false
            'attributes' => Array &419 (
                'id' => 488
                'email' => 'torey.larkin@example.com'
                'username' => 'Mr. Keshaun Conn'
                'hashed_password' => '$2y$10$uEP6MJW9dVu0k8onNPnfK.RWzOsbkKoI4mldV0wf8OaxUVgxR.UJy'
                'role_id' => 3
                'created_at' => '2022-03-02 20:12:59'
                'updated_at' => '2022-03-02 20:12:59'
                'user_uuid' => null
            )
            'original' => Array &420 (
                'id' => 488
                'email' => 'torey.larkin@example.com'
                'username' => 'Mr. Keshaun Conn'
                'hashed_password' => '$2y$10$uEP6MJW9dVu0k8onNPnfK.RWzOsbkKoI4mldV0wf8OaxUVgxR.UJy'
                'role_id' => 3
                'created_at' => '2022-03-02 20:12:59'
                'updated_at' => '2022-03-02 20:12:59'
                'user_uuid' => null
            )
            'changes' => Array &421 ()
            'casts' => Array &422 ()
            'classCastCache' => Array &423 ()
            'attributeCastCache' => Array &424 ()
            'dates' => Array &425 ()
            'dateFormat' => null
            'appends' => Array &426 ()
            'dispatchesEvents' => Array &427 ()
            'observables' => Array &428 ()
            'relations' => Array &429 ()
            'touches' => Array &430 ()
            'timestamps' => true
            'visible' => Array &431 ()
            'guarded' => Array &432 (
                0 => '*'
            )
        )
        24 => App\Models\User Object &000000002d3d1f0e0000000047065e1e (
            'fillable' => Array &433 (
                0 => 'email'
                1 => 'username'
                2 => 'role_id'
                3 => 'id'
            )
            'hidden' => Array &434 (
                0 => 'hashed_password'
            )
            'connection' => 'pgsql'
            'table' => 'users'
            'primaryKey' => 'id'
            'keyType' => 'int'
            'incrementing' => true
            'with' => Array &435 ()
            'withCount' => Array &436 ()
            'preventsLazyLoading' => false
            'perPage' => 15
            'exists' => true
            'wasRecentlyCreated' => false
            'escapeWhenCastingToString' => false
            'attributes' => Array &437 (
                'id' => 489
                'email' => 'stokes.gregorio@example.org'
                'username' => 'Emmitt Torphy'
                'hashed_password' => '$2y$10$h3XydPkYSL0cGbdWeOnf1.Q7zz447AVukMPiVh832qtEqThQuGBhu'
                'role_id' => 3
                'created_at' => '2022-03-02 20:12:59'
                'updated_at' => '2022-03-02 20:12:59'
                'user_uuid' => null
            )
            'original' => Array &438 (
                'id' => 489
                'email' => 'stokes.gregorio@example.org'
                'username' => 'Emmitt Torphy'
                'hashed_password' => '$2y$10$h3XydPkYSL0cGbdWeOnf1.Q7zz447AVukMPiVh832qtEqThQuGBhu'
                'role_id' => 3
                'created_at' => '2022-03-02 20:12:59'
                'updated_at' => '2022-03-02 20:12:59'
                'user_uuid' => null
            )
            'changes' => Array &439 ()
            'casts' => Array &440 ()
            'classCastCache' => Array &441 ()
            'attributeCastCache' => Array &442 ()
            'dates' => Array &443 ()
            'dateFormat' => null
            'appends' => Array &444 ()
            'dispatchesEvents' => Array &445 ()
            'observables' => Array &446 ()
            'relations' => Array &447 ()
            'touches' => Array &448 ()
            'timestamps' => true
            'visible' => Array &449 ()
            'guarded' => Array &450 (
                0 => '*'
            )
        )
        25 => App\Models\User Object &000000002d3d1fb90000000047065e1e (
            'fillable' => Array &451 (
                0 => 'email'
                1 => 'username'
                2 => 'role_id'
                3 => 'id'
            )
            'hidden' => Array &452 (
                0 => 'hashed_password'
            )
            'connection' => 'pgsql'
            'table' => 'users'
            'primaryKey' => 'id'
            'keyType' => 'int'
            'incrementing' => true
            'with' => Array &453 ()
            'withCount' => Array &454 ()
            'preventsLazyLoading' => false
            'perPage' => 15
            'exists' => true
            'wasRecentlyCreated' => false
            'escapeWhenCastingToString' => false
            'attributes' => Array &455 (
                'id' => 490
                'email' => 'kihn.catherine@example.net'
                'username' => 'Myron Kreiger'
                'hashed_password' => '$2y$10$N2bVf2siCyan720zpNL.QufjTSu.flaSZ0hRQyArG0fKdgdUge91G'
                'role_id' => 3
                'created_at' => '2022-03-02 20:12:59'
                'updated_at' => '2022-03-02 20:12:59'
                'user_uuid' => null
            )
            'original' => Array &456 (
                'id' => 490
                'email' => 'kihn.catherine@example.net'
                'username' => 'Myron Kreiger'
                'hashed_password' => '$2y$10$N2bVf2siCyan720zpNL.QufjTSu.flaSZ0hRQyArG0fKdgdUge91G'
                'role_id' => 3
                'created_at' => '2022-03-02 20:12:59'
                'updated_at' => '2022-03-02 20:12:59'
                'user_uuid' => null
            )
            'changes' => Array &457 ()
            'casts' => Array &458 ()
            'classCastCache' => Array &459 ()
            'attributeCastCache' => Array &460 ()
            'dates' => Array &461 ()
            'dateFormat' => null
            'appends' => Array &462 ()
            'dispatchesEvents' => Array &463 ()
            'observables' => Array &464 ()
            'relations' => Array &465 ()
            'touches' => Array &466 ()
            'timestamps' => true
            'visible' => Array &467 ()
            'guarded' => Array &468 (
                0 => '*'
            )
        )
        26 => App\Models\User Object &000000002d3d1fcc0000000047065e1e (
            'fillable' => Array &469 (
                0 => 'email'
                1 => 'username'
                2 => 'role_id'
                3 => 'id'
            )
            'hidden' => Array &470 (
                0 => 'hashed_password'
            )
            'connection' => 'pgsql'
            'table' => 'users'
            'primaryKey' => 'id'
            'keyType' => 'int'
            'incrementing' => true
            'with' => Array &471 ()
            'withCount' => Array &472 ()
            'preventsLazyLoading' => false
            'perPage' => 15
            'exists' => true
            'wasRecentlyCreated' => false
            'escapeWhenCastingToString' => false
            'attributes' => Array &473 (
                'id' => 491
                'email' => 'nhauck@example.net'
                'username' => 'Alexa Ankunding'
                'hashed_password' => '$2y$10$NI2iZi7oA9/34J8ZrG4eR.OX/x7lukWPSGFzVearrZ9XN3wlHKil2'
                'role_id' => 3
                'created_at' => '2022-03-02 20:13:00'
                'updated_at' => '2022-03-02 20:13:00'
                'user_uuid' => null
            )
            'original' => Array &474 (
                'id' => 491
                'email' => 'nhauck@example.net'
                'username' => 'Alexa Ankunding'
                'hashed_password' => '$2y$10$NI2iZi7oA9/34J8ZrG4eR.OX/x7lukWPSGFzVearrZ9XN3wlHKil2'
                'role_id' => 3
                'created_at' => '2022-03-02 20:13:00'
                'updated_at' => '2022-03-02 20:13:00'
                'user_uuid' => null
            )
            'changes' => Array &475 ()
            'casts' => Array &476 ()
            'classCastCache' => Array &477 ()
            'attributeCastCache' => Array &478 ()
            'dates' => Array &479 ()
            'dateFormat' => null
            'appends' => Array &480 ()
            'dispatchesEvents' => Array &481 ()
            'observables' => Array &482 ()
            'relations' => Array &483 ()
            'touches' => Array &484 ()
            'timestamps' => true
            'visible' => Array &485 ()
            'guarded' => Array &486 (
                0 => '*'
            )
        )
        27 => App\Models\User Object &000000002d3d1f930000000047065e1e (
            'fillable' => Array &487 (
                0 => 'email'
                1 => 'username'
                2 => 'role_id'
                3 => 'id'
            )
            'hidden' => Array &488 (
                0 => 'hashed_password'
            )
            'connection' => 'pgsql'
            'table' => 'users'
            'primaryKey' => 'id'
            'keyType' => 'int'
            'incrementing' => true
            'with' => Array &489 ()
            'withCount' => Array &490 ()
            'preventsLazyLoading' => false
            'perPage' => 15
            'exists' => true
            'wasRecentlyCreated' => false
            'escapeWhenCastingToString' => false
            'attributes' => Array &491 (
                'id' => 492
                'email' => 'uriah42@example.org'
                'username' => 'Daniella Kuphal'
                'hashed_password' => '$2y$10$W577k7rRbPxL4luBQ3vcEepFA59Ku6Jz8jmF8hv0fzQPmsPZt4Nxq'
                'role_id' => 3
                'created_at' => '2022-03-02 20:13:00'
                'updated_at' => '2022-03-02 20:13:00'
                'user_uuid' => null
            )
            'original' => Array &492 (
                'id' => 492
                'email' => 'uriah42@example.org'
                'username' => 'Daniella Kuphal'
                'hashed_password' => '$2y$10$W577k7rRbPxL4luBQ3vcEepFA59Ku6Jz8jmF8hv0fzQPmsPZt4Nxq'
                'role_id' => 3
                'created_at' => '2022-03-02 20:13:00'
                'updated_at' => '2022-03-02 20:13:00'
                'user_uuid' => null
            )
            'changes' => Array &493 ()
            'casts' => Array &494 ()
            'classCastCache' => Array &495 ()
            'attributeCastCache' => Array &496 ()
            'dates' => Array &497 ()
            'dateFormat' => null
            'appends' => Array &498 ()
            'dispatchesEvents' => Array &499 ()
            'observables' => Array &500 ()
            'relations' => Array &501 ()
            'touches' => Array &502 ()
            'timestamps' => true
            'visible' => Array &503 ()
            'guarded' => Array &504 (
                0 => '*'
            )
        )
        28 => App\Models\User Object &000000002d3d1dd50000000047065e1e (
            'fillable' => Array &505 (
                0 => 'email'
                1 => 'username'
                2 => 'role_id'
                3 => 'id'
            )
            'hidden' => Array &506 (
                0 => 'hashed_password'
            )
            'connection' => 'pgsql'
            'table' => 'users'
            'primaryKey' => 'id'
            'keyType' => 'int'
            'incrementing' => true
            'with' => Array &507 ()
            'withCount' => Array &508 ()
            'preventsLazyLoading' => false
            'perPage' => 15
            'exists' => true
            'wasRecentlyCreated' => false
            'escapeWhenCastingToString' => false
            'attributes' => Array &509 (
                'id' => 493
                'email' => 'wlowe@example.com'
                'username' => 'Dr. Hollie Prosacco III'
                'hashed_password' => '$2y$10$V2FsoKLWUosm/.Zc5AohKOxSQLudi4npIfWcroxWMNbEzU56Mw21a'
                'role_id' => 3
                'created_at' => '2022-03-02 20:13:00'
                'updated_at' => '2022-03-02 20:13:00'
                'user_uuid' => null
            )
            'original' => Array &510 (
                'id' => 493
                'email' => 'wlowe@example.com'
                'username' => 'Dr. Hollie Prosacco III'
                'hashed_password' => '$2y$10$V2FsoKLWUosm/.Zc5AohKOxSQLudi4npIfWcroxWMNbEzU56Mw21a'
                'role_id' => 3
                'created_at' => '2022-03-02 20:13:00'
                'updated_at' => '2022-03-02 20:13:00'
                'user_uuid' => null
            )
            'changes' => Array &511 ()
            'casts' => Array &512 ()
            'classCastCache' => Array &513 ()
            'attributeCastCache' => Array &514 ()
            'dates' => Array &515 ()
            'dateFormat' => null
            'appends' => Array &516 ()
            'dispatchesEvents' => Array &517 ()
            'observables' => Array &518 ()
            'relations' => Array &519 ()
            'touches' => Array &520 ()
            'timestamps' => true
            'visible' => Array &521 ()
            'guarded' => Array &522 (
                0 => '*'
            )
        )
        29 => App\Models\User Object &000000002d3d1e270000000047065e1e (
            'fillable' => Array &523 (
                0 => 'email'
                1 => 'username'
                2 => 'role_id'
                3 => 'id'
            )
            'hidden' => Array &524 (
                0 => 'hashed_password'
            )
            'connection' => 'pgsql'
            'table' => 'users'
            'primaryKey' => 'id'
            'keyType' => 'int'
            'incrementing' => true
            'with' => Array &525 ()
            'withCount' => Array &526 ()
            'preventsLazyLoading' => false
            'perPage' => 15
            'exists' => true
            'wasRecentlyCreated' => false
            'escapeWhenCastingToString' => false
            'attributes' => Array &527 (
                'id' => 494
                'email' => 'shanny.braun@example.org'
                'username' => 'Graham O'Kon'
                'hashed_password' => '$2y$10$BHfIcuxvVZrvtqWkZO5.jOdWaDpDJGS52coNN0pSILYn09.fAUd2K'
                'role_id' => 3
                'created_at' => '2022-03-02 20:13:00'
                'updated_at' => '2022-03-02 20:13:00'
                'user_uuid' => null
            )
            'original' => Array &528 (
                'id' => 494
                'email' => 'shanny.braun@example.org'
                'username' => 'Graham O'Kon'
                'hashed_password' => '$2y$10$BHfIcuxvVZrvtqWkZO5.jOdWaDpDJGS52coNN0pSILYn09.fAUd2K'
                'role_id' => 3
                'created_at' => '2022-03-02 20:13:00'
                'updated_at' => '2022-03-02 20:13:00'
                'user_uuid' => null
            )
            'changes' => Array &529 ()
            'casts' => Array &530 ()
            'classCastCache' => Array &531 ()
            'attributeCastCache' => Array &532 ()
            'dates' => Array &533 ()
            'dateFormat' => null
            'appends' => Array &534 ()
            'dispatchesEvents' => Array &535 ()
            'observables' => Array &536 ()
            'relations' => Array &537 ()
            'touches' => Array &538 ()
            'timestamps' => true
            'visible' => Array &539 ()
            'guarded' => Array &540 (
                0 => '*'
            )
        )
        30 => App\Models\User Object &000000002d3d1c730000000047065e1e (
            'fillable' => Array &541 (
                0 => 'email'
                1 => 'username'
                2 => 'role_id'
                3 => 'id'
            )
            'hidden' => Array &542 (
                0 => 'hashed_password'
            )
            'connection' => 'pgsql'
            'table' => 'users'
            'primaryKey' => 'id'
            'keyType' => 'int'
            'incrementing' => true
            'with' => Array &543 ()
            'withCount' => Array &544 ()
            'preventsLazyLoading' => false
            'perPage' => 15
            'exists' => true
            'wasRecentlyCreated' => false
            'escapeWhenCastingToString' => false
            'attributes' => Array &545 (
                'id' => 495
                'email' => 'goldner.dulce@example.net'
                'username' => 'Devyn Kuvalis'
                'hashed_password' => '$2y$10$roIYaAcBUyVLnQCi8KtMIuKCoMaqpPftd/naONg/rssYczNGl8ZzW'
                'role_id' => 3
                'created_at' => '2022-03-02 20:13:00'
                'updated_at' => '2022-03-02 20:13:00'
                'user_uuid' => null
            )
            'original' => Array &546 (
                'id' => 495
                'email' => 'goldner.dulce@example.net'
                'username' => 'Devyn Kuvalis'
                'hashed_password' => '$2y$10$roIYaAcBUyVLnQCi8KtMIuKCoMaqpPftd/naONg/rssYczNGl8ZzW'
                'role_id' => 3
                'created_at' => '2022-03-02 20:13:00'
                'updated_at' => '2022-03-02 20:13:00'
                'user_uuid' => null
            )
            'changes' => Array &547 ()
            'casts' => Array &548 ()
            'classCastCache' => Array &549 ()
            'attributeCastCache' => Array &550 ()
            'dates' => Array &551 ()
            'dateFormat' => null
            'appends' => Array &552 ()
            'dispatchesEvents' => Array &553 ()
            'observables' => Array &554 ()
            'relations' => Array &555 ()
            'touches' => Array &556 ()
            'timestamps' => true
            'visible' => Array &557 ()
            'guarded' => Array &558 (
                0 => '*'
            )
        )
        31 => App\Models\User Object &000000002d3d1c410000000047065e1e (
            'fillable' => Array &559 (
                0 => 'email'
                1 => 'username'
                2 => 'role_id'
                3 => 'id'
            )
            'hidden' => Array &560 (
                0 => 'hashed_password'
            )
            'connection' => 'pgsql'
            'table' => 'users'
            'primaryKey' => 'id'
            'keyType' => 'int'
            'incrementing' => true
            'with' => Array &561 ()
            'withCount' => Array &562 ()
            'preventsLazyLoading' => false
            'perPage' => 15
            'exists' => true
            'wasRecentlyCreated' => false
            'escapeWhenCastingToString' => false
            'attributes' => Array &563 (
                'id' => 496
                'email' => 'kuhn.ansley@example.org'
                'username' => 'Werner Ernser'
                'hashed_password' => '$2y$10$gShY.kO3.MTgXscRnavIduRu6raAaNK67WB/8J5HX/qWU7ysWAncq'
                'role_id' => 3
                'created_at' => '2022-03-02 20:13:51'
                'updated_at' => '2022-03-02 20:13:51'
                'user_uuid' => null
            )
            'original' => Array &564 (
                'id' => 496
                'email' => 'kuhn.ansley@example.org'
                'username' => 'Werner Ernser'
                'hashed_password' => '$2y$10$gShY.kO3.MTgXscRnavIduRu6raAaNK67WB/8J5HX/qWU7ysWAncq'
                'role_id' => 3
                'created_at' => '2022-03-02 20:13:51'
                'updated_at' => '2022-03-02 20:13:51'
                'user_uuid' => null
            )
            'changes' => Array &565 ()
            'casts' => Array &566 ()
            'classCastCache' => Array &567 ()
            'attributeCastCache' => Array &568 ()
            'dates' => Array &569 ()
            'dateFormat' => null
            'appends' => Array &570 ()
            'dispatchesEvents' => Array &571 ()
            'observables' => Array &572 ()
            'relations' => Array &573 ()
            'touches' => Array &574 ()
            'timestamps' => true
            'visible' => Array &575 ()
            'guarded' => Array &576 (
                0 => '*'
            )
        )
        32 => App\Models\User Object &000000002d3d1c7c0000000047065e1e (
            'fillable' => Array &577 (
                0 => 'email'
                1 => 'username'
                2 => 'role_id'
                3 => 'id'
            )
            'hidden' => Array &578 (
                0 => 'hashed_password'
            )
            'connection' => 'pgsql'
            'table' => 'users'
            'primaryKey' => 'id'
            'keyType' => 'int'
            'incrementing' => true
            'with' => Array &579 ()
            'withCount' => Array &580 ()
            'preventsLazyLoading' => false
            'perPage' => 15
            'exists' => true
            'wasRecentlyCreated' => false
            'escapeWhenCastingToString' => false
            'attributes' => Array &581 (
                'id' => 497
                'email' => 'edna52@example.com'
                'username' => 'Bill Grimes'
                'hashed_password' => '$2y$10$1d8gUNfpYdVnZJfIt7tkbeD.YVcifwFqzMw22fZYi9YNfxe1XJJve'
                'role_id' => 3
                'created_at' => '2022-03-02 20:13:51'
                'updated_at' => '2022-03-02 20:13:51'
                'user_uuid' => null
            )
            'original' => Array &582 (
                'id' => 497
                'email' => 'edna52@example.com'
                'username' => 'Bill Grimes'
                'hashed_password' => '$2y$10$1d8gUNfpYdVnZJfIt7tkbeD.YVcifwFqzMw22fZYi9YNfxe1XJJve'
                'role_id' => 3
                'created_at' => '2022-03-02 20:13:51'
                'updated_at' => '2022-03-02 20:13:51'
                'user_uuid' => null
            )
            'changes' => Array &583 ()
            'casts' => Array &584 ()
            'classCastCache' => Array &585 ()
            'attributeCastCache' => Array &586 ()
            'dates' => Array &587 ()
            'dateFormat' => null
            'appends' => Array &588 ()
            'dispatchesEvents' => Array &589 ()
            'observables' => Array &590 ()
            'relations' => Array &591 ()
            'touches' => Array &592 ()
            'timestamps' => true
            'visible' => Array &593 ()
            'guarded' => Array &594 (
                0 => '*'
            )
        )
        33 => App\Models\User Object &000000002d3d1fca0000000047065e1e (
            'fillable' => Array &595 (
                0 => 'email'
                1 => 'username'
                2 => 'role_id'
                3 => 'id'
            )
            'hidden' => Array &596 (
                0 => 'hashed_password'
            )
            'connection' => 'pgsql'
            'table' => 'users'
            'primaryKey' => 'id'
            'keyType' => 'int'
            'incrementing' => true
            'with' => Array &597 ()
            'withCount' => Array &598 ()
            'preventsLazyLoading' => false
            'perPage' => 15
            'exists' => true
            'wasRecentlyCreated' => false
            'escapeWhenCastingToString' => false
            'attributes' => Array &599 (
                'id' => 498
                'email' => 'hill.russ@example.net'
                'username' => 'Sheila Kuhlman IV'
                'hashed_password' => '$2y$10$lu65ZrpNN8T93IMIn1J8xu6Yc3qdZkjvfLcpa70XUahTxpSS1Z2/6'
                'role_id' => 3
                'created_at' => '2022-03-02 20:13:51'
                'updated_at' => '2022-03-02 20:13:51'
                'user_uuid' => null
            )
            'original' => Array &600 (
                'id' => 498
                'email' => 'hill.russ@example.net'
                'username' => 'Sheila Kuhlman IV'
                'hashed_password' => '$2y$10$lu65ZrpNN8T93IMIn1J8xu6Yc3qdZkjvfLcpa70XUahTxpSS1Z2/6'
                'role_id' => 3
                'created_at' => '2022-03-02 20:13:51'
                'updated_at' => '2022-03-02 20:13:51'
                'user_uuid' => null
            )
            'changes' => Array &601 ()
            'casts' => Array &602 ()
            'classCastCache' => Array &603 ()
            'attributeCastCache' => Array &604 ()
            'dates' => Array &605 ()
            'dateFormat' => null
            'appends' => Array &606 ()
            'dispatchesEvents' => Array &607 ()
            'observables' => Array &608 ()
            'relations' => Array &609 ()
            'touches' => Array &610 ()
            'timestamps' => true
            'visible' => Array &611 ()
            'guarded' => Array &612 (
                0 => '*'
            )
        )
        34 => App\Models\User Object &000000002d3d1f020000000047065e1e (
            'fillable' => Array &613 (
                0 => 'email'
                1 => 'username'
                2 => 'role_id'
                3 => 'id'
            )
            'hidden' => Array &614 (
                0 => 'hashed_password'
            )
            'connection' => 'pgsql'
            'table' => 'users'
            'primaryKey' => 'id'
            'keyType' => 'int'
            'incrementing' => true
            'with' => Array &615 ()
            'withCount' => Array &616 ()
            'preventsLazyLoading' => false
            'perPage' => 15
            'exists' => true
            'wasRecentlyCreated' => false
            'escapeWhenCastingToString' => false
            'attributes' => Array &617 (
                'id' => 499
                'email' => 'ebert.lane@example.com'
                'username' => 'Mr. Junior Reichert DDS'
                'hashed_password' => '$2y$10$YpFgBs0ydU.Zk3I3kywJtunxo5CN/N50mQbx2f0XpDYSIT5w6aO76'
                'role_id' => 3
                'created_at' => '2022-03-02 20:13:52'
                'updated_at' => '2022-03-02 20:13:52'
                'user_uuid' => null
            )
            'original' => Array &618 (
                'id' => 499
                'email' => 'ebert.lane@example.com'
                'username' => 'Mr. Junior Reichert DDS'
                'hashed_password' => '$2y$10$YpFgBs0ydU.Zk3I3kywJtunxo5CN/N50mQbx2f0XpDYSIT5w6aO76'
                'role_id' => 3
                'created_at' => '2022-03-02 20:13:52'
                'updated_at' => '2022-03-02 20:13:52'
                'user_uuid' => null
            )
            'changes' => Array &619 ()
            'casts' => Array &620 ()
            'classCastCache' => Array &621 ()
            'attributeCastCache' => Array &622 ()
            'dates' => Array &623 ()
            'dateFormat' => null
            'appends' => Array &624 ()
            'dispatchesEvents' => Array &625 ()
            'observables' => Array &626 ()
            'relations' => Array &627 ()
            'touches' => Array &628 ()
            'timestamps' => true
            'visible' => Array &629 ()
            'guarded' => Array &630 (
                0 => '*'
            )
        )
        35 => App\Models\User Object &000000002d3d1ff80000000047065e1e (
            'fillable' => Array &631 (
                0 => 'email'
                1 => 'username'
                2 => 'role_id'
                3 => 'id'
            )
            'hidden' => Array &632 (
                0 => 'hashed_password'
            )
            'connection' => 'pgsql'
            'table' => 'users'
            'primaryKey' => 'id'
            'keyType' => 'int'
            'incrementing' => true
            'with' => Array &633 ()
            'withCount' => Array &634 ()
            'preventsLazyLoading' => false
            'perPage' => 15
            'exists' => true
            'wasRecentlyCreated' => false
            'escapeWhenCastingToString' => false
            'attributes' => Array &635 (
                'id' => 500
                'email' => 'amanda48@example.net'
                'username' => 'Bennie Hessel'
                'hashed_password' => '$2y$10$s9fZqfttsH/gGzPvF3v49OwasEmZEiqW8Iqxdg1e24ExWQH/dWJ9S'
                'role_id' => 3
                'created_at' => '2022-03-02 20:13:52'
                'updated_at' => '2022-03-02 20:13:52'
                'user_uuid' => null
            )
            'original' => Array &636 (
                'id' => 500
                'email' => 'amanda48@example.net'
                'username' => 'Bennie Hessel'
                'hashed_password' => '$2y$10$s9fZqfttsH/gGzPvF3v49OwasEmZEiqW8Iqxdg1e24ExWQH/dWJ9S'
                'role_id' => 3
                'created_at' => '2022-03-02 20:13:52'
                'updated_at' => '2022-03-02 20:13:52'
                'user_uuid' => null
            )
            'changes' => Array &637 ()
            'casts' => Array &638 ()
            'classCastCache' => Array &639 ()
            'attributeCastCache' => Array &640 ()
            'dates' => Array &641 ()
            'dateFormat' => null
            'appends' => Array &642 ()
            'dispatchesEvents' => Array &643 ()
            'observables' => Array &644 ()
            'relations' => Array &645 ()
            'touches' => Array &646 ()
            'timestamps' => true
            'visible' => Array &647 ()
            'guarded' => Array &648 (
                0 => '*'
            )
        )
        36 => App\Models\User Object &000000002d3d1dd30000000047065e1e (
            'fillable' => Array &649 (
                0 => 'email'
                1 => 'username'
                2 => 'role_id'
                3 => 'id'
            )
            'hidden' => Array &650 (
                0 => 'hashed_password'
            )
            'connection' => 'pgsql'
            'table' => 'users'
            'primaryKey' => 'id'
            'keyType' => 'int'
            'incrementing' => true
            'with' => Array &651 ()
            'withCount' => Array &652 ()
            'preventsLazyLoading' => false
            'perPage' => 15
            'exists' => true
            'wasRecentlyCreated' => false
            'escapeWhenCastingToString' => false
            'attributes' => Array &653 (
                'id' => 501
                'email' => 'xbins@example.org'
                'username' => 'Raymond Wiegand'
                'hashed_password' => '$2y$10$grerR8lGlaJDQ5efDCT.HerdrTg0WUr2E9oVKjdeKcjgbnD4DcGk.'
                'role_id' => 3
                'created_at' => '2022-03-02 20:13:52'
                'updated_at' => '2022-03-02 20:13:52'
                'user_uuid' => null
            )
            'original' => Array &654 (
                'id' => 501
                'email' => 'xbins@example.org'
                'username' => 'Raymond Wiegand'
                'hashed_password' => '$2y$10$grerR8lGlaJDQ5efDCT.HerdrTg0WUr2E9oVKjdeKcjgbnD4DcGk.'
                'role_id' => 3
                'created_at' => '2022-03-02 20:13:52'
                'updated_at' => '2022-03-02 20:13:52'
                'user_uuid' => null
            )
            'changes' => Array &655 ()
            'casts' => Array &656 ()
            'classCastCache' => Array &657 ()
            'attributeCastCache' => Array &658 ()
            'dates' => Array &659 ()
            'dateFormat' => null
            'appends' => Array &660 ()
            'dispatchesEvents' => Array &661 ()
            'observables' => Array &662 ()
            'relations' => Array &663 ()
            'touches' => Array &664 ()
            'timestamps' => true
            'visible' => Array &665 ()
            'guarded' => Array &666 (
                0 => '*'
            )
        )
        37 => App\Models\User Object &000000002d3d1e6a0000000047065e1e (
            'fillable' => Array &667 (
                0 => 'email'
                1 => 'username'
                2 => 'role_id'
                3 => 'id'
            )
            'hidden' => Array &668 (
                0 => 'hashed_password'
            )
            'connection' => 'pgsql'
            'table' => 'users'
            'primaryKey' => 'id'
            'keyType' => 'int'
            'incrementing' => true
            'with' => Array &669 ()
            'withCount' => Array &670 ()
            'preventsLazyLoading' => false
            'perPage' => 15
            'exists' => true
            'wasRecentlyCreated' => false
            'escapeWhenCastingToString' => false
            'attributes' => Array &671 (
                'id' => 106
                'email' => 'gmills@example.org'
                'username' => 'Prof. Jess Senger'
                'hashed_password' => '$2y$10$GqsAZxqgNEE/ibM0Kd/VfOQlipWAjBPO87cNv5Jaf3aiGxGIGRSjy'
                'role_id' => 3
                'created_at' => '2022-02-28 20:01:07'
                'updated_at' => '2022-02-28 20:01:07'
                'user_uuid' => null
            )
            'original' => Array &672 (
                'id' => 106
                'email' => 'gmills@example.org'
                'username' => 'Prof. Jess Senger'
                'hashed_password' => '$2y$10$GqsAZxqgNEE/ibM0Kd/VfOQlipWAjBPO87cNv5Jaf3aiGxGIGRSjy'
                'role_id' => 3
                'created_at' => '2022-02-28 20:01:07'
                'updated_at' => '2022-02-28 20:01:07'
                'user_uuid' => null
            )
            'changes' => Array &673 ()
            'casts' => Array &674 ()
            'classCastCache' => Array &675 ()
            'attributeCastCache' => Array &676 ()
            'dates' => Array &677 ()
            'dateFormat' => null
            'appends' => Array &678 ()
            'dispatchesEvents' => Array &679 ()
            'observables' => Array &680 ()
            'relations' => Array &681 ()
            'touches' => Array &682 ()
            'timestamps' => true
            'visible' => Array &683 ()
            'guarded' => Array &684 (
                0 => '*'
            )
        )
        38 => App\Models\User Object &000000002d3d1fcb0000000047065e1e (
            'fillable' => Array &685 (
                0 => 'email'
                1 => 'username'
                2 => 'role_id'
                3 => 'id'
            )
            'hidden' => Array &686 (
                0 => 'hashed_password'
            )
            'connection' => 'pgsql'
            'table' => 'users'
            'primaryKey' => 'id'
            'keyType' => 'int'
            'incrementing' => true
            'with' => Array &687 ()
            'withCount' => Array &688 ()
            'preventsLazyLoading' => false
            'perPage' => 15
            'exists' => true
            'wasRecentlyCreated' => false
            'escapeWhenCastingToString' => false
            'attributes' => Array &689 (
                'id' => 107
                'email' => 'keyshawn.gulgowski@example.net'
                'username' => 'Colton Pfeffer'
                'hashed_password' => '$2y$10$UKGgjl33UNAzb9yyuZ8HreuRLhkMPO6ic3U.15BoHXXwRRUtxtPnS'
                'role_id' => 3
                'created_at' => '2022-02-28 20:01:07'
                'updated_at' => '2022-02-28 20:01:07'
                'user_uuid' => null
            )
            'original' => Array &690 (
                'id' => 107
                'email' => 'keyshawn.gulgowski@example.net'
                'username' => 'Colton Pfeffer'
                'hashed_password' => '$2y$10$UKGgjl33UNAzb9yyuZ8HreuRLhkMPO6ic3U.15BoHXXwRRUtxtPnS'
                'role_id' => 3
                'created_at' => '2022-02-28 20:01:07'
                'updated_at' => '2022-02-28 20:01:07'
                'user_uuid' => null
            )
            'changes' => Array &691 ()
            'casts' => Array &692 ()
            'classCastCache' => Array &693 ()
            'attributeCastCache' => Array &694 ()
            'dates' => Array &695 ()
            'dateFormat' => null
            'appends' => Array &696 ()
            'dispatchesEvents' => Array &697 ()
            'observables' => Array &698 ()
            'relations' => Array &699 ()
            'touches' => Array &700 ()
            'timestamps' => true
            'visible' => Array &701 ()
            'guarded' => Array &702 (
                0 => '*'
            )
        )
        39 => App\Models\User Object &000000002d3d1c310000000047065e1e (
            'fillable' => Array &703 (
                0 => 'email'
                1 => 'username'
                2 => 'role_id'
                3 => 'id'
            )
            'hidden' => Array &704 (
                0 => 'hashed_password'
            )
            'connection' => 'pgsql'
            'table' => 'users'
            'primaryKey' => 'id'
            'keyType' => 'int'
            'incrementing' => true
            'with' => Array &705 ()
            'withCount' => Array &706 ()
            'preventsLazyLoading' => false
            'perPage' => 15
            'exists' => true
            'wasRecentlyCreated' => false
            'escapeWhenCastingToString' => false
            'attributes' => Array &707 (
                'id' => 108
                'email' => 'korbin92@example.com'
                'username' => 'Mr. Reilly White'
                'hashed_password' => '$2y$10$EWfLke8y6wy0jvtfX2t9NOD6I1.cHKFyNbHTbE6xxAOUeJCyItyFa'
                'role_id' => 3
                'created_at' => '2022-02-28 20:01:07'
                'updated_at' => '2022-02-28 20:01:07'
                'user_uuid' => null
            )
            'original' => Array &708 (
                'id' => 108
                'email' => 'korbin92@example.com'
                'username' => 'Mr. Reilly White'
                'hashed_password' => '$2y$10$EWfLke8y6wy0jvtfX2t9NOD6I1.cHKFyNbHTbE6xxAOUeJCyItyFa'
                'role_id' => 3
                'created_at' => '2022-02-28 20:01:07'
                'updated_at' => '2022-02-28 20:01:07'
                'user_uuid' => null
            )
            'changes' => Array &709 ()
            'casts' => Array &710 ()
            'classCastCache' => Array &711 ()
            'attributeCastCache' => Array &712 ()
            'dates' => Array &713 ()
            'dateFormat' => null
            'appends' => Array &714 ()
            'dispatchesEvents' => Array &715 ()
            'observables' => Array &716 ()
            'relations' => Array &717 ()
            'touches' => Array &718 ()
            'timestamps' => true
            'visible' => Array &719 ()
            'guarded' => Array &720 (
                0 => '*'
            )
        )
        40 => App\Models\User Object &000000002d3d1c4d0000000047065e1e (
            'fillable' => Array &721 (
                0 => 'email'
                1 => 'username'
                2 => 'role_id'
                3 => 'id'
            )
            'hidden' => Array &722 (
                0 => 'hashed_password'
            )
            'connection' => 'pgsql'
            'table' => 'users'
            'primaryKey' => 'id'
            'keyType' => 'int'
            'incrementing' => true
            'with' => Array &723 ()
            'withCount' => Array &724 ()
            'preventsLazyLoading' => false
            'perPage' => 15
            'exists' => true
            'wasRecentlyCreated' => false
            'escapeWhenCastingToString' => false
            'attributes' => Array &725 (
                'id' => 109
                'email' => 'cristian.schaefer@example.net'
                'username' => 'Marcelle Ferry'
                'hashed_password' => '$2y$10$x0wYEY0e2fIvSTOXGeYHFuSyYnfdAEqorA3NBF4n960uaNASq1mZa'
                'role_id' => 3
                'created_at' => '2022-02-28 20:01:07'
                'updated_at' => '2022-02-28 20:01:07'
                'user_uuid' => null
            )
            'original' => Array &726 (
                'id' => 109
                'email' => 'cristian.schaefer@example.net'
                'username' => 'Marcelle Ferry'
                'hashed_password' => '$2y$10$x0wYEY0e2fIvSTOXGeYHFuSyYnfdAEqorA3NBF4n960uaNASq1mZa'
                'role_id' => 3
                'created_at' => '2022-02-28 20:01:07'
                'updated_at' => '2022-02-28 20:01:07'
                'user_uuid' => null
            )
            'changes' => Array &727 ()
            'casts' => Array &728 ()
            'classCastCache' => Array &729 ()
            'attributeCastCache' => Array &730 ()
            'dates' => Array &731 ()
            'dateFormat' => null
            'appends' => Array &732 ()
            'dispatchesEvents' => Array &733 ()
            'observables' => Array &734 ()
            'relations' => Array &735 ()
            'touches' => Array &736 ()
            'timestamps' => true
            'visible' => Array &737 ()
            'guarded' => Array &738 (
                0 => '*'
            )
        )
        41 => App\Models\User Object &000000002d3d1c4c0000000047065e1e (
            'fillable' => Array &739 (
                0 => 'email'
                1 => 'username'
                2 => 'role_id'
                3 => 'id'
            )
            'hidden' => Array &740 (
                0 => 'hashed_password'
            )
            'connection' => 'pgsql'
            'table' => 'users'
            'primaryKey' => 'id'
            'keyType' => 'int'
            'incrementing' => true
            'with' => Array &741 ()
            'withCount' => Array &742 ()
            'preventsLazyLoading' => false
            'perPage' => 15
            'exists' => true
            'wasRecentlyCreated' => false
            'escapeWhenCastingToString' => false
            'attributes' => Array &743 (
                'id' => 110
                'email' => 'uleffler@example.com'
                'username' => 'Humberto Robel DVM'
                'hashed_password' => '$2y$10$57qieYPox4U9AxOmSLJhXOuduiyK5nxUN2cgSxo8gSFXF4e1Obex2'
                'role_id' => 3
                'created_at' => '2022-02-28 20:01:07'
                'updated_at' => '2022-02-28 20:01:07'
                'user_uuid' => null
            )
            'original' => Array &744 (
                'id' => 110
                'email' => 'uleffler@example.com'
                'username' => 'Humberto Robel DVM'
                'hashed_password' => '$2y$10$57qieYPox4U9AxOmSLJhXOuduiyK5nxUN2cgSxo8gSFXF4e1Obex2'
                'role_id' => 3
                'created_at' => '2022-02-28 20:01:07'
                'updated_at' => '2022-02-28 20:01:07'
                'user_uuid' => null
            )
            'changes' => Array &745 ()
            'casts' => Array &746 ()
            'classCastCache' => Array &747 ()
            'attributeCastCache' => Array &748 ()
            'dates' => Array &749 ()
            'dateFormat' => null
            'appends' => Array &750 ()
            'dispatchesEvents' => Array &751 ()
            'observables' => Array &752 ()
            'relations' => Array &753 ()
            'touches' => Array &754 ()
            'timestamps' => true
            'visible' => Array &755 ()
            'guarded' => Array &756 (
                0 => '*'
            )
        )
        42 => App\Models\User Object &000000002d3d1cea0000000047065e1e (
            'fillable' => Array &757 (
                0 => 'email'
                1 => 'username'
                2 => 'role_id'
                3 => 'id'
            )
            'hidden' => Array &758 (
                0 => 'hashed_password'
            )
            'connection' => 'pgsql'
            'table' => 'users'
            'primaryKey' => 'id'
            'keyType' => 'int'
            'incrementing' => true
            'with' => Array &759 ()
            'withCount' => Array &760 ()
            'preventsLazyLoading' => false
            'perPage' => 15
            'exists' => true
            'wasRecentlyCreated' => false
            'escapeWhenCastingToString' => false
            'attributes' => Array &761 (
                'id' => 111
                'email' => 'xmitchell@example.net'
                'username' => 'Ezequiel Parker'
                'hashed_password' => '$2y$10$GJA/6qphFoTbFsjVo2ixHO3Nw02MNLVEc6CsBcVuQjjZ/X8Nue8pu'
                'role_id' => 3
                'created_at' => '2022-02-28 20:01:07'
                'updated_at' => '2022-02-28 20:01:07'
                'user_uuid' => null
            )
            'original' => Array &762 (
                'id' => 111
                'email' => 'xmitchell@example.net'
                'username' => 'Ezequiel Parker'
                'hashed_password' => '$2y$10$GJA/6qphFoTbFsjVo2ixHO3Nw02MNLVEc6CsBcVuQjjZ/X8Nue8pu'
                'role_id' => 3
                'created_at' => '2022-02-28 20:01:07'
                'updated_at' => '2022-02-28 20:01:07'
                'user_uuid' => null
            )
            'changes' => Array &763 ()
            'casts' => Array &764 ()
            'classCastCache' => Array &765 ()
            'attributeCastCache' => Array &766 ()
            'dates' => Array &767 ()
            'dateFormat' => null
            'appends' => Array &768 ()
            'dispatchesEvents' => Array &769 ()
            'observables' => Array &770 ()
            'relations' => Array &771 ()
            'touches' => Array &772 ()
            'timestamps' => true
            'visible' => Array &773 ()
            'guarded' => Array &774 (
                0 => '*'
            )
        )
        43 => App\Models\User Object &000000002d3d13350000000047065e1e (
            'fillable' => Array &775 (
                0 => 'email'
                1 => 'username'
                2 => 'role_id'
                3 => 'id'
            )
            'hidden' => Array &776 (
                0 => 'hashed_password'
            )
            'connection' => 'pgsql'
            'table' => 'users'
            'primaryKey' => 'id'
            'keyType' => 'int'
            'incrementing' => true
            'with' => Array &777 ()
            'withCount' => Array &778 ()
            'preventsLazyLoading' => false
            'perPage' => 15
            'exists' => true
            'wasRecentlyCreated' => false
            'escapeWhenCastingToString' => false
            'attributes' => Array &779 (
                'id' => 112
                'email' => 'delia.sawayn@example.com'
                'username' => 'Nia Kihn'
                'hashed_password' => '$2y$10$ldsuNkIV58I4qzKZB/S0beNFx2mlpQ5sRBjsDXEx8E4DJPGVaoToG'
                'role_id' => 3
                'created_at' => '2022-02-28 20:01:07'
                'updated_at' => '2022-02-28 20:01:07'
                'user_uuid' => null
            )
            'original' => Array &780 (
                'id' => 112
                'email' => 'delia.sawayn@example.com'
                'username' => 'Nia Kihn'
                'hashed_password' => '$2y$10$ldsuNkIV58I4qzKZB/S0beNFx2mlpQ5sRBjsDXEx8E4DJPGVaoToG'
                'role_id' => 3
                'created_at' => '2022-02-28 20:01:07'
                'updated_at' => '2022-02-28 20:01:07'
                'user_uuid' => null
            )
            'changes' => Array &781 ()
            'casts' => Array &782 ()
            'classCastCache' => Array &783 ()
            'attributeCastCache' => Array &784 ()
            'dates' => Array &785 ()
            'dateFormat' => null
            'appends' => Array &786 ()
            'dispatchesEvents' => Array &787 ()
            'observables' => Array &788 ()
            'relations' => Array &789 ()
            'touches' => Array &790 ()
            'timestamps' => true
            'visible' => Array &791 ()
            'guarded' => Array &792 (
                0 => '*'
            )
        )
        44 => App\Models\User Object &000000002d3d1a720000000047065e1e (
            'fillable' => Array &793 (
                0 => 'email'
                1 => 'username'
                2 => 'role_id'
                3 => 'id'
            )
            'hidden' => Array &794 (
                0 => 'hashed_password'
            )
            'connection' => 'pgsql'
            'table' => 'users'
            'primaryKey' => 'id'
            'keyType' => 'int'
            'incrementing' => true
            'with' => Array &795 ()
            'withCount' => Array &796 ()
            'preventsLazyLoading' => false
            'perPage' => 15
            'exists' => true
            'wasRecentlyCreated' => false
            'escapeWhenCastingToString' => false
            'attributes' => Array &797 (
                'id' => 113
                'email' => 'pfannerstill.krista@example.net'
                'username' => 'Hadley Rogahn'
                'hashed_password' => '$2y$10$LbNVUJHgLj.0yDbGZbuGsuu.WV8zKKM90we69pohwquNheF0l7YP6'
                'role_id' => 3
                'created_at' => '2022-02-28 20:01:07'
                'updated_at' => '2022-02-28 20:01:07'
                'user_uuid' => null
            )
            'original' => Array &798 (
                'id' => 113
                'email' => 'pfannerstill.krista@example.net'
                'username' => 'Hadley Rogahn'
                'hashed_password' => '$2y$10$LbNVUJHgLj.0yDbGZbuGsuu.WV8zKKM90we69pohwquNheF0l7YP6'
                'role_id' => 3
                'created_at' => '2022-02-28 20:01:07'
                'updated_at' => '2022-02-28 20:01:07'
                'user_uuid' => null
            )
            'changes' => Array &799 ()
            'casts' => Array &800 ()
            'classCastCache' => Array &801 ()
            'attributeCastCache' => Array &802 ()
            'dates' => Array &803 ()
            'dateFormat' => null
            'appends' => Array &804 ()
            'dispatchesEvents' => Array &805 ()
            'observables' => Array &806 ()
            'relations' => Array &807 ()
            'touches' => Array &808 ()
            'timestamps' => true
            'visible' => Array &809 ()
            'guarded' => Array &810 (
                0 => '*'
            )
        )
        45 => App\Models\User Object &000000002d3d1a0a0000000047065e1e (
            'fillable' => Array &811 (
                0 => 'email'
                1 => 'username'
                2 => 'role_id'
                3 => 'id'
            )
            'hidden' => Array &812 (
                0 => 'hashed_password'
            )
            'connection' => 'pgsql'
            'table' => 'users'
            'primaryKey' => 'id'
            'keyType' => 'int'
            'incrementing' => true
            'with' => Array &813 ()
            'withCount' => Array &814 ()
            'preventsLazyLoading' => false
            'perPage' => 15
            'exists' => true
            'wasRecentlyCreated' => false
            'escapeWhenCastingToString' => false
            'attributes' => Array &815 (
                'id' => 114
                'email' => 'ophelia20@example.org'
                'username' => 'Renee Macejkovic'
                'hashed_password' => '$2y$10$mwDAPHDLpQQFreaXzKNd6u/rXnEA6roqUtZ0bTtxW2oSoQhGW1YIK'
                'role_id' => 3
                'created_at' => '2022-02-28 20:01:07'
                'updated_at' => '2022-02-28 20:01:07'
                'user_uuid' => null
            )
            'original' => Array &816 (
                'id' => 114
                'email' => 'ophelia20@example.org'
                'username' => 'Renee Macejkovic'
                'hashed_password' => '$2y$10$mwDAPHDLpQQFreaXzKNd6u/rXnEA6roqUtZ0bTtxW2oSoQhGW1YIK'
                'role_id' => 3
                'created_at' => '2022-02-28 20:01:07'
                'updated_at' => '2022-02-28 20:01:07'
                'user_uuid' => null
            )
            'changes' => Array &817 ()
            'casts' => Array &818 ()
            'classCastCache' => Array &819 ()
            'attributeCastCache' => Array &820 ()
            'dates' => Array &821 ()
            'dateFormat' => null
            'appends' => Array &822 ()
            'dispatchesEvents' => Array &823 ()
            'observables' => Array &824 ()
            'relations' => Array &825 ()
            'touches' => Array &826 ()
            'timestamps' => true
            'visible' => Array &827 ()
            'guarded' => Array &828 (
                0 => '*'
            )
        )
        46 => App\Models\User Object &000000002d3d1a090000000047065e1e (
            'fillable' => Array &829 (
                0 => 'email'
                1 => 'username'
                2 => 'role_id'
                3 => 'id'
            )
            'hidden' => Array &830 (
                0 => 'hashed_password'
            )
            'connection' => 'pgsql'
            'table' => 'users'
            'primaryKey' => 'id'
            'keyType' => 'int'
            'incrementing' => true
            'with' => Array &831 ()
            'withCount' => Array &832 ()
            'preventsLazyLoading' => false
            'perPage' => 15
            'exists' => true
            'wasRecentlyCreated' => false
            'escapeWhenCastingToString' => false
            'attributes' => Array &833 (
                'id' => 115
                'email' => 'deckow.rose@example.org'
                'username' => 'Ms. Geraldine Hayes II'
                'hashed_password' => '$2y$10$AxJAlZuAd2..JlC2txAyJeGdKq4kK390gCmYNcpkKwa23.DQr98t6'
                'role_id' => 3
                'created_at' => '2022-02-28 20:01:07'
                'updated_at' => '2022-02-28 20:01:07'
                'user_uuid' => null
            )
            'original' => Array &834 (
                'id' => 115
                'email' => 'deckow.rose@example.org'
                'username' => 'Ms. Geraldine Hayes II'
                'hashed_password' => '$2y$10$AxJAlZuAd2..JlC2txAyJeGdKq4kK390gCmYNcpkKwa23.DQr98t6'
                'role_id' => 3
                'created_at' => '2022-02-28 20:01:07'
                'updated_at' => '2022-02-28 20:01:07'
                'user_uuid' => null
            )
            'changes' => Array &835 ()
            'casts' => Array &836 ()
            'classCastCache' => Array &837 ()
            'attributeCastCache' => Array &838 ()
            'dates' => Array &839 ()
            'dateFormat' => null
            'appends' => Array &840 ()
            'dispatchesEvents' => Array &841 ()
            'observables' => Array &842 ()
            'relations' => Array &843 ()
            'touches' => Array &844 ()
            'timestamps' => true
            'visible' => Array &845 ()
            'guarded' => Array &846 (
                0 => '*'
            )
        )
        47 => App\Models\User Object &000000002d3d1bbc0000000047065e1e (
            'fillable' => Array &847 (
                0 => 'email'
                1 => 'username'
                2 => 'role_id'
                3 => 'id'
            )
            'hidden' => Array &848 (
                0 => 'hashed_password'
            )
            'connection' => 'pgsql'
            'table' => 'users'
            'primaryKey' => 'id'
            'keyType' => 'int'
            'incrementing' => true
            'with' => Array &849 ()
            'withCount' => Array &850 ()
            'preventsLazyLoading' => false
            'perPage' => 15
            'exists' => true
            'wasRecentlyCreated' => false
            'escapeWhenCastingToString' => false
            'attributes' => Array &851 (
                'id' => 502
                'email' => 'lsmitham@example.com'
                'username' => 'Layla Kulas'
                'hashed_password' => '$2y$10$oCFvsQ0KJqb2JtFrby1VTOaAIL2GcgcVpJzZ6mA.GeS7C54f8ldgu'
                'role_id' => 3
                'created_at' => '2022-03-02 20:13:52'
                'updated_at' => '2022-03-02 20:13:52'
                'user_uuid' => null
            )
            'original' => Array &852 (
                'id' => 502
                'email' => 'lsmitham@example.com'
                'username' => 'Layla Kulas'
                'hashed_password' => '$2y$10$oCFvsQ0KJqb2JtFrby1VTOaAIL2GcgcVpJzZ6mA.GeS7C54f8ldgu'
                'role_id' => 3
                'created_at' => '2022-03-02 20:13:52'
                'updated_at' => '2022-03-02 20:13:52'
                'user_uuid' => null
            )
            'changes' => Array &853 ()
            'casts' => Array &854 ()
            'classCastCache' => Array &855 ()
            'attributeCastCache' => Array &856 ()
            'dates' => Array &857 ()
            'dateFormat' => null
            'appends' => Array &858 ()
            'dispatchesEvents' => Array &859 ()
            'observables' => Array &860 ()
            'relations' => Array &861 ()
            'touches' => Array &862 ()
            'timestamps' => true
            'visible' => Array &863 ()
            'guarded' => Array &864 (
                0 => '*'
            )
        )
        48 => App\Models\User Object &000000002d3d1aeb0000000047065e1e (
            'fillable' => Array &865 (
                0 => 'email'
                1 => 'username'
                2 => 'role_id'
                3 => 'id'
            )
            'hidden' => Array &866 (
                0 => 'hashed_password'
            )
            'connection' => 'pgsql'
            'table' => 'users'
            'primaryKey' => 'id'
            'keyType' => 'int'
            'incrementing' => true
            'with' => Array &867 ()
            'withCount' => Array &868 ()
            'preventsLazyLoading' => false
            'perPage' => 15
            'exists' => true
            'wasRecentlyCreated' => false
            'escapeWhenCastingToString' => false
            'attributes' => Array &869 (
                'id' => 503
                'email' => 'ardella.jones@example.org'
                'username' => 'Eleonore Schumm Jr.'
                'hashed_password' => '$2y$10$XcGWuwdqfUI31sUx.SQxOu10U4Hvof/LcejigXyjMKg45YtmYcAB.'
                'role_id' => 3
                'created_at' => '2022-03-02 20:13:52'
                'updated_at' => '2022-03-02 20:13:52'
                'user_uuid' => null
            )
            'original' => Array &870 (
                'id' => 503
                'email' => 'ardella.jones@example.org'
                'username' => 'Eleonore Schumm Jr.'
                'hashed_password' => '$2y$10$XcGWuwdqfUI31sUx.SQxOu10U4Hvof/LcejigXyjMKg45YtmYcAB.'
                'role_id' => 3
                'created_at' => '2022-03-02 20:13:52'
                'updated_at' => '2022-03-02 20:13:52'
                'user_uuid' => null
            )
            'changes' => Array &871 ()
            'casts' => Array &872 ()
            'classCastCache' => Array &873 ()
            'attributeCastCache' => Array &874 ()
            'dates' => Array &875 ()
            'dateFormat' => null
            'appends' => Array &876 ()
            'dispatchesEvents' => Array &877 ()
            'observables' => Array &878 ()
            'relations' => Array &879 ()
            'touches' => Array &880 ()
            'timestamps' => true
            'visible' => Array &881 ()
            'guarded' => Array &882 (
                0 => '*'
            )
        )
        49 => App\Models\User Object &000000002d3d10610000000047065e1e (
            'fillable' => Array &883 (
                0 => 'email'
                1 => 'username'
                2 => 'role_id'
                3 => 'id'
            )
            'hidden' => Array &884 (
                0 => 'hashed_password'
            )
            'connection' => 'pgsql'
            'table' => 'users'
            'primaryKey' => 'id'
            'keyType' => 'int'
            'incrementing' => true
            'with' => Array &885 ()
            'withCount' => Array &886 ()
            'preventsLazyLoading' => false
            'perPage' => 15
            'exists' => true
            'wasRecentlyCreated' => false
            'escapeWhenCastingToString' => false
            'attributes' => Array &887 (
                'id' => 504
                'email' => 'ettie.jakubowski@example.com'
                'username' => 'Cheyenne Welch'
                'hashed_password' => '$2y$10$CRPOJvwz4ZXI/Ia0x8sL/O2YUsWnAf.ELGekMn6ncjQntIJholukC'
                'role_id' => 3
                'created_at' => '2022-03-02 20:13:52'
                'updated_at' => '2022-03-02 20:13:52'
                'user_uuid' => null
            )
            'original' => Array &888 (
                'id' => 504
                'email' => 'ettie.jakubowski@example.com'
                'username' => 'Cheyenne Welch'
                'hashed_password' => '$2y$10$CRPOJvwz4ZXI/Ia0x8sL/O2YUsWnAf.ELGekMn6ncjQntIJholukC'
                'role_id' => 3
                'created_at' => '2022-03-02 20:13:52'
                'updated_at' => '2022-03-02 20:13:52'
                'user_uuid' => null
            )
            'changes' => Array &889 ()
            'casts' => Array &890 ()
            'classCastCache' => Array &891 ()
            'attributeCastCache' => Array &892 ()
            'dates' => Array &893 ()
            'dateFormat' => null
            'appends' => Array &894 ()
            'dispatchesEvents' => Array &895 ()
            'observables' => Array &896 ()
            'relations' => Array &897 ()
            'touches' => Array &898 ()
            'timestamps' => true
            'visible' => Array &899 ()
            'guarded' => Array &900 (
                0 => '*'
            )
        )
        50 => App\Models\User Object &000000002d3d105e0000000047065e1e (
            'fillable' => Array &901 (
                0 => 'email'
                1 => 'username'
                2 => 'role_id'
                3 => 'id'
            )
            'hidden' => Array &902 (
                0 => 'hashed_password'
            )
            'connection' => 'pgsql'
            'table' => 'users'
            'primaryKey' => 'id'
            'keyType' => 'int'
            'incrementing' => true
            'with' => Array &903 ()
            'withCount' => Array &904 ()
            'preventsLazyLoading' => false
            'perPage' => 15
            'exists' => true
            'wasRecentlyCreated' => false
            'escapeWhenCastingToString' => false
            'attributes' => Array &905 (
                'id' => 505
                'email' => 'amy05@example.com'
                'username' => 'Ulises Pagac'
                'hashed_password' => '$2y$10$PF762AIuBs.cvq3qcnBh4OURGemmrmxn8DUGG7HHYOguhvfJc331y'
                'role_id' => 3
                'created_at' => '2022-03-02 20:13:52'
                'updated_at' => '2022-03-02 20:13:52'
                'user_uuid' => null
            )
            'original' => Array &906 (
                'id' => 505
                'email' => 'amy05@example.com'
                'username' => 'Ulises Pagac'
                'hashed_password' => '$2y$10$PF762AIuBs.cvq3qcnBh4OURGemmrmxn8DUGG7HHYOguhvfJc331y'
                'role_id' => 3
                'created_at' => '2022-03-02 20:13:52'
                'updated_at' => '2022-03-02 20:13:52'
                'user_uuid' => null
            )
            'changes' => Array &907 ()
            'casts' => Array &908 ()
            'classCastCache' => Array &909 ()
            'attributeCastCache' => Array &910 ()
            'dates' => Array &911 ()
            'dateFormat' => null
            'appends' => Array &912 ()
            'dispatchesEvents' => Array &913 ()
            'observables' => Array &914 ()
            'relations' => Array &915 ()
            'touches' => Array &916 ()
            'timestamps' => true
            'visible' => Array &917 ()
            'guarded' => Array &918 (
                0 => '*'
            )
        )
        51 => App\Models\User Object &000000002d3d10780000000047065e1e (
            'fillable' => Array &919 (
                0 => 'email'
                1 => 'username'
                2 => 'role_id'
                3 => 'id'
            )
            'hidden' => Array &920 (
                0 => 'hashed_password'
            )
            'connection' => 'pgsql'
            'table' => 'users'
            'primaryKey' => 'id'
            'keyType' => 'int'
            'incrementing' => true
            'with' => Array &921 ()
            'withCount' => Array &922 ()
            'preventsLazyLoading' => false
            'perPage' => 15
            'exists' => true
            'wasRecentlyCreated' => false
            'escapeWhenCastingToString' => false
            'attributes' => Array &923 (
                'id' => 589
                'email' => 'mcclure.sylvan@example.com'
                'username' => 'Lorenza O'Conner'
                'hashed_password' => '$2y$10$6k39Xs8tAwijUDV2IHN3POb6szFpdLY0ELR90QD3pFVx/TSn.XmCG'
                'role_id' => 3
                'created_at' => '2022-03-03 20:14:04'
                'updated_at' => '2022-03-03 20:14:04'
                'user_uuid' => null
            )
            'original' => Array &924 (
                'id' => 589
                'email' => 'mcclure.sylvan@example.com'
                'username' => 'Lorenza O'Conner'
                'hashed_password' => '$2y$10$6k39Xs8tAwijUDV2IHN3POb6szFpdLY0ELR90QD3pFVx/TSn.XmCG'
                'role_id' => 3
                'created_at' => '2022-03-03 20:14:04'
                'updated_at' => '2022-03-03 20:14:04'
                'user_uuid' => null
            )
            'changes' => Array &925 ()
            'casts' => Array &926 ()
            'classCastCache' => Array &927 ()
            'attributeCastCache' => Array &928 ()
            'dates' => Array &929 ()
            'dateFormat' => null
            'appends' => Array &930 ()
            'dispatchesEvents' => Array &931 ()
            'observables' => Array &932 ()
            'relations' => Array &933 ()
            'touches' => Array &934 ()
            'timestamps' => true
            'visible' => Array &935 ()
            'guarded' => Array &936 (
                0 => '*'
            )
        )
        52 => App\Models\User Object &000000002d3d10640000000047065e1e (
            'fillable' => Array &937 (
                0 => 'email'
                1 => 'username'
                2 => 'role_id'
                3 => 'id'
            )
            'hidden' => Array &938 (
                0 => 'hashed_password'
            )
            'connection' => 'pgsql'
            'table' => 'users'
            'primaryKey' => 'id'
            'keyType' => 'int'
            'incrementing' => true
            'with' => Array &939 ()
            'withCount' => Array &940 ()
            'preventsLazyLoading' => false
            'perPage' => 15
            'exists' => true
            'wasRecentlyCreated' => false
            'escapeWhenCastingToString' => false
            'attributes' => Array &941 (
                'id' => 590
                'email' => 'schneider.westley@example.org'
                'username' => 'Geraldine Mayert'
                'hashed_password' => '$2y$10$MmkYFlWaAp3OgX0DPXIn5.Wupg3B6GW6wLN7nczdpz6smGL6lUNNS'
                'role_id' => 3
                'created_at' => '2022-03-03 20:14:04'
                'updated_at' => '2022-03-03 20:14:04'
                'user_uuid' => null
            )
            'original' => Array &942 (
                'id' => 590
                'email' => 'schneider.westley@example.org'
                'username' => 'Geraldine Mayert'
                'hashed_password' => '$2y$10$MmkYFlWaAp3OgX0DPXIn5.Wupg3B6GW6wLN7nczdpz6smGL6lUNNS'
                'role_id' => 3
                'created_at' => '2022-03-03 20:14:04'
                'updated_at' => '2022-03-03 20:14:04'
                'user_uuid' => null
            )
            'changes' => Array &943 ()
            'casts' => Array &944 ()
            'classCastCache' => Array &945 ()
            'attributeCastCache' => Array &946 ()
            'dates' => Array &947 ()
            'dateFormat' => null
            'appends' => Array &948 ()
            'dispatchesEvents' => Array &949 ()
            'observables' => Array &950 ()
            'relations' => Array &951 ()
            'touches' => Array &952 ()
            'timestamps' => true
            'visible' => Array &953 ()
            'guarded' => Array &954 (
                0 => '*'
            )
        )
        53 => App\Models\User Object &000000002d3d1bc20000000047065e1e (
            'fillable' => Array &955 (
                0 => 'email'
                1 => 'username'
                2 => 'role_id'
                3 => 'id'
            )
            'hidden' => Array &956 (
                0 => 'hashed_password'
            )
            'connection' => 'pgsql'
            'table' => 'users'
            'primaryKey' => 'id'
            'keyType' => 'int'
            'incrementing' => true
            'with' => Array &957 ()
            'withCount' => Array &958 ()
            'preventsLazyLoading' => false
            'perPage' => 15
            'exists' => true
            'wasRecentlyCreated' => false
            'escapeWhenCastingToString' => false
            'attributes' => Array &959 (
                'id' => 591
                'email' => 'emelia.stokes@example.org'
                'username' => 'Prof. Jaydon Mante'
                'hashed_password' => '$2y$10$rspoRHvKFdAByohxbsE5uu4c3bKAX0KNa.YkBgKXKYSC3Q18oGhFS'
                'role_id' => 3
                'created_at' => '2022-03-03 20:14:04'
                'updated_at' => '2022-03-03 20:14:04'
                'user_uuid' => null
            )
            'original' => Array &960 (
                'id' => 591
                'email' => 'emelia.stokes@example.org'
                'username' => 'Prof. Jaydon Mante'
                'hashed_password' => '$2y$10$rspoRHvKFdAByohxbsE5uu4c3bKAX0KNa.YkBgKXKYSC3Q18oGhFS'
                'role_id' => 3
                'created_at' => '2022-03-03 20:14:04'
                'updated_at' => '2022-03-03 20:14:04'
                'user_uuid' => null
            )
            'changes' => Array &961 ()
            'casts' => Array &962 ()
            'classCastCache' => Array &963 ()
            'attributeCastCache' => Array &964 ()
            'dates' => Array &965 ()
            'dateFormat' => null
            'appends' => Array &966 ()
            'dispatchesEvents' => Array &967 ()
            'observables' => Array &968 ()
            'relations' => Array &969 ()
            'touches' => Array &970 ()
            'timestamps' => true
            'visible' => Array &971 ()
            'guarded' => Array &972 (
                0 => '*'
            )
        )
        54 => App\Models\User Object &000000002d3d1bc30000000047065e1e (
            'fillable' => Array &973 (
                0 => 'email'
                1 => 'username'
                2 => 'role_id'
                3 => 'id'
            )
            'hidden' => Array &974 (
                0 => 'hashed_password'
            )
            'connection' => 'pgsql'
            'table' => 'users'
            'primaryKey' => 'id'
            'keyType' => 'int'
            'incrementing' => true
            'with' => Array &975 ()
            'withCount' => Array &976 ()
            'preventsLazyLoading' => false
            'perPage' => 15
            'exists' => true
            'wasRecentlyCreated' => false
            'escapeWhenCastingToString' => false
            'attributes' => Array &977 (
                'id' => 592
                'email' => 'trevion.sporer@example.org'
                'username' => 'Mrs. Meda Kunze MD'
                'hashed_password' => '$2y$10$htPNlwRbXbVVx8Xr7XQ/LeUbQtL6haK2Td3UNpbqyEzKDOpXQerX.'
                'role_id' => 3
                'created_at' => '2022-03-03 20:14:04'
                'updated_at' => '2022-03-03 20:14:04'
                'user_uuid' => null
            )
            'original' => Array &978 (
                'id' => 592
                'email' => 'trevion.sporer@example.org'
                'username' => 'Mrs. Meda Kunze MD'
                'hashed_password' => '$2y$10$htPNlwRbXbVVx8Xr7XQ/LeUbQtL6haK2Td3UNpbqyEzKDOpXQerX.'
                'role_id' => 3
                'created_at' => '2022-03-03 20:14:04'
                'updated_at' => '2022-03-03 20:14:04'
                'user_uuid' => null
            )
            'changes' => Array &979 ()
            'casts' => Array &980 ()
            'classCastCache' => Array &981 ()
            'attributeCastCache' => Array &982 ()
            'dates' => Array &983 ()
            'dateFormat' => null
            'appends' => Array &984 ()
            'dispatchesEvents' => Array &985 ()
            'observables' => Array &986 ()
            'relations' => Array &987 ()
            'touches' => Array &988 ()
            'timestamps' => true
            'visible' => Array &989 ()
            'guarded' => Array &990 (
                0 => '*'
            )
        )
        55 => App\Models\User Object &000000002d3d10770000000047065e1e (
            'fillable' => Array &991 (
                0 => 'email'
                1 => 'username'
                2 => 'role_id'
                3 => 'id'
            )
            'hidden' => Array &992 (
                0 => 'hashed_password'
            )
            'connection' => 'pgsql'
            'table' => 'users'
            'primaryKey' => 'id'
            'keyType' => 'int'
            'incrementing' => true
            'with' => Array &993 ()
            'withCount' => Array &994 ()
            'preventsLazyLoading' => false
            'perPage' => 15
            'exists' => true
            'wasRecentlyCreated' => false
            'escapeWhenCastingToString' => false
            'attributes' => Array &995 (
                'id' => 593
                'email' => 'verdie12@example.com'
                'username' => 'Benton Fahey'
                'hashed_password' => '$2y$10$.e12ACrWaGQlvmXD0a5lkeWBxB26fwDyswnBt0QsvJTFwg.BzNLEK'
                'role_id' => 3
                'created_at' => '2022-03-03 20:14:04'
                'updated_at' => '2022-03-03 20:14:04'
                'user_uuid' => null
            )
            'original' => Array &996 (
                'id' => 593
                'email' => 'verdie12@example.com'
                'username' => 'Benton Fahey'
                'hashed_password' => '$2y$10$.e12ACrWaGQlvmXD0a5lkeWBxB26fwDyswnBt0QsvJTFwg.BzNLEK'
                'role_id' => 3
                'created_at' => '2022-03-03 20:14:04'
                'updated_at' => '2022-03-03 20:14:04'
                'user_uuid' => null
            )
            'changes' => Array &997 ()
            'casts' => Array &998 ()
            'classCastCache' => Array &999 ()
            'attributeCastCache' => Array &1000 ()
            'dates' => Array &1001 ()
            'dateFormat' => null
            'appends' => Array &1002 ()
            'dispatchesEvents' => Array &1003 ()
            'observables' => Array &1004 ()
            'relations' => Array &1005 ()
            'touches' => Array &1006 ()
            'timestamps' => true
            'visible' => Array &1007 ()
            'guarded' => Array &1008 (
                0 => '*'
            )
        )
        56 => App\Models\User Object &000000002d3d178a0000000047065e1e (
            'fillable' => Array &1009 (
                0 => 'email'
                1 => 'username'
                2 => 'role_id'
                3 => 'id'
            )
            'hidden' => Array &1010 (
                0 => 'hashed_password'
            )
            'connection' => 'pgsql'
            'table' => 'users'
            'primaryKey' => 'id'
            'keyType' => 'int'
            'incrementing' => true
            'with' => Array &1011 ()
            'withCount' => Array &1012 ()
            'preventsLazyLoading' => false
            'perPage' => 15
            'exists' => true
            'wasRecentlyCreated' => false
            'escapeWhenCastingToString' => false
            'attributes' => Array &1013 (
                'id' => 594
                'email' => 'chasity.waelchi@example.org'
                'username' => 'Helene Parker II'
                'hashed_password' => '$2y$10$XwcPTGNvTYXKWdsZ7p2I7.p8FVaXIS0TJ8IrXQWwuEQWKHl/xvUX.'
                'role_id' => 3
                'created_at' => '2022-03-03 20:14:04'
                'updated_at' => '2022-03-03 20:14:04'
                'user_uuid' => null
            )
            'original' => Array &1014 (
                'id' => 594
                'email' => 'chasity.waelchi@example.org'
                'username' => 'Helene Parker II'
                'hashed_password' => '$2y$10$XwcPTGNvTYXKWdsZ7p2I7.p8FVaXIS0TJ8IrXQWwuEQWKHl/xvUX.'
                'role_id' => 3
                'created_at' => '2022-03-03 20:14:04'
                'updated_at' => '2022-03-03 20:14:04'
                'user_uuid' => null
            )
            'changes' => Array &1015 ()
            'casts' => Array &1016 ()
            'classCastCache' => Array &1017 ()
            'attributeCastCache' => Array &1018 ()
            'dates' => Array &1019 ()
            'dateFormat' => null
            'appends' => Array &1020 ()
            'dispatchesEvents' => Array &1021 ()
            'observables' => Array &1022 ()
            'relations' => Array &1023 ()
            'touches' => Array &1024 ()
            'timestamps' => true
            'visible' => Array &1025 ()
            'guarded' => Array &1026 (
                0 => '*'
            )
        )
        57 => App\Models\User Object &000000002d3d10460000000047065e1e (
            'fillable' => Array &1027 (
                0 => 'email'
                1 => 'username'
                2 => 'role_id'
                3 => 'id'
            )
            'hidden' => Array &1028 (
                0 => 'hashed_password'
            )
            'connection' => 'pgsql'
            'table' => 'users'
            'primaryKey' => 'id'
            'keyType' => 'int'
            'incrementing' => true
            'with' => Array &1029 ()
            'withCount' => Array &1030 ()
            'preventsLazyLoading' => false
            'perPage' => 15
            'exists' => true
            'wasRecentlyCreated' => false
            'escapeWhenCastingToString' => false
            'attributes' => Array &1031 (
                'id' => 595
                'email' => 'yasmin.walsh@example.org'
                'username' => 'Bernard Rice'
                'hashed_password' => '$2y$10$ZUGUP.L9GvhYIznM/1t7AOs05N4gTZQjb66HQxzBzGoTVI.dsUvi.'
                'role_id' => 3
                'created_at' => '2022-03-03 20:14:05'
                'updated_at' => '2022-03-03 20:14:05'
                'user_uuid' => null
            )
            'original' => Array &1032 (
                'id' => 595
                'email' => 'yasmin.walsh@example.org'
                'username' => 'Bernard Rice'
                'hashed_password' => '$2y$10$ZUGUP.L9GvhYIznM/1t7AOs05N4gTZQjb66HQxzBzGoTVI.dsUvi.'
                'role_id' => 3
                'created_at' => '2022-03-03 20:14:05'
                'updated_at' => '2022-03-03 20:14:05'
                'user_uuid' => null
            )
            'changes' => Array &1033 ()
            'casts' => Array &1034 ()
            'classCastCache' => Array &1035 ()
            'attributeCastCache' => Array &1036 ()
            'dates' => Array &1037 ()
            'dateFormat' => null
            'appends' => Array &1038 ()
            'dispatchesEvents' => Array &1039 ()
            'observables' => Array &1040 ()
            'relations' => Array &1041 ()
            'touches' => Array &1042 ()
            'timestamps' => true
            'visible' => Array &1043 ()
            'guarded' => Array &1044 (
                0 => '*'
            )
        )
        58 => App\Models\User Object &000000002d3d17760000000047065e1e (
            'fillable' => Array &1045 (
                0 => 'email'
                1 => 'username'
                2 => 'role_id'
                3 => 'id'
            )
            'hidden' => Array &1046 (
                0 => 'hashed_password'
            )
            'connection' => 'pgsql'
            'table' => 'users'
            'primaryKey' => 'id'
            'keyType' => 'int'
            'incrementing' => true
            'with' => Array &1047 ()
            'withCount' => Array &1048 ()
            'preventsLazyLoading' => false
            'perPage' => 15
            'exists' => true
            'wasRecentlyCreated' => false
            'escapeWhenCastingToString' => false
            'attributes' => Array &1049 (
                'id' => 596
                'email' => 'wkuhlman@example.org'
                'username' => 'Tierra Swaniawski'
                'hashed_password' => '$2y$10$J.9GMsplhgrw7Z2EABANeOLOpzx88kmIE2rfJfiX.K2Typ8olkFdO'
                'role_id' => 3
                'created_at' => '2022-03-03 20:14:05'
                'updated_at' => '2022-03-03 20:14:05'
                'user_uuid' => null
            )
            'original' => Array &1050 (
                'id' => 596
                'email' => 'wkuhlman@example.org'
                'username' => 'Tierra Swaniawski'
                'hashed_password' => '$2y$10$J.9GMsplhgrw7Z2EABANeOLOpzx88kmIE2rfJfiX.K2Typ8olkFdO'
                'role_id' => 3
                'created_at' => '2022-03-03 20:14:05'
                'updated_at' => '2022-03-03 20:14:05'
                'user_uuid' => null
            )
            'changes' => Array &1051 ()
            'casts' => Array &1052 ()
            'classCastCache' => Array &1053 ()
            'attributeCastCache' => Array &1054 ()
            'dates' => Array &1055 ()
            'dateFormat' => null
            'appends' => Array &1056 ()
            'dispatchesEvents' => Array &1057 ()
            'observables' => Array &1058 ()
            'relations' => Array &1059 ()
            'touches' => Array &1060 ()
            'timestamps' => true
            'visible' => Array &1061 ()
            'guarded' => Array &1062 (
                0 => '*'
            )
        )
        59 => App\Models\User Object &000000002d3d17740000000047065e1e (
            'fillable' => Array &1063 (
                0 => 'email'
                1 => 'username'
                2 => 'role_id'
                3 => 'id'
            )
            'hidden' => Array &1064 (
                0 => 'hashed_password'
            )
            'connection' => 'pgsql'
            'table' => 'users'
            'primaryKey' => 'id'
            'keyType' => 'int'
            'incrementing' => true
            'with' => Array &1065 ()
            'withCount' => Array &1066 ()
            'preventsLazyLoading' => false
            'perPage' => 15
            'exists' => true
            'wasRecentlyCreated' => false
            'escapeWhenCastingToString' => false
            'attributes' => Array &1067 (
                'id' => 597
                'email' => 'herzog.marie@example.org'
                'username' => 'Kennedi Dibbert'
                'hashed_password' => '$2y$10$NOB4cl40EDDA2lo0vJJBu.8nV80Rv5/YBAApU/xax8T/WbbwOCvdq'
                'role_id' => 3
                'created_at' => '2022-03-03 20:14:05'
                'updated_at' => '2022-03-03 20:14:05'
                'user_uuid' => null
            )
            'original' => Array &1068 (
                'id' => 597
                'email' => 'herzog.marie@example.org'
                'username' => 'Kennedi Dibbert'
                'hashed_password' => '$2y$10$NOB4cl40EDDA2lo0vJJBu.8nV80Rv5/YBAApU/xax8T/WbbwOCvdq'
                'role_id' => 3
                'created_at' => '2022-03-03 20:14:05'
                'updated_at' => '2022-03-03 20:14:05'
                'user_uuid' => null
            )
            'changes' => Array &1069 ()
            'casts' => Array &1070 ()
            'classCastCache' => Array &1071 ()
            'attributeCastCache' => Array &1072 ()
            'dates' => Array &1073 ()
            'dateFormat' => null
            'appends' => Array &1074 ()
            'dispatchesEvents' => Array &1075 ()
            'observables' => Array &1076 ()
            'relations' => Array &1077 ()
            'touches' => Array &1078 ()
            'timestamps' => true
            'visible' => Array &1079 ()
            'guarded' => Array &1080 (
                0 => '*'
            )
        )
        60 => App\Models\User Object &000000002d3d1bec0000000047065e1e (
            'fillable' => Array &1081 (
                0 => 'email'
                1 => 'username'
                2 => 'role_id'
                3 => 'id'
            )
            'hidden' => Array &1082 (
                0 => 'hashed_password'
            )
            'connection' => 'pgsql'
            'table' => 'users'
            'primaryKey' => 'id'
            'keyType' => 'int'
            'incrementing' => true
            'with' => Array &1083 ()
            'withCount' => Array &1084 ()
            'preventsLazyLoading' => false
            'perPage' => 15
            'exists' => true
            'wasRecentlyCreated' => false
            'escapeWhenCastingToString' => false
            'attributes' => Array &1085 (
                'id' => 598
                'email' => 'wilfredo41@example.net'
                'username' => 'Hayley Shanahan'
                'hashed_password' => '$2y$10$BIediE6BChwvMMUbNZN7Y.VfL9i636ZSsQDX5TFqCSF6wUm6OsbUa'
                'role_id' => 3
                'created_at' => '2022-03-03 20:14:05'
                'updated_at' => '2022-03-03 20:14:05'
                'user_uuid' => null
            )
            'original' => Array &1086 (
                'id' => 598
                'email' => 'wilfredo41@example.net'
                'username' => 'Hayley Shanahan'
                'hashed_password' => '$2y$10$BIediE6BChwvMMUbNZN7Y.VfL9i636ZSsQDX5TFqCSF6wUm6OsbUa'
                'role_id' => 3
                'created_at' => '2022-03-03 20:14:05'
                'updated_at' => '2022-03-03 20:14:05'
                'user_uuid' => null
            )
            'changes' => Array &1087 ()
            'casts' => Array &1088 ()
            'classCastCache' => Array &1089 ()
            'attributeCastCache' => Array &1090 ()
            'dates' => Array &1091 ()
            'dateFormat' => null
            'appends' => Array &1092 ()
            'dispatchesEvents' => Array &1093 ()
            'observables' => Array &1094 ()
            'relations' => Array &1095 ()
            'touches' => Array &1096 ()
            'timestamps' => true
            'visible' => Array &1097 ()
            'guarded' => Array &1098 (
                0 => '*'
            )
        )
        61 => App\Models\User Object &000000002d3d1c3f0000000047065e1e (
            'fillable' => Array &1099 (
                0 => 'email'
                1 => 'username'
                2 => 'role_id'
                3 => 'id'
            )
            'hidden' => Array &1100 (
                0 => 'hashed_password'
            )
            'connection' => 'pgsql'
            'table' => 'users'
            'primaryKey' => 'id'
            'keyType' => 'int'
            'incrementing' => true
            'with' => Array &1101 ()
            'withCount' => Array &1102 ()
            'preventsLazyLoading' => false
            'perPage' => 15
            'exists' => true
            'wasRecentlyCreated' => false
            'escapeWhenCastingToString' => false
            'attributes' => Array &1103 (
                'id' => 608
                'email' => 'maeve.zulauf@example.org'
                'username' => 'Kirstin Hane DVM'
                'hashed_password' => '$2y$10$cF9CVGRkW/jWFDNd7fcaDu9.D4GHPOQwSFxuXVst2gSWh8b7WfDJ6'
                'role_id' => 3
                'created_at' => '2022-03-03 20:14:27'
                'updated_at' => '2022-03-03 20:14:27'
                'user_uuid' => null
            )
            'original' => Array &1104 (
                'id' => 608
                'email' => 'maeve.zulauf@example.org'
                'username' => 'Kirstin Hane DVM'
                'hashed_password' => '$2y$10$cF9CVGRkW/jWFDNd7fcaDu9.D4GHPOQwSFxuXVst2gSWh8b7WfDJ6'
                'role_id' => 3
                'created_at' => '2022-03-03 20:14:27'
                'updated_at' => '2022-03-03 20:14:27'
                'user_uuid' => null
            )
            'changes' => Array &1105 ()
            'casts' => Array &1106 ()
            'classCastCache' => Array &1107 ()
            'attributeCastCache' => Array &1108 ()
            'dates' => Array &1109 ()
            'dateFormat' => null
            'appends' => Array &1110 ()
            'dispatchesEvents' => Array &1111 ()
            'observables' => Array &1112 ()
            'relations' => Array &1113 ()
            'touches' => Array &1114 ()
            'timestamps' => true
            'visible' => Array &1115 ()
            'guarded' => Array &1116 (
                0 => '*'
            )
        )
        62 => App\Models\User Object &000000002d3d1bef0000000047065e1e (
            'fillable' => Array &1117 (
                0 => 'email'
                1 => 'username'
                2 => 'role_id'
                3 => 'id'
            )
            'hidden' => Array &1118 (
                0 => 'hashed_password'
            )
            'connection' => 'pgsql'
            'table' => 'users'
            'primaryKey' => 'id'
            'keyType' => 'int'
            'incrementing' => true
            'with' => Array &1119 ()
            'withCount' => Array &1120 ()
            'preventsLazyLoading' => false
            'perPage' => 15
            'exists' => true
            'wasRecentlyCreated' => false
            'escapeWhenCastingToString' => false
            'attributes' => Array &1121 (
                'id' => 609
                'email' => 'madelynn.rohan@example.net'
                'username' => 'Prof. Enola Batz Sr.'
                'hashed_password' => '$2y$10$wIaDwV17RQt1bIra5JJWbOAjmSluSkEztOjwYS2JNV4NJl4IElira'
                'role_id' => 3
                'created_at' => '2022-03-03 20:14:27'
                'updated_at' => '2022-03-03 20:14:27'
                'user_uuid' => null
            )
            'original' => Array &1122 (
                'id' => 609
                'email' => 'madelynn.rohan@example.net'
                'username' => 'Prof. Enola Batz Sr.'
                'hashed_password' => '$2y$10$wIaDwV17RQt1bIra5JJWbOAjmSluSkEztOjwYS2JNV4NJl4IElira'
                'role_id' => 3
                'created_at' => '2022-03-03 20:14:27'
                'updated_at' => '2022-03-03 20:14:27'
                'user_uuid' => null
            )
            'changes' => Array &1123 ()
            'casts' => Array &1124 ()
            'classCastCache' => Array &1125 ()
            'attributeCastCache' => Array &1126 ()
            'dates' => Array &1127 ()
            'dateFormat' => null
            'appends' => Array &1128 ()
            'dispatchesEvents' => Array &1129 ()
            'observables' => Array &1130 ()
            'relations' => Array &1131 ()
            'touches' => Array &1132 ()
            'timestamps' => true
            'visible' => Array &1133 ()
            'guarded' => Array &1134 (
                0 => '*'
            )
        )
        63 => App\Models\User Object &000000002d3d1aad0000000047065e1e (
            'fillable' => Array &1135 (
                0 => 'email'
                1 => 'username'
                2 => 'role_id'
                3 => 'id'
            )
            'hidden' => Array &1136 (
                0 => 'hashed_password'
            )
            'connection' => 'pgsql'
            'table' => 'users'
            'primaryKey' => 'id'
            'keyType' => 'int'
            'incrementing' => true
            'with' => Array &1137 ()
            'withCount' => Array &1138 ()
            'preventsLazyLoading' => false
            'perPage' => 15
            'exists' => true
            'wasRecentlyCreated' => false
            'escapeWhenCastingToString' => false
            'attributes' => Array &1139 (
                'id' => 610
                'email' => 'gorczany.chaz@example.com'
                'username' => 'Maryjane Bernier V'
                'hashed_password' => '$2y$10$Q9fys8sr1aRVWbbv49qhJOnHK2UeF4HRw595VfHiq/3Ltmo6LcMSu'
                'role_id' => 3
                'created_at' => '2022-03-03 20:14:27'
                'updated_at' => '2022-03-03 20:14:27'
                'user_uuid' => null
            )
            'original' => Array &1140 (
                'id' => 610
                'email' => 'gorczany.chaz@example.com'
                'username' => 'Maryjane Bernier V'
                'hashed_password' => '$2y$10$Q9fys8sr1aRVWbbv49qhJOnHK2UeF4HRw595VfHiq/3Ltmo6LcMSu'
                'role_id' => 3
                'created_at' => '2022-03-03 20:14:27'
                'updated_at' => '2022-03-03 20:14:27'
                'user_uuid' => null
            )
            'changes' => Array &1141 ()
            'casts' => Array &1142 ()
            'classCastCache' => Array &1143 ()
            'attributeCastCache' => Array &1144 ()
            'dates' => Array &1145 ()
            'dateFormat' => null
            'appends' => Array &1146 ()
            'dispatchesEvents' => Array &1147 ()
            'observables' => Array &1148 ()
            'relations' => Array &1149 ()
            'touches' => Array &1150 ()
            'timestamps' => true
            'visible' => Array &1151 ()
            'guarded' => Array &1152 (
                0 => '*'
            )
        )
        64 => App\Models\User Object &000000002d3d1e880000000047065e1e (
            'fillable' => Array &1153 (
                0 => 'email'
                1 => 'username'
                2 => 'role_id'
                3 => 'id'
            )
            'hidden' => Array &1154 (
                0 => 'hashed_password'
            )
            'connection' => 'pgsql'
            'table' => 'users'
            'primaryKey' => 'id'
            'keyType' => 'int'
            'incrementing' => true
            'with' => Array &1155 ()
            'withCount' => Array &1156 ()
            'preventsLazyLoading' => false
            'perPage' => 15
            'exists' => true
            'wasRecentlyCreated' => false
            'escapeWhenCastingToString' => false
            'attributes' => Array &1157 (
                'id' => 611
                'email' => 'jerde.keven@example.com'
                'username' => 'Kathryn Padberg'
                'hashed_password' => '$2y$10$qJ16NXtvfKK.FFuUCJQIT.fXQvI85/vlyteNYccXFO73qUTF2OOdq'
                'role_id' => 3
                'created_at' => '2022-03-03 20:14:27'
                'updated_at' => '2022-03-03 20:14:27'
                'user_uuid' => null
            )
            'original' => Array &1158 (
                'id' => 611
                'email' => 'jerde.keven@example.com'
                'username' => 'Kathryn Padberg'
                'hashed_password' => '$2y$10$qJ16NXtvfKK.FFuUCJQIT.fXQvI85/vlyteNYccXFO73qUTF2OOdq'
                'role_id' => 3
                'created_at' => '2022-03-03 20:14:27'
                'updated_at' => '2022-03-03 20:14:27'
                'user_uuid' => null
            )
            'changes' => Array &1159 ()
            'casts' => Array &1160 ()
            'classCastCache' => Array &1161 ()
            'attributeCastCache' => Array &1162 ()
            'dates' => Array &1163 ()
            'dateFormat' => null
            'appends' => Array &1164 ()
            'dispatchesEvents' => Array &1165 ()
            'observables' => Array &1166 ()
            'relations' => Array &1167 ()
            'touches' => Array &1168 ()
            'timestamps' => true
            'visible' => Array &1169 ()
            'guarded' => Array &1170 (
                0 => '*'
            )
        )
        65 => App\Models\User Object &000000002d3d1c860000000047065e1e (
            'fillable' => Array &1171 (
                0 => 'email'
                1 => 'username'
                2 => 'role_id'
                3 => 'id'
            )
            'hidden' => Array &1172 (
                0 => 'hashed_password'
            )
            'connection' => 'pgsql'
            'table' => 'users'
            'primaryKey' => 'id'
            'keyType' => 'int'
            'incrementing' => true
            'with' => Array &1173 ()
            'withCount' => Array &1174 ()
            'preventsLazyLoading' => false
            'perPage' => 15
            'exists' => true
            'wasRecentlyCreated' => false
            'escapeWhenCastingToString' => false
            'attributes' => Array &1175 (
                'id' => 612
                'email' => 'veffertz@example.org'
                'username' => 'Dr. Kade Luettgen'
                'hashed_password' => '$2y$10$E/wzr/SiYDk/az5gQq1ykeJ.CZsinUc6cq37IOBx.9fa4lA0IeZhu'
                'role_id' => 3
                'created_at' => '2022-03-03 20:14:27'
                'updated_at' => '2022-03-03 20:14:27'
                'user_uuid' => null
            )
            'original' => Array &1176 (
                'id' => 612
                'email' => 'veffertz@example.org'
                'username' => 'Dr. Kade Luettgen'
                'hashed_password' => '$2y$10$E/wzr/SiYDk/az5gQq1ykeJ.CZsinUc6cq37IOBx.9fa4lA0IeZhu'
                'role_id' => 3
                'created_at' => '2022-03-03 20:14:27'
                'updated_at' => '2022-03-03 20:14:27'
                'user_uuid' => null
            )
            'changes' => Array &1177 ()
            'casts' => Array &1178 ()
            'classCastCache' => Array &1179 ()
            'attributeCastCache' => Array &1180 ()
            'dates' => Array &1181 ()
            'dateFormat' => null
            'appends' => Array &1182 ()
            'dispatchesEvents' => Array &1183 ()
            'observables' => Array &1184 ()
            'relations' => Array &1185 ()
            'touches' => Array &1186 ()
            'timestamps' => true
            'visible' => Array &1187 ()
            'guarded' => Array &1188 (
                0 => '*'
            )
        )
        66 => App\Models\User Object &000000002d3d13820000000047065e1e (
            'fillable' => Array &1189 (
                0 => 'email'
                1 => 'username'
                2 => 'role_id'
                3 => 'id'
            )
            'hidden' => Array &1190 (
                0 => 'hashed_password'
            )
            'connection' => 'pgsql'
            'table' => 'users'
            'primaryKey' => 'id'
            'keyType' => 'int'
            'incrementing' => true
            'with' => Array &1191 ()
            'withCount' => Array &1192 ()
            'preventsLazyLoading' => false
            'perPage' => 15
            'exists' => true
            'wasRecentlyCreated' => false
            'escapeWhenCastingToString' => false
            'attributes' => Array &1193 (
                'id' => 613
                'email' => 'medhurst.bettie@example.net'
                'username' => 'Garret Williamson'
                'hashed_password' => '$2y$10$Pt8ltnLxayVEKgA5UMAkie.jTh57P.NDCuIgVD6ude5lOa2xi9yAu'
                'role_id' => 3
                'created_at' => '2022-03-03 20:14:27'
                'updated_at' => '2022-03-03 20:14:27'
                'user_uuid' => null
            )
            'original' => Array &1194 (
                'id' => 613
                'email' => 'medhurst.bettie@example.net'
                'username' => 'Garret Williamson'
                'hashed_password' => '$2y$10$Pt8ltnLxayVEKgA5UMAkie.jTh57P.NDCuIgVD6ude5lOa2xi9yAu'
                'role_id' => 3
                'created_at' => '2022-03-03 20:14:27'
                'updated_at' => '2022-03-03 20:14:27'
                'user_uuid' => null
            )
            'changes' => Array &1195 ()
            'casts' => Array &1196 ()
            'classCastCache' => Array &1197 ()
            'attributeCastCache' => Array &1198 ()
            'dates' => Array &1199 ()
            'dateFormat' => null
            'appends' => Array &1200 ()
            'dispatchesEvents' => Array &1201 ()
            'observables' => Array &1202 ()
            'relations' => Array &1203 ()
            'touches' => Array &1204 ()
            'timestamps' => true
            'visible' => Array &1205 ()
            'guarded' => Array &1206 (
                0 => '*'
            )
        )
        67 => App\Models\User Object &000000002d3d178e0000000047065e1e (
            'fillable' => Array &1207 (
                0 => 'email'
                1 => 'username'
                2 => 'role_id'
                3 => 'id'
            )
            'hidden' => Array &1208 (
                0 => 'hashed_password'
            )
            'connection' => 'pgsql'
            'table' => 'users'
            'primaryKey' => 'id'
            'keyType' => 'int'
            'incrementing' => true
            'with' => Array &1209 ()
            'withCount' => Array &1210 ()
            'preventsLazyLoading' => false
            'perPage' => 15
            'exists' => true
            'wasRecentlyCreated' => false
            'escapeWhenCastingToString' => false
            'attributes' => Array &1211 (
                'id' => 614
                'email' => 'tmarvin@example.com'
                'username' => 'Laverne Streich'
                'hashed_password' => '$2y$10$5PDHZyqoyrY2Hbkmfgc2Guk1BJ9V4jqE1Ro2.Wwnb0VBLDlbhdo1a'
                'role_id' => 3
                'created_at' => '2022-03-03 20:14:28'
                'updated_at' => '2022-03-03 20:14:28'
                'user_uuid' => null
            )
            'original' => Array &1212 (
                'id' => 614
                'email' => 'tmarvin@example.com'
                'username' => 'Laverne Streich'
                'hashed_password' => '$2y$10$5PDHZyqoyrY2Hbkmfgc2Guk1BJ9V4jqE1Ro2.Wwnb0VBLDlbhdo1a'
                'role_id' => 3
                'created_at' => '2022-03-03 20:14:28'
                'updated_at' => '2022-03-03 20:14:28'
                'user_uuid' => null
            )
            'changes' => Array &1213 ()
            'casts' => Array &1214 ()
            'classCastCache' => Array &1215 ()
            'attributeCastCache' => Array &1216 ()
            'dates' => Array &1217 ()
            'dateFormat' => null
            'appends' => Array &1218 ()
            'dispatchesEvents' => Array &1219 ()
            'observables' => Array &1220 ()
            'relations' => Array &1221 ()
            'touches' => Array &1222 ()
            'timestamps' => true
            'visible' => Array &1223 ()
            'guarded' => Array &1224 (
                0 => '*'
            )
        )
        68 => App\Models\User Object &000000002d3d1da80000000047065e1e (
            'fillable' => Array &1225 (
                0 => 'email'
                1 => 'username'
                2 => 'role_id'
                3 => 'id'
            )
            'hidden' => Array &1226 (
                0 => 'hashed_password'
            )
            'connection' => 'pgsql'
            'table' => 'users'
            'primaryKey' => 'id'
            'keyType' => 'int'
            'incrementing' => true
            'with' => Array &1227 ()
            'withCount' => Array &1228 ()
            'preventsLazyLoading' => false
            'perPage' => 15
            'exists' => true
            'wasRecentlyCreated' => false
            'escapeWhenCastingToString' => false
            'attributes' => Array &1229 (
                'id' => 615
                'email' => 'elyssa.crist@example.com'
                'username' => 'Karlie Hessel'
                'hashed_password' => '$2y$10$PFeMGRiOgd4eOdIxH04PPOqDsJXlahD7uUAIBAacRb4se5KzVW8c.'
                'role_id' => 3
                'created_at' => '2022-03-03 20:14:28'
                'updated_at' => '2022-03-03 20:14:28'
                'user_uuid' => null
            )
            'original' => Array &1230 (
                'id' => 615
                'email' => 'elyssa.crist@example.com'
                'username' => 'Karlie Hessel'
                'hashed_password' => '$2y$10$PFeMGRiOgd4eOdIxH04PPOqDsJXlahD7uUAIBAacRb4se5KzVW8c.'
                'role_id' => 3
                'created_at' => '2022-03-03 20:14:28'
                'updated_at' => '2022-03-03 20:14:28'
                'user_uuid' => null
            )
            'changes' => Array &1231 ()
            'casts' => Array &1232 ()
            'classCastCache' => Array &1233 ()
            'attributeCastCache' => Array &1234 ()
            'dates' => Array &1235 ()
            'dateFormat' => null
            'appends' => Array &1236 ()
            'dispatchesEvents' => Array &1237 ()
            'observables' => Array &1238 ()
            'relations' => Array &1239 ()
            'touches' => Array &1240 ()
            'timestamps' => true
            'visible' => Array &1241 ()
            'guarded' => Array &1242 (
                0 => '*'
            )
        )
        69 => App\Models\User Object &000000002d3d14a00000000047065e1e (
            'fillable' => Array &1243 (
                0 => 'email'
                1 => 'username'
                2 => 'role_id'
                3 => 'id'
            )
            'hidden' => Array &1244 (
                0 => 'hashed_password'
            )
            'connection' => 'pgsql'
            'table' => 'users'
            'primaryKey' => 'id'
            'keyType' => 'int'
            'incrementing' => true
            'with' => Array &1245 ()
            'withCount' => Array &1246 ()
            'preventsLazyLoading' => false
            'perPage' => 15
            'exists' => true
            'wasRecentlyCreated' => false
            'escapeWhenCastingToString' => false
            'attributes' => Array &1247 (
                'id' => 616
                'email' => 'barbara64@example.org'
                'username' => 'Susana Wisozk'
                'hashed_password' => '$2y$10$a4YLe5oYx.Uhc73WTpYzG.fvkTM5CthUODnKzGCkEiM/6utsBsbpi'
                'role_id' => 3
                'created_at' => '2022-03-03 20:14:28'
                'updated_at' => '2022-03-03 20:14:28'
                'user_uuid' => null
            )
            'original' => Array &1248 (
                'id' => 616
                'email' => 'barbara64@example.org'
                'username' => 'Susana Wisozk'
                'hashed_password' => '$2y$10$a4YLe5oYx.Uhc73WTpYzG.fvkTM5CthUODnKzGCkEiM/6utsBsbpi'
                'role_id' => 3
                'created_at' => '2022-03-03 20:14:28'
                'updated_at' => '2022-03-03 20:14:28'
                'user_uuid' => null
            )
            'changes' => Array &1249 ()
            'casts' => Array &1250 ()
            'classCastCache' => Array &1251 ()
            'attributeCastCache' => Array &1252 ()
            'dates' => Array &1253 ()
            'dateFormat' => null
            'appends' => Array &1254 ()
            'dispatchesEvents' => Array &1255 ()
            'observables' => Array &1256 ()
            'relations' => Array &1257 ()
            'touches' => Array &1258 ()
            'timestamps' => true
            'visible' => Array &1259 ()
            'guarded' => Array &1260 (
                0 => '*'
            )
        )
        70 => App\Models\User Object &000000002d3d1bdf0000000047065e1e (
            'fillable' => Array &1261 (
                0 => 'email'
                1 => 'username'
                2 => 'role_id'
                3 => 'id'
            )
            'hidden' => Array &1262 (
                0 => 'hashed_password'
            )
            'connection' => 'pgsql'
            'table' => 'users'
            'primaryKey' => 'id'
            'keyType' => 'int'
            'incrementing' => true
            'with' => Array &1263 ()
            'withCount' => Array &1264 ()
            'preventsLazyLoading' => false
            'perPage' => 15
            'exists' => true
            'wasRecentlyCreated' => false
            'escapeWhenCastingToString' => false
            'attributes' => Array &1265 (
                'id' => 617
                'email' => 'ray.brown@example.org'
                'username' => 'Stanley Conroy'
                'hashed_password' => '$2y$10$Q4Zysn6eE14ndYMCaRTo3e.kmTDB4Qb9h59UiELr8cEq4xXlaOVbK'
                'role_id' => 3
                'created_at' => '2022-03-03 20:14:28'
                'updated_at' => '2022-03-03 20:14:28'
                'user_uuid' => null
            )
            'original' => Array &1266 (
                'id' => 617
                'email' => 'ray.brown@example.org'
                'username' => 'Stanley Conroy'
                'hashed_password' => '$2y$10$Q4Zysn6eE14ndYMCaRTo3e.kmTDB4Qb9h59UiELr8cEq4xXlaOVbK'
                'role_id' => 3
                'created_at' => '2022-03-03 20:14:28'
                'updated_at' => '2022-03-03 20:14:28'
                'user_uuid' => null
            )
            'changes' => Array &1267 ()
            'casts' => Array &1268 ()
            'classCastCache' => Array &1269 ()
            'attributeCastCache' => Array &1270 ()
            'dates' => Array &1271 ()
            'dateFormat' => null
            'appends' => Array &1272 ()
            'dispatchesEvents' => Array &1273 ()
            'observables' => Array &1274 ()
            'relations' => Array &1275 ()
            'touches' => Array &1276 ()
            'timestamps' => true
            'visible' => Array &1277 ()
            'guarded' => Array &1278 (
                0 => '*'
            )
        )
    )
    'escapeWhenCastingToString' => false
) is of type "array".

C:\Users\admin\Documents\docker-configuration\docker-test\microservice\auth_microservice\tests\BaseCRUD_Test.php:91

[37;41mFAILURES![0m
[37;41mTests: 59[0m[37;41m, Assertions: 84[0m[37;41m, Failures: 6[0m[37;41m, Warnings: 1[0m[37;41m.[0m
